Copyright 1986-2022 Xilinx, Inc. All Rights Reserved.
---------------------------------------------------------------------------------------
| Tool Version : Vivado v.2022.2 (lin64) Build 3671981 Fri Oct 14 04:59:54 MDT 2022
| Date         : Sun Feb 18 03:44:15 2024
| Host         : egl2 running 64-bit Ubuntu 20.04.4 LTS
| Command      : report_utilization -file full_util_routed.rpt -pb full_util_routed.pb
| Design       : level0_wrapper
| Device       : xcu55c-fsvh2892-2L-e
| Speed File   : -2L
| Design State : Routed
---------------------------------------------------------------------------------------

Utilization Design Information

Table of Contents
-----------------
1. CLB Logic
1.1 Summary of Registers by Type
2. CLB Logic Distribution
3. BLOCKRAM
4. ARITHMETIC
5. I/O
6. CLOCK
7. ADVANCED
8. CONFIGURATION
9. Primitives
10. Black Boxes
11. Instantiated Netlists
12. SLR Connectivity
13. SLR Connectivity Matrix
14. SLR CLB Logic and Dedicated Block Utilization
15. SLR IO Utilization

1. CLB Logic
------------

+----------------------------+--------+--------+------------+-----------+-------+
|          Site Type         |  Used  |  Fixed | Prohibited | Available | Util% |
+----------------------------+--------+--------+------------+-----------+-------+
| CLB LUTs                   | 731406 | 107889 |          0 |   1303680 | 56.10 |
|   LUT as Logic             | 640714 | 101912 |          0 |   1303680 | 49.15 |
|   LUT as Memory            |  90692 |   5977 |          0 |    600960 | 15.09 |
|     LUT as Distributed RAM |  82576 |   4564 |            |           |       |
|     LUT as Shift Register  |   8116 |   1413 |            |           |       |
| CLB Registers              | 849499 | 136116 |          0 |   2607360 | 32.58 |
|   Register as Flip Flop    | 849495 | 136112 |          0 |   2607360 | 32.58 |
|   Register as Latch        |      0 |      0 |          0 |   2607360 |  0.00 |
|   Register as AND/OR       |      4 |      4 |          0 |   2607360 | <0.01 |
| CARRY8                     |  38175 |    946 |          0 |    162960 | 23.43 |
| F7 Muxes                   |  10320 |   1684 |          0 |    651840 |  1.58 |
| F8 Muxes                   |   3497 |    451 |          0 |    325920 |  1.07 |
| F9 Muxes                   |      0 |      0 |          0 |    162960 |  0.00 |
+----------------------------+--------+--------+------------+-----------+-------+
* Warning! LUT value is adjusted to account for LUT combining.


1.1 Summary of Registers by Type
--------------------------------

+--------+--------------+-------------+--------------+
|  Total | Clock Enable | Synchronous | Asynchronous |
+--------+--------------+-------------+--------------+
| 4      |            _ |           - |            - |
| 0      |            _ |           - |          Set |
| 0      |            _ |           - |        Reset |
| 0      |            _ |         Set |            - |
| 0      |            _ |       Reset |            - |
| 0      |          Yes |           - |            - |
| 392    |          Yes |           - |          Set |
| 4210   |          Yes |           - |        Reset |
| 34185  |          Yes |         Set |            - |
| 810708 |          Yes |       Reset |            - |
+--------+--------------+-------------+--------------+


2. CLB Logic Distribution
-------------------------

+--------------------------------------------+--------+--------+------------+-----------+-------+
|                  Site Type                 |  Used  |  Fixed | Prohibited | Available | Util% |
+--------------------------------------------+--------+--------+------------+-----------+-------+
| CLB                                        | 146508 |      0 |          0 |    162960 | 89.90 |
|   CLBL                                     |  78376 |      0 |            |           |       |
|   CLBM                                     |  68132 |      0 |            |           |       |
| LUT as Logic                               | 640714 | 101912 |          0 |   1303680 | 49.15 |
|   using O5 output only                     |   7546 |        |            |           |       |
|   using O6 output only                     | 383070 |        |            |           |       |
|   using O5 and O6                          | 250098 |        |            |           |       |
| LUT as Memory                              |  90692 |   5977 |          0 |    600960 | 15.09 |
|   LUT as Distributed RAM                   |  82576 |   4564 |            |           |       |
|     using O5 output only                   |      0 |        |            |           |       |
|     using O6 output only                   |  65394 |        |            |           |       |
|     using O5 and O6                        |  17182 |        |            |           |       |
|   LUT as Shift Register                    |   8116 |   1413 |            |           |       |
|     using O5 output only                   |      0 |        |            |           |       |
|     using O6 output only                   |   4818 |        |            |           |       |
|     using O5 and O6                        |   3298 |        |            |           |       |
| CLB Registers                              | 849499 |      0 |          0 |   2607360 | 32.58 |
|   Register driven from within the CLB      | 399275 |        |            |           |       |
|   Register driven from outside the CLB     | 450224 |        |            |           |       |
|     LUT in front of the register is unused | 271484 |        |            |           |       |
|     LUT in front of the register is used   | 178740 |        |            |           |       |
| Unique Control Sets                        |  22680 |        |          0 |    325920 |  6.96 |
+--------------------------------------------+--------+--------+------------+-----------+-------+
* * Note: Available Control Sets calculated as Slices * 2, Review the Control Sets Report for more information regarding control sets.


3. BLOCKRAM
-----------

+-------------------+------+-------+------------+-----------+-------+
|     Site Type     | Used | Fixed | Prohibited | Available | Util% |
+-------------------+------+-------+------------+-----------+-------+
| Block RAM Tile    | 1216 |     0 |          0 |      2016 | 60.32 |
|   RAMB36/FIFO*    | 1197 |   193 |          0 |      2016 | 59.38 |
|     RAMB36E2 only | 1197 |       |            |           |       |
|   RAMB18          |   38 |     6 |          0 |      4032 |  0.94 |
|     RAMB18E2 only |   38 |       |            |           |       |
| URAM              |    0 |     0 |          0 |       960 |  0.00 |
+-------------------+------+-------+------------+-----------+-------+
* Note: Each Block RAM Tile only has one FIFO logic available and therefore can accommodate only one FIFO36E2 or one FIFO18E2. However, if a FIFO18E2 occupies a Block RAM Tile, that tile can still accommodate a RAMB18E2


4. ARITHMETIC
-------------

+----------------+------+-------+------------+-----------+-------+
|    Site Type   | Used | Fixed | Prohibited | Available | Util% |
+----------------+------+-------+------------+-----------+-------+
| DSPs           | 6944 |     4 |          0 |      9024 | 76.95 |
|   DSP48E2 only | 6944 |       |            |           |       |
+----------------+------+-------+------------+-----------+-------+


5. I/O
------

+------------------+------+-------+------------+-----------+-------+
|     Site Type    | Used | Fixed | Prohibited | Available | Util% |
+------------------+------+-------+------------+-----------+-------+
| Bonded IOB       |   12 |    12 |          0 |       624 |  1.92 |
| HPIOB_M          |    6 |     6 |          0 |       288 |  2.08 |
|   INPUT          |    3 |       |            |           |       |
|   OUTPUT         |    3 |       |            |           |       |
|   BIDIR          |    0 |       |            |           |       |
| HPIOB_S          |    5 |     5 |          0 |       288 |  1.74 |
|   INPUT          |    5 |       |            |           |       |
|   OUTPUT         |    0 |       |            |           |       |
|   BIDIR          |    0 |       |            |           |       |
| HPIOB_SNGL       |    1 |     1 |          0 |        48 |  2.08 |
|   INPUT          |    1 |       |            |           |       |
|   OUTPUT         |    0 |       |            |           |       |
|   BIDIR          |    0 |       |            |           |       |
| HPIOBDIFFINBUF   |    1 |     1 |          0 |       288 |  0.35 |
|   DIFFINBUF      |    1 |     1 |            |           |       |
| HPIOBDIFFOUTBUF  |    0 |     0 |          0 |       288 |  0.00 |
| BITSLICE_CONTROL |    0 |     0 |          0 |        96 |  0.00 |
| BITSLICE_RX_TX   |    0 |     0 |          0 |      3744 |  0.00 |
| BITSLICE_TX      |    0 |     0 |          0 |        96 |  0.00 |
| RIU_OR           |    0 |     0 |          0 |        48 |  0.00 |
+------------------+------+-------+------------+-----------+-------+


6. CLOCK
--------

+----------------------+------+-------+------------+-----------+-------+
|       Site Type      | Used | Fixed | Prohibited | Available | Util% |
+----------------------+------+-------+------------+-----------+-------+
| GLOBAL CLOCK BUFFERs |   86 |    31 |          0 |      1008 |  8.53 |
|   BUFGCE             |   61 |     6 |          0 |       288 | 21.18 |
|   BUFGCE_DIV         |    1 |     1 |          0 |        48 |  2.08 |
|   BUFG_GT            |   22 |    22 |          0 |       576 |  3.82 |
|   BUFGCTRL*          |    1 |     1 |          0 |        96 |  1.04 |
| PLL                  |    1 |     1 |          0 |        24 |  4.17 |
| MMCM                 |    3 |     1 |          0 |        12 | 25.00 |
+----------------------+------+-------+------------+-----------+-------+
* Note: Each used BUFGCTRL counts as two GLOBAL CLOCK BUFFERs. This table does not include global clocking resources, only buffer cell usage. See the Clock Utilization Report (report_clock_utilization) for detailed accounting of global clocking resource availability.


7. ADVANCED
-----------

+----------------------+------+-------+------------+-----------+--------+
|       Site Type      | Used | Fixed | Prohibited | Available |  Util% |
+----------------------+------+-------+------------+-----------+--------+
| CMACE4               |    0 |     0 |          0 |         8 |   0.00 |
| GTYE4_CHANNEL        |   16 |    16 |          0 |        40 |  40.00 |
| GTYE4_COMMON         |    4 |     4 |          0 |        10 |  40.00 |
| HBM_REF_CLK          |    2 |     2 |          0 |         2 | 100.00 |
| HBM_SNGLBLI_INTF_APB |    2 |     2 |          0 |        32 |   6.25 |
| HBM_SNGLBLI_INTF_AXI |   32 |    32 |          0 |        32 | 100.00 |
| ILKNE4               |    0 |     0 |          0 |         4 |   0.00 |
| OBUFDS_GTE4          |    0 |     0 |          0 |        20 |   0.00 |
| OBUFDS_GTE4_ADV      |    0 |     0 |          0 |        20 |   0.00 |
| PCIE40E4             |    0 |     0 |          0 |         2 |   0.00 |
| PCIE4CE4             |    1 |     1 |          0 |         4 |  25.00 |
| SYSMONE4             |    0 |     0 |          0 |         3 |   0.00 |
+----------------------+------+-------+------------+-----------+--------+


8. CONFIGURATION
----------------

+-------------+------+-------+------------+-----------+-------+
|  Site Type  | Used | Fixed | Prohibited | Available | Util% |
+-------------+------+-------+------------+-----------+-------+
| BSCANE2     |    1 |     1 |          0 |        12 |  8.33 |
| DNA_PORTE2  |    0 |     0 |          0 |         3 |  0.00 |
| EFUSE_USR   |    0 |     0 |          0 |         3 |  0.00 |
| FRAME_ECCE4 |    0 |     0 |          0 |         3 |  0.00 |
| ICAPE3      |    1 |     1 |          0 |         6 | 16.67 |
| MASTER_JTAG |    0 |     0 |          0 |         3 |  0.00 |
| STARTUPE3   |    1 |     1 |          0 |         3 | 33.33 |
+-------------+------+-------+------------+-----------+-------+


9. Primitives
-------------

+----------------------+--------+---------------------+
|       Ref Name       |  Used  | Functional Category |
+----------------------+--------+---------------------+
| FDRE                 | 810708 |            Register |
| LUT3                 | 335575 |                 CLB |
| LUT6                 | 177502 |                 CLB |
| LUT2                 | 177155 |                 CLB |
| LUT5                 | 102822 |                 CLB |
| LUT4                 |  82954 |                 CLB |
| RAMD64E              |  56336 |                 CLB |
| CARRY8               |  38175 |                 CLB |
| FDSE                 |  34185 |            Register |
| RAMD32               |  22316 |                 CLB |
| LUT1                 |  14804 |                 CLB |
| RAMS32               |  12106 |                 CLB |
| MUXF7                |  10320 |                 CLB |
| RAMS64E              |   9000 |                 CLB |
| SRL16E               |   7464 |                 CLB |
| DSP48E2              |   6944 |          Arithmetic |
| FDCE                 |   4210 |            Register |
| SRLC32E              |   3936 |                 CLB |
| MUXF8                |   3497 |                 CLB |
| RAMB36E2             |   1197 |            BLOCKRAM |
| FDPE                 |    392 |            Register |
| BUFGCE               |     61 |               Clock |
| RAMB18E2             |     38 |            BLOCKRAM |
| HBM_SNGLBLI_INTF_AXI |     32 |            Advanced |
| BUFG_GT              |     22 |               Clock |
| BUFG_GT_SYNC         |     17 |               Clock |
| GTYE4_CHANNEL        |     16 |            Advanced |
| SRLC16E              |     14 |                 CLB |
| IBUFCTRL             |      8 |              Others |
| INBUF                |      7 |                 I/O |
| GTYE4_COMMON         |      4 |            Advanced |
| AND2B1L              |      4 |              Others |
| OBUF                 |      3 |                 I/O |
| MMCME4_ADV           |      3 |               Clock |
| HBM_SNGLBLI_INTF_APB |      2 |            Advanced |
| HBM_REF_CLK          |      2 |            Advanced |
| STARTUPE3            |      1 |       Configuration |
| PLLE4_ADV            |      1 |               Clock |
| PCIE4CE4             |      1 |            Advanced |
| ICAPE3               |      1 |       Configuration |
| IBUFDS_GTE4          |      1 |                 I/O |
| DIFFINBUF            |      1 |                 I/O |
| BUFGCTRL             |      1 |               Clock |
| BUFGCE_DIV           |      1 |               Clock |
| BSCANE2              |      1 |       Configuration |
+----------------------+--------+---------------------+


10. Black Boxes
---------------

+----------+------+
| Ref Name | Used |
+----------+------+


11. Instantiated Netlists
-------------------------

+--------------------------------------------+------+
|                  Ref Name                  | Used |
+--------------------------------------------+------+
| xsdbm                                      |    1 |
| ulp_xbar_1                                 |    1 |
| ulp_xbar_0                                 |    1 |
| ulp_ulp_ucs_0                              |    1 |
| ulp_ulp_cmp_0                              |    1 |
| ulp_s00_regslice_17                        |    1 |
| ulp_s00_regslice_16                        |    1 |
| ulp_s00_regslice_15                        |    1 |
| ulp_regslice_control_userpf_2              |    1 |
| ulp_regslice_control_userpf_1              |    1 |
| ulp_regslice_control_userpf_0              |    1 |
| ulp_proc_sys_reset_kernel_slr0_0           |    1 |
| ulp_proc_sys_reset_ctrl_slr2_0             |    1 |
| ulp_proc_sys_reset_ctrl_slr1_0             |    1 |
| ulp_proc_sys_reset_ctrl_slr0_0             |    1 |
| ulp_m04_regslice_0                         |    1 |
| ulp_m03_regslice_0                         |    1 |
| ulp_m02_regslice_0                         |    1 |
| ulp_m01_regslice_0                         |    1 |
| ulp_m00_regslice_0                         |    1 |
| ulp_ii_level0_wire_0                       |    1 |
| ulp_hmss_0_0                               |    1 |
| ulp_axi_vip_data_0                         |    1 |
| ulp_axi_vip_ctrl_userpf_2                  |    1 |
| ulp_axi_vip_ctrl_userpf_1                  |    1 |
| ulp_axi_vip_ctrl_userpf_0                  |    1 |
| ulp_axi_gpio_null_2                        |    1 |
| ulp_axi_gpio_null_1                        |    1 |
| ulp_axi_gpio_null_0                        |    1 |
| ulp_auto_cc_6                              |    1 |
| ulp_auto_cc_5                              |    1 |
| ulp_auto_cc_4                              |    1 |
| ulp_auto_cc_3                              |    1 |
| ulp_auto_cc_2                              |    1 |
| ulp_auto_cc_1                              |    1 |
| ulp_auto_cc_0                              |    1 |
| ulp_alveo_hls4ml_4_0                       |    1 |
| ulp_alveo_hls4ml_3_0                       |    1 |
| ulp_alveo_hls4ml_2_0                       |    1 |
| ulp_alveo_hls4ml_1_0                       |    1 |
| ulp                                        |    1 |
| level0_ii_level0_pipe_0                    |    1 |
| blp_wrapper                                |    1 |
| bd_85ad_vip_S12_0                          |    1 |
| bd_85ad_vip_S11_0                          |    1 |
| bd_85ad_vip_S10_0                          |    1 |
| bd_85ad_vip_S09_0                          |    1 |
| bd_85ad_vip_S08_0                          |    1 |
| bd_85ad_vip_S07_0                          |    1 |
| bd_85ad_vip_S06_0                          |    1 |
| bd_85ad_vip_S05_0                          |    1 |
| bd_85ad_vip_S04_0                          |    1 |
| bd_85ad_vip_S03_0                          |    1 |
| bd_85ad_vip_S02_0                          |    1 |
| bd_85ad_vip_S01_0                          |    1 |
| bd_85ad_vip_S00_0                          |    1 |
| bd_85ad_util_vector_logic_0                |    1 |
| bd_85ad_slice9_16_0                        |    1 |
| bd_85ad_slice8_13_0                        |    1 |
| bd_85ad_slice7_12_0                        |    1 |
| bd_85ad_slice6_9_0                         |    1 |
| bd_85ad_slice5_8_0                         |    1 |
| bd_85ad_slice4_5_0                         |    1 |
| bd_85ad_slice3_4_0                         |    1 |
| bd_85ad_slice2_1_0                         |    1 |
| bd_85ad_slice1_0_0                         |    1 |
| bd_85ad_slice12_21_0                       |    1 |
| bd_85ad_slice11_20_0                       |    1 |
| bd_85ad_slice10_17_0                       |    1 |
| bd_85ad_slice0_10_0                        |    1 |
| bd_85ad_interconnect9_16_0                 |    1 |
| bd_85ad_interconnect8_13_0                 |    1 |
| bd_85ad_interconnect7_12_0                 |    1 |
| bd_85ad_interconnect6_9_0                  |    1 |
| bd_85ad_interconnect5_8_0                  |    1 |
| bd_85ad_interconnect4_5_0                  |    1 |
| bd_85ad_interconnect3_4_0                  |    1 |
| bd_85ad_interconnect2_1_0                  |    1 |
| bd_85ad_interconnect1_0_0                  |    1 |
| bd_85ad_interconnect12_21_0                |    1 |
| bd_85ad_interconnect11_20_0                |    1 |
| bd_85ad_interconnect10_17_0                |    1 |
| bd_85ad_interconnect0_10_0                 |    1 |
| bd_85ad_init_reduce_0                      |    1 |
| bd_85ad_hbm_reset_sync_SLR2_0              |    1 |
| bd_85ad_hbm_reset_sync_SLR0_0              |    1 |
| bd_85ad_hbm_inst_0                         |    1 |
| bd_85ad_axi_apb_bridge_inst_0              |    1 |
| bd_7cf0_bsip_0                             |    1 |
| bd_7cf0_bs_switch_1_0                      |    1 |
| bd_7cf0_axi_jtag_0                         |    1 |
| bd_58f6_xsdbm_0                            |    1 |
| bd_58f6_lut_buffer_0                       |    1 |
| bd_22c0_xbar_1                             |    1 |
| bd_22c0_xbar_0                             |    1 |
| bd_22c0_psreset_kernel_01_0                |    1 |
| bd_22c0_psreset_kernel_00_0                |    1 |
| bd_22c0_psreset_hbm_0                      |    1 |
| bd_22c0_psreset_aclk_freerun_0             |    1 |
| bd_22c0_gpio_ucs_control_status_0          |    1 |
| bd_22c0_gpio_gapping_demand_0              |    1 |
| bd_22c0_gapping_demand_update_0            |    1 |
| bd_22c0_gapping_demand_toggle_0            |    1 |
| bd_22c0_frequency_counter_aclk_kernel_01_0 |    1 |
| bd_22c0_frequency_counter_aclk_kernel_00_0 |    1 |
| bd_22c0_frequency_counter_aclk_hbm_0       |    1 |
| bd_22c0_frequency_counter_aclk_0           |    1 |
| bd_22c0_fanout_aresetn_pcie_slr2_4_0       |    1 |
| bd_22c0_fanout_aresetn_pcie_slr2_3_0       |    1 |
| bd_22c0_fanout_aresetn_pcie_slr2_2_0       |    1 |
| bd_22c0_fanout_aresetn_pcie_slr2_1_0       |    1 |
| bd_22c0_fanout_aresetn_pcie_slr1_4_0       |    1 |
| bd_22c0_fanout_aresetn_pcie_slr1_3_0       |    1 |
| bd_22c0_fanout_aresetn_pcie_slr1_2_0       |    1 |
| bd_22c0_fanout_aresetn_pcie_slr1_1_0       |    1 |
| bd_22c0_fanout_aresetn_pcie_slr0_4_0       |    1 |
| bd_22c0_fanout_aresetn_pcie_slr0_3_0       |    1 |
| bd_22c0_fanout_aresetn_pcie_slr0_2_0       |    1 |
| bd_22c0_fanout_aresetn_pcie_slr0_1_0       |    1 |
| bd_22c0_fanout_aresetn_kernel_01_slr2_4_0  |    1 |
| bd_22c0_fanout_aresetn_kernel_01_slr2_3_0  |    1 |
| bd_22c0_fanout_aresetn_kernel_01_slr2_2_0  |    1 |
| bd_22c0_fanout_aresetn_kernel_01_slr2_1_0  |    1 |
| bd_22c0_fanout_aresetn_kernel_01_slr1_4_0  |    1 |
| bd_22c0_fanout_aresetn_kernel_01_slr1_3_0  |    1 |
| bd_22c0_fanout_aresetn_kernel_01_slr1_2_0  |    1 |
| bd_22c0_fanout_aresetn_kernel_01_slr1_1_0  |    1 |
| bd_22c0_fanout_aresetn_kernel_01_slr0_4_0  |    1 |
| bd_22c0_fanout_aresetn_kernel_01_slr0_3_0  |    1 |
| bd_22c0_fanout_aresetn_kernel_01_slr0_2_0  |    1 |
| bd_22c0_fanout_aresetn_kernel_01_slr0_1_0  |    1 |
| bd_22c0_fanout_aresetn_kernel_00_slr2_4_0  |    1 |
| bd_22c0_fanout_aresetn_kernel_00_slr2_3_0  |    1 |
| bd_22c0_fanout_aresetn_kernel_00_slr2_2_0  |    1 |
| bd_22c0_fanout_aresetn_kernel_00_slr2_1_0  |    1 |
| bd_22c0_fanout_aresetn_kernel_00_slr1_4_0  |    1 |
| bd_22c0_fanout_aresetn_kernel_00_slr1_3_0  |    1 |
| bd_22c0_fanout_aresetn_kernel_00_slr1_2_0  |    1 |
| bd_22c0_fanout_aresetn_kernel_00_slr1_1_0  |    1 |
| bd_22c0_fanout_aresetn_kernel_00_slr0_4_0  |    1 |
| bd_22c0_fanout_aresetn_kernel_00_slr0_3_0  |    1 |
| bd_22c0_fanout_aresetn_kernel_00_slr0_2_0  |    1 |
| bd_22c0_fanout_aresetn_kernel_00_slr0_1_0  |    1 |
| bd_22c0_fanout_aresetn_hbm_0               |    1 |
| bd_22c0_fanout_aresetn_ctrl_slr2_4_0       |    1 |
| bd_22c0_fanout_aresetn_ctrl_slr2_3_0       |    1 |
| bd_22c0_fanout_aresetn_ctrl_slr2_2_0       |    1 |
| bd_22c0_fanout_aresetn_ctrl_slr2_1_0       |    1 |
| bd_22c0_fanout_aresetn_ctrl_slr1_4_0       |    1 |
| bd_22c0_fanout_aresetn_ctrl_slr1_3_0       |    1 |
| bd_22c0_fanout_aresetn_ctrl_slr1_2_0       |    1 |
| bd_22c0_fanout_aresetn_ctrl_slr1_1_0       |    1 |
| bd_22c0_fanout_aresetn_ctrl_slr0_4_0       |    1 |
| bd_22c0_fanout_aresetn_ctrl_slr0_3_0       |    1 |
| bd_22c0_fanout_aresetn_ctrl_slr0_2_0       |    1 |
| bd_22c0_fanout_aresetn_ctrl_slr0_1_0       |    1 |
| bd_22c0_clock_throttling_avg_0             |    1 |
| bd_22c0_clock_throttling_aclk_kernel_01_0  |    1 |
| bd_22c0_clock_throttling_aclk_kernel_00_0  |    1 |
| bd_22c0_clock_shutdown_latch_0             |    1 |
| bd_22c0_clkwiz_hbm_0                       |    1 |
| bd_22c0_clkwiz_aclk_kernel_01_0            |    1 |
| bd_22c0_clkwiz_aclk_kernel_00_0            |    1 |
| bd_22c0_clk_hbm_adapt_0                    |    1 |
| bd_22c0_build_info_0                       |    1 |
| bd_22c0_auto_cc_0                          |    1 |
| bd_22c0_aclk_kernel_01_cont_adapt_0        |    1 |
| bd_22c0_aclk_kernel_01_adapt_0             |    1 |
| bd_22c0_aclk_kernel_00_cont_adapt_0        |    1 |
| bd_22c0_aclk_kernel_00_adapt_0             |    1 |
| bd_097b_user_debug_hub_0                   |    1 |
| bd_097b_user_debug_bridge_0                |    1 |
| bd_097b_build_info_0                       |    1 |
+--------------------------------------------+------+


12. SLR Connectivity
--------------------

+----------------------------------+-------+-------+-----------+-------+
|                                  |  Used | Fixed | Available | Util% |
+----------------------------------+-------+-------+-----------+-------+
| SLR2 <-> SLR1                    | 10912 |       |     23040 | 47.36 |
|   SLR1 -> SLR2                   |  6164 |       |           | 26.75 |
|     Using TX_REG only            |     0 |     0 |           |       |
|     Using RX_REG only            |     0 |     0 |           |       |
|     Using Both TX_REG and RX_REG |     0 |     0 |           |       |
|   SLR2 -> SLR1                   |  4748 |       |           | 20.61 |
|     Using TX_REG only            |     0 |     0 |           |       |
|     Using RX_REG only            |     0 |     0 |           |       |
|     Using Both TX_REG and RX_REG |     0 |     0 |           |       |
| SLR1 <-> SLR0                    | 15626 |       |     23040 | 67.82 |
|   SLR0 -> SLR1                   |  9125 |       |           | 39.61 |
|     Using TX_REG only            |     0 |     0 |           |       |
|     Using RX_REG only            |     0 |     0 |           |       |
|     Using Both TX_REG and RX_REG |     0 |     0 |           |       |
|   SLR1 -> SLR0                   |  6501 |       |           | 28.22 |
|     Using TX_REG only            |     0 |     0 |           |       |
|     Using RX_REG only            |     0 |     0 |           |       |
|     Using Both TX_REG and RX_REG |     0 |     0 |           |       |
+----------------------------------+-------+-------+-----------+-------+
| Total SLLs Used                  | 26538 |       |           |       |
+----------------------------------+-------+-------+-----------+-------+


13. SLR Connectivity Matrix
---------------------------

+-----------+------+------+------+
| FROM \ TO | SLR2 | SLR1 | SLR0 |
+-----------+------+------+------+
| SLR2      |    0 | 4602 |  146 |
| SLR1      | 6060 |    0 | 6355 |
| SLR0      |  104 | 9021 |    0 |
+-----------+------+------+------+


14. SLR CLB Logic and Dedicated Block Utilization
-------------------------------------------------

+----------------------------+--------+--------+--------+--------+--------+--------+
|          Site Type         |  SLR0  |  SLR1  |  SLR2  | SLR0 % | SLR1 % | SLR2 % |
+----------------------------+--------+--------+--------+--------+--------+--------+
| CLB                        |  45472 |  52059 |  48977 |  82.74 |  96.41 |  90.70 |
|   CLBL                     |  23791 |  28162 |  26423 |  81.25 |  96.18 |  90.24 |
|   CLBM                     |  21681 |  23897 |  22554 |  84.43 |  96.67 |  91.24 |
| CLB LUTs                   | 201518 | 281650 | 248238 |  45.83 |  65.20 |  57.46 |
|   LUT as Logic             | 171908 | 250773 | 218033 |  39.10 |  58.05 |  50.47 |
|     using O5 output only   |   2752 |   2358 |   2436 |   0.63 |   0.55 |   0.56 |
|     using O6 output only   | 102565 | 156708 | 123797 |  23.33 |  36.28 |  28.66 |
|     using O5 and O6        |  66591 |  91707 |  91800 |  15.15 |  21.23 |  21.25 |
|   LUT as Memory            |  29610 |  30877 |  30205 |  14.41 |  15.61 |  15.27 |
|     LUT as Distributed RAM |  26288 |  27004 |  29284 |  12.80 |  13.65 |  14.81 |
|       using O5 output only |      0 |      0 |      0 |   0.00 |   0.00 |   0.00 |
|       using O6 output only |  16432 |  21618 |  27344 |   8.00 |  10.93 |  13.83 |
|       using O5 and O6      |   9856 |   5386 |   1940 |   4.80 |   2.72 |   0.98 |
|     LUT as Shift Register  |   3322 |   3873 |    921 |   1.62 |   1.96 |   0.47 |
|       using O5 output only |      0 |      0 |      0 |   0.00 |   0.00 |   0.00 |
|       using O6 output only |   1986 |   1945 |    887 |   0.97 |   0.98 |   0.45 |
|       using O5 and O6      |   1336 |   1928 |     34 |   0.65 |   0.97 |   0.02 |
| CLB Registers              | 259981 | 329451 | 260067 |  29.56 |  38.13 |  30.10 |
| CARRY8                     |   9731 |  12640 |  15804 |  17.71 |  23.41 |  29.27 |
| F7 Muxes                   |   3182 |   3921 |   3217 |   1.45 |   1.82 |   1.49 |
| F8 Muxes                   |    957 |   1284 |   1256 |   0.87 |   1.19 |   1.16 |
| F9 Muxes                   |      0 |      0 |      0 |   0.00 |   0.00 |   0.00 |
| Block RAM Tile             |    314 |  530.5 |  371.5 |  46.73 |  78.94 |  55.28 |
|   RAMB36/FIFO              |    307 |    523 |    367 |  45.68 |  77.83 |  54.61 |
|   RAMB18                   |     14 |     15 |      9 |   1.04 |   1.12 |   0.67 |
| URAM                       |      0 |      0 |      0 |   0.00 |   0.00 |   0.00 |
| DSPs                       |   1735 |   2572 |   2637 |  60.24 |  83.72 |  85.84 |
| Unique Control Sets        |   6929 |   8701 |   7121 |   6.30 |   8.06 |   6.59 |
+----------------------------+--------+--------+--------+--------+--------+--------+
* Note: Available Control Sets based on CLB Registers / 8


15. SLR IO Utilization
----------------------

+-----------+-----------+---------+------------+----------+------------+----------+-----+
| SLR Index | Used IOBs | (%)IOBs | Used IPADs | (%)IPADs | Used OPADs | (%)OPADs | GTs |
+-----------+-----------+---------+------------+----------+------------+----------+-----+
| SLR2      |         0 |    0.00 |          0 |     0.00 |          0 |     0.00 |   0 |
| SLR1      |         0 |    0.00 |          0 |     0.00 |          0 |     0.00 |   0 |
| SLR0      |        12 |    5.77 |          0 |     0.00 |          0 |     0.00 |  16 |
+-----------+-----------+---------+------------+----------+------------+----------+-----+
| Total     |        12 |         |          0 |          |          0 |          |  16 |
+-----------+-----------+---------+------------+----------+------------+----------+-----+


