

================================================================
== Vitis HLS Report for 'gru_stack_for_bidirectional_ap_fixed_ap_fixed_8_2_5_3_0_config2_b_s'
================================================================
* Date:           Wed Jul  5 09:57:22 2023

* Version:        2022.2 (Build 3670227 on Oct 13 2022)
* Project:        alveo_hls4ml
* Solution:       solution (Vitis Kernel Flow Target)
* Product family: virtexuplus
* Target device:  xcu55c-fsvh2892-2L-e


================================================================
== Performance Estimates
================================================================
+ Timing: 
    * Summary: 
    +--------+---------+----------+------------+
    |  Clock |  Target | Estimated| Uncertainty|
    +--------+---------+----------+------------+
    |ap_clk  |  4.00 ns|  2.637 ns|     1.08 ns|
    +--------+---------+----------+------------+

+ Latency: 
    * Summary: 
    +---------+---------+-----------+-----------+------+------+---------+
    |  Latency (cycles) |   Latency (absolute)  |   Interval  | Pipeline|
    |   min   |   max   |    min    |    max    |  min |  max |   Type  |
    +---------+---------+-----------+-----------+------+------+---------+
    |     5987|     6060|  23.948 us|  24.240 us|  5987|  6060|       no|
    +---------+---------+-----------+-----------+------+------+---------+

    + Detail: 
        * Instance: 
        +--------------------------------------------------------------------------+--------------------------------------------------------------+---------+---------+----------+----------+-----+-----+---------+
        |                                                                          |                                                              |  Latency (cycles) |  Latency (absolute) |  Interval | Pipeline|
        |                                 Instance                                 |                            Module                            |   min   |   max   |    min   |    max   | min | max |   Type  |
        +--------------------------------------------------------------------------+--------------------------------------------------------------+---------+---------+----------+----------+-----+-----+---------+
        |grp_gru_static_ap_fixed_8_2_5_3_0_ap_fixed_8_2_5_3_0_config2_b_s_fu_2302  |gru_static_ap_fixed_8_2_5_3_0_ap_fixed_8_2_5_3_0_config2_b_s  |       79|       80|  0.316 us|  0.320 us|   79|   80|       no|
        +--------------------------------------------------------------------------+--------------------------------------------------------------+---------+---------+----------+----------+-----+-----+---------+

        * Loop: 
        +-------------------+---------+---------+----------+-----------+-----------+------+----------+
        |                   |  Latency (cycles) | Iteration|  Initiation Interval  | Trip |          |
        |     Loop Name     |   min   |   max   |  Latency |  achieved |   target  | Count| Pipelined|
        +-------------------+---------+---------+----------+-----------+-----------+------+----------+
        |- DataPropagation  |     5986|     6059|   82 ~ 83|          -|          -|    73|        no|
        +-------------------+---------+---------+----------+-----------+-----------+------+----------+



================================================================
== Utilization Estimates
================================================================
* Summary: 
+---------------------+---------+------+---------+---------+-----+
|         Name        | BRAM_18K|  DSP |    FF   |   LUT   | URAM|
+---------------------+---------+------+---------+---------+-----+
|DSP                  |        -|     -|        -|        -|    -|
|Expression           |        -|     -|        0|       24|    -|
|FIFO                 |        -|     -|        -|        -|    -|
|Instance             |      112|    64|    20472|    48204|    -|
|Memory               |        -|     -|        -|        -|    -|
|Multiplexer          |        -|     -|        -|      611|    -|
|Register             |        -|     -|     1091|        -|    -|
+---------------------+---------+------+---------+---------+-----+
|Total                |      112|    64|    21563|    48839|    0|
+---------------------+---------+------+---------+---------+-----+
|Available SLR        |     1344|  3008|   869120|   434560|  320|
+---------------------+---------+------+---------+---------+-----+
|Utilization SLR (%)  |        8|     2|        2|       11|    0|
+---------------------+---------+------+---------+---------+-----+
|Available            |     4032|  9024|  2607360|  1303680|  960|
+---------------------+---------+------+---------+---------+-----+
|Utilization (%)      |        2|    ~0|       ~0|        3|    0|
+---------------------+---------+------+---------+---------+-----+

+ Detail: 
    * Instance: 
    +--------------------------------------------------------------------------+--------------------------------------------------------------+---------+----+-------+-------+-----+
    |                                 Instance                                 |                            Module                            | BRAM_18K| DSP|   FF  |  LUT  | URAM|
    +--------------------------------------------------------------------------+--------------------------------------------------------------+---------+----+-------+-------+-----+
    |grp_gru_static_ap_fixed_8_2_5_3_0_ap_fixed_8_2_5_3_0_config2_b_s_fu_2302  |gru_static_ap_fixed_8_2_5_3_0_ap_fixed_8_2_5_3_0_config2_b_s  |      112|  64|  20472|  48204|    0|
    +--------------------------------------------------------------------------+--------------------------------------------------------------+---------+----+-------+-------+-----+
    |Total                                                                     |                                                              |      112|  64|  20472|  48204|    0|
    +--------------------------------------------------------------------------+--------------------------------------------------------------+---------+----+-------+-------+-----+

    * DSP: 
    N/A

    * Memory: 
    N/A

    * FIFO: 
    N/A

    * Expression: 
    +-----------------------+----------+----+---+----+------------+------------+
    |     Variable Name     | Operation| DSP| FF| LUT| Bitwidth P0| Bitwidth P1|
    +-----------------------+----------+----+---+----+------------+------------+
    |add_ln654_fu_2787_p2   |         +|   0|  0|  14|           7|           1|
    |icmp_ln654_fu_2781_p2  |      icmp|   0|  0|  10|           7|           7|
    +-----------------------+----------+----+---+----+------------+------------+
    |Total                  |          |   0|  0|  24|          14|           8|
    +-----------------------+----------+----+---+----+------------+------------+

    * Multiplexer: 
    +-------------------------+----+-----------+-----+-----------+
    |           Name          | LUT| Input Size| Bits| Total Bits|
    +-------------------------+----+-----------+-----+-----------+
    |ap_NS_fsm                |  26|          5|    1|          5|
    |h_newstate_V_182_fu_304  |   9|          2|    8|         16|
    |h_newstate_V_183_fu_308  |   9|          2|    8|         16|
    |h_newstate_V_184_fu_312  |   9|          2|    8|         16|
    |h_newstate_V_185_fu_316  |   9|          2|    8|         16|
    |h_newstate_V_186_fu_320  |   9|          2|    8|         16|
    |h_newstate_V_187_fu_324  |   9|          2|    8|         16|
    |h_newstate_V_188_fu_328  |   9|          2|    8|         16|
    |h_newstate_V_189_fu_332  |   9|          2|    8|         16|
    |h_newstate_V_190_fu_336  |   9|          2|    8|         16|
    |h_newstate_V_191_fu_340  |   9|          2|    8|         16|
    |h_newstate_V_192_fu_344  |   9|          2|    8|         16|
    |h_newstate_V_193_fu_348  |   9|          2|    8|         16|
    |h_newstate_V_194_fu_352  |   9|          2|    8|         16|
    |h_newstate_V_195_fu_356  |   9|          2|    8|         16|
    |h_newstate_V_196_fu_360  |   9|          2|    8|         16|
    |h_newstate_V_197_fu_364  |   9|          2|    8|         16|
    |h_newstate_V_198_fu_368  |   9|          2|    8|         16|
    |h_newstate_V_199_fu_372  |   9|          2|    8|         16|
    |h_newstate_V_200_fu_376  |   9|          2|    8|         16|
    |h_newstate_V_201_fu_380  |   9|          2|    8|         16|
    |h_newstate_V_202_fu_384  |   9|          2|    8|         16|
    |h_newstate_V_203_fu_388  |   9|          2|    8|         16|
    |h_newstate_V_204_fu_392  |   9|          2|    8|         16|
    |h_newstate_V_205_fu_396  |   9|          2|    8|         16|
    |h_newstate_V_206_fu_400  |   9|          2|    8|         16|
    |h_newstate_V_207_fu_404  |   9|          2|    8|         16|
    |h_newstate_V_208_fu_408  |   9|          2|    8|         16|
    |h_newstate_V_209_fu_412  |   9|          2|    8|         16|
    |h_newstate_V_210_fu_416  |   9|          2|    8|         16|
    |h_newstate_V_211_fu_420  |   9|          2|    8|         16|
    |h_newstate_V_212_fu_424  |   9|          2|    8|         16|
    |h_newstate_V_213_fu_428  |   9|          2|    8|         16|
    |h_newstate_V_214_fu_432  |   9|          2|    8|         16|
    |h_newstate_V_215_fu_436  |   9|          2|    8|         16|
    |h_newstate_V_216_fu_440  |   9|          2|    8|         16|
    |h_newstate_V_217_fu_444  |   9|          2|    8|         16|
    |h_newstate_V_218_fu_448  |   9|          2|    8|         16|
    |h_newstate_V_219_fu_452  |   9|          2|    8|         16|
    |h_newstate_V_220_fu_456  |   9|          2|    8|         16|
    |h_newstate_V_221_fu_460  |   9|          2|    8|         16|
    |h_newstate_V_222_fu_464  |   9|          2|    8|         16|
    |h_newstate_V_223_fu_468  |   9|          2|    8|         16|
    |h_newstate_V_224_fu_472  |   9|          2|    8|         16|
    |h_newstate_V_225_fu_476  |   9|          2|    8|         16|
    |h_newstate_V_226_fu_480  |   9|          2|    8|         16|
    |h_newstate_V_227_fu_484  |   9|          2|    8|         16|
    |h_newstate_V_228_fu_488  |   9|          2|    8|         16|
    |h_newstate_V_229_fu_492  |   9|          2|    8|         16|
    |h_newstate_V_230_fu_496  |   9|          2|    8|         16|
    |h_newstate_V_231_fu_500  |   9|          2|    8|         16|
    |h_newstate_V_232_fu_504  |   9|          2|    8|         16|
    |h_newstate_V_233_fu_508  |   9|          2|    8|         16|
    |h_newstate_V_234_fu_512  |   9|          2|    8|         16|
    |h_newstate_V_235_fu_516  |   9|          2|    8|         16|
    |h_newstate_V_236_fu_520  |   9|          2|    8|         16|
    |h_newstate_V_237_fu_524  |   9|          2|    8|         16|
    |h_newstate_V_238_fu_528  |   9|          2|    8|         16|
    |h_newstate_V_239_fu_532  |   9|          2|    8|         16|
    |h_newstate_V_240_fu_536  |   9|          2|    8|         16|
    |h_newstate_V_241_fu_540  |   9|          2|    8|         16|
    |h_newstate_V_242_fu_544  |   9|          2|    8|         16|
    |h_newstate_V_243_fu_548  |   9|          2|    8|         16|
    |h_newstate_V_244_fu_552  |   9|          2|    8|         16|
    |h_newstate_V_245_fu_556  |   9|          2|    8|         16|
    |i_in_fu_300              |   9|          2|    7|         14|
    +-------------------------+----+-----------+-----+-----------+
    |Total                    | 611|        135|  520|       1043|
    +-------------------------+----+-----------+-----+-----------+

    * Register: 
    +---------------------------------------------------------------------------------------+-----+----+-----+-----------+
    |                                          Name                                         |  FF | LUT| Bits| Const Bits|
    +---------------------------------------------------------------------------------------+-----+----+-----+-----------+
    |ap_CS_fsm                                                                              |    4|   0|    4|          0|
    |data_in_V_reg_4907                                                                     |  560|   0|  560|          0|
    |grp_gru_static_ap_fixed_8_2_5_3_0_ap_fixed_8_2_5_3_0_config2_b_s_fu_2302_ap_start_reg  |    1|   0|    1|          0|
    |h_newstate_V_182_fu_304                                                                |    8|   0|    8|          0|
    |h_newstate_V_183_fu_308                                                                |    8|   0|    8|          0|
    |h_newstate_V_184_fu_312                                                                |    8|   0|    8|          0|
    |h_newstate_V_185_fu_316                                                                |    8|   0|    8|          0|
    |h_newstate_V_186_fu_320                                                                |    8|   0|    8|          0|
    |h_newstate_V_187_fu_324                                                                |    8|   0|    8|          0|
    |h_newstate_V_188_fu_328                                                                |    8|   0|    8|          0|
    |h_newstate_V_189_fu_332                                                                |    8|   0|    8|          0|
    |h_newstate_V_190_fu_336                                                                |    8|   0|    8|          0|
    |h_newstate_V_191_fu_340                                                                |    8|   0|    8|          0|
    |h_newstate_V_192_fu_344                                                                |    8|   0|    8|          0|
    |h_newstate_V_193_fu_348                                                                |    8|   0|    8|          0|
    |h_newstate_V_194_fu_352                                                                |    8|   0|    8|          0|
    |h_newstate_V_195_fu_356                                                                |    8|   0|    8|          0|
    |h_newstate_V_196_fu_360                                                                |    8|   0|    8|          0|
    |h_newstate_V_197_fu_364                                                                |    8|   0|    8|          0|
    |h_newstate_V_198_fu_368                                                                |    8|   0|    8|          0|
    |h_newstate_V_199_fu_372                                                                |    8|   0|    8|          0|
    |h_newstate_V_200_fu_376                                                                |    8|   0|    8|          0|
    |h_newstate_V_201_fu_380                                                                |    8|   0|    8|          0|
    |h_newstate_V_202_fu_384                                                                |    8|   0|    8|          0|
    |h_newstate_V_203_fu_388                                                                |    8|   0|    8|          0|
    |h_newstate_V_204_fu_392                                                                |    8|   0|    8|          0|
    |h_newstate_V_205_fu_396                                                                |    8|   0|    8|          0|
    |h_newstate_V_206_fu_400                                                                |    8|   0|    8|          0|
    |h_newstate_V_207_fu_404                                                                |    8|   0|    8|          0|
    |h_newstate_V_208_fu_408                                                                |    8|   0|    8|          0|
    |h_newstate_V_209_fu_412                                                                |    8|   0|    8|          0|
    |h_newstate_V_210_fu_416                                                                |    8|   0|    8|          0|
    |h_newstate_V_211_fu_420                                                                |    8|   0|    8|          0|
    |h_newstate_V_212_fu_424                                                                |    8|   0|    8|          0|
    |h_newstate_V_213_fu_428                                                                |    8|   0|    8|          0|
    |h_newstate_V_214_fu_432                                                                |    8|   0|    8|          0|
    |h_newstate_V_215_fu_436                                                                |    8|   0|    8|          0|
    |h_newstate_V_216_fu_440                                                                |    8|   0|    8|          0|
    |h_newstate_V_217_fu_444                                                                |    8|   0|    8|          0|
    |h_newstate_V_218_fu_448                                                                |    8|   0|    8|          0|
    |h_newstate_V_219_fu_452                                                                |    8|   0|    8|          0|
    |h_newstate_V_220_fu_456                                                                |    8|   0|    8|          0|
    |h_newstate_V_221_fu_460                                                                |    8|   0|    8|          0|
    |h_newstate_V_222_fu_464                                                                |    8|   0|    8|          0|
    |h_newstate_V_223_fu_468                                                                |    8|   0|    8|          0|
    |h_newstate_V_224_fu_472                                                                |    8|   0|    8|          0|
    |h_newstate_V_225_fu_476                                                                |    8|   0|    8|          0|
    |h_newstate_V_226_fu_480                                                                |    8|   0|    8|          0|
    |h_newstate_V_227_fu_484                                                                |    8|   0|    8|          0|
    |h_newstate_V_228_fu_488                                                                |    8|   0|    8|          0|
    |h_newstate_V_229_fu_492                                                                |    8|   0|    8|          0|
    |h_newstate_V_230_fu_496                                                                |    8|   0|    8|          0|
    |h_newstate_V_231_fu_500                                                                |    8|   0|    8|          0|
    |h_newstate_V_232_fu_504                                                                |    8|   0|    8|          0|
    |h_newstate_V_233_fu_508                                                                |    8|   0|    8|          0|
    |h_newstate_V_234_fu_512                                                                |    8|   0|    8|          0|
    |h_newstate_V_235_fu_516                                                                |    8|   0|    8|          0|
    |h_newstate_V_236_fu_520                                                                |    8|   0|    8|          0|
    |h_newstate_V_237_fu_524                                                                |    8|   0|    8|          0|
    |h_newstate_V_238_fu_528                                                                |    8|   0|    8|          0|
    |h_newstate_V_239_fu_532                                                                |    8|   0|    8|          0|
    |h_newstate_V_240_fu_536                                                                |    8|   0|    8|          0|
    |h_newstate_V_241_fu_540                                                                |    8|   0|    8|          0|
    |h_newstate_V_242_fu_544                                                                |    8|   0|    8|          0|
    |h_newstate_V_243_fu_548                                                                |    8|   0|    8|          0|
    |h_newstate_V_244_fu_552                                                                |    8|   0|    8|          0|
    |h_newstate_V_245_fu_556                                                                |    8|   0|    8|          0|
    |i_in_fu_300                                                                            |    7|   0|    7|          0|
    |zext_ln654_reg_4294                                                                    |    7|   0|   64|         57|
    +---------------------------------------------------------------------------------------+-----+----+-----+-----------+
    |Total                                                                                  | 1091|   0| 1148|         57|
    +---------------------------------------------------------------------------------------+-----+----+-----+-----------+



================================================================
== Interface
================================================================
* Summary: 
+------------------+-----+-----+------------+---------------------------------------------------------------------+--------------+
|     RTL Ports    | Dir | Bits|  Protocol  |                            Source Object                            |    C Type    |
+------------------+-----+-----+------------+---------------------------------------------------------------------+--------------+
|ap_clk            |   in|    1|  ap_ctrl_hs|  gru_stack_for_bidirectional<ap_fixed,ap_fixed<8,2,5,3,0>,config2_b>|  return value|
|ap_rst            |   in|    1|  ap_ctrl_hs|  gru_stack_for_bidirectional<ap_fixed,ap_fixed<8,2,5,3,0>,config2_b>|  return value|
|ap_start          |   in|    1|  ap_ctrl_hs|  gru_stack_for_bidirectional<ap_fixed,ap_fixed<8,2,5,3,0>,config2_b>|  return value|
|ap_done           |  out|    1|  ap_ctrl_hs|  gru_stack_for_bidirectional<ap_fixed,ap_fixed<8,2,5,3,0>,config2_b>|  return value|
|ap_idle           |  out|    1|  ap_ctrl_hs|  gru_stack_for_bidirectional<ap_fixed,ap_fixed<8,2,5,3,0>,config2_b>|  return value|
|ap_ready          |  out|    1|  ap_ctrl_hs|  gru_stack_for_bidirectional<ap_fixed,ap_fixed<8,2,5,3,0>,config2_b>|  return value|
|data_0_address0   |  out|    7|   ap_memory|                                                               data_0|         array|
|data_0_ce0        |  out|    1|   ap_memory|                                                               data_0|         array|
|data_0_q0         |   in|    8|   ap_memory|                                                               data_0|         array|
|data_1_address0   |  out|    7|   ap_memory|                                                               data_1|         array|
|data_1_ce0        |  out|    1|   ap_memory|                                                               data_1|         array|
|data_1_q0         |   in|    8|   ap_memory|                                                               data_1|         array|
|data_2_address0   |  out|    7|   ap_memory|                                                               data_2|         array|
|data_2_ce0        |  out|    1|   ap_memory|                                                               data_2|         array|
|data_2_q0         |   in|    8|   ap_memory|                                                               data_2|         array|
|data_3_address0   |  out|    7|   ap_memory|                                                               data_3|         array|
|data_3_ce0        |  out|    1|   ap_memory|                                                               data_3|         array|
|data_3_q0         |   in|    8|   ap_memory|                                                               data_3|         array|
|data_4_address0   |  out|    7|   ap_memory|                                                               data_4|         array|
|data_4_ce0        |  out|    1|   ap_memory|                                                               data_4|         array|
|data_4_q0         |   in|    8|   ap_memory|                                                               data_4|         array|
|data_5_address0   |  out|    7|   ap_memory|                                                               data_5|         array|
|data_5_ce0        |  out|    1|   ap_memory|                                                               data_5|         array|
|data_5_q0         |   in|    8|   ap_memory|                                                               data_5|         array|
|data_6_address0   |  out|    7|   ap_memory|                                                               data_6|         array|
|data_6_ce0        |  out|    1|   ap_memory|                                                               data_6|         array|
|data_6_q0         |   in|    8|   ap_memory|                                                               data_6|         array|
|data_7_address0   |  out|    7|   ap_memory|                                                               data_7|         array|
|data_7_ce0        |  out|    1|   ap_memory|                                                               data_7|         array|
|data_7_q0         |   in|    8|   ap_memory|                                                               data_7|         array|
|data_8_address0   |  out|    7|   ap_memory|                                                               data_8|         array|
|data_8_ce0        |  out|    1|   ap_memory|                                                               data_8|         array|
|data_8_q0         |   in|    8|   ap_memory|                                                               data_8|         array|
|data_9_address0   |  out|    7|   ap_memory|                                                               data_9|         array|
|data_9_ce0        |  out|    1|   ap_memory|                                                               data_9|         array|
|data_9_q0         |   in|    8|   ap_memory|                                                               data_9|         array|
|data_10_address0  |  out|    7|   ap_memory|                                                              data_10|         array|
|data_10_ce0       |  out|    1|   ap_memory|                                                              data_10|         array|
|data_10_q0        |   in|    8|   ap_memory|                                                              data_10|         array|
|data_11_address0  |  out|    7|   ap_memory|                                                              data_11|         array|
|data_11_ce0       |  out|    1|   ap_memory|                                                              data_11|         array|
|data_11_q0        |   in|    8|   ap_memory|                                                              data_11|         array|
|data_12_address0  |  out|    7|   ap_memory|                                                              data_12|         array|
|data_12_ce0       |  out|    1|   ap_memory|                                                              data_12|         array|
|data_12_q0        |   in|    8|   ap_memory|                                                              data_12|         array|
|data_13_address0  |  out|    7|   ap_memory|                                                              data_13|         array|
|data_13_ce0       |  out|    1|   ap_memory|                                                              data_13|         array|
|data_13_q0        |   in|    8|   ap_memory|                                                              data_13|         array|
|data_14_address0  |  out|    7|   ap_memory|                                                              data_14|         array|
|data_14_ce0       |  out|    1|   ap_memory|                                                              data_14|         array|
|data_14_q0        |   in|    8|   ap_memory|                                                              data_14|         array|
|data_15_address0  |  out|    7|   ap_memory|                                                              data_15|         array|
|data_15_ce0       |  out|    1|   ap_memory|                                                              data_15|         array|
|data_15_q0        |   in|    8|   ap_memory|                                                              data_15|         array|
|data_16_address0  |  out|    7|   ap_memory|                                                              data_16|         array|
|data_16_ce0       |  out|    1|   ap_memory|                                                              data_16|         array|
|data_16_q0        |   in|    8|   ap_memory|                                                              data_16|         array|
|data_17_address0  |  out|    7|   ap_memory|                                                              data_17|         array|
|data_17_ce0       |  out|    1|   ap_memory|                                                              data_17|         array|
|data_17_q0        |   in|    8|   ap_memory|                                                              data_17|         array|
|data_18_address0  |  out|    7|   ap_memory|                                                              data_18|         array|
|data_18_ce0       |  out|    1|   ap_memory|                                                              data_18|         array|
|data_18_q0        |   in|    8|   ap_memory|                                                              data_18|         array|
|data_19_address0  |  out|    7|   ap_memory|                                                              data_19|         array|
|data_19_ce0       |  out|    1|   ap_memory|                                                              data_19|         array|
|data_19_q0        |   in|    8|   ap_memory|                                                              data_19|         array|
|data_20_address0  |  out|    7|   ap_memory|                                                              data_20|         array|
|data_20_ce0       |  out|    1|   ap_memory|                                                              data_20|         array|
|data_20_q0        |   in|    8|   ap_memory|                                                              data_20|         array|
|data_21_address0  |  out|    7|   ap_memory|                                                              data_21|         array|
|data_21_ce0       |  out|    1|   ap_memory|                                                              data_21|         array|
|data_21_q0        |   in|    8|   ap_memory|                                                              data_21|         array|
|data_22_address0  |  out|    7|   ap_memory|                                                              data_22|         array|
|data_22_ce0       |  out|    1|   ap_memory|                                                              data_22|         array|
|data_22_q0        |   in|    8|   ap_memory|                                                              data_22|         array|
|data_23_address0  |  out|    7|   ap_memory|                                                              data_23|         array|
|data_23_ce0       |  out|    1|   ap_memory|                                                              data_23|         array|
|data_23_q0        |   in|    8|   ap_memory|                                                              data_23|         array|
|data_24_address0  |  out|    7|   ap_memory|                                                              data_24|         array|
|data_24_ce0       |  out|    1|   ap_memory|                                                              data_24|         array|
|data_24_q0        |   in|    8|   ap_memory|                                                              data_24|         array|
|data_25_address0  |  out|    7|   ap_memory|                                                              data_25|         array|
|data_25_ce0       |  out|    1|   ap_memory|                                                              data_25|         array|
|data_25_q0        |   in|    8|   ap_memory|                                                              data_25|         array|
|data_26_address0  |  out|    7|   ap_memory|                                                              data_26|         array|
|data_26_ce0       |  out|    1|   ap_memory|                                                              data_26|         array|
|data_26_q0        |   in|    8|   ap_memory|                                                              data_26|         array|
|data_27_address0  |  out|    7|   ap_memory|                                                              data_27|         array|
|data_27_ce0       |  out|    1|   ap_memory|                                                              data_27|         array|
|data_27_q0        |   in|    8|   ap_memory|                                                              data_27|         array|
|data_28_address0  |  out|    7|   ap_memory|                                                              data_28|         array|
|data_28_ce0       |  out|    1|   ap_memory|                                                              data_28|         array|
|data_28_q0        |   in|    8|   ap_memory|                                                              data_28|         array|
|data_29_address0  |  out|    7|   ap_memory|                                                              data_29|         array|
|data_29_ce0       |  out|    1|   ap_memory|                                                              data_29|         array|
|data_29_q0        |   in|    8|   ap_memory|                                                              data_29|         array|
|data_30_address0  |  out|    7|   ap_memory|                                                              data_30|         array|
|data_30_ce0       |  out|    1|   ap_memory|                                                              data_30|         array|
|data_30_q0        |   in|    8|   ap_memory|                                                              data_30|         array|
|data_31_address0  |  out|    7|   ap_memory|                                                              data_31|         array|
|data_31_ce0       |  out|    1|   ap_memory|                                                              data_31|         array|
|data_31_q0        |   in|    8|   ap_memory|                                                              data_31|         array|
|data_32_address0  |  out|    7|   ap_memory|                                                              data_32|         array|
|data_32_ce0       |  out|    1|   ap_memory|                                                              data_32|         array|
|data_32_q0        |   in|    8|   ap_memory|                                                              data_32|         array|
|data_33_address0  |  out|    7|   ap_memory|                                                              data_33|         array|
|data_33_ce0       |  out|    1|   ap_memory|                                                              data_33|         array|
|data_33_q0        |   in|    8|   ap_memory|                                                              data_33|         array|
|data_34_address0  |  out|    7|   ap_memory|                                                              data_34|         array|
|data_34_ce0       |  out|    1|   ap_memory|                                                              data_34|         array|
|data_34_q0        |   in|    8|   ap_memory|                                                              data_34|         array|
|data_35_address0  |  out|    7|   ap_memory|                                                              data_35|         array|
|data_35_ce0       |  out|    1|   ap_memory|                                                              data_35|         array|
|data_35_q0        |   in|    8|   ap_memory|                                                              data_35|         array|
|data_36_address0  |  out|    7|   ap_memory|                                                              data_36|         array|
|data_36_ce0       |  out|    1|   ap_memory|                                                              data_36|         array|
|data_36_q0        |   in|    8|   ap_memory|                                                              data_36|         array|
|data_37_address0  |  out|    7|   ap_memory|                                                              data_37|         array|
|data_37_ce0       |  out|    1|   ap_memory|                                                              data_37|         array|
|data_37_q0        |   in|    8|   ap_memory|                                                              data_37|         array|
|data_38_address0  |  out|    7|   ap_memory|                                                              data_38|         array|
|data_38_ce0       |  out|    1|   ap_memory|                                                              data_38|         array|
|data_38_q0        |   in|    8|   ap_memory|                                                              data_38|         array|
|data_39_address0  |  out|    7|   ap_memory|                                                              data_39|         array|
|data_39_ce0       |  out|    1|   ap_memory|                                                              data_39|         array|
|data_39_q0        |   in|    8|   ap_memory|                                                              data_39|         array|
|data_40_address0  |  out|    7|   ap_memory|                                                              data_40|         array|
|data_40_ce0       |  out|    1|   ap_memory|                                                              data_40|         array|
|data_40_q0        |   in|    8|   ap_memory|                                                              data_40|         array|
|data_41_address0  |  out|    7|   ap_memory|                                                              data_41|         array|
|data_41_ce0       |  out|    1|   ap_memory|                                                              data_41|         array|
|data_41_q0        |   in|    8|   ap_memory|                                                              data_41|         array|
|data_42_address0  |  out|    7|   ap_memory|                                                              data_42|         array|
|data_42_ce0       |  out|    1|   ap_memory|                                                              data_42|         array|
|data_42_q0        |   in|    8|   ap_memory|                                                              data_42|         array|
|data_43_address0  |  out|    7|   ap_memory|                                                              data_43|         array|
|data_43_ce0       |  out|    1|   ap_memory|                                                              data_43|         array|
|data_43_q0        |   in|    8|   ap_memory|                                                              data_43|         array|
|data_44_address0  |  out|    7|   ap_memory|                                                              data_44|         array|
|data_44_ce0       |  out|    1|   ap_memory|                                                              data_44|         array|
|data_44_q0        |   in|    8|   ap_memory|                                                              data_44|         array|
|data_45_address0  |  out|    7|   ap_memory|                                                              data_45|         array|
|data_45_ce0       |  out|    1|   ap_memory|                                                              data_45|         array|
|data_45_q0        |   in|    8|   ap_memory|                                                              data_45|         array|
|data_46_address0  |  out|    7|   ap_memory|                                                              data_46|         array|
|data_46_ce0       |  out|    1|   ap_memory|                                                              data_46|         array|
|data_46_q0        |   in|    8|   ap_memory|                                                              data_46|         array|
|data_47_address0  |  out|    7|   ap_memory|                                                              data_47|         array|
|data_47_ce0       |  out|    1|   ap_memory|                                                              data_47|         array|
|data_47_q0        |   in|    8|   ap_memory|                                                              data_47|         array|
|data_48_address0  |  out|    7|   ap_memory|                                                              data_48|         array|
|data_48_ce0       |  out|    1|   ap_memory|                                                              data_48|         array|
|data_48_q0        |   in|    8|   ap_memory|                                                              data_48|         array|
|data_49_address0  |  out|    7|   ap_memory|                                                              data_49|         array|
|data_49_ce0       |  out|    1|   ap_memory|                                                              data_49|         array|
|data_49_q0        |   in|    8|   ap_memory|                                                              data_49|         array|
|data_50_address0  |  out|    7|   ap_memory|                                                              data_50|         array|
|data_50_ce0       |  out|    1|   ap_memory|                                                              data_50|         array|
|data_50_q0        |   in|    8|   ap_memory|                                                              data_50|         array|
|data_51_address0  |  out|    7|   ap_memory|                                                              data_51|         array|
|data_51_ce0       |  out|    1|   ap_memory|                                                              data_51|         array|
|data_51_q0        |   in|    8|   ap_memory|                                                              data_51|         array|
|data_52_address0  |  out|    7|   ap_memory|                                                              data_52|         array|
|data_52_ce0       |  out|    1|   ap_memory|                                                              data_52|         array|
|data_52_q0        |   in|    8|   ap_memory|                                                              data_52|         array|
|data_53_address0  |  out|    7|   ap_memory|                                                              data_53|         array|
|data_53_ce0       |  out|    1|   ap_memory|                                                              data_53|         array|
|data_53_q0        |   in|    8|   ap_memory|                                                              data_53|         array|
|data_54_address0  |  out|    7|   ap_memory|                                                              data_54|         array|
|data_54_ce0       |  out|    1|   ap_memory|                                                              data_54|         array|
|data_54_q0        |   in|    8|   ap_memory|                                                              data_54|         array|
|data_55_address0  |  out|    7|   ap_memory|                                                              data_55|         array|
|data_55_ce0       |  out|    1|   ap_memory|                                                              data_55|         array|
|data_55_q0        |   in|    8|   ap_memory|                                                              data_55|         array|
|data_56_address0  |  out|    7|   ap_memory|                                                              data_56|         array|
|data_56_ce0       |  out|    1|   ap_memory|                                                              data_56|         array|
|data_56_q0        |   in|    8|   ap_memory|                                                              data_56|         array|
|data_57_address0  |  out|    7|   ap_memory|                                                              data_57|         array|
|data_57_ce0       |  out|    1|   ap_memory|                                                              data_57|         array|
|data_57_q0        |   in|    8|   ap_memory|                                                              data_57|         array|
|data_58_address0  |  out|    7|   ap_memory|                                                              data_58|         array|
|data_58_ce0       |  out|    1|   ap_memory|                                                              data_58|         array|
|data_58_q0        |   in|    8|   ap_memory|                                                              data_58|         array|
|data_59_address0  |  out|    7|   ap_memory|                                                              data_59|         array|
|data_59_ce0       |  out|    1|   ap_memory|                                                              data_59|         array|
|data_59_q0        |   in|    8|   ap_memory|                                                              data_59|         array|
|data_60_address0  |  out|    7|   ap_memory|                                                              data_60|         array|
|data_60_ce0       |  out|    1|   ap_memory|                                                              data_60|         array|
|data_60_q0        |   in|    8|   ap_memory|                                                              data_60|         array|
|data_61_address0  |  out|    7|   ap_memory|                                                              data_61|         array|
|data_61_ce0       |  out|    1|   ap_memory|                                                              data_61|         array|
|data_61_q0        |   in|    8|   ap_memory|                                                              data_61|         array|
|data_62_address0  |  out|    7|   ap_memory|                                                              data_62|         array|
|data_62_ce0       |  out|    1|   ap_memory|                                                              data_62|         array|
|data_62_q0        |   in|    8|   ap_memory|                                                              data_62|         array|
|data_63_address0  |  out|    7|   ap_memory|                                                              data_63|         array|
|data_63_ce0       |  out|    1|   ap_memory|                                                              data_63|         array|
|data_63_q0        |   in|    8|   ap_memory|                                                              data_63|         array|
|data_64_address0  |  out|    7|   ap_memory|                                                              data_64|         array|
|data_64_ce0       |  out|    1|   ap_memory|                                                              data_64|         array|
|data_64_q0        |   in|    8|   ap_memory|                                                              data_64|         array|
|data_65_address0  |  out|    7|   ap_memory|                                                              data_65|         array|
|data_65_ce0       |  out|    1|   ap_memory|                                                              data_65|         array|
|data_65_q0        |   in|    8|   ap_memory|                                                              data_65|         array|
|data_66_address0  |  out|    7|   ap_memory|                                                              data_66|         array|
|data_66_ce0       |  out|    1|   ap_memory|                                                              data_66|         array|
|data_66_q0        |   in|    8|   ap_memory|                                                              data_66|         array|
|data_67_address0  |  out|    7|   ap_memory|                                                              data_67|         array|
|data_67_ce0       |  out|    1|   ap_memory|                                                              data_67|         array|
|data_67_q0        |   in|    8|   ap_memory|                                                              data_67|         array|
|data_68_address0  |  out|    7|   ap_memory|                                                              data_68|         array|
|data_68_ce0       |  out|    1|   ap_memory|                                                              data_68|         array|
|data_68_q0        |   in|    8|   ap_memory|                                                              data_68|         array|
|data_69_address0  |  out|    7|   ap_memory|                                                              data_69|         array|
|data_69_ce0       |  out|    1|   ap_memory|                                                              data_69|         array|
|data_69_q0        |   in|    8|   ap_memory|                                                              data_69|         array|
|res_0_address0    |  out|    7|   ap_memory|                                                                res_0|         array|
|res_0_ce0         |  out|    1|   ap_memory|                                                                res_0|         array|
|res_0_we0         |  out|    1|   ap_memory|                                                                res_0|         array|
|res_0_d0          |  out|    8|   ap_memory|                                                                res_0|         array|
|res_1_address0    |  out|    7|   ap_memory|                                                                res_1|         array|
|res_1_ce0         |  out|    1|   ap_memory|                                                                res_1|         array|
|res_1_we0         |  out|    1|   ap_memory|                                                                res_1|         array|
|res_1_d0          |  out|    8|   ap_memory|                                                                res_1|         array|
|res_2_address0    |  out|    7|   ap_memory|                                                                res_2|         array|
|res_2_ce0         |  out|    1|   ap_memory|                                                                res_2|         array|
|res_2_we0         |  out|    1|   ap_memory|                                                                res_2|         array|
|res_2_d0          |  out|    8|   ap_memory|                                                                res_2|         array|
|res_3_address0    |  out|    7|   ap_memory|                                                                res_3|         array|
|res_3_ce0         |  out|    1|   ap_memory|                                                                res_3|         array|
|res_3_we0         |  out|    1|   ap_memory|                                                                res_3|         array|
|res_3_d0          |  out|    8|   ap_memory|                                                                res_3|         array|
|res_4_address0    |  out|    7|   ap_memory|                                                                res_4|         array|
|res_4_ce0         |  out|    1|   ap_memory|                                                                res_4|         array|
|res_4_we0         |  out|    1|   ap_memory|                                                                res_4|         array|
|res_4_d0          |  out|    8|   ap_memory|                                                                res_4|         array|
|res_5_address0    |  out|    7|   ap_memory|                                                                res_5|         array|
|res_5_ce0         |  out|    1|   ap_memory|                                                                res_5|         array|
|res_5_we0         |  out|    1|   ap_memory|                                                                res_5|         array|
|res_5_d0          |  out|    8|   ap_memory|                                                                res_5|         array|
|res_6_address0    |  out|    7|   ap_memory|                                                                res_6|         array|
|res_6_ce0         |  out|    1|   ap_memory|                                                                res_6|         array|
|res_6_we0         |  out|    1|   ap_memory|                                                                res_6|         array|
|res_6_d0          |  out|    8|   ap_memory|                                                                res_6|         array|
|res_7_address0    |  out|    7|   ap_memory|                                                                res_7|         array|
|res_7_ce0         |  out|    1|   ap_memory|                                                                res_7|         array|
|res_7_we0         |  out|    1|   ap_memory|                                                                res_7|         array|
|res_7_d0          |  out|    8|   ap_memory|                                                                res_7|         array|
|res_8_address0    |  out|    7|   ap_memory|                                                                res_8|         array|
|res_8_ce0         |  out|    1|   ap_memory|                                                                res_8|         array|
|res_8_we0         |  out|    1|   ap_memory|                                                                res_8|         array|
|res_8_d0          |  out|    8|   ap_memory|                                                                res_8|         array|
|res_9_address0    |  out|    7|   ap_memory|                                                                res_9|         array|
|res_9_ce0         |  out|    1|   ap_memory|                                                                res_9|         array|
|res_9_we0         |  out|    1|   ap_memory|                                                                res_9|         array|
|res_9_d0          |  out|    8|   ap_memory|                                                                res_9|         array|
|res_10_address0   |  out|    7|   ap_memory|                                                               res_10|         array|
|res_10_ce0        |  out|    1|   ap_memory|                                                               res_10|         array|
|res_10_we0        |  out|    1|   ap_memory|                                                               res_10|         array|
|res_10_d0         |  out|    8|   ap_memory|                                                               res_10|         array|
|res_11_address0   |  out|    7|   ap_memory|                                                               res_11|         array|
|res_11_ce0        |  out|    1|   ap_memory|                                                               res_11|         array|
|res_11_we0        |  out|    1|   ap_memory|                                                               res_11|         array|
|res_11_d0         |  out|    8|   ap_memory|                                                               res_11|         array|
|res_12_address0   |  out|    7|   ap_memory|                                                               res_12|         array|
|res_12_ce0        |  out|    1|   ap_memory|                                                               res_12|         array|
|res_12_we0        |  out|    1|   ap_memory|                                                               res_12|         array|
|res_12_d0         |  out|    8|   ap_memory|                                                               res_12|         array|
|res_13_address0   |  out|    7|   ap_memory|                                                               res_13|         array|
|res_13_ce0        |  out|    1|   ap_memory|                                                               res_13|         array|
|res_13_we0        |  out|    1|   ap_memory|                                                               res_13|         array|
|res_13_d0         |  out|    8|   ap_memory|                                                               res_13|         array|
|res_14_address0   |  out|    7|   ap_memory|                                                               res_14|         array|
|res_14_ce0        |  out|    1|   ap_memory|                                                               res_14|         array|
|res_14_we0        |  out|    1|   ap_memory|                                                               res_14|         array|
|res_14_d0         |  out|    8|   ap_memory|                                                               res_14|         array|
|res_15_address0   |  out|    7|   ap_memory|                                                               res_15|         array|
|res_15_ce0        |  out|    1|   ap_memory|                                                               res_15|         array|
|res_15_we0        |  out|    1|   ap_memory|                                                               res_15|         array|
|res_15_d0         |  out|    8|   ap_memory|                                                               res_15|         array|
|res_16_address0   |  out|    7|   ap_memory|                                                               res_16|         array|
|res_16_ce0        |  out|    1|   ap_memory|                                                               res_16|         array|
|res_16_we0        |  out|    1|   ap_memory|                                                               res_16|         array|
|res_16_d0         |  out|    8|   ap_memory|                                                               res_16|         array|
|res_17_address0   |  out|    7|   ap_memory|                                                               res_17|         array|
|res_17_ce0        |  out|    1|   ap_memory|                                                               res_17|         array|
|res_17_we0        |  out|    1|   ap_memory|                                                               res_17|         array|
|res_17_d0         |  out|    8|   ap_memory|                                                               res_17|         array|
|res_18_address0   |  out|    7|   ap_memory|                                                               res_18|         array|
|res_18_ce0        |  out|    1|   ap_memory|                                                               res_18|         array|
|res_18_we0        |  out|    1|   ap_memory|                                                               res_18|         array|
|res_18_d0         |  out|    8|   ap_memory|                                                               res_18|         array|
|res_19_address0   |  out|    7|   ap_memory|                                                               res_19|         array|
|res_19_ce0        |  out|    1|   ap_memory|                                                               res_19|         array|
|res_19_we0        |  out|    1|   ap_memory|                                                               res_19|         array|
|res_19_d0         |  out|    8|   ap_memory|                                                               res_19|         array|
|res_20_address0   |  out|    7|   ap_memory|                                                               res_20|         array|
|res_20_ce0        |  out|    1|   ap_memory|                                                               res_20|         array|
|res_20_we0        |  out|    1|   ap_memory|                                                               res_20|         array|
|res_20_d0         |  out|    8|   ap_memory|                                                               res_20|         array|
|res_21_address0   |  out|    7|   ap_memory|                                                               res_21|         array|
|res_21_ce0        |  out|    1|   ap_memory|                                                               res_21|         array|
|res_21_we0        |  out|    1|   ap_memory|                                                               res_21|         array|
|res_21_d0         |  out|    8|   ap_memory|                                                               res_21|         array|
|res_22_address0   |  out|    7|   ap_memory|                                                               res_22|         array|
|res_22_ce0        |  out|    1|   ap_memory|                                                               res_22|         array|
|res_22_we0        |  out|    1|   ap_memory|                                                               res_22|         array|
|res_22_d0         |  out|    8|   ap_memory|                                                               res_22|         array|
|res_23_address0   |  out|    7|   ap_memory|                                                               res_23|         array|
|res_23_ce0        |  out|    1|   ap_memory|                                                               res_23|         array|
|res_23_we0        |  out|    1|   ap_memory|                                                               res_23|         array|
|res_23_d0         |  out|    8|   ap_memory|                                                               res_23|         array|
|res_24_address0   |  out|    7|   ap_memory|                                                               res_24|         array|
|res_24_ce0        |  out|    1|   ap_memory|                                                               res_24|         array|
|res_24_we0        |  out|    1|   ap_memory|                                                               res_24|         array|
|res_24_d0         |  out|    8|   ap_memory|                                                               res_24|         array|
|res_25_address0   |  out|    7|   ap_memory|                                                               res_25|         array|
|res_25_ce0        |  out|    1|   ap_memory|                                                               res_25|         array|
|res_25_we0        |  out|    1|   ap_memory|                                                               res_25|         array|
|res_25_d0         |  out|    8|   ap_memory|                                                               res_25|         array|
|res_26_address0   |  out|    7|   ap_memory|                                                               res_26|         array|
|res_26_ce0        |  out|    1|   ap_memory|                                                               res_26|         array|
|res_26_we0        |  out|    1|   ap_memory|                                                               res_26|         array|
|res_26_d0         |  out|    8|   ap_memory|                                                               res_26|         array|
|res_27_address0   |  out|    7|   ap_memory|                                                               res_27|         array|
|res_27_ce0        |  out|    1|   ap_memory|                                                               res_27|         array|
|res_27_we0        |  out|    1|   ap_memory|                                                               res_27|         array|
|res_27_d0         |  out|    8|   ap_memory|                                                               res_27|         array|
|res_28_address0   |  out|    7|   ap_memory|                                                               res_28|         array|
|res_28_ce0        |  out|    1|   ap_memory|                                                               res_28|         array|
|res_28_we0        |  out|    1|   ap_memory|                                                               res_28|         array|
|res_28_d0         |  out|    8|   ap_memory|                                                               res_28|         array|
|res_29_address0   |  out|    7|   ap_memory|                                                               res_29|         array|
|res_29_ce0        |  out|    1|   ap_memory|                                                               res_29|         array|
|res_29_we0        |  out|    1|   ap_memory|                                                               res_29|         array|
|res_29_d0         |  out|    8|   ap_memory|                                                               res_29|         array|
|res_30_address0   |  out|    7|   ap_memory|                                                               res_30|         array|
|res_30_ce0        |  out|    1|   ap_memory|                                                               res_30|         array|
|res_30_we0        |  out|    1|   ap_memory|                                                               res_30|         array|
|res_30_d0         |  out|    8|   ap_memory|                                                               res_30|         array|
|res_31_address0   |  out|    7|   ap_memory|                                                               res_31|         array|
|res_31_ce0        |  out|    1|   ap_memory|                                                               res_31|         array|
|res_31_we0        |  out|    1|   ap_memory|                                                               res_31|         array|
|res_31_d0         |  out|    8|   ap_memory|                                                               res_31|         array|
|res_32_address0   |  out|    7|   ap_memory|                                                               res_32|         array|
|res_32_ce0        |  out|    1|   ap_memory|                                                               res_32|         array|
|res_32_we0        |  out|    1|   ap_memory|                                                               res_32|         array|
|res_32_d0         |  out|    8|   ap_memory|                                                               res_32|         array|
|res_33_address0   |  out|    7|   ap_memory|                                                               res_33|         array|
|res_33_ce0        |  out|    1|   ap_memory|                                                               res_33|         array|
|res_33_we0        |  out|    1|   ap_memory|                                                               res_33|         array|
|res_33_d0         |  out|    8|   ap_memory|                                                               res_33|         array|
|res_34_address0   |  out|    7|   ap_memory|                                                               res_34|         array|
|res_34_ce0        |  out|    1|   ap_memory|                                                               res_34|         array|
|res_34_we0        |  out|    1|   ap_memory|                                                               res_34|         array|
|res_34_d0         |  out|    8|   ap_memory|                                                               res_34|         array|
|res_35_address0   |  out|    7|   ap_memory|                                                               res_35|         array|
|res_35_ce0        |  out|    1|   ap_memory|                                                               res_35|         array|
|res_35_we0        |  out|    1|   ap_memory|                                                               res_35|         array|
|res_35_d0         |  out|    8|   ap_memory|                                                               res_35|         array|
|res_36_address0   |  out|    7|   ap_memory|                                                               res_36|         array|
|res_36_ce0        |  out|    1|   ap_memory|                                                               res_36|         array|
|res_36_we0        |  out|    1|   ap_memory|                                                               res_36|         array|
|res_36_d0         |  out|    8|   ap_memory|                                                               res_36|         array|
|res_37_address0   |  out|    7|   ap_memory|                                                               res_37|         array|
|res_37_ce0        |  out|    1|   ap_memory|                                                               res_37|         array|
|res_37_we0        |  out|    1|   ap_memory|                                                               res_37|         array|
|res_37_d0         |  out|    8|   ap_memory|                                                               res_37|         array|
|res_38_address0   |  out|    7|   ap_memory|                                                               res_38|         array|
|res_38_ce0        |  out|    1|   ap_memory|                                                               res_38|         array|
|res_38_we0        |  out|    1|   ap_memory|                                                               res_38|         array|
|res_38_d0         |  out|    8|   ap_memory|                                                               res_38|         array|
|res_39_address0   |  out|    7|   ap_memory|                                                               res_39|         array|
|res_39_ce0        |  out|    1|   ap_memory|                                                               res_39|         array|
|res_39_we0        |  out|    1|   ap_memory|                                                               res_39|         array|
|res_39_d0         |  out|    8|   ap_memory|                                                               res_39|         array|
|res_40_address0   |  out|    7|   ap_memory|                                                               res_40|         array|
|res_40_ce0        |  out|    1|   ap_memory|                                                               res_40|         array|
|res_40_we0        |  out|    1|   ap_memory|                                                               res_40|         array|
|res_40_d0         |  out|    8|   ap_memory|                                                               res_40|         array|
|res_41_address0   |  out|    7|   ap_memory|                                                               res_41|         array|
|res_41_ce0        |  out|    1|   ap_memory|                                                               res_41|         array|
|res_41_we0        |  out|    1|   ap_memory|                                                               res_41|         array|
|res_41_d0         |  out|    8|   ap_memory|                                                               res_41|         array|
|res_42_address0   |  out|    7|   ap_memory|                                                               res_42|         array|
|res_42_ce0        |  out|    1|   ap_memory|                                                               res_42|         array|
|res_42_we0        |  out|    1|   ap_memory|                                                               res_42|         array|
|res_42_d0         |  out|    8|   ap_memory|                                                               res_42|         array|
|res_43_address0   |  out|    7|   ap_memory|                                                               res_43|         array|
|res_43_ce0        |  out|    1|   ap_memory|                                                               res_43|         array|
|res_43_we0        |  out|    1|   ap_memory|                                                               res_43|         array|
|res_43_d0         |  out|    8|   ap_memory|                                                               res_43|         array|
|res_44_address0   |  out|    7|   ap_memory|                                                               res_44|         array|
|res_44_ce0        |  out|    1|   ap_memory|                                                               res_44|         array|
|res_44_we0        |  out|    1|   ap_memory|                                                               res_44|         array|
|res_44_d0         |  out|    8|   ap_memory|                                                               res_44|         array|
|res_45_address0   |  out|    7|   ap_memory|                                                               res_45|         array|
|res_45_ce0        |  out|    1|   ap_memory|                                                               res_45|         array|
|res_45_we0        |  out|    1|   ap_memory|                                                               res_45|         array|
|res_45_d0         |  out|    8|   ap_memory|                                                               res_45|         array|
|res_46_address0   |  out|    7|   ap_memory|                                                               res_46|         array|
|res_46_ce0        |  out|    1|   ap_memory|                                                               res_46|         array|
|res_46_we0        |  out|    1|   ap_memory|                                                               res_46|         array|
|res_46_d0         |  out|    8|   ap_memory|                                                               res_46|         array|
|res_47_address0   |  out|    7|   ap_memory|                                                               res_47|         array|
|res_47_ce0        |  out|    1|   ap_memory|                                                               res_47|         array|
|res_47_we0        |  out|    1|   ap_memory|                                                               res_47|         array|
|res_47_d0         |  out|    8|   ap_memory|                                                               res_47|         array|
|res_48_address0   |  out|    7|   ap_memory|                                                               res_48|         array|
|res_48_ce0        |  out|    1|   ap_memory|                                                               res_48|         array|
|res_48_we0        |  out|    1|   ap_memory|                                                               res_48|         array|
|res_48_d0         |  out|    8|   ap_memory|                                                               res_48|         array|
|res_49_address0   |  out|    7|   ap_memory|                                                               res_49|         array|
|res_49_ce0        |  out|    1|   ap_memory|                                                               res_49|         array|
|res_49_we0        |  out|    1|   ap_memory|                                                               res_49|         array|
|res_49_d0         |  out|    8|   ap_memory|                                                               res_49|         array|
|res_50_address0   |  out|    7|   ap_memory|                                                               res_50|         array|
|res_50_ce0        |  out|    1|   ap_memory|                                                               res_50|         array|
|res_50_we0        |  out|    1|   ap_memory|                                                               res_50|         array|
|res_50_d0         |  out|    8|   ap_memory|                                                               res_50|         array|
|res_51_address0   |  out|    7|   ap_memory|                                                               res_51|         array|
|res_51_ce0        |  out|    1|   ap_memory|                                                               res_51|         array|
|res_51_we0        |  out|    1|   ap_memory|                                                               res_51|         array|
|res_51_d0         |  out|    8|   ap_memory|                                                               res_51|         array|
|res_52_address0   |  out|    7|   ap_memory|                                                               res_52|         array|
|res_52_ce0        |  out|    1|   ap_memory|                                                               res_52|         array|
|res_52_we0        |  out|    1|   ap_memory|                                                               res_52|         array|
|res_52_d0         |  out|    8|   ap_memory|                                                               res_52|         array|
|res_53_address0   |  out|    7|   ap_memory|                                                               res_53|         array|
|res_53_ce0        |  out|    1|   ap_memory|                                                               res_53|         array|
|res_53_we0        |  out|    1|   ap_memory|                                                               res_53|         array|
|res_53_d0         |  out|    8|   ap_memory|                                                               res_53|         array|
|res_54_address0   |  out|    7|   ap_memory|                                                               res_54|         array|
|res_54_ce0        |  out|    1|   ap_memory|                                                               res_54|         array|
|res_54_we0        |  out|    1|   ap_memory|                                                               res_54|         array|
|res_54_d0         |  out|    8|   ap_memory|                                                               res_54|         array|
|res_55_address0   |  out|    7|   ap_memory|                                                               res_55|         array|
|res_55_ce0        |  out|    1|   ap_memory|                                                               res_55|         array|
|res_55_we0        |  out|    1|   ap_memory|                                                               res_55|         array|
|res_55_d0         |  out|    8|   ap_memory|                                                               res_55|         array|
|res_56_address0   |  out|    7|   ap_memory|                                                               res_56|         array|
|res_56_ce0        |  out|    1|   ap_memory|                                                               res_56|         array|
|res_56_we0        |  out|    1|   ap_memory|                                                               res_56|         array|
|res_56_d0         |  out|    8|   ap_memory|                                                               res_56|         array|
|res_57_address0   |  out|    7|   ap_memory|                                                               res_57|         array|
|res_57_ce0        |  out|    1|   ap_memory|                                                               res_57|         array|
|res_57_we0        |  out|    1|   ap_memory|                                                               res_57|         array|
|res_57_d0         |  out|    8|   ap_memory|                                                               res_57|         array|
|res_58_address0   |  out|    7|   ap_memory|                                                               res_58|         array|
|res_58_ce0        |  out|    1|   ap_memory|                                                               res_58|         array|
|res_58_we0        |  out|    1|   ap_memory|                                                               res_58|         array|
|res_58_d0         |  out|    8|   ap_memory|                                                               res_58|         array|
|res_59_address0   |  out|    7|   ap_memory|                                                               res_59|         array|
|res_59_ce0        |  out|    1|   ap_memory|                                                               res_59|         array|
|res_59_we0        |  out|    1|   ap_memory|                                                               res_59|         array|
|res_59_d0         |  out|    8|   ap_memory|                                                               res_59|         array|
|res_60_address0   |  out|    7|   ap_memory|                                                               res_60|         array|
|res_60_ce0        |  out|    1|   ap_memory|                                                               res_60|         array|
|res_60_we0        |  out|    1|   ap_memory|                                                               res_60|         array|
|res_60_d0         |  out|    8|   ap_memory|                                                               res_60|         array|
|res_61_address0   |  out|    7|   ap_memory|                                                               res_61|         array|
|res_61_ce0        |  out|    1|   ap_memory|                                                               res_61|         array|
|res_61_we0        |  out|    1|   ap_memory|                                                               res_61|         array|
|res_61_d0         |  out|    8|   ap_memory|                                                               res_61|         array|
|res_62_address0   |  out|    7|   ap_memory|                                                               res_62|         array|
|res_62_ce0        |  out|    1|   ap_memory|                                                               res_62|         array|
|res_62_we0        |  out|    1|   ap_memory|                                                               res_62|         array|
|res_62_d0         |  out|    8|   ap_memory|                                                               res_62|         array|
|res_63_address0   |  out|    7|   ap_memory|                                                               res_63|         array|
|res_63_ce0        |  out|    1|   ap_memory|                                                               res_63|         array|
|res_63_we0        |  out|    1|   ap_memory|                                                               res_63|         array|
|res_63_d0         |  out|    8|   ap_memory|                                                               res_63|         array|
+------------------+-----+-----+------------+---------------------------------------------------------------------+--------------+

