

================================================================
== Vivado HLS Report for 'pointwise_conv_1d_cl_array_ap_fixed_ap_fixed_8_2_5_3_0_config13_s'
================================================================
* Date:           Fri May 19 03:38:37 2023

* Version:        2019.2 (Build 2704478 on Wed Nov 06 22:10:23 MST 2019)
* Project:        alveo_hls4ml
* Solution:       solution
* Product family: virtexuplus
* Target device:  xcu50-fsvh2104-2L-e


================================================================
== Performance Estimates
================================================================
+ Timing: 
    * Summary: 
    +--------+---------+----------+------------+
    |  Clock |  Target | Estimated| Uncertainty|
    +--------+---------+----------+------------+
    |ap_clk  | 4.00 ns | 1.943 ns |   0.90 ns  |
    +--------+---------+----------+------------+

+ Latency: 
    * Summary: 
    +---------+---------+----------+----------+-----+-----+---------+
    |  Latency (cycles) |  Latency (absolute) |  Interval | Pipeline|
    |   min   |   max   |    min   |    max   | min | max |   Type  |
    +---------+---------+----------+----------+-----+-----+---------+
    |      511|      511| 2.044 us | 2.044 us |  511|  511|   none  |
    +---------+---------+----------+----------+-----+-----+---------+

    + Detail: 
        * Instance: 
        N/A

        * Loop: 
        +------------------+---------+---------+----------+-----------+-----------+------+----------+
        |                  |  Latency (cycles) | Iteration|  Initiation Interval  | Trip |          |
        |     Loop Name    |   min   |   max   |  Latency |  achieved |   target  | Count| Pipelined|
        +------------------+---------+---------+----------+-----------+-----------+------+----------+
        |- ReadInputWidth  |      510|      510|         7|          -|          -|    73|    no    |
        | + ReuseLoop      |        4|        4|         2|          1|          1|     4|    yes   |
        +------------------+---------+---------+----------+-----------+-----------+------+----------+



================================================================
== Utilization Estimates
================================================================
* Summary: 
+---------------------+---------+-------+---------+--------+-----+
|         Name        | BRAM_18K| DSP48E|    FF   |   LUT  | URAM|
+---------------------+---------+-------+---------+--------+-----+
|DSP                  |        -|      -|        -|       -|    -|
|Expression           |        -|      0|        0|    3409|    -|
|FIFO                 |        -|      -|        -|       -|    -|
|Instance             |        -|      -|        0|      34|    -|
|Memory               |        -|      -|        -|       -|    -|
|Multiplexer          |        -|      -|        -|    1368|    -|
|Register             |        -|      -|     1179|       -|    -|
+---------------------+---------+-------+---------+--------+-----+
|Total                |        0|      0|     1179|    4811|    0|
+---------------------+---------+-------+---------+--------+-----+
|Available SLR        |     1344|   2976|   871680|  435840|  320|
+---------------------+---------+-------+---------+--------+-----+
|Utilization SLR (%)  |        0|      0|    ~0   |       1|    0|
+---------------------+---------+-------+---------+--------+-----+
|Available            |     2688|   5952|  1743360|  871680|  640|
+---------------------+---------+-------+---------+--------+-----+
|Utilization (%)      |        0|      0|    ~0   |   ~0   |    0|
+---------------------+---------+-------+---------+--------+-----+

+ Detail: 
    * Instance: 
    +-----------------------------------+-----------------------------+---------+-------+---+----+-----+
    |              Instance             |            Module           | BRAM_18K| DSP48E| FF| LUT| URAM|
    +-----------------------------------+-----------------------------+---------+-------+---+----+-----+
    |alveo_hls4ml_mux_42_560_1_1_U2586  |alveo_hls4ml_mux_42_560_1_1  |        0|      0|  0|  17|    0|
    |alveo_hls4ml_mux_42_8_1_1_U2585    |alveo_hls4ml_mux_42_8_1_1    |        0|      0|  0|  17|    0|
    +-----------------------------------+-----------------------------+---------+-------+---+----+-----+
    |Total                              |                             |        0|      0|  0|  34|    0|
    +-----------------------------------+-----------------------------+---------+-------+---+----+-----+

    * DSP48E: 
    N/A

    * Memory: 
    N/A

    * FIFO: 
    N/A

    * Expression: 
    +----------------------------------+----------+-------+---+----+------------+------------+
    |           Variable Name          | Operation| DSP48E| FF| LUT| Bitwidth P0| Bitwidth P1|
    +----------------------------------+----------+-------+---+----+------------+------------+
    |mul_ln1118_10_fu_2265_p2          |     *    |      0|  0|  40|           8|           8|
    |mul_ln1118_11_fu_2295_p2          |     *    |      0|  0|  40|           8|           8|
    |mul_ln1118_12_fu_2325_p2          |     *    |      0|  0|  40|           8|           8|
    |mul_ln1118_13_fu_2355_p2          |     *    |      0|  0|  40|           8|           8|
    |mul_ln1118_14_fu_2385_p2          |     *    |      0|  0|  40|           8|           8|
    |mul_ln1118_15_fu_2415_p2          |     *    |      0|  0|  40|           8|           8|
    |mul_ln1118_16_fu_2445_p2          |     *    |      0|  0|  40|           8|           8|
    |mul_ln1118_17_fu_2475_p2          |     *    |      0|  0|  40|           8|           8|
    |mul_ln1118_18_fu_2505_p2          |     *    |      0|  0|  40|           8|           8|
    |mul_ln1118_19_fu_2535_p2          |     *    |      0|  0|  40|           8|           8|
    |mul_ln1118_1_fu_1995_p2           |     *    |      0|  0|  40|           8|           8|
    |mul_ln1118_20_fu_2565_p2          |     *    |      0|  0|  40|           8|           8|
    |mul_ln1118_21_fu_2595_p2          |     *    |      0|  0|  40|           8|           8|
    |mul_ln1118_22_fu_2625_p2          |     *    |      0|  0|  40|           8|           8|
    |mul_ln1118_23_fu_2655_p2          |     *    |      0|  0|  40|           8|           8|
    |mul_ln1118_24_fu_2685_p2          |     *    |      0|  0|  40|           8|           8|
    |mul_ln1118_25_fu_2715_p2          |     *    |      0|  0|  40|           8|           8|
    |mul_ln1118_26_fu_2745_p2          |     *    |      0|  0|  40|           8|           8|
    |mul_ln1118_27_fu_2775_p2          |     *    |      0|  0|  40|           8|           8|
    |mul_ln1118_28_fu_2805_p2          |     *    |      0|  0|  40|           8|           8|
    |mul_ln1118_29_fu_2835_p2          |     *    |      0|  0|  40|           8|           8|
    |mul_ln1118_2_fu_2025_p2           |     *    |      0|  0|  40|           8|           8|
    |mul_ln1118_30_fu_2865_p2          |     *    |      0|  0|  40|           8|           8|
    |mul_ln1118_31_fu_2895_p2          |     *    |      0|  0|  40|           8|           8|
    |mul_ln1118_32_fu_2925_p2          |     *    |      0|  0|  40|           8|           8|
    |mul_ln1118_33_fu_2955_p2          |     *    |      0|  0|  40|           8|           8|
    |mul_ln1118_34_fu_2985_p2          |     *    |      0|  0|  40|           8|           8|
    |mul_ln1118_35_fu_3015_p2          |     *    |      0|  0|  40|           8|           8|
    |mul_ln1118_36_fu_3045_p2          |     *    |      0|  0|  40|           8|           8|
    |mul_ln1118_37_fu_3075_p2          |     *    |      0|  0|  40|           8|           8|
    |mul_ln1118_38_fu_3105_p2          |     *    |      0|  0|  40|           8|           8|
    |mul_ln1118_39_fu_3135_p2          |     *    |      0|  0|  40|           8|           8|
    |mul_ln1118_3_fu_2055_p2           |     *    |      0|  0|  40|           8|           8|
    |mul_ln1118_40_fu_3165_p2          |     *    |      0|  0|  40|           8|           8|
    |mul_ln1118_41_fu_3195_p2          |     *    |      0|  0|  40|           8|           8|
    |mul_ln1118_42_fu_3225_p2          |     *    |      0|  0|  40|           8|           8|
    |mul_ln1118_43_fu_3255_p2          |     *    |      0|  0|  40|           8|           8|
    |mul_ln1118_44_fu_3285_p2          |     *    |      0|  0|  40|           8|           8|
    |mul_ln1118_45_fu_3315_p2          |     *    |      0|  0|  40|           8|           8|
    |mul_ln1118_46_fu_3345_p2          |     *    |      0|  0|  40|           8|           8|
    |mul_ln1118_47_fu_3375_p2          |     *    |      0|  0|  40|           8|           8|
    |mul_ln1118_48_fu_3405_p2          |     *    |      0|  0|  40|           8|           8|
    |mul_ln1118_49_fu_3435_p2          |     *    |      0|  0|  40|           8|           8|
    |mul_ln1118_4_fu_2085_p2           |     *    |      0|  0|  40|           8|           8|
    |mul_ln1118_50_fu_3465_p2          |     *    |      0|  0|  40|           8|           8|
    |mul_ln1118_51_fu_3495_p2          |     *    |      0|  0|  40|           8|           8|
    |mul_ln1118_52_fu_3525_p2          |     *    |      0|  0|  40|           8|           8|
    |mul_ln1118_53_fu_3555_p2          |     *    |      0|  0|  40|           8|           8|
    |mul_ln1118_54_fu_3585_p2          |     *    |      0|  0|  40|           8|           8|
    |mul_ln1118_55_fu_3615_p2          |     *    |      0|  0|  40|           8|           8|
    |mul_ln1118_56_fu_3645_p2          |     *    |      0|  0|  40|           8|           8|
    |mul_ln1118_57_fu_3675_p2          |     *    |      0|  0|  40|           8|           8|
    |mul_ln1118_58_fu_3705_p2          |     *    |      0|  0|  40|           8|           8|
    |mul_ln1118_59_fu_3735_p2          |     *    |      0|  0|  40|           8|           8|
    |mul_ln1118_5_fu_2115_p2           |     *    |      0|  0|  40|           8|           8|
    |mul_ln1118_60_fu_3765_p2          |     *    |      0|  0|  40|           8|           8|
    |mul_ln1118_61_fu_3795_p2          |     *    |      0|  0|  40|           8|           8|
    |mul_ln1118_62_fu_3825_p2          |     *    |      0|  0|  40|           8|           8|
    |mul_ln1118_63_fu_3855_p2          |     *    |      0|  0|  40|           8|           8|
    |mul_ln1118_64_fu_3885_p2          |     *    |      0|  0|  40|           8|           8|
    |mul_ln1118_65_fu_3915_p2          |     *    |      0|  0|  40|           8|           8|
    |mul_ln1118_66_fu_3945_p2          |     *    |      0|  0|  40|           8|           8|
    |mul_ln1118_67_fu_3975_p2          |     *    |      0|  0|  40|           8|           8|
    |mul_ln1118_68_fu_4005_p2          |     *    |      0|  0|  40|           8|           8|
    |mul_ln1118_69_fu_4035_p2          |     *    |      0|  0|  40|           8|           8|
    |mul_ln1118_6_fu_2145_p2           |     *    |      0|  0|  40|           8|           8|
    |mul_ln1118_7_fu_2175_p2           |     *    |      0|  0|  40|           8|           8|
    |mul_ln1118_8_fu_2205_p2           |     *    |      0|  0|  40|           8|           8|
    |mul_ln1118_9_fu_2235_p2           |     *    |      0|  0|  40|           8|           8|
    |mul_ln1118_fu_1965_p2             |     *    |      0|  0|  40|           8|           8|
    |acc_0_V_fu_4073_p2                |     +    |      0|  0|   8|           8|           8|
    |acc_10_V_fu_4133_p2               |     +    |      0|  0|   8|           8|           8|
    |acc_11_V_fu_4139_p2               |     +    |      0|  0|   8|           8|           8|
    |acc_12_V_fu_4145_p2               |     +    |      0|  0|   8|           8|           8|
    |acc_13_V_fu_4151_p2               |     +    |      0|  0|   8|           8|           8|
    |acc_14_V_fu_4157_p2               |     +    |      0|  0|   8|           8|           8|
    |acc_15_V_fu_4163_p2               |     +    |      0|  0|   8|           8|           8|
    |acc_16_V_fu_4169_p2               |     +    |      0|  0|   8|           8|           8|
    |acc_17_V_fu_4175_p2               |     +    |      0|  0|   8|           8|           8|
    |acc_18_V_fu_4181_p2               |     +    |      0|  0|   8|           8|           8|
    |acc_19_V_fu_4187_p2               |     +    |      0|  0|   8|           8|           8|
    |acc_1_V_fu_4079_p2                |     +    |      0|  0|   8|           8|           8|
    |acc_20_V_fu_4193_p2               |     +    |      0|  0|   8|           8|           8|
    |acc_21_V_fu_4199_p2               |     +    |      0|  0|   8|           8|           8|
    |acc_22_V_fu_4205_p2               |     +    |      0|  0|   8|           8|           8|
    |acc_23_V_fu_4211_p2               |     +    |      0|  0|   8|           8|           8|
    |acc_24_V_fu_4217_p2               |     +    |      0|  0|   8|           8|           8|
    |acc_25_V_fu_4223_p2               |     +    |      0|  0|   8|           8|           8|
    |acc_26_V_fu_4229_p2               |     +    |      0|  0|   8|           8|           8|
    |acc_27_V_fu_4235_p2               |     +    |      0|  0|   8|           8|           8|
    |acc_28_V_fu_4241_p2               |     +    |      0|  0|   8|           8|           8|
    |acc_29_V_fu_4247_p2               |     +    |      0|  0|   8|           8|           8|
    |acc_2_V_fu_4085_p2                |     +    |      0|  0|   8|           8|           8|
    |acc_30_V_fu_4253_p2               |     +    |      0|  0|   8|           8|           8|
    |acc_31_V_fu_4259_p2               |     +    |      0|  0|   8|           8|           8|
    |acc_32_V_fu_4265_p2               |     +    |      0|  0|   8|           8|           8|
    |acc_33_V_fu_4271_p2               |     +    |      0|  0|   8|           8|           8|
    |acc_34_V_fu_4277_p2               |     +    |      0|  0|   8|           8|           8|
    |acc_35_V_fu_4283_p2               |     +    |      0|  0|   8|           8|           8|
    |acc_36_V_fu_4289_p2               |     +    |      0|  0|   8|           8|           8|
    |acc_37_V_fu_4295_p2               |     +    |      0|  0|   8|           8|           8|
    |acc_38_V_fu_4301_p2               |     +    |      0|  0|   8|           8|           8|
    |acc_39_V_fu_4307_p2               |     +    |      0|  0|   8|           8|           8|
    |acc_3_V_fu_4091_p2                |     +    |      0|  0|   8|           8|           8|
    |acc_40_V_fu_4313_p2               |     +    |      0|  0|   8|           8|           8|
    |acc_41_V_fu_4319_p2               |     +    |      0|  0|   8|           8|           8|
    |acc_42_V_fu_4325_p2               |     +    |      0|  0|   8|           8|           8|
    |acc_43_V_fu_4331_p2               |     +    |      0|  0|   8|           8|           8|
    |acc_44_V_fu_4337_p2               |     +    |      0|  0|   8|           8|           8|
    |acc_45_V_fu_4343_p2               |     +    |      0|  0|   8|           8|           8|
    |acc_46_V_fu_4349_p2               |     +    |      0|  0|   8|           8|           8|
    |acc_47_V_fu_4355_p2               |     +    |      0|  0|   8|           8|           8|
    |acc_48_V_fu_4361_p2               |     +    |      0|  0|   8|           8|           8|
    |acc_49_V_fu_4367_p2               |     +    |      0|  0|   8|           8|           8|
    |acc_4_V_fu_4097_p2                |     +    |      0|  0|   8|           8|           8|
    |acc_50_V_fu_4373_p2               |     +    |      0|  0|   8|           8|           8|
    |acc_51_V_fu_4379_p2               |     +    |      0|  0|   8|           8|           8|
    |acc_52_V_fu_4385_p2               |     +    |      0|  0|   8|           8|           8|
    |acc_53_V_fu_4391_p2               |     +    |      0|  0|   8|           8|           8|
    |acc_54_V_fu_4397_p2               |     +    |      0|  0|   8|           8|           8|
    |acc_55_V_fu_4403_p2               |     +    |      0|  0|   8|           8|           8|
    |acc_56_V_fu_4409_p2               |     +    |      0|  0|   8|           8|           8|
    |acc_57_V_fu_4415_p2               |     +    |      0|  0|   8|           8|           8|
    |acc_58_V_fu_4421_p2               |     +    |      0|  0|   8|           8|           8|
    |acc_59_V_fu_4427_p2               |     +    |      0|  0|   8|           8|           8|
    |acc_5_V_fu_4103_p2                |     +    |      0|  0|   8|           8|           8|
    |acc_60_V_fu_4433_p2               |     +    |      0|  0|   8|           8|           8|
    |acc_61_V_fu_4439_p2               |     +    |      0|  0|   8|           8|           8|
    |acc_62_V_fu_4445_p2               |     +    |      0|  0|   8|           8|           8|
    |acc_63_V_fu_4451_p2               |     +    |      0|  0|   8|           8|           8|
    |acc_64_V_fu_4457_p2               |     +    |      0|  0|   8|           8|           8|
    |acc_65_V_fu_4463_p2               |     +    |      0|  0|   8|           8|           8|
    |acc_66_V_fu_4469_p2               |     +    |      0|  0|   8|           8|           8|
    |acc_67_V_fu_4475_p2               |     +    |      0|  0|   8|           8|           8|
    |acc_68_V_fu_4481_p2               |     +    |      0|  0|   8|           8|           8|
    |acc_69_V_fu_4487_p2               |     +    |      0|  0|   8|           8|           8|
    |acc_6_V_fu_4109_p2                |     +    |      0|  0|   8|           8|           8|
    |acc_7_V_fu_4115_p2                |     +    |      0|  0|   8|           8|           8|
    |acc_8_V_fu_4121_p2                |     +    |      0|  0|   8|           8|           8|
    |acc_9_V_fu_4127_p2                |     +    |      0|  0|   8|           8|           8|
    |i_iw_fu_1919_p2                   |     +    |      0|  0|   7|           7|           1|
    |w_index_fu_4051_p2                |     +    |      0|  0|   4|           1|           3|
    |ap_block_pp0_stage0_01001         |    and   |      0|  0|   2|           1|           1|
    |icmp_ln104_fu_4493_p2             |   icmp   |      0|  0|  11|           7|           7|
    |icmp_ln64_1_fu_4061_p2            |   icmp   |      0|  0|   9|           3|           4|
    |icmp_ln64_fu_4067_p2              |   icmp   |      0|  0|   8|           2|           2|
    |ap_block_state1                   |    or    |      0|  0|   2|           1|           1|
    |ap_block_state2                   |    or    |      0|  0|   2|           1|           1|
    |ap_block_state4_pp0_stage0_iter1  |    or    |      0|  0|   2|           1|           1|
    |ap_enable_pp0                     |    xor   |      0|  0|   2|           1|           2|
    +----------------------------------+----------+-------+---+----+------------+------------+
    |Total                             |          |      0|  0|3409|        1145|        1143|
    +----------------------------------+----------+-------+---+----+------------+------------+

    * Multiplexer: 
    +-------------------------------------+----+-----------+-----+-----------+
    |                 Name                | LUT| Input Size| Bits| Total Bits|
    +-------------------------------------+----+-----------+-----+-----------+
    |ap_NS_fsm                            |  27|          5|    1|          5|
    |ap_done                              |   9|          2|    1|          2|
    |ap_enable_reg_pp0_iter1              |   9|          2|    1|          2|
    |ap_phi_mux_w_index72_phi_fu_1142_p4  |   9|          2|    2|          4|
    |data_0_V_V_blk_n                     |   9|          2|    1|          2|
    |data_1_V_V_blk_n                     |   9|          2|    1|          2|
    |data_2_V_V_blk_n                     |   9|          2|    1|          2|
    |data_3_V_V_blk_n                     |   9|          2|    1|          2|
    |i_iw_073_reg_1126                    |   9|          2|    7|         14|
    |res_0_V_V_blk_n                      |   9|          2|    1|          2|
    |res_10_V_V_blk_n                     |   9|          2|    1|          2|
    |res_11_V_V_blk_n                     |   9|          2|    1|          2|
    |res_12_V_V_blk_n                     |   9|          2|    1|          2|
    |res_13_V_V_blk_n                     |   9|          2|    1|          2|
    |res_14_V_V_blk_n                     |   9|          2|    1|          2|
    |res_15_V_V_blk_n                     |   9|          2|    1|          2|
    |res_16_V_V_blk_n                     |   9|          2|    1|          2|
    |res_17_V_V_blk_n                     |   9|          2|    1|          2|
    |res_18_V_V_blk_n                     |   9|          2|    1|          2|
    |res_19_V_V_blk_n                     |   9|          2|    1|          2|
    |res_1_V_V_blk_n                      |   9|          2|    1|          2|
    |res_20_V_V_blk_n                     |   9|          2|    1|          2|
    |res_21_V_V_blk_n                     |   9|          2|    1|          2|
    |res_22_V_V_blk_n                     |   9|          2|    1|          2|
    |res_23_V_V_blk_n                     |   9|          2|    1|          2|
    |res_24_V_V_blk_n                     |   9|          2|    1|          2|
    |res_25_V_V_blk_n                     |   9|          2|    1|          2|
    |res_26_V_V_blk_n                     |   9|          2|    1|          2|
    |res_27_V_V_blk_n                     |   9|          2|    1|          2|
    |res_28_V_V_blk_n                     |   9|          2|    1|          2|
    |res_29_V_V_blk_n                     |   9|          2|    1|          2|
    |res_2_V_V_blk_n                      |   9|          2|    1|          2|
    |res_30_V_V_blk_n                     |   9|          2|    1|          2|
    |res_31_V_V_blk_n                     |   9|          2|    1|          2|
    |res_32_V_V_blk_n                     |   9|          2|    1|          2|
    |res_33_V_V_blk_n                     |   9|          2|    1|          2|
    |res_34_V_V_blk_n                     |   9|          2|    1|          2|
    |res_35_V_V_blk_n                     |   9|          2|    1|          2|
    |res_36_V_V_blk_n                     |   9|          2|    1|          2|
    |res_37_V_V_blk_n                     |   9|          2|    1|          2|
    |res_38_V_V_blk_n                     |   9|          2|    1|          2|
    |res_39_V_V_blk_n                     |   9|          2|    1|          2|
    |res_3_V_V_blk_n                      |   9|          2|    1|          2|
    |res_40_V_V_blk_n                     |   9|          2|    1|          2|
    |res_41_V_V_blk_n                     |   9|          2|    1|          2|
    |res_42_V_V_blk_n                     |   9|          2|    1|          2|
    |res_43_V_V_blk_n                     |   9|          2|    1|          2|
    |res_44_V_V_blk_n                     |   9|          2|    1|          2|
    |res_45_V_V_blk_n                     |   9|          2|    1|          2|
    |res_46_V_V_blk_n                     |   9|          2|    1|          2|
    |res_47_V_V_blk_n                     |   9|          2|    1|          2|
    |res_48_V_V_blk_n                     |   9|          2|    1|          2|
    |res_49_V_V_blk_n                     |   9|          2|    1|          2|
    |res_4_V_V_blk_n                      |   9|          2|    1|          2|
    |res_50_V_V_blk_n                     |   9|          2|    1|          2|
    |res_51_V_V_blk_n                     |   9|          2|    1|          2|
    |res_52_V_V_blk_n                     |   9|          2|    1|          2|
    |res_53_V_V_blk_n                     |   9|          2|    1|          2|
    |res_54_V_V_blk_n                     |   9|          2|    1|          2|
    |res_55_V_V_blk_n                     |   9|          2|    1|          2|
    |res_56_V_V_blk_n                     |   9|          2|    1|          2|
    |res_57_V_V_blk_n                     |   9|          2|    1|          2|
    |res_58_V_V_blk_n                     |   9|          2|    1|          2|
    |res_59_V_V_blk_n                     |   9|          2|    1|          2|
    |res_5_V_V_blk_n                      |   9|          2|    1|          2|
    |res_60_V_V_blk_n                     |   9|          2|    1|          2|
    |res_61_V_V_blk_n                     |   9|          2|    1|          2|
    |res_62_V_V_blk_n                     |   9|          2|    1|          2|
    |res_63_V_V_blk_n                     |   9|          2|    1|          2|
    |res_64_V_V_blk_n                     |   9|          2|    1|          2|
    |res_65_V_V_blk_n                     |   9|          2|    1|          2|
    |res_66_V_V_blk_n                     |   9|          2|    1|          2|
    |res_67_V_V_blk_n                     |   9|          2|    1|          2|
    |res_68_V_V_blk_n                     |   9|          2|    1|          2|
    |res_69_V_V_blk_n                     |   9|          2|    1|          2|
    |res_6_V_V_blk_n                      |   9|          2|    1|          2|
    |res_7_V_V_blk_n                      |   9|          2|    1|          2|
    |res_8_V_V_blk_n                      |   9|          2|    1|          2|
    |res_9_V_V_blk_n                      |   9|          2|    1|          2|
    |tmp_V_1063_reg_1226                  |   9|          2|    8|         16|
    |tmp_V_1162_reg_1237                  |   9|          2|    8|         16|
    |tmp_V_1261_reg_1248                  |   9|          2|    8|         16|
    |tmp_V_1360_reg_1259                  |   9|          2|    8|         16|
    |tmp_V_1459_reg_1270                  |   9|          2|    8|         16|
    |tmp_V_1558_reg_1281                  |   9|          2|    8|         16|
    |tmp_V_1657_reg_1292                  |   9|          2|    8|         16|
    |tmp_V_1756_reg_1303                  |   9|          2|    8|         16|
    |tmp_V_1855_reg_1314                  |   9|          2|    8|         16|
    |tmp_V_1954_reg_1325                  |   9|          2|    8|         16|
    |tmp_V_2053_reg_1336                  |   9|          2|    8|         16|
    |tmp_V_2152_reg_1347                  |   9|          2|    8|         16|
    |tmp_V_2251_reg_1358                  |   9|          2|    8|         16|
    |tmp_V_2350_reg_1369                  |   9|          2|    8|         16|
    |tmp_V_2449_reg_1380                  |   9|          2|    8|         16|
    |tmp_V_2548_reg_1391                  |   9|          2|    8|         16|
    |tmp_V_2647_reg_1402                  |   9|          2|    8|         16|
    |tmp_V_271_reg_1149                   |   9|          2|    8|         16|
    |tmp_V_2746_reg_1413                  |   9|          2|    8|         16|
    |tmp_V_2845_reg_1424                  |   9|          2|    8|         16|
    |tmp_V_2944_reg_1435                  |   9|          2|    8|         16|
    |tmp_V_3043_reg_1446                  |   9|          2|    8|         16|
    |tmp_V_3142_reg_1457                  |   9|          2|    8|         16|
    |tmp_V_3241_reg_1468                  |   9|          2|    8|         16|
    |tmp_V_3340_reg_1479                  |   9|          2|    8|         16|
    |tmp_V_3439_reg_1490                  |   9|          2|    8|         16|
    |tmp_V_3538_reg_1501                  |   9|          2|    8|         16|
    |tmp_V_3637_reg_1512                  |   9|          2|    8|         16|
    |tmp_V_3736_reg_1523                  |   9|          2|    8|         16|
    |tmp_V_3835_reg_1534                  |   9|          2|    8|         16|
    |tmp_V_3934_reg_1545                  |   9|          2|    8|         16|
    |tmp_V_4033_reg_1556                  |   9|          2|    8|         16|
    |tmp_V_4132_reg_1567                  |   9|          2|    8|         16|
    |tmp_V_4231_reg_1578                  |   9|          2|    8|         16|
    |tmp_V_4330_reg_1589                  |   9|          2|    8|         16|
    |tmp_V_4429_reg_1600                  |   9|          2|    8|         16|
    |tmp_V_4528_reg_1611                  |   9|          2|    8|         16|
    |tmp_V_4627_reg_1622                  |   9|          2|    8|         16|
    |tmp_V_470_reg_1160                   |   9|          2|    8|         16|
    |tmp_V_4726_reg_1633                  |   9|          2|    8|         16|
    |tmp_V_4825_reg_1644                  |   9|          2|    8|         16|
    |tmp_V_4924_reg_1655                  |   9|          2|    8|         16|
    |tmp_V_5023_reg_1666                  |   9|          2|    8|         16|
    |tmp_V_5122_reg_1677                  |   9|          2|    8|         16|
    |tmp_V_5221_reg_1688                  |   9|          2|    8|         16|
    |tmp_V_5320_reg_1699                  |   9|          2|    8|         16|
    |tmp_V_5419_reg_1710                  |   9|          2|    8|         16|
    |tmp_V_5518_reg_1721                  |   9|          2|    8|         16|
    |tmp_V_5617_reg_1732                  |   9|          2|    8|         16|
    |tmp_V_569_reg_1171                   |   9|          2|    8|         16|
    |tmp_V_5716_reg_1743                  |   9|          2|    8|         16|
    |tmp_V_5815_reg_1754                  |   9|          2|    8|         16|
    |tmp_V_5914_reg_1765                  |   9|          2|    8|         16|
    |tmp_V_6013_reg_1776                  |   9|          2|    8|         16|
    |tmp_V_6112_reg_1787                  |   9|          2|    8|         16|
    |tmp_V_6211_reg_1798                  |   9|          2|    8|         16|
    |tmp_V_6310_reg_1809                  |   9|          2|    8|         16|
    |tmp_V_649_reg_1820                   |   9|          2|    8|         16|
    |tmp_V_658_reg_1831                   |   9|          2|    8|         16|
    |tmp_V_667_reg_1842                   |   9|          2|    8|         16|
    |tmp_V_668_reg_1182                   |   9|          2|    8|         16|
    |tmp_V_676_reg_1853                   |   9|          2|    8|         16|
    |tmp_V_685_reg_1864                   |   9|          2|    8|         16|
    |tmp_V_694_reg_1875                   |   9|          2|    8|         16|
    |tmp_V_703_reg_1886                   |   9|          2|    8|         16|
    |tmp_V_712_reg_1897                   |   9|          2|    8|         16|
    |tmp_V_721_reg_1908                   |   9|          2|    8|         16|
    |tmp_V_766_reg_1193                   |   9|          2|    8|         16|
    |tmp_V_865_reg_1204                   |   9|          2|    8|         16|
    |tmp_V_964_reg_1215                   |   9|          2|    8|         16|
    |w_index72_reg_1138                   |   9|          2|    2|          4|
    +-------------------------------------+----+-----------+-----+-----------+
    |Total                                |1368|        303|  648|       1299|
    +-------------------------------------+----+-----------+-----+-----------+

    * Register: 
    +--------------------------+----+----+-----+-----------+
    |           Name           | FF | LUT| Bits| Const Bits|
    +--------------------------+----+----+-----+-----------+
    |ap_CS_fsm                 |   4|   0|    4|          0|
    |ap_done_reg               |   1|   0|    1|          0|
    |ap_enable_reg_pp0_iter0   |   1|   0|    1|          0|
    |ap_enable_reg_pp0_iter1   |   1|   0|    1|          0|
    |i_iw_073_reg_1126         |   7|   0|    7|          0|
    |i_iw_reg_4519             |   7|   0|    7|          0|
    |icmp_ln64_1_reg_4879      |   1|   0|    1|          0|
    |icmp_ln64_reg_4883        |   1|   0|    1|          0|
    |tmp_V_1063_reg_1226       |   8|   0|    8|          0|
    |tmp_V_1162_reg_1237       |   8|   0|    8|          0|
    |tmp_V_1261_reg_1248       |   8|   0|    8|          0|
    |tmp_V_1360_reg_1259       |   8|   0|    8|          0|
    |tmp_V_1459_reg_1270       |   8|   0|    8|          0|
    |tmp_V_1558_reg_1281       |   8|   0|    8|          0|
    |tmp_V_1657_reg_1292       |   8|   0|    8|          0|
    |tmp_V_1756_reg_1303       |   8|   0|    8|          0|
    |tmp_V_1855_reg_1314       |   8|   0|    8|          0|
    |tmp_V_1954_reg_1325       |   8|   0|    8|          0|
    |tmp_V_2053_reg_1336       |   8|   0|    8|          0|
    |tmp_V_2152_reg_1347       |   8|   0|    8|          0|
    |tmp_V_2251_reg_1358       |   8|   0|    8|          0|
    |tmp_V_2350_reg_1369       |   8|   0|    8|          0|
    |tmp_V_2449_reg_1380       |   8|   0|    8|          0|
    |tmp_V_2548_reg_1391       |   8|   0|    8|          0|
    |tmp_V_2647_reg_1402       |   8|   0|    8|          0|
    |tmp_V_271_reg_1149        |   8|   0|    8|          0|
    |tmp_V_2746_reg_1413       |   8|   0|    8|          0|
    |tmp_V_2845_reg_1424       |   8|   0|    8|          0|
    |tmp_V_2944_reg_1435       |   8|   0|    8|          0|
    |tmp_V_3043_reg_1446       |   8|   0|    8|          0|
    |tmp_V_3142_reg_1457       |   8|   0|    8|          0|
    |tmp_V_3241_reg_1468       |   8|   0|    8|          0|
    |tmp_V_3340_reg_1479       |   8|   0|    8|          0|
    |tmp_V_3439_reg_1490       |   8|   0|    8|          0|
    |tmp_V_3538_reg_1501       |   8|   0|    8|          0|
    |tmp_V_3637_reg_1512       |   8|   0|    8|          0|
    |tmp_V_3736_reg_1523       |   8|   0|    8|          0|
    |tmp_V_3835_reg_1534       |   8|   0|    8|          0|
    |tmp_V_3934_reg_1545       |   8|   0|    8|          0|
    |tmp_V_4033_reg_1556       |   8|   0|    8|          0|
    |tmp_V_4132_reg_1567       |   8|   0|    8|          0|
    |tmp_V_4231_reg_1578       |   8|   0|    8|          0|
    |tmp_V_4330_reg_1589       |   8|   0|    8|          0|
    |tmp_V_4429_reg_1600       |   8|   0|    8|          0|
    |tmp_V_4528_reg_1611       |   8|   0|    8|          0|
    |tmp_V_4627_reg_1622       |   8|   0|    8|          0|
    |tmp_V_470_reg_1160        |   8|   0|    8|          0|
    |tmp_V_4726_reg_1633       |   8|   0|    8|          0|
    |tmp_V_4825_reg_1644       |   8|   0|    8|          0|
    |tmp_V_4924_reg_1655       |   8|   0|    8|          0|
    |tmp_V_5023_reg_1666       |   8|   0|    8|          0|
    |tmp_V_5122_reg_1677       |   8|   0|    8|          0|
    |tmp_V_5221_reg_1688       |   8|   0|    8|          0|
    |tmp_V_5320_reg_1699       |   8|   0|    8|          0|
    |tmp_V_5419_reg_1710       |   8|   0|    8|          0|
    |tmp_V_5518_reg_1721       |   8|   0|    8|          0|
    |tmp_V_5617_reg_1732       |   8|   0|    8|          0|
    |tmp_V_569_reg_1171        |   8|   0|    8|          0|
    |tmp_V_5716_reg_1743       |   8|   0|    8|          0|
    |tmp_V_5815_reg_1754       |   8|   0|    8|          0|
    |tmp_V_5914_reg_1765       |   8|   0|    8|          0|
    |tmp_V_6013_reg_1776       |   8|   0|    8|          0|
    |tmp_V_6112_reg_1787       |   8|   0|    8|          0|
    |tmp_V_6211_reg_1798       |   8|   0|    8|          0|
    |tmp_V_6310_reg_1809       |   8|   0|    8|          0|
    |tmp_V_649_reg_1820        |   8|   0|    8|          0|
    |tmp_V_658_reg_1831        |   8|   0|    8|          0|
    |tmp_V_667_reg_1842        |   8|   0|    8|          0|
    |tmp_V_668_reg_1182        |   8|   0|    8|          0|
    |tmp_V_676_reg_1853        |   8|   0|    8|          0|
    |tmp_V_685_reg_1864        |   8|   0|    8|          0|
    |tmp_V_694_reg_1875        |   8|   0|    8|          0|
    |tmp_V_703_reg_1886        |   8|   0|    8|          0|
    |tmp_V_70_reg_4499         |   8|   0|    8|          0|
    |tmp_V_712_reg_1897        |   8|   0|    8|          0|
    |tmp_V_71_reg_4504         |   8|   0|    8|          0|
    |tmp_V_721_reg_1908        |   8|   0|    8|          0|
    |tmp_V_72_reg_4509         |   8|   0|    8|          0|
    |tmp_V_73_reg_4514         |   8|   0|    8|          0|
    |tmp_V_766_reg_1193        |   8|   0|    8|          0|
    |tmp_V_865_reg_1204        |   8|   0|    8|          0|
    |tmp_V_964_reg_1215        |   8|   0|    8|          0|
    |trunc_ln1_reg_4524        |   8|   0|    8|          0|
    |trunc_ln64_reg_4874       |   2|   0|    2|          0|
    |trunc_ln708_125_reg_4534  |   8|   0|    8|          0|
    |trunc_ln708_126_reg_4539  |   8|   0|    8|          0|
    |trunc_ln708_127_reg_4544  |   8|   0|    8|          0|
    |trunc_ln708_128_reg_4549  |   8|   0|    8|          0|
    |trunc_ln708_129_reg_4554  |   8|   0|    8|          0|
    |trunc_ln708_130_reg_4559  |   8|   0|    8|          0|
    |trunc_ln708_131_reg_4564  |   8|   0|    8|          0|
    |trunc_ln708_132_reg_4569  |   8|   0|    8|          0|
    |trunc_ln708_133_reg_4574  |   8|   0|    8|          0|
    |trunc_ln708_134_reg_4579  |   8|   0|    8|          0|
    |trunc_ln708_135_reg_4584  |   8|   0|    8|          0|
    |trunc_ln708_136_reg_4589  |   8|   0|    8|          0|
    |trunc_ln708_137_reg_4594  |   8|   0|    8|          0|
    |trunc_ln708_138_reg_4599  |   8|   0|    8|          0|
    |trunc_ln708_139_reg_4604  |   8|   0|    8|          0|
    |trunc_ln708_140_reg_4609  |   8|   0|    8|          0|
    |trunc_ln708_141_reg_4614  |   8|   0|    8|          0|
    |trunc_ln708_142_reg_4619  |   8|   0|    8|          0|
    |trunc_ln708_143_reg_4624  |   8|   0|    8|          0|
    |trunc_ln708_144_reg_4629  |   8|   0|    8|          0|
    |trunc_ln708_145_reg_4634  |   8|   0|    8|          0|
    |trunc_ln708_146_reg_4639  |   8|   0|    8|          0|
    |trunc_ln708_147_reg_4644  |   8|   0|    8|          0|
    |trunc_ln708_148_reg_4649  |   8|   0|    8|          0|
    |trunc_ln708_149_reg_4654  |   8|   0|    8|          0|
    |trunc_ln708_150_reg_4659  |   8|   0|    8|          0|
    |trunc_ln708_151_reg_4664  |   8|   0|    8|          0|
    |trunc_ln708_152_reg_4669  |   8|   0|    8|          0|
    |trunc_ln708_153_reg_4674  |   8|   0|    8|          0|
    |trunc_ln708_154_reg_4679  |   8|   0|    8|          0|
    |trunc_ln708_155_reg_4684  |   8|   0|    8|          0|
    |trunc_ln708_156_reg_4689  |   8|   0|    8|          0|
    |trunc_ln708_157_reg_4694  |   8|   0|    8|          0|
    |trunc_ln708_158_reg_4699  |   8|   0|    8|          0|
    |trunc_ln708_159_reg_4704  |   8|   0|    8|          0|
    |trunc_ln708_160_reg_4709  |   8|   0|    8|          0|
    |trunc_ln708_161_reg_4714  |   8|   0|    8|          0|
    |trunc_ln708_162_reg_4719  |   8|   0|    8|          0|
    |trunc_ln708_163_reg_4724  |   8|   0|    8|          0|
    |trunc_ln708_164_reg_4729  |   8|   0|    8|          0|
    |trunc_ln708_165_reg_4734  |   8|   0|    8|          0|
    |trunc_ln708_166_reg_4739  |   8|   0|    8|          0|
    |trunc_ln708_167_reg_4744  |   8|   0|    8|          0|
    |trunc_ln708_168_reg_4749  |   8|   0|    8|          0|
    |trunc_ln708_169_reg_4754  |   8|   0|    8|          0|
    |trunc_ln708_170_reg_4759  |   8|   0|    8|          0|
    |trunc_ln708_171_reg_4764  |   8|   0|    8|          0|
    |trunc_ln708_172_reg_4769  |   8|   0|    8|          0|
    |trunc_ln708_173_reg_4774  |   8|   0|    8|          0|
    |trunc_ln708_174_reg_4779  |   8|   0|    8|          0|
    |trunc_ln708_175_reg_4784  |   8|   0|    8|          0|
    |trunc_ln708_176_reg_4789  |   8|   0|    8|          0|
    |trunc_ln708_177_reg_4794  |   8|   0|    8|          0|
    |trunc_ln708_178_reg_4799  |   8|   0|    8|          0|
    |trunc_ln708_179_reg_4804  |   8|   0|    8|          0|
    |trunc_ln708_180_reg_4809  |   8|   0|    8|          0|
    |trunc_ln708_181_reg_4814  |   8|   0|    8|          0|
    |trunc_ln708_182_reg_4819  |   8|   0|    8|          0|
    |trunc_ln708_183_reg_4824  |   8|   0|    8|          0|
    |trunc_ln708_184_reg_4829  |   8|   0|    8|          0|
    |trunc_ln708_185_reg_4834  |   8|   0|    8|          0|
    |trunc_ln708_186_reg_4839  |   8|   0|    8|          0|
    |trunc_ln708_187_reg_4844  |   8|   0|    8|          0|
    |trunc_ln708_188_reg_4849  |   8|   0|    8|          0|
    |trunc_ln708_189_reg_4854  |   8|   0|    8|          0|
    |trunc_ln708_190_reg_4859  |   8|   0|    8|          0|
    |trunc_ln708_191_reg_4864  |   8|   0|    8|          0|
    |trunc_ln708_192_reg_4869  |   8|   0|    8|          0|
    |trunc_ln708_s_reg_4529    |   8|   0|    8|          0|
    |w_index72_reg_1138        |   2|   0|    2|          0|
    +--------------------------+----+----+-----+-----------+
    |Total                     |1179|   0| 1179|          0|
    +--------------------------+----+----+-----+-----------+



================================================================
== Interface
================================================================
* Summary: 
+--------------------+-----+-----+------------+-------------------------------------------------------------------+--------------+
|      RTL Ports     | Dir | Bits|  Protocol  |                           Source Object                           |    C Type    |
+--------------------+-----+-----+------------+-------------------------------------------------------------------+--------------+
|ap_clk              |  in |    1| ap_ctrl_hs | pointwise_conv_1d_cl_array<ap_fixed,ap_fixed<8,2,5,3,0>,config13> | return value |
|ap_rst              |  in |    1| ap_ctrl_hs | pointwise_conv_1d_cl_array<ap_fixed,ap_fixed<8,2,5,3,0>,config13> | return value |
|ap_start            |  in |    1| ap_ctrl_hs | pointwise_conv_1d_cl_array<ap_fixed,ap_fixed<8,2,5,3,0>,config13> | return value |
|ap_done             | out |    1| ap_ctrl_hs | pointwise_conv_1d_cl_array<ap_fixed,ap_fixed<8,2,5,3,0>,config13> | return value |
|ap_continue         |  in |    1| ap_ctrl_hs | pointwise_conv_1d_cl_array<ap_fixed,ap_fixed<8,2,5,3,0>,config13> | return value |
|ap_idle             | out |    1| ap_ctrl_hs | pointwise_conv_1d_cl_array<ap_fixed,ap_fixed<8,2,5,3,0>,config13> | return value |
|ap_ready            | out |    1| ap_ctrl_hs | pointwise_conv_1d_cl_array<ap_fixed,ap_fixed<8,2,5,3,0>,config13> | return value |
|data_0_V_V_dout     |  in |    8|   ap_fifo  |                             data_0_V_V                            |    pointer   |
|data_0_V_V_empty_n  |  in |    1|   ap_fifo  |                             data_0_V_V                            |    pointer   |
|data_0_V_V_read     | out |    1|   ap_fifo  |                             data_0_V_V                            |    pointer   |
|data_1_V_V_dout     |  in |    8|   ap_fifo  |                             data_1_V_V                            |    pointer   |
|data_1_V_V_empty_n  |  in |    1|   ap_fifo  |                             data_1_V_V                            |    pointer   |
|data_1_V_V_read     | out |    1|   ap_fifo  |                             data_1_V_V                            |    pointer   |
|data_2_V_V_dout     |  in |    8|   ap_fifo  |                             data_2_V_V                            |    pointer   |
|data_2_V_V_empty_n  |  in |    1|   ap_fifo  |                             data_2_V_V                            |    pointer   |
|data_2_V_V_read     | out |    1|   ap_fifo  |                             data_2_V_V                            |    pointer   |
|data_3_V_V_dout     |  in |    8|   ap_fifo  |                             data_3_V_V                            |    pointer   |
|data_3_V_V_empty_n  |  in |    1|   ap_fifo  |                             data_3_V_V                            |    pointer   |
|data_3_V_V_read     | out |    1|   ap_fifo  |                             data_3_V_V                            |    pointer   |
|res_0_V_V_din       | out |    8|   ap_fifo  |                             res_0_V_V                             |    pointer   |
|res_0_V_V_full_n    |  in |    1|   ap_fifo  |                             res_0_V_V                             |    pointer   |
|res_0_V_V_write     | out |    1|   ap_fifo  |                             res_0_V_V                             |    pointer   |
|res_1_V_V_din       | out |    8|   ap_fifo  |                             res_1_V_V                             |    pointer   |
|res_1_V_V_full_n    |  in |    1|   ap_fifo  |                             res_1_V_V                             |    pointer   |
|res_1_V_V_write     | out |    1|   ap_fifo  |                             res_1_V_V                             |    pointer   |
|res_2_V_V_din       | out |    8|   ap_fifo  |                             res_2_V_V                             |    pointer   |
|res_2_V_V_full_n    |  in |    1|   ap_fifo  |                             res_2_V_V                             |    pointer   |
|res_2_V_V_write     | out |    1|   ap_fifo  |                             res_2_V_V                             |    pointer   |
|res_3_V_V_din       | out |    8|   ap_fifo  |                             res_3_V_V                             |    pointer   |
|res_3_V_V_full_n    |  in |    1|   ap_fifo  |                             res_3_V_V                             |    pointer   |
|res_3_V_V_write     | out |    1|   ap_fifo  |                             res_3_V_V                             |    pointer   |
|res_4_V_V_din       | out |    8|   ap_fifo  |                             res_4_V_V                             |    pointer   |
|res_4_V_V_full_n    |  in |    1|   ap_fifo  |                             res_4_V_V                             |    pointer   |
|res_4_V_V_write     | out |    1|   ap_fifo  |                             res_4_V_V                             |    pointer   |
|res_5_V_V_din       | out |    8|   ap_fifo  |                             res_5_V_V                             |    pointer   |
|res_5_V_V_full_n    |  in |    1|   ap_fifo  |                             res_5_V_V                             |    pointer   |
|res_5_V_V_write     | out |    1|   ap_fifo  |                             res_5_V_V                             |    pointer   |
|res_6_V_V_din       | out |    8|   ap_fifo  |                             res_6_V_V                             |    pointer   |
|res_6_V_V_full_n    |  in |    1|   ap_fifo  |                             res_6_V_V                             |    pointer   |
|res_6_V_V_write     | out |    1|   ap_fifo  |                             res_6_V_V                             |    pointer   |
|res_7_V_V_din       | out |    8|   ap_fifo  |                             res_7_V_V                             |    pointer   |
|res_7_V_V_full_n    |  in |    1|   ap_fifo  |                             res_7_V_V                             |    pointer   |
|res_7_V_V_write     | out |    1|   ap_fifo  |                             res_7_V_V                             |    pointer   |
|res_8_V_V_din       | out |    8|   ap_fifo  |                             res_8_V_V                             |    pointer   |
|res_8_V_V_full_n    |  in |    1|   ap_fifo  |                             res_8_V_V                             |    pointer   |
|res_8_V_V_write     | out |    1|   ap_fifo  |                             res_8_V_V                             |    pointer   |
|res_9_V_V_din       | out |    8|   ap_fifo  |                             res_9_V_V                             |    pointer   |
|res_9_V_V_full_n    |  in |    1|   ap_fifo  |                             res_9_V_V                             |    pointer   |
|res_9_V_V_write     | out |    1|   ap_fifo  |                             res_9_V_V                             |    pointer   |
|res_10_V_V_din      | out |    8|   ap_fifo  |                             res_10_V_V                            |    pointer   |
|res_10_V_V_full_n   |  in |    1|   ap_fifo  |                             res_10_V_V                            |    pointer   |
|res_10_V_V_write    | out |    1|   ap_fifo  |                             res_10_V_V                            |    pointer   |
|res_11_V_V_din      | out |    8|   ap_fifo  |                             res_11_V_V                            |    pointer   |
|res_11_V_V_full_n   |  in |    1|   ap_fifo  |                             res_11_V_V                            |    pointer   |
|res_11_V_V_write    | out |    1|   ap_fifo  |                             res_11_V_V                            |    pointer   |
|res_12_V_V_din      | out |    8|   ap_fifo  |                             res_12_V_V                            |    pointer   |
|res_12_V_V_full_n   |  in |    1|   ap_fifo  |                             res_12_V_V                            |    pointer   |
|res_12_V_V_write    | out |    1|   ap_fifo  |                             res_12_V_V                            |    pointer   |
|res_13_V_V_din      | out |    8|   ap_fifo  |                             res_13_V_V                            |    pointer   |
|res_13_V_V_full_n   |  in |    1|   ap_fifo  |                             res_13_V_V                            |    pointer   |
|res_13_V_V_write    | out |    1|   ap_fifo  |                             res_13_V_V                            |    pointer   |
|res_14_V_V_din      | out |    8|   ap_fifo  |                             res_14_V_V                            |    pointer   |
|res_14_V_V_full_n   |  in |    1|   ap_fifo  |                             res_14_V_V                            |    pointer   |
|res_14_V_V_write    | out |    1|   ap_fifo  |                             res_14_V_V                            |    pointer   |
|res_15_V_V_din      | out |    8|   ap_fifo  |                             res_15_V_V                            |    pointer   |
|res_15_V_V_full_n   |  in |    1|   ap_fifo  |                             res_15_V_V                            |    pointer   |
|res_15_V_V_write    | out |    1|   ap_fifo  |                             res_15_V_V                            |    pointer   |
|res_16_V_V_din      | out |    8|   ap_fifo  |                             res_16_V_V                            |    pointer   |
|res_16_V_V_full_n   |  in |    1|   ap_fifo  |                             res_16_V_V                            |    pointer   |
|res_16_V_V_write    | out |    1|   ap_fifo  |                             res_16_V_V                            |    pointer   |
|res_17_V_V_din      | out |    8|   ap_fifo  |                             res_17_V_V                            |    pointer   |
|res_17_V_V_full_n   |  in |    1|   ap_fifo  |                             res_17_V_V                            |    pointer   |
|res_17_V_V_write    | out |    1|   ap_fifo  |                             res_17_V_V                            |    pointer   |
|res_18_V_V_din      | out |    8|   ap_fifo  |                             res_18_V_V                            |    pointer   |
|res_18_V_V_full_n   |  in |    1|   ap_fifo  |                             res_18_V_V                            |    pointer   |
|res_18_V_V_write    | out |    1|   ap_fifo  |                             res_18_V_V                            |    pointer   |
|res_19_V_V_din      | out |    8|   ap_fifo  |                             res_19_V_V                            |    pointer   |
|res_19_V_V_full_n   |  in |    1|   ap_fifo  |                             res_19_V_V                            |    pointer   |
|res_19_V_V_write    | out |    1|   ap_fifo  |                             res_19_V_V                            |    pointer   |
|res_20_V_V_din      | out |    8|   ap_fifo  |                             res_20_V_V                            |    pointer   |
|res_20_V_V_full_n   |  in |    1|   ap_fifo  |                             res_20_V_V                            |    pointer   |
|res_20_V_V_write    | out |    1|   ap_fifo  |                             res_20_V_V                            |    pointer   |
|res_21_V_V_din      | out |    8|   ap_fifo  |                             res_21_V_V                            |    pointer   |
|res_21_V_V_full_n   |  in |    1|   ap_fifo  |                             res_21_V_V                            |    pointer   |
|res_21_V_V_write    | out |    1|   ap_fifo  |                             res_21_V_V                            |    pointer   |
|res_22_V_V_din      | out |    8|   ap_fifo  |                             res_22_V_V                            |    pointer   |
|res_22_V_V_full_n   |  in |    1|   ap_fifo  |                             res_22_V_V                            |    pointer   |
|res_22_V_V_write    | out |    1|   ap_fifo  |                             res_22_V_V                            |    pointer   |
|res_23_V_V_din      | out |    8|   ap_fifo  |                             res_23_V_V                            |    pointer   |
|res_23_V_V_full_n   |  in |    1|   ap_fifo  |                             res_23_V_V                            |    pointer   |
|res_23_V_V_write    | out |    1|   ap_fifo  |                             res_23_V_V                            |    pointer   |
|res_24_V_V_din      | out |    8|   ap_fifo  |                             res_24_V_V                            |    pointer   |
|res_24_V_V_full_n   |  in |    1|   ap_fifo  |                             res_24_V_V                            |    pointer   |
|res_24_V_V_write    | out |    1|   ap_fifo  |                             res_24_V_V                            |    pointer   |
|res_25_V_V_din      | out |    8|   ap_fifo  |                             res_25_V_V                            |    pointer   |
|res_25_V_V_full_n   |  in |    1|   ap_fifo  |                             res_25_V_V                            |    pointer   |
|res_25_V_V_write    | out |    1|   ap_fifo  |                             res_25_V_V                            |    pointer   |
|res_26_V_V_din      | out |    8|   ap_fifo  |                             res_26_V_V                            |    pointer   |
|res_26_V_V_full_n   |  in |    1|   ap_fifo  |                             res_26_V_V                            |    pointer   |
|res_26_V_V_write    | out |    1|   ap_fifo  |                             res_26_V_V                            |    pointer   |
|res_27_V_V_din      | out |    8|   ap_fifo  |                             res_27_V_V                            |    pointer   |
|res_27_V_V_full_n   |  in |    1|   ap_fifo  |                             res_27_V_V                            |    pointer   |
|res_27_V_V_write    | out |    1|   ap_fifo  |                             res_27_V_V                            |    pointer   |
|res_28_V_V_din      | out |    8|   ap_fifo  |                             res_28_V_V                            |    pointer   |
|res_28_V_V_full_n   |  in |    1|   ap_fifo  |                             res_28_V_V                            |    pointer   |
|res_28_V_V_write    | out |    1|   ap_fifo  |                             res_28_V_V                            |    pointer   |
|res_29_V_V_din      | out |    8|   ap_fifo  |                             res_29_V_V                            |    pointer   |
|res_29_V_V_full_n   |  in |    1|   ap_fifo  |                             res_29_V_V                            |    pointer   |
|res_29_V_V_write    | out |    1|   ap_fifo  |                             res_29_V_V                            |    pointer   |
|res_30_V_V_din      | out |    8|   ap_fifo  |                             res_30_V_V                            |    pointer   |
|res_30_V_V_full_n   |  in |    1|   ap_fifo  |                             res_30_V_V                            |    pointer   |
|res_30_V_V_write    | out |    1|   ap_fifo  |                             res_30_V_V                            |    pointer   |
|res_31_V_V_din      | out |    8|   ap_fifo  |                             res_31_V_V                            |    pointer   |
|res_31_V_V_full_n   |  in |    1|   ap_fifo  |                             res_31_V_V                            |    pointer   |
|res_31_V_V_write    | out |    1|   ap_fifo  |                             res_31_V_V                            |    pointer   |
|res_32_V_V_din      | out |    8|   ap_fifo  |                             res_32_V_V                            |    pointer   |
|res_32_V_V_full_n   |  in |    1|   ap_fifo  |                             res_32_V_V                            |    pointer   |
|res_32_V_V_write    | out |    1|   ap_fifo  |                             res_32_V_V                            |    pointer   |
|res_33_V_V_din      | out |    8|   ap_fifo  |                             res_33_V_V                            |    pointer   |
|res_33_V_V_full_n   |  in |    1|   ap_fifo  |                             res_33_V_V                            |    pointer   |
|res_33_V_V_write    | out |    1|   ap_fifo  |                             res_33_V_V                            |    pointer   |
|res_34_V_V_din      | out |    8|   ap_fifo  |                             res_34_V_V                            |    pointer   |
|res_34_V_V_full_n   |  in |    1|   ap_fifo  |                             res_34_V_V                            |    pointer   |
|res_34_V_V_write    | out |    1|   ap_fifo  |                             res_34_V_V                            |    pointer   |
|res_35_V_V_din      | out |    8|   ap_fifo  |                             res_35_V_V                            |    pointer   |
|res_35_V_V_full_n   |  in |    1|   ap_fifo  |                             res_35_V_V                            |    pointer   |
|res_35_V_V_write    | out |    1|   ap_fifo  |                             res_35_V_V                            |    pointer   |
|res_36_V_V_din      | out |    8|   ap_fifo  |                             res_36_V_V                            |    pointer   |
|res_36_V_V_full_n   |  in |    1|   ap_fifo  |                             res_36_V_V                            |    pointer   |
|res_36_V_V_write    | out |    1|   ap_fifo  |                             res_36_V_V                            |    pointer   |
|res_37_V_V_din      | out |    8|   ap_fifo  |                             res_37_V_V                            |    pointer   |
|res_37_V_V_full_n   |  in |    1|   ap_fifo  |                             res_37_V_V                            |    pointer   |
|res_37_V_V_write    | out |    1|   ap_fifo  |                             res_37_V_V                            |    pointer   |
|res_38_V_V_din      | out |    8|   ap_fifo  |                             res_38_V_V                            |    pointer   |
|res_38_V_V_full_n   |  in |    1|   ap_fifo  |                             res_38_V_V                            |    pointer   |
|res_38_V_V_write    | out |    1|   ap_fifo  |                             res_38_V_V                            |    pointer   |
|res_39_V_V_din      | out |    8|   ap_fifo  |                             res_39_V_V                            |    pointer   |
|res_39_V_V_full_n   |  in |    1|   ap_fifo  |                             res_39_V_V                            |    pointer   |
|res_39_V_V_write    | out |    1|   ap_fifo  |                             res_39_V_V                            |    pointer   |
|res_40_V_V_din      | out |    8|   ap_fifo  |                             res_40_V_V                            |    pointer   |
|res_40_V_V_full_n   |  in |    1|   ap_fifo  |                             res_40_V_V                            |    pointer   |
|res_40_V_V_write    | out |    1|   ap_fifo  |                             res_40_V_V                            |    pointer   |
|res_41_V_V_din      | out |    8|   ap_fifo  |                             res_41_V_V                            |    pointer   |
|res_41_V_V_full_n   |  in |    1|   ap_fifo  |                             res_41_V_V                            |    pointer   |
|res_41_V_V_write    | out |    1|   ap_fifo  |                             res_41_V_V                            |    pointer   |
|res_42_V_V_din      | out |    8|   ap_fifo  |                             res_42_V_V                            |    pointer   |
|res_42_V_V_full_n   |  in |    1|   ap_fifo  |                             res_42_V_V                            |    pointer   |
|res_42_V_V_write    | out |    1|   ap_fifo  |                             res_42_V_V                            |    pointer   |
|res_43_V_V_din      | out |    8|   ap_fifo  |                             res_43_V_V                            |    pointer   |
|res_43_V_V_full_n   |  in |    1|   ap_fifo  |                             res_43_V_V                            |    pointer   |
|res_43_V_V_write    | out |    1|   ap_fifo  |                             res_43_V_V                            |    pointer   |
|res_44_V_V_din      | out |    8|   ap_fifo  |                             res_44_V_V                            |    pointer   |
|res_44_V_V_full_n   |  in |    1|   ap_fifo  |                             res_44_V_V                            |    pointer   |
|res_44_V_V_write    | out |    1|   ap_fifo  |                             res_44_V_V                            |    pointer   |
|res_45_V_V_din      | out |    8|   ap_fifo  |                             res_45_V_V                            |    pointer   |
|res_45_V_V_full_n   |  in |    1|   ap_fifo  |                             res_45_V_V                            |    pointer   |
|res_45_V_V_write    | out |    1|   ap_fifo  |                             res_45_V_V                            |    pointer   |
|res_46_V_V_din      | out |    8|   ap_fifo  |                             res_46_V_V                            |    pointer   |
|res_46_V_V_full_n   |  in |    1|   ap_fifo  |                             res_46_V_V                            |    pointer   |
|res_46_V_V_write    | out |    1|   ap_fifo  |                             res_46_V_V                            |    pointer   |
|res_47_V_V_din      | out |    8|   ap_fifo  |                             res_47_V_V                            |    pointer   |
|res_47_V_V_full_n   |  in |    1|   ap_fifo  |                             res_47_V_V                            |    pointer   |
|res_47_V_V_write    | out |    1|   ap_fifo  |                             res_47_V_V                            |    pointer   |
|res_48_V_V_din      | out |    8|   ap_fifo  |                             res_48_V_V                            |    pointer   |
|res_48_V_V_full_n   |  in |    1|   ap_fifo  |                             res_48_V_V                            |    pointer   |
|res_48_V_V_write    | out |    1|   ap_fifo  |                             res_48_V_V                            |    pointer   |
|res_49_V_V_din      | out |    8|   ap_fifo  |                             res_49_V_V                            |    pointer   |
|res_49_V_V_full_n   |  in |    1|   ap_fifo  |                             res_49_V_V                            |    pointer   |
|res_49_V_V_write    | out |    1|   ap_fifo  |                             res_49_V_V                            |    pointer   |
|res_50_V_V_din      | out |    8|   ap_fifo  |                             res_50_V_V                            |    pointer   |
|res_50_V_V_full_n   |  in |    1|   ap_fifo  |                             res_50_V_V                            |    pointer   |
|res_50_V_V_write    | out |    1|   ap_fifo  |                             res_50_V_V                            |    pointer   |
|res_51_V_V_din      | out |    8|   ap_fifo  |                             res_51_V_V                            |    pointer   |
|res_51_V_V_full_n   |  in |    1|   ap_fifo  |                             res_51_V_V                            |    pointer   |
|res_51_V_V_write    | out |    1|   ap_fifo  |                             res_51_V_V                            |    pointer   |
|res_52_V_V_din      | out |    8|   ap_fifo  |                             res_52_V_V                            |    pointer   |
|res_52_V_V_full_n   |  in |    1|   ap_fifo  |                             res_52_V_V                            |    pointer   |
|res_52_V_V_write    | out |    1|   ap_fifo  |                             res_52_V_V                            |    pointer   |
|res_53_V_V_din      | out |    8|   ap_fifo  |                             res_53_V_V                            |    pointer   |
|res_53_V_V_full_n   |  in |    1|   ap_fifo  |                             res_53_V_V                            |    pointer   |
|res_53_V_V_write    | out |    1|   ap_fifo  |                             res_53_V_V                            |    pointer   |
|res_54_V_V_din      | out |    8|   ap_fifo  |                             res_54_V_V                            |    pointer   |
|res_54_V_V_full_n   |  in |    1|   ap_fifo  |                             res_54_V_V                            |    pointer   |
|res_54_V_V_write    | out |    1|   ap_fifo  |                             res_54_V_V                            |    pointer   |
|res_55_V_V_din      | out |    8|   ap_fifo  |                             res_55_V_V                            |    pointer   |
|res_55_V_V_full_n   |  in |    1|   ap_fifo  |                             res_55_V_V                            |    pointer   |
|res_55_V_V_write    | out |    1|   ap_fifo  |                             res_55_V_V                            |    pointer   |
|res_56_V_V_din      | out |    8|   ap_fifo  |                             res_56_V_V                            |    pointer   |
|res_56_V_V_full_n   |  in |    1|   ap_fifo  |                             res_56_V_V                            |    pointer   |
|res_56_V_V_write    | out |    1|   ap_fifo  |                             res_56_V_V                            |    pointer   |
|res_57_V_V_din      | out |    8|   ap_fifo  |                             res_57_V_V                            |    pointer   |
|res_57_V_V_full_n   |  in |    1|   ap_fifo  |                             res_57_V_V                            |    pointer   |
|res_57_V_V_write    | out |    1|   ap_fifo  |                             res_57_V_V                            |    pointer   |
|res_58_V_V_din      | out |    8|   ap_fifo  |                             res_58_V_V                            |    pointer   |
|res_58_V_V_full_n   |  in |    1|   ap_fifo  |                             res_58_V_V                            |    pointer   |
|res_58_V_V_write    | out |    1|   ap_fifo  |                             res_58_V_V                            |    pointer   |
|res_59_V_V_din      | out |    8|   ap_fifo  |                             res_59_V_V                            |    pointer   |
|res_59_V_V_full_n   |  in |    1|   ap_fifo  |                             res_59_V_V                            |    pointer   |
|res_59_V_V_write    | out |    1|   ap_fifo  |                             res_59_V_V                            |    pointer   |
|res_60_V_V_din      | out |    8|   ap_fifo  |                             res_60_V_V                            |    pointer   |
|res_60_V_V_full_n   |  in |    1|   ap_fifo  |                             res_60_V_V                            |    pointer   |
|res_60_V_V_write    | out |    1|   ap_fifo  |                             res_60_V_V                            |    pointer   |
|res_61_V_V_din      | out |    8|   ap_fifo  |                             res_61_V_V                            |    pointer   |
|res_61_V_V_full_n   |  in |    1|   ap_fifo  |                             res_61_V_V                            |    pointer   |
|res_61_V_V_write    | out |    1|   ap_fifo  |                             res_61_V_V                            |    pointer   |
|res_62_V_V_din      | out |    8|   ap_fifo  |                             res_62_V_V                            |    pointer   |
|res_62_V_V_full_n   |  in |    1|   ap_fifo  |                             res_62_V_V                            |    pointer   |
|res_62_V_V_write    | out |    1|   ap_fifo  |                             res_62_V_V                            |    pointer   |
|res_63_V_V_din      | out |    8|   ap_fifo  |                             res_63_V_V                            |    pointer   |
|res_63_V_V_full_n   |  in |    1|   ap_fifo  |                             res_63_V_V                            |    pointer   |
|res_63_V_V_write    | out |    1|   ap_fifo  |                             res_63_V_V                            |    pointer   |
|res_64_V_V_din      | out |    8|   ap_fifo  |                             res_64_V_V                            |    pointer   |
|res_64_V_V_full_n   |  in |    1|   ap_fifo  |                             res_64_V_V                            |    pointer   |
|res_64_V_V_write    | out |    1|   ap_fifo  |                             res_64_V_V                            |    pointer   |
|res_65_V_V_din      | out |    8|   ap_fifo  |                             res_65_V_V                            |    pointer   |
|res_65_V_V_full_n   |  in |    1|   ap_fifo  |                             res_65_V_V                            |    pointer   |
|res_65_V_V_write    | out |    1|   ap_fifo  |                             res_65_V_V                            |    pointer   |
|res_66_V_V_din      | out |    8|   ap_fifo  |                             res_66_V_V                            |    pointer   |
|res_66_V_V_full_n   |  in |    1|   ap_fifo  |                             res_66_V_V                            |    pointer   |
|res_66_V_V_write    | out |    1|   ap_fifo  |                             res_66_V_V                            |    pointer   |
|res_67_V_V_din      | out |    8|   ap_fifo  |                             res_67_V_V                            |    pointer   |
|res_67_V_V_full_n   |  in |    1|   ap_fifo  |                             res_67_V_V                            |    pointer   |
|res_67_V_V_write    | out |    1|   ap_fifo  |                             res_67_V_V                            |    pointer   |
|res_68_V_V_din      | out |    8|   ap_fifo  |                             res_68_V_V                            |    pointer   |
|res_68_V_V_full_n   |  in |    1|   ap_fifo  |                             res_68_V_V                            |    pointer   |
|res_68_V_V_write    | out |    1|   ap_fifo  |                             res_68_V_V                            |    pointer   |
|res_69_V_V_din      | out |    8|   ap_fifo  |                             res_69_V_V                            |    pointer   |
|res_69_V_V_full_n   |  in |    1|   ap_fifo  |                             res_69_V_V                            |    pointer   |
|res_69_V_V_write    | out |    1|   ap_fifo  |                             res_69_V_V                            |    pointer   |
+--------------------+-----+-----+------------+-------------------------------------------------------------------+--------------+

