

================================================================
== Vitis HLS Report for 'sigmoid_ap_fixed_8_2_5_3_0_ap_fixed_8_2_5_3_0_sigmoid_config2_recr_s'
================================================================
* Date:           Wed Jul  5 09:56:52 2023

* Version:        2022.2 (Build 3670227 on Oct 13 2022)
* Project:        alveo_hls4ml
* Solution:       solution (Vitis Kernel Flow Target)
* Product family: virtexuplus
* Target device:  xcu55c-fsvh2892-2L-e


================================================================
== Performance Estimates
================================================================
+ Timing: 
    * Summary: 
    +--------+---------+----------+------------+
    |  Clock |  Target | Estimated| Uncertainty|
    +--------+---------+----------+------------+
    |ap_clk  |  4.00 ns|  1.369 ns|     1.08 ns|
    +--------+---------+----------+------------+

+ Latency: 
    * Summary: 
    +---------+---------+----------+----------+-----+-----+---------+
    |  Latency (cycles) |  Latency (absolute) |  Interval | Pipeline|
    |   min   |   max   |    min   |    max   | min | max |   Type  |
    +---------+---------+----------+----------+-----+-----+---------+
    |        1|        1|  4.000 ns|  4.000 ns|    1|    1|      yes|
    +---------+---------+----------+----------+-----+-----+---------+

    + Detail: 
        * Instance: 
        N/A

        * Loop: 
        N/A



================================================================
== Utilization Estimates
================================================================
* Summary: 
+---------------------+---------+------+---------+---------+-----+
|         Name        | BRAM_18K|  DSP |    FF   |   LUT   | URAM|
+---------------------+---------+------+---------+---------+-----+
|DSP                  |        -|     -|        -|        -|    -|
|Expression           |        -|     -|        0|     1410|    -|
|FIFO                 |        -|     -|        -|        -|    -|
|Instance             |        -|     -|        -|        -|    -|
|Memory               |       64|     -|        0|        0|    -|
|Multiplexer          |        -|     -|        -|        -|    -|
|Register             |        -|     -|        2|        -|    -|
+---------------------+---------+------+---------+---------+-----+
|Total                |       64|     0|        2|     1410|    0|
+---------------------+---------+------+---------+---------+-----+
|Available SLR        |     1344|  3008|   869120|   434560|  320|
+---------------------+---------+------+---------+---------+-----+
|Utilization SLR (%)  |        4|     0|       ~0|       ~0|    0|
+---------------------+---------+------+---------+---------+-----+
|Available            |     4032|  9024|  2607360|  1303680|  960|
+---------------------+---------+------+---------+---------+-----+
|Utilization (%)      |        1|     0|       ~0|       ~0|    0|
+---------------------+---------+------+---------+---------+-----+

+ Detail: 
    * Instance: 
    N/A

    * DSP: 
    N/A

    * Memory: 
    +-------------------+----------------------------------------------------------------------------------+---------+---+----+-----+------+-----+------+-------------+
    |       Memory      |                                      Module                                      | BRAM_18K| FF| LUT| URAM| Words| Bits| Banks| W*Bits*Banks|
    +-------------------+----------------------------------------------------------------------------------+---------+---+----+-----+------+-----+------+-------------+
    |sigmoid_table_2_U  |sigmoid_ap_fixed_8_2_5_3_0_ap_fixed_8_2_5_3_0_sigmoid_config2_recr_s_sigmoid_bkb  |       64|  0|   0|    0|  1024|   10|     1|        10240|
    +-------------------+----------------------------------------------------------------------------------+---------+---+----+-----+------+-----+------+-------------+
    |Total              |                                                                                  |       64|  0|   0|    0|  1024|   10|     1|        10240|
    +-------------------+----------------------------------------------------------------------------------+---------+---+----+-----+------+-----+------+-------------+

    * FIFO: 
    N/A

    * Expression: 
    +----------------------+----------+----+---+----+------------+------------+
    |     Variable Name    | Operation| DSP| FF| LUT| Bitwidth P0| Bitwidth P1|
    +----------------------+----------+----+---+----+------------+------------+
    |ap_enable_pp0         |       xor|   0|  0|   2|           1|           2|
    |index_254_fu_2604_p2  |       xor|   0|  0|  11|          10|          11|
    |index_255_fu_2619_p2  |       xor|   0|  0|  11|          10|          11|
    |index_256_fu_2634_p2  |       xor|   0|  0|  11|          10|          11|
    |index_257_fu_2649_p2  |       xor|   0|  0|  11|          10|          11|
    |index_258_fu_2664_p2  |       xor|   0|  0|  11|          10|          11|
    |index_259_fu_2679_p2  |       xor|   0|  0|  11|          10|          11|
    |index_260_fu_2694_p2  |       xor|   0|  0|  11|          10|          11|
    |index_261_fu_2709_p2  |       xor|   0|  0|  11|          10|          11|
    |index_262_fu_2724_p2  |       xor|   0|  0|  11|          10|          11|
    |index_263_fu_2739_p2  |       xor|   0|  0|  11|          10|          11|
    |index_264_fu_2754_p2  |       xor|   0|  0|  11|          10|          11|
    |index_265_fu_2769_p2  |       xor|   0|  0|  11|          10|          11|
    |index_266_fu_2784_p2  |       xor|   0|  0|  11|          10|          11|
    |index_267_fu_2799_p2  |       xor|   0|  0|  11|          10|          11|
    |index_268_fu_2814_p2  |       xor|   0|  0|  11|          10|          11|
    |index_269_fu_2829_p2  |       xor|   0|  0|  11|          10|          11|
    |index_270_fu_2844_p2  |       xor|   0|  0|  11|          10|          11|
    |index_271_fu_2859_p2  |       xor|   0|  0|  11|          10|          11|
    |index_272_fu_2874_p2  |       xor|   0|  0|  11|          10|          11|
    |index_273_fu_2889_p2  |       xor|   0|  0|  11|          10|          11|
    |index_274_fu_2904_p2  |       xor|   0|  0|  11|          10|          11|
    |index_275_fu_2919_p2  |       xor|   0|  0|  11|          10|          11|
    |index_276_fu_2934_p2  |       xor|   0|  0|  11|          10|          11|
    |index_277_fu_2949_p2  |       xor|   0|  0|  11|          10|          11|
    |index_278_fu_2964_p2  |       xor|   0|  0|  11|          10|          11|
    |index_279_fu_2979_p2  |       xor|   0|  0|  11|          10|          11|
    |index_280_fu_2994_p2  |       xor|   0|  0|  11|          10|          11|
    |index_281_fu_3009_p2  |       xor|   0|  0|  11|          10|          11|
    |index_282_fu_3024_p2  |       xor|   0|  0|  11|          10|          11|
    |index_283_fu_3039_p2  |       xor|   0|  0|  11|          10|          11|
    |index_284_fu_3054_p2  |       xor|   0|  0|  11|          10|          11|
    |index_285_fu_3069_p2  |       xor|   0|  0|  11|          10|          11|
    |index_286_fu_3084_p2  |       xor|   0|  0|  11|          10|          11|
    |index_287_fu_3099_p2  |       xor|   0|  0|  11|          10|          11|
    |index_288_fu_3114_p2  |       xor|   0|  0|  11|          10|          11|
    |index_289_fu_3129_p2  |       xor|   0|  0|  11|          10|          11|
    |index_290_fu_3144_p2  |       xor|   0|  0|  11|          10|          11|
    |index_291_fu_3159_p2  |       xor|   0|  0|  11|          10|          11|
    |index_292_fu_3174_p2  |       xor|   0|  0|  11|          10|          11|
    |index_293_fu_3189_p2  |       xor|   0|  0|  11|          10|          11|
    |index_294_fu_3204_p2  |       xor|   0|  0|  11|          10|          11|
    |index_295_fu_3219_p2  |       xor|   0|  0|  11|          10|          11|
    |index_296_fu_3234_p2  |       xor|   0|  0|  11|          10|          11|
    |index_297_fu_3249_p2  |       xor|   0|  0|  11|          10|          11|
    |index_298_fu_3264_p2  |       xor|   0|  0|  11|          10|          11|
    |index_299_fu_3279_p2  |       xor|   0|  0|  11|          10|          11|
    |index_300_fu_3294_p2  |       xor|   0|  0|  11|          10|          11|
    |index_301_fu_3309_p2  |       xor|   0|  0|  11|          10|          11|
    |index_302_fu_3324_p2  |       xor|   0|  0|  11|          10|          11|
    |index_303_fu_3339_p2  |       xor|   0|  0|  11|          10|          11|
    |index_304_fu_3354_p2  |       xor|   0|  0|  11|          10|          11|
    |index_305_fu_3369_p2  |       xor|   0|  0|  11|          10|          11|
    |index_306_fu_3384_p2  |       xor|   0|  0|  11|          10|          11|
    |index_307_fu_3399_p2  |       xor|   0|  0|  11|          10|          11|
    |index_308_fu_3414_p2  |       xor|   0|  0|  11|          10|          11|
    |index_309_fu_3429_p2  |       xor|   0|  0|  11|          10|          11|
    |index_310_fu_3444_p2  |       xor|   0|  0|  11|          10|          11|
    |index_311_fu_3459_p2  |       xor|   0|  0|  11|          10|          11|
    |index_312_fu_3474_p2  |       xor|   0|  0|  11|          10|          11|
    |index_313_fu_3489_p2  |       xor|   0|  0|  11|          10|          11|
    |index_314_fu_3504_p2  |       xor|   0|  0|  11|          10|          11|
    |index_315_fu_3519_p2  |       xor|   0|  0|  11|          10|          11|
    |index_316_fu_3534_p2  |       xor|   0|  0|  11|          10|          11|
    |index_317_fu_3549_p2  |       xor|   0|  0|  11|          10|          11|
    |index_318_fu_3564_p2  |       xor|   0|  0|  11|          10|          11|
    |index_319_fu_3579_p2  |       xor|   0|  0|  11|          10|          11|
    |index_320_fu_3594_p2  |       xor|   0|  0|  11|          10|          11|
    |index_321_fu_3609_p2  |       xor|   0|  0|  11|          10|          11|
    |index_322_fu_3624_p2  |       xor|   0|  0|  11|          10|          11|
    |index_323_fu_3639_p2  |       xor|   0|  0|  11|          10|          11|
    |index_324_fu_3654_p2  |       xor|   0|  0|  11|          10|          11|
    |index_325_fu_3669_p2  |       xor|   0|  0|  11|          10|          11|
    |index_326_fu_3684_p2  |       xor|   0|  0|  11|          10|          11|
    |index_327_fu_3699_p2  |       xor|   0|  0|  11|          10|          11|
    |index_328_fu_3714_p2  |       xor|   0|  0|  11|          10|          11|
    |index_329_fu_3729_p2  |       xor|   0|  0|  11|          10|          11|
    |index_330_fu_3744_p2  |       xor|   0|  0|  11|          10|          11|
    |index_331_fu_3759_p2  |       xor|   0|  0|  11|          10|          11|
    |index_332_fu_3774_p2  |       xor|   0|  0|  11|          10|          11|
    |index_333_fu_3789_p2  |       xor|   0|  0|  11|          10|          11|
    |index_334_fu_3804_p2  |       xor|   0|  0|  11|          10|          11|
    |index_335_fu_3819_p2  |       xor|   0|  0|  11|          10|          11|
    |index_336_fu_3834_p2  |       xor|   0|  0|  11|          10|          11|
    |index_337_fu_3849_p2  |       xor|   0|  0|  11|          10|          11|
    |index_338_fu_3864_p2  |       xor|   0|  0|  11|          10|          11|
    |index_339_fu_3879_p2  |       xor|   0|  0|  11|          10|          11|
    |index_340_fu_3894_p2  |       xor|   0|  0|  11|          10|          11|
    |index_341_fu_3909_p2  |       xor|   0|  0|  11|          10|          11|
    |index_342_fu_3924_p2  |       xor|   0|  0|  11|          10|          11|
    |index_343_fu_3939_p2  |       xor|   0|  0|  11|          10|          11|
    |index_344_fu_3954_p2  |       xor|   0|  0|  11|          10|          11|
    |index_345_fu_3969_p2  |       xor|   0|  0|  11|          10|          11|
    |index_346_fu_3984_p2  |       xor|   0|  0|  11|          10|          11|
    |index_347_fu_3999_p2  |       xor|   0|  0|  11|          10|          11|
    |index_348_fu_4014_p2  |       xor|   0|  0|  11|          10|          11|
    |index_349_fu_4029_p2  |       xor|   0|  0|  11|          10|          11|
    |index_350_fu_4044_p2  |       xor|   0|  0|  11|          10|          11|
    |index_351_fu_4059_p2  |       xor|   0|  0|  11|          10|          11|
    |index_352_fu_4074_p2  |       xor|   0|  0|  11|          10|          11|
    |index_353_fu_4089_p2  |       xor|   0|  0|  11|          10|          11|
    |index_354_fu_4104_p2  |       xor|   0|  0|  11|          10|          11|
    |index_355_fu_4119_p2  |       xor|   0|  0|  11|          10|          11|
    |index_356_fu_4134_p2  |       xor|   0|  0|  11|          10|          11|
    |index_357_fu_4149_p2  |       xor|   0|  0|  11|          10|          11|
    |index_358_fu_4164_p2  |       xor|   0|  0|  11|          10|          11|
    |index_359_fu_4179_p2  |       xor|   0|  0|  11|          10|          11|
    |index_360_fu_4194_p2  |       xor|   0|  0|  11|          10|          11|
    |index_361_fu_4209_p2  |       xor|   0|  0|  11|          10|          11|
    |index_362_fu_4224_p2  |       xor|   0|  0|  11|          10|          11|
    |index_363_fu_4239_p2  |       xor|   0|  0|  11|          10|          11|
    |index_364_fu_4254_p2  |       xor|   0|  0|  11|          10|          11|
    |index_365_fu_4269_p2  |       xor|   0|  0|  11|          10|          11|
    |index_366_fu_4284_p2  |       xor|   0|  0|  11|          10|          11|
    |index_367_fu_4299_p2  |       xor|   0|  0|  11|          10|          11|
    |index_368_fu_4314_p2  |       xor|   0|  0|  11|          10|          11|
    |index_369_fu_4329_p2  |       xor|   0|  0|  11|          10|          11|
    |index_370_fu_4344_p2  |       xor|   0|  0|  11|          10|          11|
    |index_371_fu_4359_p2  |       xor|   0|  0|  11|          10|          11|
    |index_372_fu_4374_p2  |       xor|   0|  0|  11|          10|          11|
    |index_373_fu_4389_p2  |       xor|   0|  0|  11|          10|          11|
    |index_374_fu_4404_p2  |       xor|   0|  0|  11|          10|          11|
    |index_375_fu_4419_p2  |       xor|   0|  0|  11|          10|          11|
    |index_376_fu_4434_p2  |       xor|   0|  0|  11|          10|          11|
    |index_377_fu_4449_p2  |       xor|   0|  0|  11|          10|          11|
    |index_378_fu_4464_p2  |       xor|   0|  0|  11|          10|          11|
    |index_379_fu_4479_p2  |       xor|   0|  0|  11|          10|          11|
    |index_380_fu_4494_p2  |       xor|   0|  0|  11|          10|          11|
    |index_fu_2589_p2      |       xor|   0|  0|  11|          10|          11|
    +----------------------+----------+----+---+----+------------+------------+
    |Total                 |          |   0|  0|1410|        1281|        1410|
    +----------------------+----------+----+---+----+------------+------------+

    * Multiplexer: 
    N/A

    * Register: 
    +-------------------------+---+----+-----+-----------+
    |           Name          | FF| LUT| Bits| Const Bits|
    +-------------------------+---+----+-----+-----------+
    |ap_CS_fsm                |  1|   0|    1|          0|
    |ap_enable_reg_pp0_iter1  |  1|   0|    1|          0|
    +-------------------------+---+----+-----+-----------+
    |Total                    |  2|   0|    2|          0|
    +-------------------------+---+----+-----+-----------+



================================================================
== Interface
================================================================
* Summary: 
+---------------+-----+-----+------------+---------------------------------------------------------------------------------+--------------+
|   RTL Ports   | Dir | Bits|  Protocol  |                                  Source Object                                  |    C Type    |
+---------------+-----+-----+------------+---------------------------------------------------------------------------------+--------------+
|ap_clk         |   in|    1|  ap_ctrl_hs|  sigmoid<ap_fixed<8, 2, 5, 3, 0>, ap_fixed<8, 2, 5, 3, 0>, sigmoid_config2_recr>|  return value|
|ap_rst         |   in|    1|  ap_ctrl_hs|  sigmoid<ap_fixed<8, 2, 5, 3, 0>, ap_fixed<8, 2, 5, 3, 0>, sigmoid_config2_recr>|  return value|
|ap_start       |   in|    1|  ap_ctrl_hs|  sigmoid<ap_fixed<8, 2, 5, 3, 0>, ap_fixed<8, 2, 5, 3, 0>, sigmoid_config2_recr>|  return value|
|ap_done        |  out|    1|  ap_ctrl_hs|  sigmoid<ap_fixed<8, 2, 5, 3, 0>, ap_fixed<8, 2, 5, 3, 0>, sigmoid_config2_recr>|  return value|
|ap_idle        |  out|    1|  ap_ctrl_hs|  sigmoid<ap_fixed<8, 2, 5, 3, 0>, ap_fixed<8, 2, 5, 3, 0>, sigmoid_config2_recr>|  return value|
|ap_ready       |  out|    1|  ap_ctrl_hs|  sigmoid<ap_fixed<8, 2, 5, 3, 0>, ap_fixed<8, 2, 5, 3, 0>, sigmoid_config2_recr>|  return value|
|ap_return_0    |  out|    8|  ap_ctrl_hs|  sigmoid<ap_fixed<8, 2, 5, 3, 0>, ap_fixed<8, 2, 5, 3, 0>, sigmoid_config2_recr>|  return value|
|ap_return_1    |  out|    8|  ap_ctrl_hs|  sigmoid<ap_fixed<8, 2, 5, 3, 0>, ap_fixed<8, 2, 5, 3, 0>, sigmoid_config2_recr>|  return value|
|ap_return_2    |  out|    8|  ap_ctrl_hs|  sigmoid<ap_fixed<8, 2, 5, 3, 0>, ap_fixed<8, 2, 5, 3, 0>, sigmoid_config2_recr>|  return value|
|ap_return_3    |  out|    8|  ap_ctrl_hs|  sigmoid<ap_fixed<8, 2, 5, 3, 0>, ap_fixed<8, 2, 5, 3, 0>, sigmoid_config2_recr>|  return value|
|ap_return_4    |  out|    8|  ap_ctrl_hs|  sigmoid<ap_fixed<8, 2, 5, 3, 0>, ap_fixed<8, 2, 5, 3, 0>, sigmoid_config2_recr>|  return value|
|ap_return_5    |  out|    8|  ap_ctrl_hs|  sigmoid<ap_fixed<8, 2, 5, 3, 0>, ap_fixed<8, 2, 5, 3, 0>, sigmoid_config2_recr>|  return value|
|ap_return_6    |  out|    8|  ap_ctrl_hs|  sigmoid<ap_fixed<8, 2, 5, 3, 0>, ap_fixed<8, 2, 5, 3, 0>, sigmoid_config2_recr>|  return value|
|ap_return_7    |  out|    8|  ap_ctrl_hs|  sigmoid<ap_fixed<8, 2, 5, 3, 0>, ap_fixed<8, 2, 5, 3, 0>, sigmoid_config2_recr>|  return value|
|ap_return_8    |  out|    8|  ap_ctrl_hs|  sigmoid<ap_fixed<8, 2, 5, 3, 0>, ap_fixed<8, 2, 5, 3, 0>, sigmoid_config2_recr>|  return value|
|ap_return_9    |  out|    8|  ap_ctrl_hs|  sigmoid<ap_fixed<8, 2, 5, 3, 0>, ap_fixed<8, 2, 5, 3, 0>, sigmoid_config2_recr>|  return value|
|ap_return_10   |  out|    8|  ap_ctrl_hs|  sigmoid<ap_fixed<8, 2, 5, 3, 0>, ap_fixed<8, 2, 5, 3, 0>, sigmoid_config2_recr>|  return value|
|ap_return_11   |  out|    8|  ap_ctrl_hs|  sigmoid<ap_fixed<8, 2, 5, 3, 0>, ap_fixed<8, 2, 5, 3, 0>, sigmoid_config2_recr>|  return value|
|ap_return_12   |  out|    8|  ap_ctrl_hs|  sigmoid<ap_fixed<8, 2, 5, 3, 0>, ap_fixed<8, 2, 5, 3, 0>, sigmoid_config2_recr>|  return value|
|ap_return_13   |  out|    8|  ap_ctrl_hs|  sigmoid<ap_fixed<8, 2, 5, 3, 0>, ap_fixed<8, 2, 5, 3, 0>, sigmoid_config2_recr>|  return value|
|ap_return_14   |  out|    8|  ap_ctrl_hs|  sigmoid<ap_fixed<8, 2, 5, 3, 0>, ap_fixed<8, 2, 5, 3, 0>, sigmoid_config2_recr>|  return value|
|ap_return_15   |  out|    8|  ap_ctrl_hs|  sigmoid<ap_fixed<8, 2, 5, 3, 0>, ap_fixed<8, 2, 5, 3, 0>, sigmoid_config2_recr>|  return value|
|ap_return_16   |  out|    8|  ap_ctrl_hs|  sigmoid<ap_fixed<8, 2, 5, 3, 0>, ap_fixed<8, 2, 5, 3, 0>, sigmoid_config2_recr>|  return value|
|ap_return_17   |  out|    8|  ap_ctrl_hs|  sigmoid<ap_fixed<8, 2, 5, 3, 0>, ap_fixed<8, 2, 5, 3, 0>, sigmoid_config2_recr>|  return value|
|ap_return_18   |  out|    8|  ap_ctrl_hs|  sigmoid<ap_fixed<8, 2, 5, 3, 0>, ap_fixed<8, 2, 5, 3, 0>, sigmoid_config2_recr>|  return value|
|ap_return_19   |  out|    8|  ap_ctrl_hs|  sigmoid<ap_fixed<8, 2, 5, 3, 0>, ap_fixed<8, 2, 5, 3, 0>, sigmoid_config2_recr>|  return value|
|ap_return_20   |  out|    8|  ap_ctrl_hs|  sigmoid<ap_fixed<8, 2, 5, 3, 0>, ap_fixed<8, 2, 5, 3, 0>, sigmoid_config2_recr>|  return value|
|ap_return_21   |  out|    8|  ap_ctrl_hs|  sigmoid<ap_fixed<8, 2, 5, 3, 0>, ap_fixed<8, 2, 5, 3, 0>, sigmoid_config2_recr>|  return value|
|ap_return_22   |  out|    8|  ap_ctrl_hs|  sigmoid<ap_fixed<8, 2, 5, 3, 0>, ap_fixed<8, 2, 5, 3, 0>, sigmoid_config2_recr>|  return value|
|ap_return_23   |  out|    8|  ap_ctrl_hs|  sigmoid<ap_fixed<8, 2, 5, 3, 0>, ap_fixed<8, 2, 5, 3, 0>, sigmoid_config2_recr>|  return value|
|ap_return_24   |  out|    8|  ap_ctrl_hs|  sigmoid<ap_fixed<8, 2, 5, 3, 0>, ap_fixed<8, 2, 5, 3, 0>, sigmoid_config2_recr>|  return value|
|ap_return_25   |  out|    8|  ap_ctrl_hs|  sigmoid<ap_fixed<8, 2, 5, 3, 0>, ap_fixed<8, 2, 5, 3, 0>, sigmoid_config2_recr>|  return value|
|ap_return_26   |  out|    8|  ap_ctrl_hs|  sigmoid<ap_fixed<8, 2, 5, 3, 0>, ap_fixed<8, 2, 5, 3, 0>, sigmoid_config2_recr>|  return value|
|ap_return_27   |  out|    8|  ap_ctrl_hs|  sigmoid<ap_fixed<8, 2, 5, 3, 0>, ap_fixed<8, 2, 5, 3, 0>, sigmoid_config2_recr>|  return value|
|ap_return_28   |  out|    8|  ap_ctrl_hs|  sigmoid<ap_fixed<8, 2, 5, 3, 0>, ap_fixed<8, 2, 5, 3, 0>, sigmoid_config2_recr>|  return value|
|ap_return_29   |  out|    8|  ap_ctrl_hs|  sigmoid<ap_fixed<8, 2, 5, 3, 0>, ap_fixed<8, 2, 5, 3, 0>, sigmoid_config2_recr>|  return value|
|ap_return_30   |  out|    8|  ap_ctrl_hs|  sigmoid<ap_fixed<8, 2, 5, 3, 0>, ap_fixed<8, 2, 5, 3, 0>, sigmoid_config2_recr>|  return value|
|ap_return_31   |  out|    8|  ap_ctrl_hs|  sigmoid<ap_fixed<8, 2, 5, 3, 0>, ap_fixed<8, 2, 5, 3, 0>, sigmoid_config2_recr>|  return value|
|ap_return_32   |  out|    8|  ap_ctrl_hs|  sigmoid<ap_fixed<8, 2, 5, 3, 0>, ap_fixed<8, 2, 5, 3, 0>, sigmoid_config2_recr>|  return value|
|ap_return_33   |  out|    8|  ap_ctrl_hs|  sigmoid<ap_fixed<8, 2, 5, 3, 0>, ap_fixed<8, 2, 5, 3, 0>, sigmoid_config2_recr>|  return value|
|ap_return_34   |  out|    8|  ap_ctrl_hs|  sigmoid<ap_fixed<8, 2, 5, 3, 0>, ap_fixed<8, 2, 5, 3, 0>, sigmoid_config2_recr>|  return value|
|ap_return_35   |  out|    8|  ap_ctrl_hs|  sigmoid<ap_fixed<8, 2, 5, 3, 0>, ap_fixed<8, 2, 5, 3, 0>, sigmoid_config2_recr>|  return value|
|ap_return_36   |  out|    8|  ap_ctrl_hs|  sigmoid<ap_fixed<8, 2, 5, 3, 0>, ap_fixed<8, 2, 5, 3, 0>, sigmoid_config2_recr>|  return value|
|ap_return_37   |  out|    8|  ap_ctrl_hs|  sigmoid<ap_fixed<8, 2, 5, 3, 0>, ap_fixed<8, 2, 5, 3, 0>, sigmoid_config2_recr>|  return value|
|ap_return_38   |  out|    8|  ap_ctrl_hs|  sigmoid<ap_fixed<8, 2, 5, 3, 0>, ap_fixed<8, 2, 5, 3, 0>, sigmoid_config2_recr>|  return value|
|ap_return_39   |  out|    8|  ap_ctrl_hs|  sigmoid<ap_fixed<8, 2, 5, 3, 0>, ap_fixed<8, 2, 5, 3, 0>, sigmoid_config2_recr>|  return value|
|ap_return_40   |  out|    8|  ap_ctrl_hs|  sigmoid<ap_fixed<8, 2, 5, 3, 0>, ap_fixed<8, 2, 5, 3, 0>, sigmoid_config2_recr>|  return value|
|ap_return_41   |  out|    8|  ap_ctrl_hs|  sigmoid<ap_fixed<8, 2, 5, 3, 0>, ap_fixed<8, 2, 5, 3, 0>, sigmoid_config2_recr>|  return value|
|ap_return_42   |  out|    8|  ap_ctrl_hs|  sigmoid<ap_fixed<8, 2, 5, 3, 0>, ap_fixed<8, 2, 5, 3, 0>, sigmoid_config2_recr>|  return value|
|ap_return_43   |  out|    8|  ap_ctrl_hs|  sigmoid<ap_fixed<8, 2, 5, 3, 0>, ap_fixed<8, 2, 5, 3, 0>, sigmoid_config2_recr>|  return value|
|ap_return_44   |  out|    8|  ap_ctrl_hs|  sigmoid<ap_fixed<8, 2, 5, 3, 0>, ap_fixed<8, 2, 5, 3, 0>, sigmoid_config2_recr>|  return value|
|ap_return_45   |  out|    8|  ap_ctrl_hs|  sigmoid<ap_fixed<8, 2, 5, 3, 0>, ap_fixed<8, 2, 5, 3, 0>, sigmoid_config2_recr>|  return value|
|ap_return_46   |  out|    8|  ap_ctrl_hs|  sigmoid<ap_fixed<8, 2, 5, 3, 0>, ap_fixed<8, 2, 5, 3, 0>, sigmoid_config2_recr>|  return value|
|ap_return_47   |  out|    8|  ap_ctrl_hs|  sigmoid<ap_fixed<8, 2, 5, 3, 0>, ap_fixed<8, 2, 5, 3, 0>, sigmoid_config2_recr>|  return value|
|ap_return_48   |  out|    8|  ap_ctrl_hs|  sigmoid<ap_fixed<8, 2, 5, 3, 0>, ap_fixed<8, 2, 5, 3, 0>, sigmoid_config2_recr>|  return value|
|ap_return_49   |  out|    8|  ap_ctrl_hs|  sigmoid<ap_fixed<8, 2, 5, 3, 0>, ap_fixed<8, 2, 5, 3, 0>, sigmoid_config2_recr>|  return value|
|ap_return_50   |  out|    8|  ap_ctrl_hs|  sigmoid<ap_fixed<8, 2, 5, 3, 0>, ap_fixed<8, 2, 5, 3, 0>, sigmoid_config2_recr>|  return value|
|ap_return_51   |  out|    8|  ap_ctrl_hs|  sigmoid<ap_fixed<8, 2, 5, 3, 0>, ap_fixed<8, 2, 5, 3, 0>, sigmoid_config2_recr>|  return value|
|ap_return_52   |  out|    8|  ap_ctrl_hs|  sigmoid<ap_fixed<8, 2, 5, 3, 0>, ap_fixed<8, 2, 5, 3, 0>, sigmoid_config2_recr>|  return value|
|ap_return_53   |  out|    8|  ap_ctrl_hs|  sigmoid<ap_fixed<8, 2, 5, 3, 0>, ap_fixed<8, 2, 5, 3, 0>, sigmoid_config2_recr>|  return value|
|ap_return_54   |  out|    8|  ap_ctrl_hs|  sigmoid<ap_fixed<8, 2, 5, 3, 0>, ap_fixed<8, 2, 5, 3, 0>, sigmoid_config2_recr>|  return value|
|ap_return_55   |  out|    8|  ap_ctrl_hs|  sigmoid<ap_fixed<8, 2, 5, 3, 0>, ap_fixed<8, 2, 5, 3, 0>, sigmoid_config2_recr>|  return value|
|ap_return_56   |  out|    8|  ap_ctrl_hs|  sigmoid<ap_fixed<8, 2, 5, 3, 0>, ap_fixed<8, 2, 5, 3, 0>, sigmoid_config2_recr>|  return value|
|ap_return_57   |  out|    8|  ap_ctrl_hs|  sigmoid<ap_fixed<8, 2, 5, 3, 0>, ap_fixed<8, 2, 5, 3, 0>, sigmoid_config2_recr>|  return value|
|ap_return_58   |  out|    8|  ap_ctrl_hs|  sigmoid<ap_fixed<8, 2, 5, 3, 0>, ap_fixed<8, 2, 5, 3, 0>, sigmoid_config2_recr>|  return value|
|ap_return_59   |  out|    8|  ap_ctrl_hs|  sigmoid<ap_fixed<8, 2, 5, 3, 0>, ap_fixed<8, 2, 5, 3, 0>, sigmoid_config2_recr>|  return value|
|ap_return_60   |  out|    8|  ap_ctrl_hs|  sigmoid<ap_fixed<8, 2, 5, 3, 0>, ap_fixed<8, 2, 5, 3, 0>, sigmoid_config2_recr>|  return value|
|ap_return_61   |  out|    8|  ap_ctrl_hs|  sigmoid<ap_fixed<8, 2, 5, 3, 0>, ap_fixed<8, 2, 5, 3, 0>, sigmoid_config2_recr>|  return value|
|ap_return_62   |  out|    8|  ap_ctrl_hs|  sigmoid<ap_fixed<8, 2, 5, 3, 0>, ap_fixed<8, 2, 5, 3, 0>, sigmoid_config2_recr>|  return value|
|ap_return_63   |  out|    8|  ap_ctrl_hs|  sigmoid<ap_fixed<8, 2, 5, 3, 0>, ap_fixed<8, 2, 5, 3, 0>, sigmoid_config2_recr>|  return value|
|ap_return_64   |  out|    8|  ap_ctrl_hs|  sigmoid<ap_fixed<8, 2, 5, 3, 0>, ap_fixed<8, 2, 5, 3, 0>, sigmoid_config2_recr>|  return value|
|ap_return_65   |  out|    8|  ap_ctrl_hs|  sigmoid<ap_fixed<8, 2, 5, 3, 0>, ap_fixed<8, 2, 5, 3, 0>, sigmoid_config2_recr>|  return value|
|ap_return_66   |  out|    8|  ap_ctrl_hs|  sigmoid<ap_fixed<8, 2, 5, 3, 0>, ap_fixed<8, 2, 5, 3, 0>, sigmoid_config2_recr>|  return value|
|ap_return_67   |  out|    8|  ap_ctrl_hs|  sigmoid<ap_fixed<8, 2, 5, 3, 0>, ap_fixed<8, 2, 5, 3, 0>, sigmoid_config2_recr>|  return value|
|ap_return_68   |  out|    8|  ap_ctrl_hs|  sigmoid<ap_fixed<8, 2, 5, 3, 0>, ap_fixed<8, 2, 5, 3, 0>, sigmoid_config2_recr>|  return value|
|ap_return_69   |  out|    8|  ap_ctrl_hs|  sigmoid<ap_fixed<8, 2, 5, 3, 0>, ap_fixed<8, 2, 5, 3, 0>, sigmoid_config2_recr>|  return value|
|ap_return_70   |  out|    8|  ap_ctrl_hs|  sigmoid<ap_fixed<8, 2, 5, 3, 0>, ap_fixed<8, 2, 5, 3, 0>, sigmoid_config2_recr>|  return value|
|ap_return_71   |  out|    8|  ap_ctrl_hs|  sigmoid<ap_fixed<8, 2, 5, 3, 0>, ap_fixed<8, 2, 5, 3, 0>, sigmoid_config2_recr>|  return value|
|ap_return_72   |  out|    8|  ap_ctrl_hs|  sigmoid<ap_fixed<8, 2, 5, 3, 0>, ap_fixed<8, 2, 5, 3, 0>, sigmoid_config2_recr>|  return value|
|ap_return_73   |  out|    8|  ap_ctrl_hs|  sigmoid<ap_fixed<8, 2, 5, 3, 0>, ap_fixed<8, 2, 5, 3, 0>, sigmoid_config2_recr>|  return value|
|ap_return_74   |  out|    8|  ap_ctrl_hs|  sigmoid<ap_fixed<8, 2, 5, 3, 0>, ap_fixed<8, 2, 5, 3, 0>, sigmoid_config2_recr>|  return value|
|ap_return_75   |  out|    8|  ap_ctrl_hs|  sigmoid<ap_fixed<8, 2, 5, 3, 0>, ap_fixed<8, 2, 5, 3, 0>, sigmoid_config2_recr>|  return value|
|ap_return_76   |  out|    8|  ap_ctrl_hs|  sigmoid<ap_fixed<8, 2, 5, 3, 0>, ap_fixed<8, 2, 5, 3, 0>, sigmoid_config2_recr>|  return value|
|ap_return_77   |  out|    8|  ap_ctrl_hs|  sigmoid<ap_fixed<8, 2, 5, 3, 0>, ap_fixed<8, 2, 5, 3, 0>, sigmoid_config2_recr>|  return value|
|ap_return_78   |  out|    8|  ap_ctrl_hs|  sigmoid<ap_fixed<8, 2, 5, 3, 0>, ap_fixed<8, 2, 5, 3, 0>, sigmoid_config2_recr>|  return value|
|ap_return_79   |  out|    8|  ap_ctrl_hs|  sigmoid<ap_fixed<8, 2, 5, 3, 0>, ap_fixed<8, 2, 5, 3, 0>, sigmoid_config2_recr>|  return value|
|ap_return_80   |  out|    8|  ap_ctrl_hs|  sigmoid<ap_fixed<8, 2, 5, 3, 0>, ap_fixed<8, 2, 5, 3, 0>, sigmoid_config2_recr>|  return value|
|ap_return_81   |  out|    8|  ap_ctrl_hs|  sigmoid<ap_fixed<8, 2, 5, 3, 0>, ap_fixed<8, 2, 5, 3, 0>, sigmoid_config2_recr>|  return value|
|ap_return_82   |  out|    8|  ap_ctrl_hs|  sigmoid<ap_fixed<8, 2, 5, 3, 0>, ap_fixed<8, 2, 5, 3, 0>, sigmoid_config2_recr>|  return value|
|ap_return_83   |  out|    8|  ap_ctrl_hs|  sigmoid<ap_fixed<8, 2, 5, 3, 0>, ap_fixed<8, 2, 5, 3, 0>, sigmoid_config2_recr>|  return value|
|ap_return_84   |  out|    8|  ap_ctrl_hs|  sigmoid<ap_fixed<8, 2, 5, 3, 0>, ap_fixed<8, 2, 5, 3, 0>, sigmoid_config2_recr>|  return value|
|ap_return_85   |  out|    8|  ap_ctrl_hs|  sigmoid<ap_fixed<8, 2, 5, 3, 0>, ap_fixed<8, 2, 5, 3, 0>, sigmoid_config2_recr>|  return value|
|ap_return_86   |  out|    8|  ap_ctrl_hs|  sigmoid<ap_fixed<8, 2, 5, 3, 0>, ap_fixed<8, 2, 5, 3, 0>, sigmoid_config2_recr>|  return value|
|ap_return_87   |  out|    8|  ap_ctrl_hs|  sigmoid<ap_fixed<8, 2, 5, 3, 0>, ap_fixed<8, 2, 5, 3, 0>, sigmoid_config2_recr>|  return value|
|ap_return_88   |  out|    8|  ap_ctrl_hs|  sigmoid<ap_fixed<8, 2, 5, 3, 0>, ap_fixed<8, 2, 5, 3, 0>, sigmoid_config2_recr>|  return value|
|ap_return_89   |  out|    8|  ap_ctrl_hs|  sigmoid<ap_fixed<8, 2, 5, 3, 0>, ap_fixed<8, 2, 5, 3, 0>, sigmoid_config2_recr>|  return value|
|ap_return_90   |  out|    8|  ap_ctrl_hs|  sigmoid<ap_fixed<8, 2, 5, 3, 0>, ap_fixed<8, 2, 5, 3, 0>, sigmoid_config2_recr>|  return value|
|ap_return_91   |  out|    8|  ap_ctrl_hs|  sigmoid<ap_fixed<8, 2, 5, 3, 0>, ap_fixed<8, 2, 5, 3, 0>, sigmoid_config2_recr>|  return value|
|ap_return_92   |  out|    8|  ap_ctrl_hs|  sigmoid<ap_fixed<8, 2, 5, 3, 0>, ap_fixed<8, 2, 5, 3, 0>, sigmoid_config2_recr>|  return value|
|ap_return_93   |  out|    8|  ap_ctrl_hs|  sigmoid<ap_fixed<8, 2, 5, 3, 0>, ap_fixed<8, 2, 5, 3, 0>, sigmoid_config2_recr>|  return value|
|ap_return_94   |  out|    8|  ap_ctrl_hs|  sigmoid<ap_fixed<8, 2, 5, 3, 0>, ap_fixed<8, 2, 5, 3, 0>, sigmoid_config2_recr>|  return value|
|ap_return_95   |  out|    8|  ap_ctrl_hs|  sigmoid<ap_fixed<8, 2, 5, 3, 0>, ap_fixed<8, 2, 5, 3, 0>, sigmoid_config2_recr>|  return value|
|ap_return_96   |  out|    8|  ap_ctrl_hs|  sigmoid<ap_fixed<8, 2, 5, 3, 0>, ap_fixed<8, 2, 5, 3, 0>, sigmoid_config2_recr>|  return value|
|ap_return_97   |  out|    8|  ap_ctrl_hs|  sigmoid<ap_fixed<8, 2, 5, 3, 0>, ap_fixed<8, 2, 5, 3, 0>, sigmoid_config2_recr>|  return value|
|ap_return_98   |  out|    8|  ap_ctrl_hs|  sigmoid<ap_fixed<8, 2, 5, 3, 0>, ap_fixed<8, 2, 5, 3, 0>, sigmoid_config2_recr>|  return value|
|ap_return_99   |  out|    8|  ap_ctrl_hs|  sigmoid<ap_fixed<8, 2, 5, 3, 0>, ap_fixed<8, 2, 5, 3, 0>, sigmoid_config2_recr>|  return value|
|ap_return_100  |  out|    8|  ap_ctrl_hs|  sigmoid<ap_fixed<8, 2, 5, 3, 0>, ap_fixed<8, 2, 5, 3, 0>, sigmoid_config2_recr>|  return value|
|ap_return_101  |  out|    8|  ap_ctrl_hs|  sigmoid<ap_fixed<8, 2, 5, 3, 0>, ap_fixed<8, 2, 5, 3, 0>, sigmoid_config2_recr>|  return value|
|ap_return_102  |  out|    8|  ap_ctrl_hs|  sigmoid<ap_fixed<8, 2, 5, 3, 0>, ap_fixed<8, 2, 5, 3, 0>, sigmoid_config2_recr>|  return value|
|ap_return_103  |  out|    8|  ap_ctrl_hs|  sigmoid<ap_fixed<8, 2, 5, 3, 0>, ap_fixed<8, 2, 5, 3, 0>, sigmoid_config2_recr>|  return value|
|ap_return_104  |  out|    8|  ap_ctrl_hs|  sigmoid<ap_fixed<8, 2, 5, 3, 0>, ap_fixed<8, 2, 5, 3, 0>, sigmoid_config2_recr>|  return value|
|ap_return_105  |  out|    8|  ap_ctrl_hs|  sigmoid<ap_fixed<8, 2, 5, 3, 0>, ap_fixed<8, 2, 5, 3, 0>, sigmoid_config2_recr>|  return value|
|ap_return_106  |  out|    8|  ap_ctrl_hs|  sigmoid<ap_fixed<8, 2, 5, 3, 0>, ap_fixed<8, 2, 5, 3, 0>, sigmoid_config2_recr>|  return value|
|ap_return_107  |  out|    8|  ap_ctrl_hs|  sigmoid<ap_fixed<8, 2, 5, 3, 0>, ap_fixed<8, 2, 5, 3, 0>, sigmoid_config2_recr>|  return value|
|ap_return_108  |  out|    8|  ap_ctrl_hs|  sigmoid<ap_fixed<8, 2, 5, 3, 0>, ap_fixed<8, 2, 5, 3, 0>, sigmoid_config2_recr>|  return value|
|ap_return_109  |  out|    8|  ap_ctrl_hs|  sigmoid<ap_fixed<8, 2, 5, 3, 0>, ap_fixed<8, 2, 5, 3, 0>, sigmoid_config2_recr>|  return value|
|ap_return_110  |  out|    8|  ap_ctrl_hs|  sigmoid<ap_fixed<8, 2, 5, 3, 0>, ap_fixed<8, 2, 5, 3, 0>, sigmoid_config2_recr>|  return value|
|ap_return_111  |  out|    8|  ap_ctrl_hs|  sigmoid<ap_fixed<8, 2, 5, 3, 0>, ap_fixed<8, 2, 5, 3, 0>, sigmoid_config2_recr>|  return value|
|ap_return_112  |  out|    8|  ap_ctrl_hs|  sigmoid<ap_fixed<8, 2, 5, 3, 0>, ap_fixed<8, 2, 5, 3, 0>, sigmoid_config2_recr>|  return value|
|ap_return_113  |  out|    8|  ap_ctrl_hs|  sigmoid<ap_fixed<8, 2, 5, 3, 0>, ap_fixed<8, 2, 5, 3, 0>, sigmoid_config2_recr>|  return value|
|ap_return_114  |  out|    8|  ap_ctrl_hs|  sigmoid<ap_fixed<8, 2, 5, 3, 0>, ap_fixed<8, 2, 5, 3, 0>, sigmoid_config2_recr>|  return value|
|ap_return_115  |  out|    8|  ap_ctrl_hs|  sigmoid<ap_fixed<8, 2, 5, 3, 0>, ap_fixed<8, 2, 5, 3, 0>, sigmoid_config2_recr>|  return value|
|ap_return_116  |  out|    8|  ap_ctrl_hs|  sigmoid<ap_fixed<8, 2, 5, 3, 0>, ap_fixed<8, 2, 5, 3, 0>, sigmoid_config2_recr>|  return value|
|ap_return_117  |  out|    8|  ap_ctrl_hs|  sigmoid<ap_fixed<8, 2, 5, 3, 0>, ap_fixed<8, 2, 5, 3, 0>, sigmoid_config2_recr>|  return value|
|ap_return_118  |  out|    8|  ap_ctrl_hs|  sigmoid<ap_fixed<8, 2, 5, 3, 0>, ap_fixed<8, 2, 5, 3, 0>, sigmoid_config2_recr>|  return value|
|ap_return_119  |  out|    8|  ap_ctrl_hs|  sigmoid<ap_fixed<8, 2, 5, 3, 0>, ap_fixed<8, 2, 5, 3, 0>, sigmoid_config2_recr>|  return value|
|ap_return_120  |  out|    8|  ap_ctrl_hs|  sigmoid<ap_fixed<8, 2, 5, 3, 0>, ap_fixed<8, 2, 5, 3, 0>, sigmoid_config2_recr>|  return value|
|ap_return_121  |  out|    8|  ap_ctrl_hs|  sigmoid<ap_fixed<8, 2, 5, 3, 0>, ap_fixed<8, 2, 5, 3, 0>, sigmoid_config2_recr>|  return value|
|ap_return_122  |  out|    8|  ap_ctrl_hs|  sigmoid<ap_fixed<8, 2, 5, 3, 0>, ap_fixed<8, 2, 5, 3, 0>, sigmoid_config2_recr>|  return value|
|ap_return_123  |  out|    8|  ap_ctrl_hs|  sigmoid<ap_fixed<8, 2, 5, 3, 0>, ap_fixed<8, 2, 5, 3, 0>, sigmoid_config2_recr>|  return value|
|ap_return_124  |  out|    8|  ap_ctrl_hs|  sigmoid<ap_fixed<8, 2, 5, 3, 0>, ap_fixed<8, 2, 5, 3, 0>, sigmoid_config2_recr>|  return value|
|ap_return_125  |  out|    8|  ap_ctrl_hs|  sigmoid<ap_fixed<8, 2, 5, 3, 0>, ap_fixed<8, 2, 5, 3, 0>, sigmoid_config2_recr>|  return value|
|ap_return_126  |  out|    8|  ap_ctrl_hs|  sigmoid<ap_fixed<8, 2, 5, 3, 0>, ap_fixed<8, 2, 5, 3, 0>, sigmoid_config2_recr>|  return value|
|ap_return_127  |  out|    8|  ap_ctrl_hs|  sigmoid<ap_fixed<8, 2, 5, 3, 0>, ap_fixed<8, 2, 5, 3, 0>, sigmoid_config2_recr>|  return value|
|p_read         |   in|    8|     ap_none|                                                                           p_read|        scalar|
|p_read1        |   in|    8|     ap_none|                                                                          p_read1|        scalar|
|p_read2        |   in|    8|     ap_none|                                                                          p_read2|        scalar|
|p_read3        |   in|    8|     ap_none|                                                                          p_read3|        scalar|
|p_read4        |   in|    8|     ap_none|                                                                          p_read4|        scalar|
|p_read5        |   in|    8|     ap_none|                                                                          p_read5|        scalar|
|p_read6        |   in|    8|     ap_none|                                                                          p_read6|        scalar|
|p_read7        |   in|    8|     ap_none|                                                                          p_read7|        scalar|
|p_read8        |   in|    8|     ap_none|                                                                          p_read8|        scalar|
|p_read9        |   in|    8|     ap_none|                                                                          p_read9|        scalar|
|p_read10       |   in|    8|     ap_none|                                                                         p_read10|        scalar|
|p_read11       |   in|    8|     ap_none|                                                                         p_read11|        scalar|
|p_read12       |   in|    8|     ap_none|                                                                         p_read12|        scalar|
|p_read13       |   in|    8|     ap_none|                                                                         p_read13|        scalar|
|p_read14       |   in|    8|     ap_none|                                                                         p_read14|        scalar|
|p_read15       |   in|    8|     ap_none|                                                                         p_read15|        scalar|
|p_read16       |   in|    8|     ap_none|                                                                         p_read16|        scalar|
|p_read17       |   in|    8|     ap_none|                                                                         p_read17|        scalar|
|p_read18       |   in|    8|     ap_none|                                                                         p_read18|        scalar|
|p_read19       |   in|    8|     ap_none|                                                                         p_read19|        scalar|
|p_read20       |   in|    8|     ap_none|                                                                         p_read20|        scalar|
|p_read21       |   in|    8|     ap_none|                                                                         p_read21|        scalar|
|p_read22       |   in|    8|     ap_none|                                                                         p_read22|        scalar|
|p_read23       |   in|    8|     ap_none|                                                                         p_read23|        scalar|
|p_read24       |   in|    8|     ap_none|                                                                         p_read24|        scalar|
|p_read25       |   in|    8|     ap_none|                                                                         p_read25|        scalar|
|p_read26       |   in|    8|     ap_none|                                                                         p_read26|        scalar|
|p_read27       |   in|    8|     ap_none|                                                                         p_read27|        scalar|
|p_read28       |   in|    8|     ap_none|                                                                         p_read28|        scalar|
|p_read29       |   in|    8|     ap_none|                                                                         p_read29|        scalar|
|p_read30       |   in|    8|     ap_none|                                                                         p_read30|        scalar|
|p_read31       |   in|    8|     ap_none|                                                                         p_read31|        scalar|
|p_read32       |   in|    8|     ap_none|                                                                         p_read32|        scalar|
|p_read33       |   in|    8|     ap_none|                                                                         p_read33|        scalar|
|p_read34       |   in|    8|     ap_none|                                                                         p_read34|        scalar|
|p_read35       |   in|    8|     ap_none|                                                                         p_read35|        scalar|
|p_read36       |   in|    8|     ap_none|                                                                         p_read36|        scalar|
|p_read37       |   in|    8|     ap_none|                                                                         p_read37|        scalar|
|p_read38       |   in|    8|     ap_none|                                                                         p_read38|        scalar|
|p_read39       |   in|    8|     ap_none|                                                                         p_read39|        scalar|
|p_read40       |   in|    8|     ap_none|                                                                         p_read40|        scalar|
|p_read41       |   in|    8|     ap_none|                                                                         p_read41|        scalar|
|p_read42       |   in|    8|     ap_none|                                                                         p_read42|        scalar|
|p_read43       |   in|    8|     ap_none|                                                                         p_read43|        scalar|
|p_read44       |   in|    8|     ap_none|                                                                         p_read44|        scalar|
|p_read45       |   in|    8|     ap_none|                                                                         p_read45|        scalar|
|p_read46       |   in|    8|     ap_none|                                                                         p_read46|        scalar|
|p_read47       |   in|    8|     ap_none|                                                                         p_read47|        scalar|
|p_read48       |   in|    8|     ap_none|                                                                         p_read48|        scalar|
|p_read49       |   in|    8|     ap_none|                                                                         p_read49|        scalar|
|p_read50       |   in|    8|     ap_none|                                                                         p_read50|        scalar|
|p_read51       |   in|    8|     ap_none|                                                                         p_read51|        scalar|
|p_read52       |   in|    8|     ap_none|                                                                         p_read52|        scalar|
|p_read53       |   in|    8|     ap_none|                                                                         p_read53|        scalar|
|p_read54       |   in|    8|     ap_none|                                                                         p_read54|        scalar|
|p_read55       |   in|    8|     ap_none|                                                                         p_read55|        scalar|
|p_read56       |   in|    8|     ap_none|                                                                         p_read56|        scalar|
|p_read57       |   in|    8|     ap_none|                                                                         p_read57|        scalar|
|p_read58       |   in|    8|     ap_none|                                                                         p_read58|        scalar|
|p_read59       |   in|    8|     ap_none|                                                                         p_read59|        scalar|
|p_read60       |   in|    8|     ap_none|                                                                         p_read60|        scalar|
|p_read61       |   in|    8|     ap_none|                                                                         p_read61|        scalar|
|p_read62       |   in|    8|     ap_none|                                                                         p_read62|        scalar|
|p_read63       |   in|    8|     ap_none|                                                                         p_read63|        scalar|
|p_read64       |   in|    8|     ap_none|                                                                         p_read64|        scalar|
|p_read65       |   in|    8|     ap_none|                                                                         p_read65|        scalar|
|p_read66       |   in|    8|     ap_none|                                                                         p_read66|        scalar|
|p_read67       |   in|    8|     ap_none|                                                                         p_read67|        scalar|
|p_read68       |   in|    8|     ap_none|                                                                         p_read68|        scalar|
|p_read69       |   in|    8|     ap_none|                                                                         p_read69|        scalar|
|p_read70       |   in|    8|     ap_none|                                                                         p_read70|        scalar|
|p_read71       |   in|    8|     ap_none|                                                                         p_read71|        scalar|
|p_read72       |   in|    8|     ap_none|                                                                         p_read72|        scalar|
|p_read73       |   in|    8|     ap_none|                                                                         p_read73|        scalar|
|p_read74       |   in|    8|     ap_none|                                                                         p_read74|        scalar|
|p_read75       |   in|    8|     ap_none|                                                                         p_read75|        scalar|
|p_read76       |   in|    8|     ap_none|                                                                         p_read76|        scalar|
|p_read77       |   in|    8|     ap_none|                                                                         p_read77|        scalar|
|p_read78       |   in|    8|     ap_none|                                                                         p_read78|        scalar|
|p_read79       |   in|    8|     ap_none|                                                                         p_read79|        scalar|
|p_read80       |   in|    8|     ap_none|                                                                         p_read80|        scalar|
|p_read81       |   in|    8|     ap_none|                                                                         p_read81|        scalar|
|p_read82       |   in|    8|     ap_none|                                                                         p_read82|        scalar|
|p_read83       |   in|    8|     ap_none|                                                                         p_read83|        scalar|
|p_read84       |   in|    8|     ap_none|                                                                         p_read84|        scalar|
|p_read85       |   in|    8|     ap_none|                                                                         p_read85|        scalar|
|p_read86       |   in|    8|     ap_none|                                                                         p_read86|        scalar|
|p_read87       |   in|    8|     ap_none|                                                                         p_read87|        scalar|
|p_read88       |   in|    8|     ap_none|                                                                         p_read88|        scalar|
|p_read89       |   in|    8|     ap_none|                                                                         p_read89|        scalar|
|p_read90       |   in|    8|     ap_none|                                                                         p_read90|        scalar|
|p_read91       |   in|    8|     ap_none|                                                                         p_read91|        scalar|
|p_read92       |   in|    8|     ap_none|                                                                         p_read92|        scalar|
|p_read93       |   in|    8|     ap_none|                                                                         p_read93|        scalar|
|p_read94       |   in|    8|     ap_none|                                                                         p_read94|        scalar|
|p_read95       |   in|    8|     ap_none|                                                                         p_read95|        scalar|
|p_read96       |   in|    8|     ap_none|                                                                         p_read96|        scalar|
|p_read97       |   in|    8|     ap_none|                                                                         p_read97|        scalar|
|p_read98       |   in|    8|     ap_none|                                                                         p_read98|        scalar|
|p_read99       |   in|    8|     ap_none|                                                                         p_read99|        scalar|
|p_read100      |   in|    8|     ap_none|                                                                        p_read100|        scalar|
|p_read101      |   in|    8|     ap_none|                                                                        p_read101|        scalar|
|p_read102      |   in|    8|     ap_none|                                                                        p_read102|        scalar|
|p_read103      |   in|    8|     ap_none|                                                                        p_read103|        scalar|
|p_read104      |   in|    8|     ap_none|                                                                        p_read104|        scalar|
|p_read105      |   in|    8|     ap_none|                                                                        p_read105|        scalar|
|p_read106      |   in|    8|     ap_none|                                                                        p_read106|        scalar|
|p_read107      |   in|    8|     ap_none|                                                                        p_read107|        scalar|
|p_read108      |   in|    8|     ap_none|                                                                        p_read108|        scalar|
|p_read109      |   in|    8|     ap_none|                                                                        p_read109|        scalar|
|p_read110      |   in|    8|     ap_none|                                                                        p_read110|        scalar|
|p_read111      |   in|    8|     ap_none|                                                                        p_read111|        scalar|
|p_read112      |   in|    8|     ap_none|                                                                        p_read112|        scalar|
|p_read113      |   in|    8|     ap_none|                                                                        p_read113|        scalar|
|p_read114      |   in|    8|     ap_none|                                                                        p_read114|        scalar|
|p_read115      |   in|    8|     ap_none|                                                                        p_read115|        scalar|
|p_read116      |   in|    8|     ap_none|                                                                        p_read116|        scalar|
|p_read117      |   in|    8|     ap_none|                                                                        p_read117|        scalar|
|p_read118      |   in|    8|     ap_none|                                                                        p_read118|        scalar|
|p_read119      |   in|    8|     ap_none|                                                                        p_read119|        scalar|
|p_read120      |   in|    8|     ap_none|                                                                        p_read120|        scalar|
|p_read121      |   in|    8|     ap_none|                                                                        p_read121|        scalar|
|p_read122      |   in|    8|     ap_none|                                                                        p_read122|        scalar|
|p_read123      |   in|    8|     ap_none|                                                                        p_read123|        scalar|
|p_read124      |   in|    8|     ap_none|                                                                        p_read124|        scalar|
|p_read125      |   in|    8|     ap_none|                                                                        p_read125|        scalar|
|p_read126      |   in|    8|     ap_none|                                                                        p_read126|        scalar|
|p_read127      |   in|    8|     ap_none|                                                                        p_read127|        scalar|
+---------------+-----+-----+------------+---------------------------------------------------------------------------------+--------------+

