

================================================================
== Vitis HLS Report for 'Block_entry203_proc'
================================================================
* Date:           Sat Feb 10 14:07:56 2024

* Version:        2022.2 (Build 3670227 on Oct 13 2022)
* Project:        alveo_hls4ml
* Solution:       solution (Vitis Kernel Flow Target)
* Product family: virtexuplus
* Target device:  xcu55c-fsvh2892-2L-e


================================================================
== Performance Estimates
================================================================
+ Timing: 
    * Summary: 
    +--------+---------+----------+------------+
    |  Clock |  Target | Estimated| Uncertainty|
    +--------+---------+----------+------------+
    |ap_clk  |  4.00 ns|  0.878 ns|     1.08 ns|
    +--------+---------+----------+------------+

+ Latency: 
    * Summary: 
    +---------+---------+----------+----------+-----+-----+---------+
    |  Latency (cycles) |  Latency (absolute) |  Interval | Pipeline|
    |   min   |   max   |    min   |    max   | min | max |   Type  |
    +---------+---------+----------+----------+-----+-----+---------+
    |        0|        0|      0 ns|      0 ns|    0|    0|       no|
    +---------+---------+----------+----------+-----+-----+---------+

    + Detail: 
        * Instance: 
        N/A

        * Loop: 
        N/A



================================================================
== Utilization Estimates
================================================================
* Summary: 
+---------------------+---------+------+---------+---------+-----+
|         Name        | BRAM_18K|  DSP |    FF   |   LUT   | URAM|
+---------------------+---------+------+---------+---------+-----+
|DSP                  |        -|     -|        -|        -|    -|
|Expression           |        -|     -|        0|       26|    -|
|FIFO                 |        -|     -|        -|        -|    -|
|Instance             |        -|     -|        -|        -|    -|
|Memory               |        -|     -|        -|        -|    -|
|Multiplexer          |        -|     -|        -|       63|    -|
|Register             |        -|     -|       22|        -|    -|
+---------------------+---------+------+---------+---------+-----+
|Total                |        0|     0|       22|       89|    0|
+---------------------+---------+------+---------+---------+-----+
|Available SLR        |     1344|  3008|   869120|   434560|  320|
+---------------------+---------+------+---------+---------+-----+
|Utilization SLR (%)  |        0|     0|       ~0|       ~0|    0|
+---------------------+---------+------+---------+---------+-----+
|Available            |     4032|  9024|  2607360|  1303680|  960|
+---------------------+---------+------+---------+---------+-----+
|Utilization (%)      |        0|     0|       ~0|       ~0|    0|
+---------------------+---------+------+---------+---------+-----+

+ Detail: 
    * Instance: 
    N/A

    * DSP: 
    N/A

    * Memory: 
    N/A

    * FIFO: 
    N/A

    * Expression: 
    +----------------------+----------+----+---+----+------------+------------+
    |     Variable Name    | Operation| DSP| FF| LUT| Bitwidth P0| Bitwidth P1|
    +----------------------+----------+----+---+----+------------+------------+
    |icmp_ln87_fu_38_p2    |      icmp|   0|  0|  10|           7|           1|
    |icmp_ln92_fu_64_p2    |      icmp|   0|  0|  10|           7|           1|
    |ap_block_state1       |        or|   0|  0|   2|           1|           1|
    |select_ln87_fu_44_p3  |    select|   0|  0|   2|           1|           2|
    |select_ln92_fu_70_p3  |    select|   0|  0|   2|           1|           2|
    +----------------------+----------+----+---+----+------------+------------+
    |Total                 |          |   0|  0|  26|          17|           7|
    +----------------------+----------+----+---+----+------------+------------+

    * Multiplexer: 
    +-------------+----+-----------+-----+-----------+
    |     Name    | LUT| Input Size| Bits| Total Bits|
    +-------------+----+-----------+-----+-----------+
    |ap_done      |   9|          2|    1|          2|
    |ap_return_0  |   9|          2|    1|          2|
    |ap_return_1  |   9|          2|    2|          4|
    |ap_return_2  |   9|          2|    7|         14|
    |ap_return_3  |   9|          2|    1|          2|
    |ap_return_4  |   9|          2|    2|          4|
    |ap_return_5  |   9|          2|    7|         14|
    +-------------+----+-----------+-----+-----------+
    |Total        |  63|         14|   21|         42|
    +-------------+----+-----------+-----+-----------+

    * Register: 
    +------------------+---+----+------+-----------+
    |       Name       | FF| LUT| Bits | Const Bits|
    +------------------+---+----+------+-----------+
    |ap_CS_fsm         |  1|   0|     1|          0|
    |ap_done_reg       |  1|   0|     1|          0|
    |ap_return_0_preg  |  1|   0|     1|          0|
    |ap_return_1_preg  |  2|   0|    32|         30|
    |ap_return_2_preg  |  7|   0|  2048|       2041|
    |ap_return_3_preg  |  1|   0|     1|          0|
    |ap_return_4_preg  |  2|   0|    32|         30|
    |ap_return_5_preg  |  7|   0|  2048|       2041|
    +------------------+---+----+------+-----------+
    |Total             | 22|   0|  4164|       4142|
    +------------------+---+----+------+-----------+



================================================================
== Interface
================================================================
* Summary: 
+-------------+-----+------+------------+---------------------+--------------+
|  RTL Ports  | Dir | Bits |  Protocol  |    Source Object    |    C Type    |
+-------------+-----+------+------------+---------------------+--------------+
|ap_clk       |   in|     1|  ap_ctrl_hs|  Block_entry203_proc|  return value|
|ap_rst       |   in|     1|  ap_ctrl_hs|  Block_entry203_proc|  return value|
|ap_start     |   in|     1|  ap_ctrl_hs|  Block_entry203_proc|  return value|
|ap_done      |  out|     1|  ap_ctrl_hs|  Block_entry203_proc|  return value|
|ap_continue  |   in|     1|  ap_ctrl_hs|  Block_entry203_proc|  return value|
|ap_idle      |  out|     1|  ap_ctrl_hs|  Block_entry203_proc|  return value|
|ap_ready     |  out|     1|  ap_ctrl_hs|  Block_entry203_proc|  return value|
|ap_return_0  |  out|     1|  ap_ctrl_hs|  Block_entry203_proc|  return value|
|ap_return_1  |  out|    32|  ap_ctrl_hs|  Block_entry203_proc|  return value|
|ap_return_2  |  out|  2048|  ap_ctrl_hs|  Block_entry203_proc|  return value|
|ap_return_3  |  out|     1|  ap_ctrl_hs|  Block_entry203_proc|  return value|
|ap_return_4  |  out|    32|  ap_ctrl_hs|  Block_entry203_proc|  return value|
|ap_return_5  |  out|  2048|  ap_ctrl_hs|  Block_entry203_proc|  return value|
|in1_1        |   in|    64|     ap_none|                in1_1|        scalar|
|in1_2        |   in|    64|     ap_none|                in1_2|        scalar|
+-------------+-----+------+------------+---------------------+--------------+

