

================================================================
== Vitis HLS Report for 'dataflow_in_loop_VITIS_LOOP_76_1'
================================================================
* Date:           Sat Feb 17 11:49:28 2024

* Version:        2022.2 (Build 3670227 on Oct 13 2022)
* Project:        alveo_hls4ml
* Solution:       solution (Vitis Kernel Flow Target)
* Product family: virtexuplus
* Target device:  xcu55c-fsvh2892-2L-e


================================================================
== Performance Estimates
================================================================
+ Timing: 
    * Summary: 
    +--------+---------+----------+------------+
    |  Clock |  Target | Estimated| Uncertainty|
    +--------+---------+----------+------------+
    |ap_clk  |  4.00 ns|  4.019 ns|     1.08 ns|
    +--------+---------+----------+------------+

+ Latency: 
    * Summary: 
    +---------+---------+----------+----------+-------+-------+----------+
    |  Latency (cycles) |  Latency (absolute) |    Interval   | Pipeline |
    |   min   |   max   |    min   |    max   |  min  |  max  |   Type   |
    +---------+---------+----------+----------+-------+-------+----------+
    |    25268|    25341|  0.102 ms|  0.102 ms|  24973|  25046|  dataflow|
    +---------+---------+----------+----------+-------+-------+----------+

    + Detail: 
        * Instance: 
        +------------------------------------------------------------------------+-----------------------------------------------------------------------+---------+---------+-----------+-----------+-------+-------+---------+
        |                                                                        |                                                                       |  Latency (cycles) |   Latency (absolute)  |    Interval   | Pipeline|
        |                                Instance                                |                                 Module                                |   min   |   max   |    min    |    max    |  min  |  max  |   Type  |
        +------------------------------------------------------------------------+-----------------------------------------------------------------------+---------+---------+-----------+-----------+-------+-------+---------+
        |VITIS_LOOP_81_2_proc_U0                                                 |VITIS_LOOP_81_2_proc                                                   |      294|      294|   1.176 us|   1.176 us|    294|    294|       no|
        |VITIS_LOOP_88_4_proc_U0                                                 |VITIS_LOOP_88_4_proc                                                   |      294|      294|   1.176 us|   1.176 us|    294|    294|       no|
        |VITIS_LOOP_98_6_proc_U0                                                 |VITIS_LOOP_98_6_proc                                                   |       75|       75|   0.300 us|   0.300 us|     75|     75|       no|
        |VITIS_LOOP_106_8_proc_U0                                                |VITIS_LOOP_106_8_proc                                                  |       75|       75|   0.300 us|   0.300 us|     75|     75|       no|
        |bidirectional_array_ap_fixed_16_6_5_3_0_ap_fixed_17_4_5_3_0_config2_U0  |bidirectional_array_ap_fixed_16_6_5_3_0_ap_fixed_17_4_5_3_0_config2_s  |    24972|    25045|   0.100 ms|   0.101 ms|  24972|  25045|       no|
        |linear_ap_fixed_17_4_5_3_0_ap_fixed_8_3_4_0_0_linear_config3_U0         |linear_ap_fixed_17_4_5_3_0_ap_fixed_8_3_4_0_0_linear_config3_s         |        1|        1|   4.000 ns|   4.000 ns|      1|      1|       no|
        |dense_ap_fixed_8_3_4_0_0_ap_fixed_16_6_5_3_0_config4_U0                 |dense_ap_fixed_8_3_4_0_0_ap_fixed_16_6_5_3_0_config4_s                 |      131|      132|   0.524 us|   0.528 us|    131|    132|       no|
        |linear_ap_fixed_16_6_5_3_0_ap_fixed_16_7_4_0_0_linear_config6_U0        |linear_ap_fixed_16_6_5_3_0_ap_fixed_16_7_4_0_0_linear_config6_s        |        1|        1|   4.000 ns|   4.000 ns|      1|      1|       no|
        |gru_stack_ap_fixed_ap_fixed_ap_fixed_19_6_5_3_0_config10_U0             |gru_stack_ap_fixed_ap_fixed_ap_fixed_19_6_5_3_0_config10_s             |    24456|    24529|  97.824 us|  98.116 us|  24456|  24529|       no|
        |linear_ap_fixed_19_6_5_3_0_ap_fixed_16_7_4_0_0_linear_config11_U0       |linear_ap_fixed_19_6_5_3_0_ap_fixed_16_7_4_0_0_linear_config11_s       |       76|       76|   0.304 us|   0.304 us|     76|     76|       no|
        |pointwise_conv_1d_cl_ap_fixed_ap_fixed_16_6_5_3_0_config17_U0           |pointwise_conv_1d_cl_ap_fixed_ap_fixed_16_6_5_3_0_config17_s           |     5038|     5111|  20.152 us|  20.444 us|   5038|   5111|       no|
        |linear_ap_fixed_16_6_5_3_0_ap_fixed_8_3_4_0_0_linear_config14_U0        |linear_ap_fixed_16_6_5_3_0_ap_fixed_8_3_4_0_0_linear_config14_s        |       76|       76|   0.304 us|   0.304 us|     76|     76|       no|
        |pointwise_conv_1d_cl_ap_fixed_ap_fixed_16_6_5_3_0_config18_U0           |pointwise_conv_1d_cl_ap_fixed_ap_fixed_16_6_5_3_0_config18_s           |      512|      585|   2.048 us|   2.340 us|    512|    585|       no|
        |VITIS_LOOP_126_10_proc_U0                                               |VITIS_LOOP_126_10_proc                                                 |       75|       75|   0.300 us|   0.300 us|     75|     75|       no|
        |entry_proc_U0                                                           |entry_proc                                                             |        0|        0|       0 ns|       0 ns|      0|      0|       no|
        |VITIS_LOOP_134_12_proc_U0                                               |VITIS_LOOP_134_12_proc                                                 |      224|      224|   0.896 us|   0.896 us|    224|    224|       no|
        +------------------------------------------------------------------------+-----------------------------------------------------------------------+---------+---------+-----------+-----------+-------+-------+---------+

        * Loop: 
        N/A



================================================================
== Utilization Estimates
================================================================
* Summary: 
+---------------------+---------+------+---------+---------+-----+
|         Name        | BRAM_18K|  DSP |    FF   |   LUT   | URAM|
+---------------------+---------+------+---------+---------+-----+
|DSP                  |        -|     -|        -|        -|    -|
|Expression           |        -|     -|        0|       16|    -|
|FIFO                 |        0|     -|    43526|    50286|    -|
|Instance             |       56|  1541|   230132|   228246|    0|
|Memory               |       24|     -|        0|        0|    0|
|Multiplexer          |        -|     -|        -|       27|    -|
|Register             |        -|     -|        3|        -|    -|
+---------------------+---------+------+---------+---------+-----+
|Total                |       80|  1541|   273661|   278575|    0|
+---------------------+---------+------+---------+---------+-----+
|Available SLR        |     1344|  3008|   869120|   434560|  320|
+---------------------+---------+------+---------+---------+-----+
|Utilization SLR (%)  |        5|    51|       31|       64|    0|
+---------------------+---------+------+---------+---------+-----+
|Available            |     4032|  9024|  2607360|  1303680|  960|
+---------------------+---------+------+---------+---------+-----+
|Utilization (%)      |        1|    17|       10|       21|    0|
+---------------------+---------+------+---------+---------+-----+

+ Detail: 
    * Instance: 
    +------------------------------------------------------------------------+-----------------------------------------------------------------------+---------+------+--------+--------+-----+
    |                                Instance                                |                                 Module                                | BRAM_18K|  DSP |   FF   |   LUT  | URAM|
    +------------------------------------------------------------------------+-----------------------------------------------------------------------+---------+------+--------+--------+-----+
    |VITIS_LOOP_106_8_proc_U0                                                |VITIS_LOOP_106_8_proc                                                  |        0|     0|      11|     653|    0|
    |VITIS_LOOP_126_10_proc_U0                                               |VITIS_LOOP_126_10_proc                                                 |        0|     0|      17|     698|    0|
    |VITIS_LOOP_134_12_proc_U0                                               |VITIS_LOOP_134_12_proc                                                 |        0|     1|    1333|     758|    0|
    |VITIS_LOOP_81_2_proc_U0                                                 |VITIS_LOOP_81_2_proc                                                   |        0|     0|   26922|    2560|    0|
    |VITIS_LOOP_88_4_proc_U0                                                 |VITIS_LOOP_88_4_proc                                                   |        0|     0|   26922|    2569|    0|
    |VITIS_LOOP_98_6_proc_U0                                                 |VITIS_LOOP_98_6_proc                                                   |        0|     0|      11|     707|    0|
    |bidirectional_array_ap_fixed_16_6_5_3_0_ap_fixed_17_4_5_3_0_config2_U0  |bidirectional_array_ap_fixed_16_6_5_3_0_ap_fixed_17_4_5_3_0_config2_s  |       32|  1024|  122848|  119340|    0|
    |dense_ap_fixed_8_3_4_0_0_ap_fixed_16_6_5_3_0_config4_U0                 |dense_ap_fixed_8_3_4_0_0_ap_fixed_16_6_5_3_0_config4_s                 |        8|     0|    6695|   11744|    0|
    |entry_proc_U0                                                           |entry_proc                                                             |        0|     0|       2|      20|    0|
    |gru_stack_ap_fixed_ap_fixed_ap_fixed_19_6_5_3_0_config10_U0             |gru_stack_ap_fixed_ap_fixed_ap_fixed_19_6_5_3_0_config10_s             |       16|   512|   36018|   57491|    0|
    |linear_ap_fixed_16_6_5_3_0_ap_fixed_16_7_4_0_0_linear_config6_U0        |linear_ap_fixed_16_6_5_3_0_ap_fixed_16_7_4_0_0_linear_config6_s        |        0|     0|    1027|    2779|    0|
    |linear_ap_fixed_16_6_5_3_0_ap_fixed_8_3_4_0_0_linear_config14_U0        |linear_ap_fixed_16_6_5_3_0_ap_fixed_8_3_4_0_0_linear_config14_s        |        0|     0|     133|     555|    0|
    |linear_ap_fixed_17_4_5_3_0_ap_fixed_8_3_4_0_0_linear_config3_U0         |linear_ap_fixed_17_4_5_3_0_ap_fixed_8_3_4_0_0_linear_config3_s         |        0|     0|    1412|   12068|    0|
    |linear_ap_fixed_19_6_5_3_0_ap_fixed_16_7_4_0_0_linear_config11_U0       |linear_ap_fixed_19_6_5_3_0_ap_fixed_16_7_4_0_0_linear_config11_s       |        0|     0|    1037|    3471|    0|
    |pointwise_conv_1d_cl_ap_fixed_ap_fixed_16_6_5_3_0_config17_U0           |pointwise_conv_1d_cl_ap_fixed_ap_fixed_16_6_5_3_0_config17_s           |        0|     4|    2287|    4174|    0|
    |pointwise_conv_1d_cl_ap_fixed_ap_fixed_16_6_5_3_0_config18_U0           |pointwise_conv_1d_cl_ap_fixed_ap_fixed_16_6_5_3_0_config18_s           |        0|     0|    3457|    8659|    0|
    +------------------------------------------------------------------------+-----------------------------------------------------------------------+---------+------+--------+--------+-----+
    |Total                                                                   |                                                                       |       56|  1541|  230132|  228246|    0|
    +------------------------------------------------------------------------+-----------------------------------------------------------------------+---------+------+--------+--------+-----+

    * DSP: 
    N/A

    * Memory: 
    +-------------+----------------------------------------------------------+---------+---+----+-----+------+------+------+-------------+
    |    Memory   |                          Module                          | BRAM_18K| FF| LUT| URAM| Words| Bits | Banks| W*Bits*Banks|
    +-------------+----------------------------------------------------------+---------+---+----+-----+------+------+------+-------------+
    |in_buf1_V_U  |dataflow_in_loop_VITIS_LOOP_76_1_in_buf1_V_RAM_AUTO_1R1W  |        8|  0|   0|    0|    73|  1120|     1|        81760|
    |out_buf_V_U  |dataflow_in_loop_VITIS_LOOP_76_1_in_buf1_V_RAM_AUTO_1R1W  |        8|  0|   0|    0|    73|  1120|     1|        81760|
    |in_buf2_V_U  |dataflow_in_loop_VITIS_LOOP_76_1_in_buf2_V_RAM_AUTO_1R1W  |        8|  0|   0|    0|    73|  1024|     1|        74752|
    +-------------+----------------------------------------------------------+---------+---+----+-----+------+------+------+-------------+
    |Total        |                                                          |       24|  0|   0|    0|   219|  3264|     3|       238272|
    +-------------+----------------------------------------------------------+---------+---+----+-----+------+------+------+-------------+

    * FIFO: 
    +-----------------------+---------+-----+----+-----+------+-----+---------+
    |          Name         | BRAM_18K|  FF | LUT| URAM| Depth| Bits| Size:D*B|
    +-----------------------+---------+-----+----+-----+------+-----+---------+
    |N_c_U                  |        0|    7|   0|    -|    13|    7|       91|
    |in_stream1_03_U        |        0|   73|   0|    -|    73|   16|     1168|
    |in_stream1_1019_U      |        0|   73|   0|    -|    73|   16|     1168|
    |in_stream1_110_U       |        0|   73|   0|    -|    73|   16|     1168|
    |in_stream1_1120_U      |        0|   73|   0|    -|    73|   16|     1168|
    |in_stream1_1221_U      |        0|   73|   0|    -|    73|   16|     1168|
    |in_stream1_1322_U      |        0|   73|   0|    -|    73|   16|     1168|
    |in_stream1_1423_U      |        0|   73|   0|    -|    73|   16|     1168|
    |in_stream1_1524_U      |        0|   73|   0|    -|    73|   16|     1168|
    |in_stream1_1625_U      |        0|   73|   0|    -|    73|   16|     1168|
    |in_stream1_1726_U      |        0|   73|   0|    -|    73|   16|     1168|
    |in_stream1_1827_U      |        0|   73|   0|    -|    73|   16|     1168|
    |in_stream1_1928_U      |        0|   73|   0|    -|    73|   16|     1168|
    |in_stream1_2029_U      |        0|   73|   0|    -|    73|   16|     1168|
    |in_stream1_211_U       |        0|   73|   0|    -|    73|   16|     1168|
    |in_stream1_2130_U      |        0|   73|   0|    -|    73|   16|     1168|
    |in_stream1_2231_U      |        0|   73|   0|    -|    73|   16|     1168|
    |in_stream1_2332_U      |        0|   73|   0|    -|    73|   16|     1168|
    |in_stream1_2433_U      |        0|   73|   0|    -|    73|   16|     1168|
    |in_stream1_2534_U      |        0|   73|   0|    -|    73|   16|     1168|
    |in_stream1_2635_U      |        0|   73|   0|    -|    73|   16|     1168|
    |in_stream1_2736_U      |        0|   73|   0|    -|    73|   16|     1168|
    |in_stream1_2837_U      |        0|   73|   0|    -|    73|   16|     1168|
    |in_stream1_2938_U      |        0|   73|   0|    -|    73|   16|     1168|
    |in_stream1_3039_U      |        0|   73|   0|    -|    73|   16|     1168|
    |in_stream1_312_U       |        0|   73|   0|    -|    73|   16|     1168|
    |in_stream1_3140_U      |        0|   73|   0|    -|    73|   16|     1168|
    |in_stream1_3241_U      |        0|   73|   0|    -|    73|   16|     1168|
    |in_stream1_3342_U      |        0|   73|   0|    -|    73|   16|     1168|
    |in_stream1_3443_U      |        0|   73|   0|    -|    73|   16|     1168|
    |in_stream1_3544_U      |        0|   73|   0|    -|    73|   16|     1168|
    |in_stream1_3645_U      |        0|   73|   0|    -|    73|   16|     1168|
    |in_stream1_3746_U      |        0|   73|   0|    -|    73|   16|     1168|
    |in_stream1_3847_U      |        0|   73|   0|    -|    73|   16|     1168|
    |in_stream1_3948_U      |        0|   73|   0|    -|    73|   16|     1168|
    |in_stream1_4049_U      |        0|   73|   0|    -|    73|   16|     1168|
    |in_stream1_413_U       |        0|   73|   0|    -|    73|   16|     1168|
    |in_stream1_4150_U      |        0|   73|   0|    -|    73|   16|     1168|
    |in_stream1_4251_U      |        0|   73|   0|    -|    73|   16|     1168|
    |in_stream1_4352_U      |        0|   73|   0|    -|    73|   16|     1168|
    |in_stream1_4453_U      |        0|   73|   0|    -|    73|   16|     1168|
    |in_stream1_4554_U      |        0|   73|   0|    -|    73|   16|     1168|
    |in_stream1_4655_U      |        0|   73|   0|    -|    73|   16|     1168|
    |in_stream1_4756_U      |        0|   73|   0|    -|    73|   16|     1168|
    |in_stream1_4857_U      |        0|   73|   0|    -|    73|   16|     1168|
    |in_stream1_4958_U      |        0|   73|   0|    -|    73|   16|     1168|
    |in_stream1_5059_U      |        0|   73|   0|    -|    73|   16|     1168|
    |in_stream1_514_U       |        0|   73|   0|    -|    73|   16|     1168|
    |in_stream1_5160_U      |        0|   73|   0|    -|    73|   16|     1168|
    |in_stream1_5261_U      |        0|   73|   0|    -|    73|   16|     1168|
    |in_stream1_5362_U      |        0|   73|   0|    -|    73|   16|     1168|
    |in_stream1_5463_U      |        0|   73|   0|    -|    73|   16|     1168|
    |in_stream1_5564_U      |        0|   73|   0|    -|    73|   16|     1168|
    |in_stream1_5665_U      |        0|   73|   0|    -|    73|   16|     1168|
    |in_stream1_5766_U      |        0|   73|   0|    -|    73|   16|     1168|
    |in_stream1_5867_U      |        0|   73|   0|    -|    73|   16|     1168|
    |in_stream1_5968_U      |        0|   73|   0|    -|    73|   16|     1168|
    |in_stream1_6069_U      |        0|   73|   0|    -|    73|   16|     1168|
    |in_stream1_615_U       |        0|   73|   0|    -|    73|   16|     1168|
    |in_stream1_6170_U      |        0|   73|   0|    -|    73|   16|     1168|
    |in_stream1_6271_U      |        0|   73|   0|    -|    73|   16|     1168|
    |in_stream1_6372_U      |        0|   73|   0|    -|    73|   16|     1168|
    |in_stream1_6473_U      |        0|   73|   0|    -|    73|   16|     1168|
    |in_stream1_6574_U      |        0|   73|   0|    -|    73|   16|     1168|
    |in_stream1_6675_U      |        0|   73|   0|    -|    73|   16|     1168|
    |in_stream1_6776_U      |        0|   73|   0|    -|    73|   16|     1168|
    |in_stream1_6877_U      |        0|   73|   0|    -|    73|   16|     1168|
    |in_stream1_6978_U      |        0|   73|   0|    -|    73|   16|     1168|
    |in_stream1_716_U       |        0|   73|   0|    -|    73|   16|     1168|
    |in_stream1_817_U       |        0|   73|   0|    -|    73|   16|     1168|
    |in_stream1_918_U       |        0|   73|   0|    -|    73|   16|     1168|
    |in_stream2_079_U       |        0|   73|   0|    -|    73|   16|     1168|
    |in_stream2_1089_U      |        0|   73|   0|    -|    73|   16|     1168|
    |in_stream2_1190_U      |        0|   73|   0|    -|    73|   16|     1168|
    |in_stream2_1291_U      |        0|   73|   0|    -|    73|   16|     1168|
    |in_stream2_1392_U      |        0|   73|   0|    -|    73|   16|     1168|
    |in_stream2_1493_U      |        0|   73|   0|    -|    73|   16|     1168|
    |in_stream2_1594_U      |        0|   73|   0|    -|    73|   16|     1168|
    |in_stream2_1695_U      |        0|   73|   0|    -|    73|   16|     1168|
    |in_stream2_1796_U      |        0|   73|   0|    -|    73|   16|     1168|
    |in_stream2_180_U       |        0|   73|   0|    -|    73|   16|     1168|
    |in_stream2_1897_U      |        0|   73|   0|    -|    73|   16|     1168|
    |in_stream2_1998_U      |        0|   73|   0|    -|    73|   16|     1168|
    |in_stream2_2099_U      |        0|   73|   0|    -|    73|   16|     1168|
    |in_stream2_21100_U     |        0|   73|   0|    -|    73|   16|     1168|
    |in_stream2_22101_U     |        0|   73|   0|    -|    73|   16|     1168|
    |in_stream2_23102_U     |        0|   73|   0|    -|    73|   16|     1168|
    |in_stream2_24103_U     |        0|   73|   0|    -|    73|   16|     1168|
    |in_stream2_25104_U     |        0|   73|   0|    -|    73|   16|     1168|
    |in_stream2_26105_U     |        0|   73|   0|    -|    73|   16|     1168|
    |in_stream2_27106_U     |        0|   73|   0|    -|    73|   16|     1168|
    |in_stream2_28107_U     |        0|   73|   0|    -|    73|   16|     1168|
    |in_stream2_281_U       |        0|   73|   0|    -|    73|   16|     1168|
    |in_stream2_29108_U     |        0|   73|   0|    -|    73|   16|     1168|
    |in_stream2_30109_U     |        0|   73|   0|    -|    73|   16|     1168|
    |in_stream2_31110_U     |        0|   73|   0|    -|    73|   16|     1168|
    |in_stream2_32111_U     |        0|   73|   0|    -|    73|   16|     1168|
    |in_stream2_33112_U     |        0|   73|   0|    -|    73|   16|     1168|
    |in_stream2_34113_U     |        0|   73|   0|    -|    73|   16|     1168|
    |in_stream2_35114_U     |        0|   73|   0|    -|    73|   16|     1168|
    |in_stream2_36115_U     |        0|   73|   0|    -|    73|   16|     1168|
    |in_stream2_37116_U     |        0|   73|   0|    -|    73|   16|     1168|
    |in_stream2_38117_U     |        0|   73|   0|    -|    73|   16|     1168|
    |in_stream2_382_U       |        0|   73|   0|    -|    73|   16|     1168|
    |in_stream2_39118_U     |        0|   73|   0|    -|    73|   16|     1168|
    |in_stream2_40119_U     |        0|   73|   0|    -|    73|   16|     1168|
    |in_stream2_41120_U     |        0|   73|   0|    -|    73|   16|     1168|
    |in_stream2_42121_U     |        0|   73|   0|    -|    73|   16|     1168|
    |in_stream2_43122_U     |        0|   73|   0|    -|    73|   16|     1168|
    |in_stream2_44123_U     |        0|   73|   0|    -|    73|   16|     1168|
    |in_stream2_45124_U     |        0|   73|   0|    -|    73|   16|     1168|
    |in_stream2_46125_U     |        0|   73|   0|    -|    73|   16|     1168|
    |in_stream2_47126_U     |        0|   73|   0|    -|    73|   16|     1168|
    |in_stream2_48127_U     |        0|   73|   0|    -|    73|   16|     1168|
    |in_stream2_483_U       |        0|   73|   0|    -|    73|   16|     1168|
    |in_stream2_49128_U     |        0|   73|   0|    -|    73|   16|     1168|
    |in_stream2_50129_U     |        0|   73|   0|    -|    73|   16|     1168|
    |in_stream2_51130_U     |        0|   73|   0|    -|    73|   16|     1168|
    |in_stream2_52131_U     |        0|   73|   0|    -|    73|   16|     1168|
    |in_stream2_53132_U     |        0|   73|   0|    -|    73|   16|     1168|
    |in_stream2_54133_U     |        0|   73|   0|    -|    73|   16|     1168|
    |in_stream2_55134_U     |        0|   73|   0|    -|    73|   16|     1168|
    |in_stream2_56135_U     |        0|   73|   0|    -|    73|   16|     1168|
    |in_stream2_57136_U     |        0|   73|   0|    -|    73|   16|     1168|
    |in_stream2_58137_U     |        0|   73|   0|    -|    73|   16|     1168|
    |in_stream2_584_U       |        0|   73|   0|    -|    73|   16|     1168|
    |in_stream2_59138_U     |        0|   73|   0|    -|    73|   16|     1168|
    |in_stream2_60139_U     |        0|   73|   0|    -|    73|   16|     1168|
    |in_stream2_61140_U     |        0|   73|   0|    -|    73|   16|     1168|
    |in_stream2_62141_U     |        0|   73|   0|    -|    73|   16|     1168|
    |in_stream2_63142_U     |        0|   73|   0|    -|    73|   16|     1168|
    |in_stream2_685_U       |        0|   73|   0|    -|    73|   16|     1168|
    |in_stream2_786_U       |        0|   73|   0|    -|    73|   16|     1168|
    |in_stream2_887_U       |        0|   73|   0|    -|    73|   16|     1168|
    |in_stream2_988_U       |        0|   73|   0|    -|    73|   16|     1168|
    |layer10_out_i_0527_U   |        0|  121|   0|    -|    73|   19|     1387|
    |layer10_out_i_10537_U  |        0|  121|   0|    -|    73|   19|     1387|
    |layer10_out_i_11538_U  |        0|  121|   0|    -|    73|   19|     1387|
    |layer10_out_i_12539_U  |        0|  121|   0|    -|    73|   19|     1387|
    |layer10_out_i_13540_U  |        0|  121|   0|    -|    73|   19|     1387|
    |layer10_out_i_14541_U  |        0|  121|   0|    -|    73|   19|     1387|
    |layer10_out_i_1528_U   |        0|  121|   0|    -|    73|   19|     1387|
    |layer10_out_i_15542_U  |        0|  121|   0|    -|    73|   19|     1387|
    |layer10_out_i_16543_U  |        0|  121|   0|    -|    73|   19|     1387|
    |layer10_out_i_17544_U  |        0|  121|   0|    -|    73|   19|     1387|
    |layer10_out_i_18545_U  |        0|  121|   0|    -|    73|   19|     1387|
    |layer10_out_i_19546_U  |        0|  121|   0|    -|    73|   19|     1387|
    |layer10_out_i_20547_U  |        0|  121|   0|    -|    73|   19|     1387|
    |layer10_out_i_21548_U  |        0|  121|   0|    -|    73|   19|     1387|
    |layer10_out_i_22549_U  |        0|  121|   0|    -|    73|   19|     1387|
    |layer10_out_i_23550_U  |        0|  121|   0|    -|    73|   19|     1387|
    |layer10_out_i_24551_U  |        0|  121|   0|    -|    73|   19|     1387|
    |layer10_out_i_2529_U   |        0|  121|   0|    -|    73|   19|     1387|
    |layer10_out_i_25552_U  |        0|  121|   0|    -|    73|   19|     1387|
    |layer10_out_i_26553_U  |        0|  121|   0|    -|    73|   19|     1387|
    |layer10_out_i_27554_U  |        0|  121|   0|    -|    73|   19|     1387|
    |layer10_out_i_28555_U  |        0|  121|   0|    -|    73|   19|     1387|
    |layer10_out_i_29556_U  |        0|  121|   0|    -|    73|   19|     1387|
    |layer10_out_i_30557_U  |        0|  121|   0|    -|    73|   19|     1387|
    |layer10_out_i_31558_U  |        0|  121|   0|    -|    73|   19|     1387|
    |layer10_out_i_32559_U  |        0|  121|   0|    -|    73|   19|     1387|
    |layer10_out_i_33560_U  |        0|  121|   0|    -|    73|   19|     1387|
    |layer10_out_i_34561_U  |        0|  121|   0|    -|    73|   19|     1387|
    |layer10_out_i_3530_U   |        0|  121|   0|    -|    73|   19|     1387|
    |layer10_out_i_35562_U  |        0|  121|   0|    -|    73|   19|     1387|
    |layer10_out_i_36563_U  |        0|  121|   0|    -|    73|   19|     1387|
    |layer10_out_i_37564_U  |        0|  121|   0|    -|    73|   19|     1387|
    |layer10_out_i_38565_U  |        0|  121|   0|    -|    73|   19|     1387|
    |layer10_out_i_39566_U  |        0|  121|   0|    -|    73|   19|     1387|
    |layer10_out_i_40567_U  |        0|  121|   0|    -|    73|   19|     1387|
    |layer10_out_i_41568_U  |        0|  121|   0|    -|    73|   19|     1387|
    |layer10_out_i_42569_U  |        0|  121|   0|    -|    73|   19|     1387|
    |layer10_out_i_43570_U  |        0|  121|   0|    -|    73|   19|     1387|
    |layer10_out_i_44571_U  |        0|  121|   0|    -|    73|   19|     1387|
    |layer10_out_i_4531_U   |        0|  121|   0|    -|    73|   19|     1387|
    |layer10_out_i_45572_U  |        0|  121|   0|    -|    73|   19|     1387|
    |layer10_out_i_46573_U  |        0|  121|   0|    -|    73|   19|     1387|
    |layer10_out_i_47574_U  |        0|  121|   0|    -|    73|   19|     1387|
    |layer10_out_i_48575_U  |        0|  121|   0|    -|    73|   19|     1387|
    |layer10_out_i_49576_U  |        0|  121|   0|    -|    73|   19|     1387|
    |layer10_out_i_50577_U  |        0|  121|   0|    -|    73|   19|     1387|
    |layer10_out_i_51578_U  |        0|  121|   0|    -|    73|   19|     1387|
    |layer10_out_i_52579_U  |        0|  121|   0|    -|    73|   19|     1387|
    |layer10_out_i_53580_U  |        0|  121|   0|    -|    73|   19|     1387|
    |layer10_out_i_54581_U  |        0|  121|   0|    -|    73|   19|     1387|
    |layer10_out_i_5532_U   |        0|  121|   0|    -|    73|   19|     1387|
    |layer10_out_i_55582_U  |        0|  121|   0|    -|    73|   19|     1387|
    |layer10_out_i_56583_U  |        0|  121|   0|    -|    73|   19|     1387|
    |layer10_out_i_57584_U  |        0|  121|   0|    -|    73|   19|     1387|
    |layer10_out_i_58585_U  |        0|  121|   0|    -|    73|   19|     1387|
    |layer10_out_i_59586_U  |        0|  121|   0|    -|    73|   19|     1387|
    |layer10_out_i_60587_U  |        0|  121|   0|    -|    73|   19|     1387|
    |layer10_out_i_61588_U  |        0|  121|   0|    -|    73|   19|     1387|
    |layer10_out_i_62589_U  |        0|  121|   0|    -|    73|   19|     1387|
    |layer10_out_i_63590_U  |        0|  121|   0|    -|    73|   19|     1387|
    |layer10_out_i_6533_U   |        0|  121|   0|    -|    73|   19|     1387|
    |layer10_out_i_7534_U   |        0|  121|   0|    -|    73|   19|     1387|
    |layer10_out_i_8535_U   |        0|  121|   0|    -|    73|   19|     1387|
    |layer10_out_i_9536_U   |        0|  121|   0|    -|    73|   19|     1387|
    |layer11_out_i_0591_U   |        0|   73|   0|    -|    73|   16|     1168|
    |layer11_out_i_10601_U  |        0|   73|   0|    -|    73|   16|     1168|
    |layer11_out_i_11602_U  |        0|   73|   0|    -|    73|   16|     1168|
    |layer11_out_i_12603_U  |        0|   73|   0|    -|    73|   16|     1168|
    |layer11_out_i_13604_U  |        0|   73|   0|    -|    73|   16|     1168|
    |layer11_out_i_14605_U  |        0|   73|   0|    -|    73|   16|     1168|
    |layer11_out_i_15606_U  |        0|   73|   0|    -|    73|   16|     1168|
    |layer11_out_i_1592_U   |        0|   73|   0|    -|    73|   16|     1168|
    |layer11_out_i_16607_U  |        0|   73|   0|    -|    73|   16|     1168|
    |layer11_out_i_17608_U  |        0|   73|   0|    -|    73|   16|     1168|
    |layer11_out_i_18609_U  |        0|   73|   0|    -|    73|   16|     1168|
    |layer11_out_i_19610_U  |        0|   73|   0|    -|    73|   16|     1168|
    |layer11_out_i_20611_U  |        0|   73|   0|    -|    73|   16|     1168|
    |layer11_out_i_21612_U  |        0|   73|   0|    -|    73|   16|     1168|
    |layer11_out_i_22613_U  |        0|   73|   0|    -|    73|   16|     1168|
    |layer11_out_i_23614_U  |        0|   73|   0|    -|    73|   16|     1168|
    |layer11_out_i_24615_U  |        0|   73|   0|    -|    73|   16|     1168|
    |layer11_out_i_25616_U  |        0|   73|   0|    -|    73|   16|     1168|
    |layer11_out_i_2593_U   |        0|   73|   0|    -|    73|   16|     1168|
    |layer11_out_i_26617_U  |        0|   73|   0|    -|    73|   16|     1168|
    |layer11_out_i_27618_U  |        0|   73|   0|    -|    73|   16|     1168|
    |layer11_out_i_28619_U  |        0|   73|   0|    -|    73|   16|     1168|
    |layer11_out_i_29620_U  |        0|   73|   0|    -|    73|   16|     1168|
    |layer11_out_i_30621_U  |        0|   73|   0|    -|    73|   16|     1168|
    |layer11_out_i_31622_U  |        0|   73|   0|    -|    73|   16|     1168|
    |layer11_out_i_32623_U  |        0|   73|   0|    -|    73|   16|     1168|
    |layer11_out_i_33624_U  |        0|   73|   0|    -|    73|   16|     1168|
    |layer11_out_i_34625_U  |        0|   73|   0|    -|    73|   16|     1168|
    |layer11_out_i_35626_U  |        0|   73|   0|    -|    73|   16|     1168|
    |layer11_out_i_3594_U   |        0|   73|   0|    -|    73|   16|     1168|
    |layer11_out_i_36627_U  |        0|   73|   0|    -|    73|   16|     1168|
    |layer11_out_i_37628_U  |        0|   73|   0|    -|    73|   16|     1168|
    |layer11_out_i_38629_U  |        0|   73|   0|    -|    73|   16|     1168|
    |layer11_out_i_39630_U  |        0|   73|   0|    -|    73|   16|     1168|
    |layer11_out_i_40631_U  |        0|   73|   0|    -|    73|   16|     1168|
    |layer11_out_i_41632_U  |        0|   73|   0|    -|    73|   16|     1168|
    |layer11_out_i_42633_U  |        0|   73|   0|    -|    73|   16|     1168|
    |layer11_out_i_43634_U  |        0|   73|   0|    -|    73|   16|     1168|
    |layer11_out_i_44635_U  |        0|   73|   0|    -|    73|   16|     1168|
    |layer11_out_i_45636_U  |        0|   73|   0|    -|    73|   16|     1168|
    |layer11_out_i_4595_U   |        0|   73|   0|    -|    73|   16|     1168|
    |layer11_out_i_46637_U  |        0|   73|   0|    -|    73|   16|     1168|
    |layer11_out_i_47638_U  |        0|   73|   0|    -|    73|   16|     1168|
    |layer11_out_i_48639_U  |        0|   73|   0|    -|    73|   16|     1168|
    |layer11_out_i_49640_U  |        0|   73|   0|    -|    73|   16|     1168|
    |layer11_out_i_50641_U  |        0|   73|   0|    -|    73|   16|     1168|
    |layer11_out_i_51642_U  |        0|   73|   0|    -|    73|   16|     1168|
    |layer11_out_i_52643_U  |        0|   73|   0|    -|    73|   16|     1168|
    |layer11_out_i_53644_U  |        0|   73|   0|    -|    73|   16|     1168|
    |layer11_out_i_54645_U  |        0|   73|   0|    -|    73|   16|     1168|
    |layer11_out_i_55646_U  |        0|   73|   0|    -|    73|   16|     1168|
    |layer11_out_i_5596_U   |        0|   73|   0|    -|    73|   16|     1168|
    |layer11_out_i_56647_U  |        0|   73|   0|    -|    73|   16|     1168|
    |layer11_out_i_57648_U  |        0|   73|   0|    -|    73|   16|     1168|
    |layer11_out_i_58649_U  |        0|   73|   0|    -|    73|   16|     1168|
    |layer11_out_i_59650_U  |        0|   73|   0|    -|    73|   16|     1168|
    |layer11_out_i_60651_U  |        0|   73|   0|    -|    73|   16|     1168|
    |layer11_out_i_61652_U  |        0|   73|   0|    -|    73|   16|     1168|
    |layer11_out_i_62653_U  |        0|   73|   0|    -|    73|   16|     1168|
    |layer11_out_i_63654_U  |        0|   73|   0|    -|    73|   16|     1168|
    |layer11_out_i_6597_U   |        0|   73|   0|    -|    73|   16|     1168|
    |layer11_out_i_7598_U   |        0|   73|   0|    -|    73|   16|     1168|
    |layer11_out_i_8599_U   |        0|   73|   0|    -|    73|   16|     1168|
    |layer11_out_i_9600_U   |        0|   73|   0|    -|    73|   16|     1168|
    |layer14_out_i_0659_U   |        0|   10|   0|    -|    73|    8|      584|
    |layer14_out_i_1660_U   |        0|   10|   0|    -|    73|    8|      584|
    |layer14_out_i_2661_U   |        0|   10|   0|    -|    73|    8|      584|
    |layer14_out_i_3662_U   |        0|   10|   0|    -|    73|    8|      584|
    |layer17_out_i_0655_U   |        0|   73|   0|    -|    73|   16|     1168|
    |layer17_out_i_1656_U   |        0|   73|   0|    -|    73|   16|     1168|
    |layer17_out_i_2657_U   |        0|   73|   0|    -|    73|   16|     1168|
    |layer17_out_i_3658_U   |        0|   73|   0|    -|    73|   16|     1168|
    |layer2_out_i_0143_U    |        0|   68|   0|    -|     1|   17|       17|
    |layer2_out_i_100243_U  |        0|   68|   0|    -|     1|   17|       17|
    |layer2_out_i_101244_U  |        0|   68|   0|    -|     1|   17|       17|
    |layer2_out_i_10153_U   |        0|   68|   0|    -|     1|   17|       17|
    |layer2_out_i_102245_U  |        0|   68|   0|    -|     1|   17|       17|
    |layer2_out_i_103246_U  |        0|   68|   0|    -|     1|   17|       17|
    |layer2_out_i_104247_U  |        0|   68|   0|    -|     1|   17|       17|
    |layer2_out_i_105248_U  |        0|   68|   0|    -|     1|   17|       17|
    |layer2_out_i_106249_U  |        0|   68|   0|    -|     1|   17|       17|
    |layer2_out_i_107250_U  |        0|   68|   0|    -|     1|   17|       17|
    |layer2_out_i_108251_U  |        0|   68|   0|    -|     1|   17|       17|
    |layer2_out_i_109252_U  |        0|   68|   0|    -|     1|   17|       17|
    |layer2_out_i_110253_U  |        0|   68|   0|    -|     1|   17|       17|
    |layer2_out_i_111254_U  |        0|   68|   0|    -|     1|   17|       17|
    |layer2_out_i_11154_U   |        0|   68|   0|    -|     1|   17|       17|
    |layer2_out_i_112255_U  |        0|   68|   0|    -|     1|   17|       17|
    |layer2_out_i_113256_U  |        0|   68|   0|    -|     1|   17|       17|
    |layer2_out_i_114257_U  |        0|   68|   0|    -|     1|   17|       17|
    |layer2_out_i_1144_U    |        0|   68|   0|    -|     1|   17|       17|
    |layer2_out_i_115258_U  |        0|   68|   0|    -|     1|   17|       17|
    |layer2_out_i_116259_U  |        0|   68|   0|    -|     1|   17|       17|
    |layer2_out_i_117260_U  |        0|   68|   0|    -|     1|   17|       17|
    |layer2_out_i_118261_U  |        0|   68|   0|    -|     1|   17|       17|
    |layer2_out_i_119262_U  |        0|   68|   0|    -|     1|   17|       17|
    |layer2_out_i_120263_U  |        0|   68|   0|    -|     1|   17|       17|
    |layer2_out_i_121264_U  |        0|   68|   0|    -|     1|   17|       17|
    |layer2_out_i_12155_U   |        0|   68|   0|    -|     1|   17|       17|
    |layer2_out_i_122265_U  |        0|   68|   0|    -|     1|   17|       17|
    |layer2_out_i_123266_U  |        0|   68|   0|    -|     1|   17|       17|
    |layer2_out_i_124267_U  |        0|   68|   0|    -|     1|   17|       17|
    |layer2_out_i_125268_U  |        0|   68|   0|    -|     1|   17|       17|
    |layer2_out_i_126269_U  |        0|   68|   0|    -|     1|   17|       17|
    |layer2_out_i_127270_U  |        0|   68|   0|    -|     1|   17|       17|
    |layer2_out_i_13156_U   |        0|   68|   0|    -|     1|   17|       17|
    |layer2_out_i_14157_U   |        0|   68|   0|    -|     1|   17|       17|
    |layer2_out_i_15158_U   |        0|   68|   0|    -|     1|   17|       17|
    |layer2_out_i_16159_U   |        0|   68|   0|    -|     1|   17|       17|
    |layer2_out_i_17160_U   |        0|   68|   0|    -|     1|   17|       17|
    |layer2_out_i_18161_U   |        0|   68|   0|    -|     1|   17|       17|
    |layer2_out_i_19162_U   |        0|   68|   0|    -|     1|   17|       17|
    |layer2_out_i_20163_U   |        0|   68|   0|    -|     1|   17|       17|
    |layer2_out_i_21164_U   |        0|   68|   0|    -|     1|   17|       17|
    |layer2_out_i_2145_U    |        0|   68|   0|    -|     1|   17|       17|
    |layer2_out_i_22165_U   |        0|   68|   0|    -|     1|   17|       17|
    |layer2_out_i_23166_U   |        0|   68|   0|    -|     1|   17|       17|
    |layer2_out_i_24167_U   |        0|   68|   0|    -|     1|   17|       17|
    |layer2_out_i_25168_U   |        0|   68|   0|    -|     1|   17|       17|
    |layer2_out_i_26169_U   |        0|   68|   0|    -|     1|   17|       17|
    |layer2_out_i_27170_U   |        0|   68|   0|    -|     1|   17|       17|
    |layer2_out_i_28171_U   |        0|   68|   0|    -|     1|   17|       17|
    |layer2_out_i_29172_U   |        0|   68|   0|    -|     1|   17|       17|
    |layer2_out_i_30173_U   |        0|   68|   0|    -|     1|   17|       17|
    |layer2_out_i_31174_U   |        0|   68|   0|    -|     1|   17|       17|
    |layer2_out_i_3146_U    |        0|   68|   0|    -|     1|   17|       17|
    |layer2_out_i_32175_U   |        0|   68|   0|    -|     1|   17|       17|
    |layer2_out_i_33176_U   |        0|   68|   0|    -|     1|   17|       17|
    |layer2_out_i_34177_U   |        0|   68|   0|    -|     1|   17|       17|
    |layer2_out_i_35178_U   |        0|   68|   0|    -|     1|   17|       17|
    |layer2_out_i_36179_U   |        0|   68|   0|    -|     1|   17|       17|
    |layer2_out_i_37180_U   |        0|   68|   0|    -|     1|   17|       17|
    |layer2_out_i_38181_U   |        0|   68|   0|    -|     1|   17|       17|
    |layer2_out_i_39182_U   |        0|   68|   0|    -|     1|   17|       17|
    |layer2_out_i_40183_U   |        0|   68|   0|    -|     1|   17|       17|
    |layer2_out_i_41184_U   |        0|   68|   0|    -|     1|   17|       17|
    |layer2_out_i_4147_U    |        0|   68|   0|    -|     1|   17|       17|
    |layer2_out_i_42185_U   |        0|   68|   0|    -|     1|   17|       17|
    |layer2_out_i_43186_U   |        0|   68|   0|    -|     1|   17|       17|
    |layer2_out_i_44187_U   |        0|   68|   0|    -|     1|   17|       17|
    |layer2_out_i_45188_U   |        0|   68|   0|    -|     1|   17|       17|
    |layer2_out_i_46189_U   |        0|   68|   0|    -|     1|   17|       17|
    |layer2_out_i_47190_U   |        0|   68|   0|    -|     1|   17|       17|
    |layer2_out_i_48191_U   |        0|   68|   0|    -|     1|   17|       17|
    |layer2_out_i_49192_U   |        0|   68|   0|    -|     1|   17|       17|
    |layer2_out_i_50193_U   |        0|   68|   0|    -|     1|   17|       17|
    |layer2_out_i_51194_U   |        0|   68|   0|    -|     1|   17|       17|
    |layer2_out_i_5148_U    |        0|   68|   0|    -|     1|   17|       17|
    |layer2_out_i_52195_U   |        0|   68|   0|    -|     1|   17|       17|
    |layer2_out_i_53196_U   |        0|   68|   0|    -|     1|   17|       17|
    |layer2_out_i_54197_U   |        0|   68|   0|    -|     1|   17|       17|
    |layer2_out_i_55198_U   |        0|   68|   0|    -|     1|   17|       17|
    |layer2_out_i_56199_U   |        0|   68|   0|    -|     1|   17|       17|
    |layer2_out_i_57200_U   |        0|   68|   0|    -|     1|   17|       17|
    |layer2_out_i_58201_U   |        0|   68|   0|    -|     1|   17|       17|
    |layer2_out_i_59202_U   |        0|   68|   0|    -|     1|   17|       17|
    |layer2_out_i_60203_U   |        0|   68|   0|    -|     1|   17|       17|
    |layer2_out_i_61204_U   |        0|   68|   0|    -|     1|   17|       17|
    |layer2_out_i_6149_U    |        0|   68|   0|    -|     1|   17|       17|
    |layer2_out_i_62205_U   |        0|   68|   0|    -|     1|   17|       17|
    |layer2_out_i_63206_U   |        0|   68|   0|    -|     1|   17|       17|
    |layer2_out_i_64207_U   |        0|   68|   0|    -|     1|   17|       17|
    |layer2_out_i_65208_U   |        0|   68|   0|    -|     1|   17|       17|
    |layer2_out_i_66209_U   |        0|   68|   0|    -|     1|   17|       17|
    |layer2_out_i_67210_U   |        0|   68|   0|    -|     1|   17|       17|
    |layer2_out_i_68211_U   |        0|   68|   0|    -|     1|   17|       17|
    |layer2_out_i_69212_U   |        0|   68|   0|    -|     1|   17|       17|
    |layer2_out_i_70213_U   |        0|   68|   0|    -|     1|   17|       17|
    |layer2_out_i_71214_U   |        0|   68|   0|    -|     1|   17|       17|
    |layer2_out_i_7150_U    |        0|   68|   0|    -|     1|   17|       17|
    |layer2_out_i_72215_U   |        0|   68|   0|    -|     1|   17|       17|
    |layer2_out_i_73216_U   |        0|   68|   0|    -|     1|   17|       17|
    |layer2_out_i_74217_U   |        0|   68|   0|    -|     1|   17|       17|
    |layer2_out_i_75218_U   |        0|   68|   0|    -|     1|   17|       17|
    |layer2_out_i_76219_U   |        0|   68|   0|    -|     1|   17|       17|
    |layer2_out_i_77220_U   |        0|   68|   0|    -|     1|   17|       17|
    |layer2_out_i_78221_U   |        0|   68|   0|    -|     1|   17|       17|
    |layer2_out_i_79222_U   |        0|   68|   0|    -|     1|   17|       17|
    |layer2_out_i_80223_U   |        0|   68|   0|    -|     1|   17|       17|
    |layer2_out_i_81224_U   |        0|   68|   0|    -|     1|   17|       17|
    |layer2_out_i_8151_U    |        0|   68|   0|    -|     1|   17|       17|
    |layer2_out_i_82225_U   |        0|   68|   0|    -|     1|   17|       17|
    |layer2_out_i_83226_U   |        0|   68|   0|    -|     1|   17|       17|
    |layer2_out_i_84227_U   |        0|   68|   0|    -|     1|   17|       17|
    |layer2_out_i_85228_U   |        0|   68|   0|    -|     1|   17|       17|
    |layer2_out_i_86229_U   |        0|   68|   0|    -|     1|   17|       17|
    |layer2_out_i_87230_U   |        0|   68|   0|    -|     1|   17|       17|
    |layer2_out_i_88231_U   |        0|   68|   0|    -|     1|   17|       17|
    |layer2_out_i_89232_U   |        0|   68|   0|    -|     1|   17|       17|
    |layer2_out_i_90233_U   |        0|   68|   0|    -|     1|   17|       17|
    |layer2_out_i_91234_U   |        0|   68|   0|    -|     1|   17|       17|
    |layer2_out_i_9152_U    |        0|   68|   0|    -|     1|   17|       17|
    |layer2_out_i_92235_U   |        0|   68|   0|    -|     1|   17|       17|
    |layer2_out_i_93236_U   |        0|   68|   0|    -|     1|   17|       17|
    |layer2_out_i_94237_U   |        0|   68|   0|    -|     1|   17|       17|
    |layer2_out_i_95238_U   |        0|   68|   0|    -|     1|   17|       17|
    |layer2_out_i_96239_U   |        0|   68|   0|    -|     1|   17|       17|
    |layer2_out_i_97240_U   |        0|   68|   0|    -|     1|   17|       17|
    |layer2_out_i_98241_U   |        0|   68|   0|    -|     1|   17|       17|
    |layer2_out_i_99242_U   |        0|   68|   0|    -|     1|   17|       17|
    |layer3_out_i_0271_U    |        0|   20|   0|    -|     1|    8|        8|
    |layer3_out_i_100371_U  |        0|   20|   0|    -|     1|    8|        8|
    |layer3_out_i_101372_U  |        0|   20|   0|    -|     1|    8|        8|
    |layer3_out_i_102373_U  |        0|   20|   0|    -|     1|    8|        8|
    |layer3_out_i_10281_U   |        0|   20|   0|    -|     1|    8|        8|
    |layer3_out_i_103374_U  |        0|   20|   0|    -|     1|    8|        8|
    |layer3_out_i_104375_U  |        0|   20|   0|    -|     1|    8|        8|
    |layer3_out_i_105376_U  |        0|   20|   0|    -|     1|    8|        8|
    |layer3_out_i_106377_U  |        0|   20|   0|    -|     1|    8|        8|
    |layer3_out_i_107378_U  |        0|   20|   0|    -|     1|    8|        8|
    |layer3_out_i_108379_U  |        0|   20|   0|    -|     1|    8|        8|
    |layer3_out_i_109380_U  |        0|   20|   0|    -|     1|    8|        8|
    |layer3_out_i_110381_U  |        0|   20|   0|    -|     1|    8|        8|
    |layer3_out_i_111382_U  |        0|   20|   0|    -|     1|    8|        8|
    |layer3_out_i_112383_U  |        0|   20|   0|    -|     1|    8|        8|
    |layer3_out_i_11282_U   |        0|   20|   0|    -|     1|    8|        8|
    |layer3_out_i_113384_U  |        0|   20|   0|    -|     1|    8|        8|
    |layer3_out_i_114385_U  |        0|   20|   0|    -|     1|    8|        8|
    |layer3_out_i_115386_U  |        0|   20|   0|    -|     1|    8|        8|
    |layer3_out_i_116387_U  |        0|   20|   0|    -|     1|    8|        8|
    |layer3_out_i_117388_U  |        0|   20|   0|    -|     1|    8|        8|
    |layer3_out_i_118389_U  |        0|   20|   0|    -|     1|    8|        8|
    |layer3_out_i_119390_U  |        0|   20|   0|    -|     1|    8|        8|
    |layer3_out_i_120391_U  |        0|   20|   0|    -|     1|    8|        8|
    |layer3_out_i_121392_U  |        0|   20|   0|    -|     1|    8|        8|
    |layer3_out_i_122393_U  |        0|   20|   0|    -|     1|    8|        8|
    |layer3_out_i_12283_U   |        0|   20|   0|    -|     1|    8|        8|
    |layer3_out_i_123394_U  |        0|   20|   0|    -|     1|    8|        8|
    |layer3_out_i_124395_U  |        0|   20|   0|    -|     1|    8|        8|
    |layer3_out_i_125396_U  |        0|   20|   0|    -|     1|    8|        8|
    |layer3_out_i_126397_U  |        0|   20|   0|    -|     1|    8|        8|
    |layer3_out_i_1272_U    |        0|   20|   0|    -|     1|    8|        8|
    |layer3_out_i_127398_U  |        0|   20|   0|    -|     1|    8|        8|
    |layer3_out_i_13284_U   |        0|   20|   0|    -|     1|    8|        8|
    |layer3_out_i_14285_U   |        0|   20|   0|    -|     1|    8|        8|
    |layer3_out_i_15286_U   |        0|   20|   0|    -|     1|    8|        8|
    |layer3_out_i_16287_U   |        0|   20|   0|    -|     1|    8|        8|
    |layer3_out_i_17288_U   |        0|   20|   0|    -|     1|    8|        8|
    |layer3_out_i_18289_U   |        0|   20|   0|    -|     1|    8|        8|
    |layer3_out_i_19290_U   |        0|   20|   0|    -|     1|    8|        8|
    |layer3_out_i_20291_U   |        0|   20|   0|    -|     1|    8|        8|
    |layer3_out_i_21292_U   |        0|   20|   0|    -|     1|    8|        8|
    |layer3_out_i_22293_U   |        0|   20|   0|    -|     1|    8|        8|
    |layer3_out_i_2273_U    |        0|   20|   0|    -|     1|    8|        8|
    |layer3_out_i_23294_U   |        0|   20|   0|    -|     1|    8|        8|
    |layer3_out_i_24295_U   |        0|   20|   0|    -|     1|    8|        8|
    |layer3_out_i_25296_U   |        0|   20|   0|    -|     1|    8|        8|
    |layer3_out_i_26297_U   |        0|   20|   0|    -|     1|    8|        8|
    |layer3_out_i_27298_U   |        0|   20|   0|    -|     1|    8|        8|
    |layer3_out_i_28299_U   |        0|   20|   0|    -|     1|    8|        8|
    |layer3_out_i_29300_U   |        0|   20|   0|    -|     1|    8|        8|
    |layer3_out_i_30301_U   |        0|   20|   0|    -|     1|    8|        8|
    |layer3_out_i_31302_U   |        0|   20|   0|    -|     1|    8|        8|
    |layer3_out_i_32303_U   |        0|   20|   0|    -|     1|    8|        8|
    |layer3_out_i_3274_U    |        0|   20|   0|    -|     1|    8|        8|
    |layer3_out_i_33304_U   |        0|   20|   0|    -|     1|    8|        8|
    |layer3_out_i_34305_U   |        0|   20|   0|    -|     1|    8|        8|
    |layer3_out_i_35306_U   |        0|   20|   0|    -|     1|    8|        8|
    |layer3_out_i_36307_U   |        0|   20|   0|    -|     1|    8|        8|
    |layer3_out_i_37308_U   |        0|   20|   0|    -|     1|    8|        8|
    |layer3_out_i_38309_U   |        0|   20|   0|    -|     1|    8|        8|
    |layer3_out_i_39310_U   |        0|   20|   0|    -|     1|    8|        8|
    |layer3_out_i_40311_U   |        0|   20|   0|    -|     1|    8|        8|
    |layer3_out_i_41312_U   |        0|   20|   0|    -|     1|    8|        8|
    |layer3_out_i_42313_U   |        0|   20|   0|    -|     1|    8|        8|
    |layer3_out_i_4275_U    |        0|   20|   0|    -|     1|    8|        8|
    |layer3_out_i_43314_U   |        0|   20|   0|    -|     1|    8|        8|
    |layer3_out_i_44315_U   |        0|   20|   0|    -|     1|    8|        8|
    |layer3_out_i_45316_U   |        0|   20|   0|    -|     1|    8|        8|
    |layer3_out_i_46317_U   |        0|   20|   0|    -|     1|    8|        8|
    |layer3_out_i_47318_U   |        0|   20|   0|    -|     1|    8|        8|
    |layer3_out_i_48319_U   |        0|   20|   0|    -|     1|    8|        8|
    |layer3_out_i_49320_U   |        0|   20|   0|    -|     1|    8|        8|
    |layer3_out_i_50321_U   |        0|   20|   0|    -|     1|    8|        8|
    |layer3_out_i_51322_U   |        0|   20|   0|    -|     1|    8|        8|
    |layer3_out_i_52323_U   |        0|   20|   0|    -|     1|    8|        8|
    |layer3_out_i_5276_U    |        0|   20|   0|    -|     1|    8|        8|
    |layer3_out_i_53324_U   |        0|   20|   0|    -|     1|    8|        8|
    |layer3_out_i_54325_U   |        0|   20|   0|    -|     1|    8|        8|
    |layer3_out_i_55326_U   |        0|   20|   0|    -|     1|    8|        8|
    |layer3_out_i_56327_U   |        0|   20|   0|    -|     1|    8|        8|
    |layer3_out_i_57328_U   |        0|   20|   0|    -|     1|    8|        8|
    |layer3_out_i_58329_U   |        0|   20|   0|    -|     1|    8|        8|
    |layer3_out_i_59330_U   |        0|   20|   0|    -|     1|    8|        8|
    |layer3_out_i_60331_U   |        0|   20|   0|    -|     1|    8|        8|
    |layer3_out_i_61332_U   |        0|   20|   0|    -|     1|    8|        8|
    |layer3_out_i_62333_U   |        0|   20|   0|    -|     1|    8|        8|
    |layer3_out_i_6277_U    |        0|   20|   0|    -|     1|    8|        8|
    |layer3_out_i_63334_U   |        0|   20|   0|    -|     1|    8|        8|
    |layer3_out_i_64335_U   |        0|   20|   0|    -|     1|    8|        8|
    |layer3_out_i_65336_U   |        0|   20|   0|    -|     1|    8|        8|
    |layer3_out_i_66337_U   |        0|   20|   0|    -|     1|    8|        8|
    |layer3_out_i_67338_U   |        0|   20|   0|    -|     1|    8|        8|
    |layer3_out_i_68339_U   |        0|   20|   0|    -|     1|    8|        8|
    |layer3_out_i_69340_U   |        0|   20|   0|    -|     1|    8|        8|
    |layer3_out_i_70341_U   |        0|   20|   0|    -|     1|    8|        8|
    |layer3_out_i_71342_U   |        0|   20|   0|    -|     1|    8|        8|
    |layer3_out_i_72343_U   |        0|   20|   0|    -|     1|    8|        8|
    |layer3_out_i_7278_U    |        0|   20|   0|    -|     1|    8|        8|
    |layer3_out_i_73344_U   |        0|   20|   0|    -|     1|    8|        8|
    |layer3_out_i_74345_U   |        0|   20|   0|    -|     1|    8|        8|
    |layer3_out_i_75346_U   |        0|   20|   0|    -|     1|    8|        8|
    |layer3_out_i_76347_U   |        0|   20|   0|    -|     1|    8|        8|
    |layer3_out_i_77348_U   |        0|   20|   0|    -|     1|    8|        8|
    |layer3_out_i_78349_U   |        0|   20|   0|    -|     1|    8|        8|
    |layer3_out_i_79350_U   |        0|   20|   0|    -|     1|    8|        8|
    |layer3_out_i_80351_U   |        0|   20|   0|    -|     1|    8|        8|
    |layer3_out_i_81352_U   |        0|   20|   0|    -|     1|    8|        8|
    |layer3_out_i_82353_U   |        0|   20|   0|    -|     1|    8|        8|
    |layer3_out_i_8279_U    |        0|   20|   0|    -|     1|    8|        8|
    |layer3_out_i_83354_U   |        0|   20|   0|    -|     1|    8|        8|
    |layer3_out_i_84355_U   |        0|   20|   0|    -|     1|    8|        8|
    |layer3_out_i_85356_U   |        0|   20|   0|    -|     1|    8|        8|
    |layer3_out_i_86357_U   |        0|   20|   0|    -|     1|    8|        8|
    |layer3_out_i_87358_U   |        0|   20|   0|    -|     1|    8|        8|
    |layer3_out_i_88359_U   |        0|   20|   0|    -|     1|    8|        8|
    |layer3_out_i_89360_U   |        0|   20|   0|    -|     1|    8|        8|
    |layer3_out_i_90361_U   |        0|   20|   0|    -|     1|    8|        8|
    |layer3_out_i_91362_U   |        0|   20|   0|    -|     1|    8|        8|
    |layer3_out_i_92363_U   |        0|   20|   0|    -|     1|    8|        8|
    |layer3_out_i_9280_U    |        0|   20|   0|    -|     1|    8|        8|
    |layer3_out_i_93364_U   |        0|   20|   0|    -|     1|    8|        8|
    |layer3_out_i_94365_U   |        0|   20|   0|    -|     1|    8|        8|
    |layer3_out_i_95366_U   |        0|   20|   0|    -|     1|    8|        8|
    |layer3_out_i_96367_U   |        0|   20|   0|    -|     1|    8|        8|
    |layer3_out_i_97368_U   |        0|   20|   0|    -|     1|    8|        8|
    |layer3_out_i_98369_U   |        0|   20|   0|    -|     1|    8|        8|
    |layer3_out_i_99370_U   |        0|   20|   0|    -|     1|    8|        8|
    |layer4_out_i_0399_U    |        0|   36|   0|    -|     1|   16|       16|
    |layer4_out_i_10409_U   |        0|   36|   0|    -|     1|   16|       16|
    |layer4_out_i_11410_U   |        0|   36|   0|    -|     1|   16|       16|
    |layer4_out_i_12411_U   |        0|   36|   0|    -|     1|   16|       16|
    |layer4_out_i_13412_U   |        0|   36|   0|    -|     1|   16|       16|
    |layer4_out_i_1400_U    |        0|   36|   0|    -|     1|   16|       16|
    |layer4_out_i_14413_U   |        0|   36|   0|    -|     1|   16|       16|
    |layer4_out_i_15414_U   |        0|   36|   0|    -|     1|   16|       16|
    |layer4_out_i_16415_U   |        0|   36|   0|    -|     1|   16|       16|
    |layer4_out_i_17416_U   |        0|   36|   0|    -|     1|   16|       16|
    |layer4_out_i_18417_U   |        0|   36|   0|    -|     1|   16|       16|
    |layer4_out_i_19418_U   |        0|   36|   0|    -|     1|   16|       16|
    |layer4_out_i_20419_U   |        0|   36|   0|    -|     1|   16|       16|
    |layer4_out_i_21420_U   |        0|   36|   0|    -|     1|   16|       16|
    |layer4_out_i_22421_U   |        0|   36|   0|    -|     1|   16|       16|
    |layer4_out_i_23422_U   |        0|   36|   0|    -|     1|   16|       16|
    |layer4_out_i_2401_U    |        0|   36|   0|    -|     1|   16|       16|
    |layer4_out_i_24423_U   |        0|   36|   0|    -|     1|   16|       16|
    |layer4_out_i_25424_U   |        0|   36|   0|    -|     1|   16|       16|
    |layer4_out_i_26425_U   |        0|   36|   0|    -|     1|   16|       16|
    |layer4_out_i_27426_U   |        0|   36|   0|    -|     1|   16|       16|
    |layer4_out_i_28427_U   |        0|   36|   0|    -|     1|   16|       16|
    |layer4_out_i_29428_U   |        0|   36|   0|    -|     1|   16|       16|
    |layer4_out_i_30429_U   |        0|   36|   0|    -|     1|   16|       16|
    |layer4_out_i_31430_U   |        0|   36|   0|    -|     1|   16|       16|
    |layer4_out_i_32431_U   |        0|   36|   0|    -|     1|   16|       16|
    |layer4_out_i_33432_U   |        0|   36|   0|    -|     1|   16|       16|
    |layer4_out_i_3402_U    |        0|   36|   0|    -|     1|   16|       16|
    |layer4_out_i_34433_U   |        0|   36|   0|    -|     1|   16|       16|
    |layer4_out_i_35434_U   |        0|   36|   0|    -|     1|   16|       16|
    |layer4_out_i_36435_U   |        0|   36|   0|    -|     1|   16|       16|
    |layer4_out_i_37436_U   |        0|   36|   0|    -|     1|   16|       16|
    |layer4_out_i_38437_U   |        0|   36|   0|    -|     1|   16|       16|
    |layer4_out_i_39438_U   |        0|   36|   0|    -|     1|   16|       16|
    |layer4_out_i_40439_U   |        0|   36|   0|    -|     1|   16|       16|
    |layer4_out_i_41440_U   |        0|   36|   0|    -|     1|   16|       16|
    |layer4_out_i_42441_U   |        0|   36|   0|    -|     1|   16|       16|
    |layer4_out_i_43442_U   |        0|   36|   0|    -|     1|   16|       16|
    |layer4_out_i_4403_U    |        0|   36|   0|    -|     1|   16|       16|
    |layer4_out_i_44443_U   |        0|   36|   0|    -|     1|   16|       16|
    |layer4_out_i_45444_U   |        0|   36|   0|    -|     1|   16|       16|
    |layer4_out_i_46445_U   |        0|   36|   0|    -|     1|   16|       16|
    |layer4_out_i_47446_U   |        0|   36|   0|    -|     1|   16|       16|
    |layer4_out_i_48447_U   |        0|   36|   0|    -|     1|   16|       16|
    |layer4_out_i_49448_U   |        0|   36|   0|    -|     1|   16|       16|
    |layer4_out_i_50449_U   |        0|   36|   0|    -|     1|   16|       16|
    |layer4_out_i_51450_U   |        0|   36|   0|    -|     1|   16|       16|
    |layer4_out_i_52451_U   |        0|   36|   0|    -|     1|   16|       16|
    |layer4_out_i_53452_U   |        0|   36|   0|    -|     1|   16|       16|
    |layer4_out_i_5404_U    |        0|   36|   0|    -|     1|   16|       16|
    |layer4_out_i_54453_U   |        0|   36|   0|    -|     1|   16|       16|
    |layer4_out_i_55454_U   |        0|   36|   0|    -|     1|   16|       16|
    |layer4_out_i_56455_U   |        0|   36|   0|    -|     1|   16|       16|
    |layer4_out_i_57456_U   |        0|   36|   0|    -|     1|   16|       16|
    |layer4_out_i_58457_U   |        0|   36|   0|    -|     1|   16|       16|
    |layer4_out_i_59458_U   |        0|   36|   0|    -|     1|   16|       16|
    |layer4_out_i_60459_U   |        0|   36|   0|    -|     1|   16|       16|
    |layer4_out_i_61460_U   |        0|   36|   0|    -|     1|   16|       16|
    |layer4_out_i_62461_U   |        0|   36|   0|    -|     1|   16|       16|
    |layer4_out_i_63462_U   |        0|   36|   0|    -|     1|   16|       16|
    |layer4_out_i_6405_U    |        0|   36|   0|    -|     1|   16|       16|
    |layer4_out_i_7406_U    |        0|   36|   0|    -|     1|   16|       16|
    |layer4_out_i_8407_U    |        0|   36|   0|    -|     1|   16|       16|
    |layer4_out_i_9408_U    |        0|   36|   0|    -|     1|   16|       16|
    |layer6_out_i_0463_U    |        0|   36|   0|    -|     1|   16|       16|
    |layer6_out_i_10473_U   |        0|   36|   0|    -|     1|   16|       16|
    |layer6_out_i_11474_U   |        0|   36|   0|    -|     1|   16|       16|
    |layer6_out_i_12475_U   |        0|   36|   0|    -|     1|   16|       16|
    |layer6_out_i_13476_U   |        0|   36|   0|    -|     1|   16|       16|
    |layer6_out_i_14477_U   |        0|   36|   0|    -|     1|   16|       16|
    |layer6_out_i_1464_U    |        0|   36|   0|    -|     1|   16|       16|
    |layer6_out_i_15478_U   |        0|   36|   0|    -|     1|   16|       16|
    |layer6_out_i_16479_U   |        0|   36|   0|    -|     1|   16|       16|
    |layer6_out_i_17480_U   |        0|   36|   0|    -|     1|   16|       16|
    |layer6_out_i_18481_U   |        0|   36|   0|    -|     1|   16|       16|
    |layer6_out_i_19482_U   |        0|   36|   0|    -|     1|   16|       16|
    |layer6_out_i_20483_U   |        0|   36|   0|    -|     1|   16|       16|
    |layer6_out_i_21484_U   |        0|   36|   0|    -|     1|   16|       16|
    |layer6_out_i_22485_U   |        0|   36|   0|    -|     1|   16|       16|
    |layer6_out_i_23486_U   |        0|   36|   0|    -|     1|   16|       16|
    |layer6_out_i_24487_U   |        0|   36|   0|    -|     1|   16|       16|
    |layer6_out_i_2465_U    |        0|   36|   0|    -|     1|   16|       16|
    |layer6_out_i_25488_U   |        0|   36|   0|    -|     1|   16|       16|
    |layer6_out_i_26489_U   |        0|   36|   0|    -|     1|   16|       16|
    |layer6_out_i_27490_U   |        0|   36|   0|    -|     1|   16|       16|
    |layer6_out_i_28491_U   |        0|   36|   0|    -|     1|   16|       16|
    |layer6_out_i_29492_U   |        0|   36|   0|    -|     1|   16|       16|
    |layer6_out_i_30493_U   |        0|   36|   0|    -|     1|   16|       16|
    |layer6_out_i_31494_U   |        0|   36|   0|    -|     1|   16|       16|
    |layer6_out_i_32495_U   |        0|   36|   0|    -|     1|   16|       16|
    |layer6_out_i_33496_U   |        0|   36|   0|    -|     1|   16|       16|
    |layer6_out_i_34497_U   |        0|   36|   0|    -|     1|   16|       16|
    |layer6_out_i_3466_U    |        0|   36|   0|    -|     1|   16|       16|
    |layer6_out_i_35498_U   |        0|   36|   0|    -|     1|   16|       16|
    |layer6_out_i_36499_U   |        0|   36|   0|    -|     1|   16|       16|
    |layer6_out_i_37500_U   |        0|   36|   0|    -|     1|   16|       16|
    |layer6_out_i_38501_U   |        0|   36|   0|    -|     1|   16|       16|
    |layer6_out_i_39502_U   |        0|   36|   0|    -|     1|   16|       16|
    |layer6_out_i_40503_U   |        0|   36|   0|    -|     1|   16|       16|
    |layer6_out_i_41504_U   |        0|   36|   0|    -|     1|   16|       16|
    |layer6_out_i_42505_U   |        0|   36|   0|    -|     1|   16|       16|
    |layer6_out_i_43506_U   |        0|   36|   0|    -|     1|   16|       16|
    |layer6_out_i_44507_U   |        0|   36|   0|    -|     1|   16|       16|
    |layer6_out_i_4467_U    |        0|   36|   0|    -|     1|   16|       16|
    |layer6_out_i_45508_U   |        0|   36|   0|    -|     1|   16|       16|
    |layer6_out_i_46509_U   |        0|   36|   0|    -|     1|   16|       16|
    |layer6_out_i_47510_U   |        0|   36|   0|    -|     1|   16|       16|
    |layer6_out_i_48511_U   |        0|   36|   0|    -|     1|   16|       16|
    |layer6_out_i_49512_U   |        0|   36|   0|    -|     1|   16|       16|
    |layer6_out_i_50513_U   |        0|   36|   0|    -|     1|   16|       16|
    |layer6_out_i_51514_U   |        0|   36|   0|    -|     1|   16|       16|
    |layer6_out_i_52515_U   |        0|   36|   0|    -|     1|   16|       16|
    |layer6_out_i_53516_U   |        0|   36|   0|    -|     1|   16|       16|
    |layer6_out_i_54517_U   |        0|   36|   0|    -|     1|   16|       16|
    |layer6_out_i_5468_U    |        0|   36|   0|    -|     1|   16|       16|
    |layer6_out_i_55518_U   |        0|   36|   0|    -|     1|   16|       16|
    |layer6_out_i_56519_U   |        0|   36|   0|    -|     1|   16|       16|
    |layer6_out_i_57520_U   |        0|   36|   0|    -|     1|   16|       16|
    |layer6_out_i_58521_U   |        0|   36|   0|    -|     1|   16|       16|
    |layer6_out_i_59522_U   |        0|   36|   0|    -|     1|   16|       16|
    |layer6_out_i_60523_U   |        0|   36|   0|    -|     1|   16|       16|
    |layer6_out_i_61524_U   |        0|   36|   0|    -|     1|   16|       16|
    |layer6_out_i_62525_U   |        0|   36|   0|    -|     1|   16|       16|
    |layer6_out_i_63526_U   |        0|   36|   0|    -|     1|   16|       16|
    |layer6_out_i_6469_U    |        0|   36|   0|    -|     1|   16|       16|
    |layer6_out_i_7470_U    |        0|   36|   0|    -|     1|   16|       16|
    |layer6_out_i_8471_U    |        0|   36|   0|    -|     1|   16|       16|
    |layer6_out_i_9472_U    |        0|   36|   0|    -|     1|   16|       16|
    |out_r_c_U              |        0|    7|   0|    -|    14|   64|      896|
    |out_stream_0663_U      |        0|   73|   0|    -|    73|   16|     1168|
    |out_stream_10673_U     |        0|   73|   0|    -|    73|   16|     1168|
    |out_stream_11674_U     |        0|   73|   0|    -|    73|   16|     1168|
    |out_stream_12675_U     |        0|   73|   0|    -|    73|   16|     1168|
    |out_stream_13676_U     |        0|   73|   0|    -|    73|   16|     1168|
    |out_stream_14677_U     |        0|   73|   0|    -|    73|   16|     1168|
    |out_stream_15678_U     |        0|   73|   0|    -|    73|   16|     1168|
    |out_stream_1664_U      |        0|   73|   0|    -|    73|   16|     1168|
    |out_stream_16679_U     |        0|   73|   0|    -|    73|   16|     1168|
    |out_stream_17680_U     |        0|   73|   0|    -|    73|   16|     1168|
    |out_stream_18681_U     |        0|   73|   0|    -|    73|   16|     1168|
    |out_stream_19682_U     |        0|   73|   0|    -|    73|   16|     1168|
    |out_stream_20683_U     |        0|   73|   0|    -|    73|   16|     1168|
    |out_stream_21684_U     |        0|   73|   0|    -|    73|   16|     1168|
    |out_stream_22685_U     |        0|   73|   0|    -|    73|   16|     1168|
    |out_stream_23686_U     |        0|   73|   0|    -|    73|   16|     1168|
    |out_stream_24687_U     |        0|   73|   0|    -|    73|   16|     1168|
    |out_stream_25688_U     |        0|   73|   0|    -|    73|   16|     1168|
    |out_stream_2665_U      |        0|   73|   0|    -|    73|   16|     1168|
    |out_stream_26689_U     |        0|   73|   0|    -|    73|   16|     1168|
    |out_stream_27690_U     |        0|   73|   0|    -|    73|   16|     1168|
    |out_stream_28691_U     |        0|   73|   0|    -|    73|   16|     1168|
    |out_stream_29692_U     |        0|   73|   0|    -|    73|   16|     1168|
    |out_stream_30693_U     |        0|   73|   0|    -|    73|   16|     1168|
    |out_stream_31694_U     |        0|   73|   0|    -|    73|   16|     1168|
    |out_stream_32695_U     |        0|   73|   0|    -|    73|   16|     1168|
    |out_stream_33696_U     |        0|   73|   0|    -|    73|   16|     1168|
    |out_stream_34697_U     |        0|   73|   0|    -|    73|   16|     1168|
    |out_stream_35698_U     |        0|   73|   0|    -|    73|   16|     1168|
    |out_stream_3666_U      |        0|   73|   0|    -|    73|   16|     1168|
    |out_stream_36699_U     |        0|   73|   0|    -|    73|   16|     1168|
    |out_stream_37700_U     |        0|   73|   0|    -|    73|   16|     1168|
    |out_stream_38701_U     |        0|   73|   0|    -|    73|   16|     1168|
    |out_stream_39702_U     |        0|   73|   0|    -|    73|   16|     1168|
    |out_stream_40703_U     |        0|   73|   0|    -|    73|   16|     1168|
    |out_stream_41704_U     |        0|   73|   0|    -|    73|   16|     1168|
    |out_stream_42705_U     |        0|   73|   0|    -|    73|   16|     1168|
    |out_stream_43706_U     |        0|   73|   0|    -|    73|   16|     1168|
    |out_stream_44707_U     |        0|   73|   0|    -|    73|   16|     1168|
    |out_stream_45708_U     |        0|   73|   0|    -|    73|   16|     1168|
    |out_stream_4667_U      |        0|   73|   0|    -|    73|   16|     1168|
    |out_stream_46709_U     |        0|   73|   0|    -|    73|   16|     1168|
    |out_stream_47710_U     |        0|   73|   0|    -|    73|   16|     1168|
    |out_stream_48711_U     |        0|   73|   0|    -|    73|   16|     1168|
    |out_stream_49712_U     |        0|   73|   0|    -|    73|   16|     1168|
    |out_stream_50713_U     |        0|   73|   0|    -|    73|   16|     1168|
    |out_stream_51714_U     |        0|   73|   0|    -|    73|   16|     1168|
    |out_stream_52715_U     |        0|   73|   0|    -|    73|   16|     1168|
    |out_stream_53716_U     |        0|   73|   0|    -|    73|   16|     1168|
    |out_stream_54717_U     |        0|   73|   0|    -|    73|   16|     1168|
    |out_stream_55718_U     |        0|   73|   0|    -|    73|   16|     1168|
    |out_stream_5668_U      |        0|   73|   0|    -|    73|   16|     1168|
    |out_stream_56719_U     |        0|   73|   0|    -|    73|   16|     1168|
    |out_stream_57720_U     |        0|   73|   0|    -|    73|   16|     1168|
    |out_stream_58721_U     |        0|   73|   0|    -|    73|   16|     1168|
    |out_stream_59722_U     |        0|   73|   0|    -|    73|   16|     1168|
    |out_stream_60723_U     |        0|   73|   0|    -|    73|   16|     1168|
    |out_stream_61724_U     |        0|   73|   0|    -|    73|   16|     1168|
    |out_stream_62725_U     |        0|   73|   0|    -|    73|   16|     1168|
    |out_stream_63726_U     |        0|   73|   0|    -|    73|   16|     1168|
    |out_stream_64727_U     |        0|   73|   0|    -|    73|   16|     1168|
    |out_stream_65728_U     |        0|   73|   0|    -|    73|   16|     1168|
    |out_stream_6669_U      |        0|   73|   0|    -|    73|   16|     1168|
    |out_stream_66729_U     |        0|   73|   0|    -|    73|   16|     1168|
    |out_stream_67730_U     |        0|   73|   0|    -|    73|   16|     1168|
    |out_stream_68731_U     |        0|   73|   0|    -|    73|   16|     1168|
    |out_stream_69732_U     |        0|   73|   0|    -|    73|   16|     1168|
    |out_stream_7670_U      |        0|   73|   0|    -|    73|   16|     1168|
    |out_stream_8671_U      |        0|   73|   0|    -|    73|   16|     1168|
    |out_stream_9672_U      |        0|   73|   0|    -|    73|   16|     1168|
    +-----------------------+---------+-----+----+-----+------+-----+---------+
    |Total                  |        0|43526|   0|    0| 25231|10919|   415035|
    +-----------------------+---------+-----+----+-----+------+-----+---------+

    * Expression: 
    +------------------------------------------+----------+----+---+----+------------+------------+
    |               Variable Name              | Operation| DSP| FF| LUT| Bitwidth P0| Bitwidth P1|
    +------------------------------------------+----------+----+---+----+------------+------------+
    |VITIS_LOOP_81_2_proc_U0_ap_start          |       and|   0|  0|   2|           1|           1|
    |VITIS_LOOP_88_4_proc_U0_ap_start          |       and|   0|  0|   2|           1|           1|
    |ap_idle                                   |       and|   0|  0|   2|           1|           1|
    |ap_sync_ready                             |       and|   0|  0|   2|           1|           1|
    |entry_proc_U0_ap_start                    |       and|   0|  0|   2|           1|           1|
    |ap_sync_VITIS_LOOP_81_2_proc_U0_ap_ready  |        or|   0|  0|   2|           1|           1|
    |ap_sync_VITIS_LOOP_88_4_proc_U0_ap_ready  |        or|   0|  0|   2|           1|           1|
    |ap_sync_entry_proc_U0_ap_ready            |        or|   0|  0|   2|           1|           1|
    +------------------------------------------+----------+----+---+----+------------+------------+
    |Total                                     |          |   0|  0|  16|           8|           8|
    +------------------------------------------+----------+----+---+----+------------+------------+

    * Multiplexer: 
    +----------------------------------------------+----+-----------+-----+-----------+
    |                     Name                     | LUT| Input Size| Bits| Total Bits|
    +----------------------------------------------+----+-----------+-----+-----------+
    |ap_sync_reg_VITIS_LOOP_81_2_proc_U0_ap_ready  |   9|          2|    1|          2|
    |ap_sync_reg_VITIS_LOOP_88_4_proc_U0_ap_ready  |   9|          2|    1|          2|
    |ap_sync_reg_entry_proc_U0_ap_ready            |   9|          2|    1|          2|
    +----------------------------------------------+----+-----------+-----+-----------+
    |Total                                         |  27|          6|    3|          6|
    +----------------------------------------------+----+-----------+-----+-----------+

    * Register: 
    +----------------------------------------------+---+----+-----+-----------+
    |                     Name                     | FF| LUT| Bits| Const Bits|
    +----------------------------------------------+---+----+-----+-----------+
    |ap_sync_reg_VITIS_LOOP_81_2_proc_U0_ap_ready  |  1|   0|    1|          0|
    |ap_sync_reg_VITIS_LOOP_88_4_proc_U0_ap_ready  |  1|   0|    1|          0|
    |ap_sync_reg_entry_proc_U0_ap_ready            |  1|   0|    1|          0|
    +----------------------------------------------+---+----+-----+-----------+
    |Total                                         |  3|   0|    3|          0|
    +----------------------------------------------+---+----+-----+-----------+



================================================================
== Interface
================================================================
* Summary: 
+----------------------+-----+------+------------+----------------------------------+--------------+
|       RTL Ports      | Dir | Bits |  Protocol  |           Source Object          |    C Type    |
+----------------------+-----+------+------------+----------------------------------+--------------+
|ap_clk                |   in|     1|  ap_ctrl_hs|  dataflow_in_loop_VITIS_LOOP_76_1|  return value|
|ap_rst                |   in|     1|  ap_ctrl_hs|  dataflow_in_loop_VITIS_LOOP_76_1|  return value|
|ap_start              |   in|     1|  ap_ctrl_hs|  dataflow_in_loop_VITIS_LOOP_76_1|  return value|
|ap_done               |  out|     1|  ap_ctrl_hs|  dataflow_in_loop_VITIS_LOOP_76_1|  return value|
|ap_ready              |  out|     1|  ap_ctrl_hs|  dataflow_in_loop_VITIS_LOOP_76_1|  return value|
|ap_idle               |  out|     1|  ap_ctrl_hs|  dataflow_in_loop_VITIS_LOOP_76_1|  return value|
|ap_continue           |   in|     1|  ap_ctrl_hs|  dataflow_in_loop_VITIS_LOOP_76_1|  return value|
|in1                   |   in|    64|     ap_none|                               in1|        scalar|
|in1_ap_vld            |   in|     1|     ap_none|                               in1|        scalar|
|N                     |   in|     7|     ap_none|                                 N|        scalar|
|N_ap_vld              |   in|     1|     ap_none|                                 N|        scalar|
|m_axi_gmem0_AWVALID   |  out|     1|       m_axi|                             gmem0|       pointer|
|m_axi_gmem0_AWREADY   |   in|     1|       m_axi|                             gmem0|       pointer|
|m_axi_gmem0_AWADDR    |  out|    64|       m_axi|                             gmem0|       pointer|
|m_axi_gmem0_AWID      |  out|     1|       m_axi|                             gmem0|       pointer|
|m_axi_gmem0_AWLEN     |  out|    32|       m_axi|                             gmem0|       pointer|
|m_axi_gmem0_AWSIZE    |  out|     3|       m_axi|                             gmem0|       pointer|
|m_axi_gmem0_AWBURST   |  out|     2|       m_axi|                             gmem0|       pointer|
|m_axi_gmem0_AWLOCK    |  out|     2|       m_axi|                             gmem0|       pointer|
|m_axi_gmem0_AWCACHE   |  out|     4|       m_axi|                             gmem0|       pointer|
|m_axi_gmem0_AWPROT    |  out|     3|       m_axi|                             gmem0|       pointer|
|m_axi_gmem0_AWQOS     |  out|     4|       m_axi|                             gmem0|       pointer|
|m_axi_gmem0_AWREGION  |  out|     4|       m_axi|                             gmem0|       pointer|
|m_axi_gmem0_AWUSER    |  out|     1|       m_axi|                             gmem0|       pointer|
|m_axi_gmem0_WVALID    |  out|     1|       m_axi|                             gmem0|       pointer|
|m_axi_gmem0_WREADY    |   in|     1|       m_axi|                             gmem0|       pointer|
|m_axi_gmem0_WDATA     |  out|  1024|       m_axi|                             gmem0|       pointer|
|m_axi_gmem0_WSTRB     |  out|   128|       m_axi|                             gmem0|       pointer|
|m_axi_gmem0_WLAST     |  out|     1|       m_axi|                             gmem0|       pointer|
|m_axi_gmem0_WID       |  out|     1|       m_axi|                             gmem0|       pointer|
|m_axi_gmem0_WUSER     |  out|     1|       m_axi|                             gmem0|       pointer|
|m_axi_gmem0_ARVALID   |  out|     1|       m_axi|                             gmem0|       pointer|
|m_axi_gmem0_ARREADY   |   in|     1|       m_axi|                             gmem0|       pointer|
|m_axi_gmem0_ARADDR    |  out|    64|       m_axi|                             gmem0|       pointer|
|m_axi_gmem0_ARID      |  out|     1|       m_axi|                             gmem0|       pointer|
|m_axi_gmem0_ARLEN     |  out|    32|       m_axi|                             gmem0|       pointer|
|m_axi_gmem0_ARSIZE    |  out|     3|       m_axi|                             gmem0|       pointer|
|m_axi_gmem0_ARBURST   |  out|     2|       m_axi|                             gmem0|       pointer|
|m_axi_gmem0_ARLOCK    |  out|     2|       m_axi|                             gmem0|       pointer|
|m_axi_gmem0_ARCACHE   |  out|     4|       m_axi|                             gmem0|       pointer|
|m_axi_gmem0_ARPROT    |  out|     3|       m_axi|                             gmem0|       pointer|
|m_axi_gmem0_ARQOS     |  out|     4|       m_axi|                             gmem0|       pointer|
|m_axi_gmem0_ARREGION  |  out|     4|       m_axi|                             gmem0|       pointer|
|m_axi_gmem0_ARUSER    |  out|     1|       m_axi|                             gmem0|       pointer|
|m_axi_gmem0_RVALID    |   in|     1|       m_axi|                             gmem0|       pointer|
|m_axi_gmem0_RREADY    |  out|     1|       m_axi|                             gmem0|       pointer|
|m_axi_gmem0_RDATA     |   in|  1024|       m_axi|                             gmem0|       pointer|
|m_axi_gmem0_RLAST     |   in|     1|       m_axi|                             gmem0|       pointer|
|m_axi_gmem0_RID       |   in|     1|       m_axi|                             gmem0|       pointer|
|m_axi_gmem0_RFIFONUM  |   in|     9|       m_axi|                             gmem0|       pointer|
|m_axi_gmem0_RUSER     |   in|     1|       m_axi|                             gmem0|       pointer|
|m_axi_gmem0_RRESP     |   in|     2|       m_axi|                             gmem0|       pointer|
|m_axi_gmem0_BVALID    |   in|     1|       m_axi|                             gmem0|       pointer|
|m_axi_gmem0_BREADY    |  out|     1|       m_axi|                             gmem0|       pointer|
|m_axi_gmem0_BRESP     |   in|     2|       m_axi|                             gmem0|       pointer|
|m_axi_gmem0_BID       |   in|     1|       m_axi|                             gmem0|       pointer|
|m_axi_gmem0_BUSER     |   in|     1|       m_axi|                             gmem0|       pointer|
|in2                   |   in|    64|     ap_none|                               in2|        scalar|
|in2_ap_vld            |   in|     1|     ap_none|                               in2|        scalar|
|m_axi_gmem1_AWVALID   |  out|     1|       m_axi|                             gmem1|       pointer|
|m_axi_gmem1_AWREADY   |   in|     1|       m_axi|                             gmem1|       pointer|
|m_axi_gmem1_AWADDR    |  out|    64|       m_axi|                             gmem1|       pointer|
|m_axi_gmem1_AWID      |  out|     1|       m_axi|                             gmem1|       pointer|
|m_axi_gmem1_AWLEN     |  out|    32|       m_axi|                             gmem1|       pointer|
|m_axi_gmem1_AWSIZE    |  out|     3|       m_axi|                             gmem1|       pointer|
|m_axi_gmem1_AWBURST   |  out|     2|       m_axi|                             gmem1|       pointer|
|m_axi_gmem1_AWLOCK    |  out|     2|       m_axi|                             gmem1|       pointer|
|m_axi_gmem1_AWCACHE   |  out|     4|       m_axi|                             gmem1|       pointer|
|m_axi_gmem1_AWPROT    |  out|     3|       m_axi|                             gmem1|       pointer|
|m_axi_gmem1_AWQOS     |  out|     4|       m_axi|                             gmem1|       pointer|
|m_axi_gmem1_AWREGION  |  out|     4|       m_axi|                             gmem1|       pointer|
|m_axi_gmem1_AWUSER    |  out|     1|       m_axi|                             gmem1|       pointer|
|m_axi_gmem1_WVALID    |  out|     1|       m_axi|                             gmem1|       pointer|
|m_axi_gmem1_WREADY    |   in|     1|       m_axi|                             gmem1|       pointer|
|m_axi_gmem1_WDATA     |  out|  1024|       m_axi|                             gmem1|       pointer|
|m_axi_gmem1_WSTRB     |  out|   128|       m_axi|                             gmem1|       pointer|
|m_axi_gmem1_WLAST     |  out|     1|       m_axi|                             gmem1|       pointer|
|m_axi_gmem1_WID       |  out|     1|       m_axi|                             gmem1|       pointer|
|m_axi_gmem1_WUSER     |  out|     1|       m_axi|                             gmem1|       pointer|
|m_axi_gmem1_ARVALID   |  out|     1|       m_axi|                             gmem1|       pointer|
|m_axi_gmem1_ARREADY   |   in|     1|       m_axi|                             gmem1|       pointer|
|m_axi_gmem1_ARADDR    |  out|    64|       m_axi|                             gmem1|       pointer|
|m_axi_gmem1_ARID      |  out|     1|       m_axi|                             gmem1|       pointer|
|m_axi_gmem1_ARLEN     |  out|    32|       m_axi|                             gmem1|       pointer|
|m_axi_gmem1_ARSIZE    |  out|     3|       m_axi|                             gmem1|       pointer|
|m_axi_gmem1_ARBURST   |  out|     2|       m_axi|                             gmem1|       pointer|
|m_axi_gmem1_ARLOCK    |  out|     2|       m_axi|                             gmem1|       pointer|
|m_axi_gmem1_ARCACHE   |  out|     4|       m_axi|                             gmem1|       pointer|
|m_axi_gmem1_ARPROT    |  out|     3|       m_axi|                             gmem1|       pointer|
|m_axi_gmem1_ARQOS     |  out|     4|       m_axi|                             gmem1|       pointer|
|m_axi_gmem1_ARREGION  |  out|     4|       m_axi|                             gmem1|       pointer|
|m_axi_gmem1_ARUSER    |  out|     1|       m_axi|                             gmem1|       pointer|
|m_axi_gmem1_RVALID    |   in|     1|       m_axi|                             gmem1|       pointer|
|m_axi_gmem1_RREADY    |  out|     1|       m_axi|                             gmem1|       pointer|
|m_axi_gmem1_RDATA     |   in|  1024|       m_axi|                             gmem1|       pointer|
|m_axi_gmem1_RLAST     |   in|     1|       m_axi|                             gmem1|       pointer|
|m_axi_gmem1_RID       |   in|     1|       m_axi|                             gmem1|       pointer|
|m_axi_gmem1_RFIFONUM  |   in|     9|       m_axi|                             gmem1|       pointer|
|m_axi_gmem1_RUSER     |   in|     1|       m_axi|                             gmem1|       pointer|
|m_axi_gmem1_RRESP     |   in|     2|       m_axi|                             gmem1|       pointer|
|m_axi_gmem1_BVALID    |   in|     1|       m_axi|                             gmem1|       pointer|
|m_axi_gmem1_BREADY    |  out|     1|       m_axi|                             gmem1|       pointer|
|m_axi_gmem1_BRESP     |   in|     2|       m_axi|                             gmem1|       pointer|
|m_axi_gmem1_BID       |   in|     1|       m_axi|                             gmem1|       pointer|
|m_axi_gmem1_BUSER     |   in|     1|       m_axi|                             gmem1|       pointer|
|out_r                 |   in|    64|     ap_none|                             out_r|        scalar|
|out_r_ap_vld          |   in|     1|     ap_none|                             out_r|        scalar|
|m_axi_gmem2_AWVALID   |  out|     1|       m_axi|                             gmem2|       pointer|
|m_axi_gmem2_AWREADY   |   in|     1|       m_axi|                             gmem2|       pointer|
|m_axi_gmem2_AWADDR    |  out|    64|       m_axi|                             gmem2|       pointer|
|m_axi_gmem2_AWID      |  out|     1|       m_axi|                             gmem2|       pointer|
|m_axi_gmem2_AWLEN     |  out|    32|       m_axi|                             gmem2|       pointer|
|m_axi_gmem2_AWSIZE    |  out|     3|       m_axi|                             gmem2|       pointer|
|m_axi_gmem2_AWBURST   |  out|     2|       m_axi|                             gmem2|       pointer|
|m_axi_gmem2_AWLOCK    |  out|     2|       m_axi|                             gmem2|       pointer|
|m_axi_gmem2_AWCACHE   |  out|     4|       m_axi|                             gmem2|       pointer|
|m_axi_gmem2_AWPROT    |  out|     3|       m_axi|                             gmem2|       pointer|
|m_axi_gmem2_AWQOS     |  out|     4|       m_axi|                             gmem2|       pointer|
|m_axi_gmem2_AWREGION  |  out|     4|       m_axi|                             gmem2|       pointer|
|m_axi_gmem2_AWUSER    |  out|     1|       m_axi|                             gmem2|       pointer|
|m_axi_gmem2_WVALID    |  out|     1|       m_axi|                             gmem2|       pointer|
|m_axi_gmem2_WREADY    |   in|     1|       m_axi|                             gmem2|       pointer|
|m_axi_gmem2_WDATA     |  out|  1024|       m_axi|                             gmem2|       pointer|
|m_axi_gmem2_WSTRB     |  out|   128|       m_axi|                             gmem2|       pointer|
|m_axi_gmem2_WLAST     |  out|     1|       m_axi|                             gmem2|       pointer|
|m_axi_gmem2_WID       |  out|     1|       m_axi|                             gmem2|       pointer|
|m_axi_gmem2_WUSER     |  out|     1|       m_axi|                             gmem2|       pointer|
|m_axi_gmem2_ARVALID   |  out|     1|       m_axi|                             gmem2|       pointer|
|m_axi_gmem2_ARREADY   |   in|     1|       m_axi|                             gmem2|       pointer|
|m_axi_gmem2_ARADDR    |  out|    64|       m_axi|                             gmem2|       pointer|
|m_axi_gmem2_ARID      |  out|     1|       m_axi|                             gmem2|       pointer|
|m_axi_gmem2_ARLEN     |  out|    32|       m_axi|                             gmem2|       pointer|
|m_axi_gmem2_ARSIZE    |  out|     3|       m_axi|                             gmem2|       pointer|
|m_axi_gmem2_ARBURST   |  out|     2|       m_axi|                             gmem2|       pointer|
|m_axi_gmem2_ARLOCK    |  out|     2|       m_axi|                             gmem2|       pointer|
|m_axi_gmem2_ARCACHE   |  out|     4|       m_axi|                             gmem2|       pointer|
|m_axi_gmem2_ARPROT    |  out|     3|       m_axi|                             gmem2|       pointer|
|m_axi_gmem2_ARQOS     |  out|     4|       m_axi|                             gmem2|       pointer|
|m_axi_gmem2_ARREGION  |  out|     4|       m_axi|                             gmem2|       pointer|
|m_axi_gmem2_ARUSER    |  out|     1|       m_axi|                             gmem2|       pointer|
|m_axi_gmem2_RVALID    |   in|     1|       m_axi|                             gmem2|       pointer|
|m_axi_gmem2_RREADY    |  out|     1|       m_axi|                             gmem2|       pointer|
|m_axi_gmem2_RDATA     |   in|  1024|       m_axi|                             gmem2|       pointer|
|m_axi_gmem2_RLAST     |   in|     1|       m_axi|                             gmem2|       pointer|
|m_axi_gmem2_RID       |   in|     1|       m_axi|                             gmem2|       pointer|
|m_axi_gmem2_RFIFONUM  |   in|     9|       m_axi|                             gmem2|       pointer|
|m_axi_gmem2_RUSER     |   in|     1|       m_axi|                             gmem2|       pointer|
|m_axi_gmem2_RRESP     |   in|     2|       m_axi|                             gmem2|       pointer|
|m_axi_gmem2_BVALID    |   in|     1|       m_axi|                             gmem2|       pointer|
|m_axi_gmem2_BREADY    |  out|     1|       m_axi|                             gmem2|       pointer|
|m_axi_gmem2_BRESP     |   in|     2|       m_axi|                             gmem2|       pointer|
|m_axi_gmem2_BID       |   in|     1|       m_axi|                             gmem2|       pointer|
|m_axi_gmem2_BUSER     |   in|     1|       m_axi|                             gmem2|       pointer|
+----------------------+-----+------+------------+----------------------------------+--------------+

