

================================================================
== Vitis HLS Report for 'dense_resource_ap_fixed_ap_fixed_16_6_5_3_0_config17_mult_s'
================================================================
* Date:           Thu Feb 15 14:53:45 2024

* Version:        2022.2 (Build 3670227 on Oct 13 2022)
* Project:        alveo_hls4ml
* Solution:       solution (Vitis Kernel Flow Target)
* Product family: virtexuplus
* Target device:  xcu55c-fsvh2892-2L-e


================================================================
== Performance Estimates
================================================================
+ Timing: 
    * Summary: 
    +--------+---------+----------+------------+
    |  Clock |  Target | Estimated| Uncertainty|
    +--------+---------+----------+------------+
    |ap_clk  |  4.00 ns|  2.060 ns|     1.08 ns|
    +--------+---------+----------+------------+

+ Latency: 
    * Summary: 
    +---------+---------+----------+----------+-----+-----+------------------------------------------+
    |  Latency (cycles) |  Latency (absolute) |  Interval |                 Pipeline                 |
    |   min   |   max   |    min   |    max   | min | max |                   Type                   |
    +---------+---------+----------+----------+-----+-----+------------------------------------------+
    |       66|       67|  0.264 us|  0.268 us|   64|   64|  loop rewind stp(delay=0 clock cycles(s))|
    +---------+---------+----------+----------+-----+-----+------------------------------------------+

    + Detail: 
        * Instance: 
        N/A

        * Loop: 
        +-------------+---------+---------+----------+-----------+-----------+------+----------+
        |             |  Latency (cycles) | Iteration|  Initiation Interval  | Trip |          |
        |  Loop Name  |   min   |   max   |  Latency |  achieved |   target  | Count| Pipelined|
        +-------------+---------+---------+----------+-----------+-----------+------+----------+
        |- ReuseLoop  |       66|       66|         4|          1|          1|    64|       yes|
        +-------------+---------+---------+----------+-----------+-----------+------+----------+



================================================================
== Utilization Estimates
================================================================
* Summary: 
+---------------------+---------+------+---------+---------+-----+
|         Name        | BRAM_18K|  DSP |    FF   |   LUT   | URAM|
+---------------------+---------+------+---------+---------+-----+
|DSP                  |        -|     4|        -|        -|    -|
|Expression           |        -|     -|        0|      127|    -|
|FIFO                 |        -|     -|        -|        -|    -|
|Instance             |        -|     -|        0|     1365|    -|
|Memory               |        -|     -|        -|        -|    -|
|Multiplexer          |        -|     -|        -|     1955|    -|
|Register             |        -|     -|     1249|       32|    -|
+---------------------+---------+------+---------+---------+-----+
|Total                |        0|     4|     1249|     3479|    0|
+---------------------+---------+------+---------+---------+-----+
|Available SLR        |     1344|  3008|   869120|   434560|  320|
+---------------------+---------+------+---------+---------+-----+
|Utilization SLR (%)  |        0|    ~0|       ~0|       ~0|    0|
+---------------------+---------+------+---------+---------+-----+
|Available            |     4032|  9024|  2607360|  1303680|  960|
+---------------------+---------+------+---------+---------+-----+
|Utilization (%)      |        0|    ~0|       ~0|       ~0|    0|
+---------------------+---------+------+---------+---------+-----+

+ Detail: 
    * Instance: 
    +----------------------+----------------+---------+----+---+-----+-----+
    |       Instance       |     Module     | BRAM_18K| DSP| FF| LUT | URAM|
    +----------------------+----------------+---------+----+---+-----+-----+
    |mux_646_16_1_1_U4011  |mux_646_16_1_1  |        0|   0|  0|  273|    0|
    |mux_646_8_1_1_U4012   |mux_646_8_1_1   |        0|   0|  0|  273|    0|
    |mux_646_8_1_1_U4013   |mux_646_8_1_1   |        0|   0|  0|  273|    0|
    |mux_646_8_1_1_U4014   |mux_646_8_1_1   |        0|   0|  0|  273|    0|
    |mux_646_8_1_1_U4015   |mux_646_8_1_1   |        0|   0|  0|  273|    0|
    +----------------------+----------------+---------+----+---+-----+-----+
    |Total                 |                |        0|   0|  0| 1365|    0|
    +----------------------+----------------+---------+----+---+-----+-----+

    * DSP: 
    +-----------------------------+-----------------------+-----------+
    |           Instance          |         Module        | Expression|
    +-----------------------------+-----------------------+-----------+
    |mul_mul_16s_8s_21_4_1_U4016  |mul_mul_16s_8s_21_4_1  |    i0 * i1|
    |mul_mul_16s_8s_21_4_1_U4017  |mul_mul_16s_8s_21_4_1  |    i0 * i1|
    |mul_mul_16s_8s_21_4_1_U4018  |mul_mul_16s_8s_21_4_1  |    i0 * i1|
    |mul_mul_16s_8s_21_4_1_U4019  |mul_mul_16s_8s_21_4_1  |    i0 * i1|
    +-----------------------------+-----------------------+-----------+

    * Memory: 
    N/A

    * FIFO: 
    N/A

    * Expression: 
    +----------------------+----------+----+---+----+------------+------------+
    |     Variable Name    | Operation| DSP| FF| LUT| Bitwidth P0| Bitwidth P1|
    +----------------------+----------+----+---+----+------------+------------+
    |w_index_fu_3086_p2    |         +|   0|  0|  13|           6|           1|
    |x_V_897_fu_3122_p2    |         +|   0|  0|  25|          18|          18|
    |x_V_898_fu_3137_p2    |         +|   0|  0|  25|          18|          18|
    |x_V_899_fu_3152_p2    |         +|   0|  0|  25|          18|          18|
    |x_V_fu_3107_p2        |         +|   0|  0|  25|          18|          18|
    |ap_condition_409      |       and|   0|  0|   2|           1|           1|
    |icmp_ln43_fu_3092_p2  |      icmp|   0|  0|  10|           6|           2|
    |ap_enable_pp0         |       xor|   0|  0|   2|           1|           2|
    +----------------------+----------+----+---+----+------------+------------+
    |Total                 |          |   0|  0| 127|          86|          78|
    +----------------------+----------+----+---+----+------------+------------+

    * Multiplexer: 
    +-------------------------------------------+----+-----------+-----+-----------+
    |                    Name                   | LUT| Input Size| Bits| Total Bits|
    +-------------------------------------------+----+-----------+-----+-----------+
    |ap_done_int                                |   9|          2|    1|          2|
    |ap_loop_exit_ready_pp0_iter3_reg           |   9|          2|    1|          2|
    |ap_phi_mux_do_init_phi_fu_651_p6           |  14|          3|    1|          3|
    |ap_phi_mux_empty_327_phi_fu_2344_p6        |   9|          2|   18|         36|
    |ap_phi_mux_empty_328_phi_fu_2358_p6        |   9|          2|   18|         36|
    |ap_phi_mux_empty_329_phi_fu_2372_p6        |   9|          2|   18|         36|
    |ap_phi_mux_empty_330_phi_fu_2386_p6        |   9|          2|   18|         36|
    |ap_phi_mux_p_read1074_phi_phi_fu_1642_p4   |  14|          3|   16|         48|
    |ap_phi_mux_p_read1175_phi_phi_fu_1655_p4   |  14|          3|   16|         48|
    |ap_phi_mux_p_read1276_phi_phi_fu_1668_p4   |  14|          3|   16|         48|
    |ap_phi_mux_p_read1377_phi_phi_fu_1681_p4   |  14|          3|   16|         48|
    |ap_phi_mux_p_read1478_phi_phi_fu_1694_p4   |  14|          3|   16|         48|
    |ap_phi_mux_p_read1579_phi_phi_fu_1707_p4   |  14|          3|   16|         48|
    |ap_phi_mux_p_read165_phi_phi_fu_1525_p4    |  14|          3|   16|         48|
    |ap_phi_mux_p_read1680_phi_phi_fu_1720_p4   |  14|          3|   16|         48|
    |ap_phi_mux_p_read1781_phi_phi_fu_1733_p4   |  14|          3|   16|         48|
    |ap_phi_mux_p_read1882_phi_phi_fu_1746_p4   |  14|          3|   16|         48|
    |ap_phi_mux_p_read1983_phi_phi_fu_1759_p4   |  14|          3|   16|         48|
    |ap_phi_mux_p_read2084_phi_phi_fu_1772_p4   |  14|          3|   16|         48|
    |ap_phi_mux_p_read2185_phi_phi_fu_1785_p4   |  14|          3|   16|         48|
    |ap_phi_mux_p_read2286_phi_phi_fu_1798_p4   |  14|          3|   16|         48|
    |ap_phi_mux_p_read2387_phi_phi_fu_1811_p4   |  14|          3|   16|         48|
    |ap_phi_mux_p_read2488_phi_phi_fu_1824_p4   |  14|          3|   16|         48|
    |ap_phi_mux_p_read2589_phi_phi_fu_1837_p4   |  14|          3|   16|         48|
    |ap_phi_mux_p_read266_phi_phi_fu_1538_p4    |  14|          3|   16|         48|
    |ap_phi_mux_p_read2690_phi_phi_fu_1850_p4   |  14|          3|   16|         48|
    |ap_phi_mux_p_read2791_phi_phi_fu_1863_p4   |  14|          3|   16|         48|
    |ap_phi_mux_p_read2892_phi_phi_fu_1876_p4   |  14|          3|   16|         48|
    |ap_phi_mux_p_read2993_phi_phi_fu_1889_p4   |  14|          3|   16|         48|
    |ap_phi_mux_p_read3094_phi_phi_fu_1902_p4   |  14|          3|   16|         48|
    |ap_phi_mux_p_read3195_phi_phi_fu_1915_p4   |  14|          3|   16|         48|
    |ap_phi_mux_p_read3296_phi_phi_fu_1928_p4   |  14|          3|   16|         48|
    |ap_phi_mux_p_read3397_phi_phi_fu_1941_p4   |  14|          3|   16|         48|
    |ap_phi_mux_p_read3498_phi_phi_fu_1954_p4   |  14|          3|   16|         48|
    |ap_phi_mux_p_read3599_phi_phi_fu_1967_p4   |  14|          3|   16|         48|
    |ap_phi_mux_p_read36100_phi_phi_fu_1980_p4  |  14|          3|   16|         48|
    |ap_phi_mux_p_read367_phi_phi_fu_1551_p4    |  14|          3|   16|         48|
    |ap_phi_mux_p_read37101_phi_phi_fu_1993_p4  |  14|          3|   16|         48|
    |ap_phi_mux_p_read38102_phi_phi_fu_2006_p4  |  14|          3|   16|         48|
    |ap_phi_mux_p_read39103_phi_phi_fu_2019_p4  |  14|          3|   16|         48|
    |ap_phi_mux_p_read40104_phi_phi_fu_2032_p4  |  14|          3|   16|         48|
    |ap_phi_mux_p_read41105_phi_phi_fu_2045_p4  |  14|          3|   16|         48|
    |ap_phi_mux_p_read42106_phi_phi_fu_2058_p4  |  14|          3|   16|         48|
    |ap_phi_mux_p_read43107_phi_phi_fu_2071_p4  |  14|          3|   16|         48|
    |ap_phi_mux_p_read44108_phi_phi_fu_2084_p4  |  14|          3|   16|         48|
    |ap_phi_mux_p_read45109_phi_phi_fu_2097_p4  |  14|          3|   16|         48|
    |ap_phi_mux_p_read46110_phi_phi_fu_2110_p4  |  14|          3|   16|         48|
    |ap_phi_mux_p_read468_phi_phi_fu_1564_p4    |  14|          3|   16|         48|
    |ap_phi_mux_p_read47111_phi_phi_fu_2123_p4  |  14|          3|   16|         48|
    |ap_phi_mux_p_read48112_phi_phi_fu_2136_p4  |  14|          3|   16|         48|
    |ap_phi_mux_p_read49113_phi_phi_fu_2149_p4  |  14|          3|   16|         48|
    |ap_phi_mux_p_read50114_phi_phi_fu_2162_p4  |  14|          3|   16|         48|
    |ap_phi_mux_p_read51115_phi_phi_fu_2175_p4  |  14|          3|   16|         48|
    |ap_phi_mux_p_read52116_phi_phi_fu_2188_p4  |  14|          3|   16|         48|
    |ap_phi_mux_p_read53117_phi_phi_fu_2201_p4  |  14|          3|   16|         48|
    |ap_phi_mux_p_read54118_phi_phi_fu_2214_p4  |  14|          3|   16|         48|
    |ap_phi_mux_p_read55119_phi_phi_fu_2227_p4  |  14|          3|   16|         48|
    |ap_phi_mux_p_read56120_phi_phi_fu_2240_p4  |  14|          3|   16|         48|
    |ap_phi_mux_p_read569_phi_phi_fu_1577_p4    |  14|          3|   16|         48|
    |ap_phi_mux_p_read57121_phi_phi_fu_2253_p4  |  14|          3|   16|         48|
    |ap_phi_mux_p_read58122_phi_phi_fu_2266_p4  |  14|          3|   16|         48|
    |ap_phi_mux_p_read59123_phi_phi_fu_2279_p4  |  14|          3|   16|         48|
    |ap_phi_mux_p_read60124_phi_phi_fu_2292_p4  |  14|          3|   16|         48|
    |ap_phi_mux_p_read61125_phi_phi_fu_2305_p4  |  14|          3|   16|         48|
    |ap_phi_mux_p_read62126_phi_phi_fu_2318_p4  |  14|          3|   16|         48|
    |ap_phi_mux_p_read63127_phi_phi_fu_2331_p4  |  14|          3|   16|         48|
    |ap_phi_mux_p_read64_phi_phi_fu_1512_p4     |  14|          3|   16|         48|
    |ap_phi_mux_p_read670_phi_phi_fu_1590_p4    |  14|          3|   16|         48|
    |ap_phi_mux_p_read771_phi_phi_fu_1603_p4    |  14|          3|   16|         48|
    |ap_phi_mux_p_read872_phi_phi_fu_1616_p4    |  14|          3|   16|         48|
    |ap_phi_mux_p_read973_phi_phi_fu_1629_p4    |  14|          3|   16|         48|
    |ap_phi_mux_w_index1_phi_fu_1498_p6         |  14|          3|    6|         18|
    |ap_return_0                                |   9|          2|   16|         32|
    |ap_return_1                                |   9|          2|   16|         32|
    |ap_return_2                                |   9|          2|   16|         32|
    |ap_return_3                                |   9|          2|   16|         32|
    |empty_327_reg_2340                         |   9|          2|   18|         36|
    |empty_328_reg_2354                         |   9|          2|   18|         36|
    |empty_329_reg_2368                         |   9|          2|   18|         36|
    |empty_330_reg_2382                         |   9|          2|   18|         36|
    |p_read1074_phi_reg_1638                    |  14|          3|   16|         48|
    |p_read1175_phi_reg_1651                    |  14|          3|   16|         48|
    |p_read1276_phi_reg_1664                    |  14|          3|   16|         48|
    |p_read1377_phi_reg_1677                    |  14|          3|   16|         48|
    |p_read1478_phi_reg_1690                    |  14|          3|   16|         48|
    |p_read1579_phi_reg_1703                    |  14|          3|   16|         48|
    |p_read165_phi_reg_1521                     |  14|          3|   16|         48|
    |p_read1680_phi_reg_1716                    |  14|          3|   16|         48|
    |p_read1781_phi_reg_1729                    |  14|          3|   16|         48|
    |p_read1882_phi_reg_1742                    |  14|          3|   16|         48|
    |p_read1983_phi_reg_1755                    |  14|          3|   16|         48|
    |p_read2084_phi_reg_1768                    |  14|          3|   16|         48|
    |p_read2185_phi_reg_1781                    |  14|          3|   16|         48|
    |p_read2286_phi_reg_1794                    |  14|          3|   16|         48|
    |p_read2387_phi_reg_1807                    |  14|          3|   16|         48|
    |p_read2488_phi_reg_1820                    |  14|          3|   16|         48|
    |p_read2589_phi_reg_1833                    |  14|          3|   16|         48|
    |p_read266_phi_reg_1534                     |  14|          3|   16|         48|
    |p_read2690_phi_reg_1846                    |  14|          3|   16|         48|
    |p_read2791_phi_reg_1859                    |  14|          3|   16|         48|
    |p_read2892_phi_reg_1872                    |  14|          3|   16|         48|
    |p_read2993_phi_reg_1885                    |  14|          3|   16|         48|
    |p_read3094_phi_reg_1898                    |  14|          3|   16|         48|
    |p_read3195_phi_reg_1911                    |  14|          3|   16|         48|
    |p_read3296_phi_reg_1924                    |  14|          3|   16|         48|
    |p_read3397_phi_reg_1937                    |  14|          3|   16|         48|
    |p_read3498_phi_reg_1950                    |  14|          3|   16|         48|
    |p_read3599_phi_reg_1963                    |  14|          3|   16|         48|
    |p_read36100_phi_reg_1976                   |  14|          3|   16|         48|
    |p_read367_phi_reg_1547                     |  14|          3|   16|         48|
    |p_read37101_phi_reg_1989                   |  14|          3|   16|         48|
    |p_read38102_phi_reg_2002                   |  14|          3|   16|         48|
    |p_read39103_phi_reg_2015                   |  14|          3|   16|         48|
    |p_read40104_phi_reg_2028                   |  14|          3|   16|         48|
    |p_read41105_phi_reg_2041                   |  14|          3|   16|         48|
    |p_read42106_phi_reg_2054                   |  14|          3|   16|         48|
    |p_read43107_phi_reg_2067                   |  14|          3|   16|         48|
    |p_read44108_phi_reg_2080                   |  14|          3|   16|         48|
    |p_read45109_phi_reg_2093                   |  14|          3|   16|         48|
    |p_read46110_phi_reg_2106                   |  14|          3|   16|         48|
    |p_read468_phi_reg_1560                     |  14|          3|   16|         48|
    |p_read47111_phi_reg_2119                   |  14|          3|   16|         48|
    |p_read48112_phi_reg_2132                   |  14|          3|   16|         48|
    |p_read49113_phi_reg_2145                   |  14|          3|   16|         48|
    |p_read50114_phi_reg_2158                   |  14|          3|   16|         48|
    |p_read51115_phi_reg_2171                   |  14|          3|   16|         48|
    |p_read52116_phi_reg_2184                   |  14|          3|   16|         48|
    |p_read53117_phi_reg_2197                   |  14|          3|   16|         48|
    |p_read54118_phi_reg_2210                   |  14|          3|   16|         48|
    |p_read55119_phi_reg_2223                   |  14|          3|   16|         48|
    |p_read56120_phi_reg_2236                   |  14|          3|   16|         48|
    |p_read569_phi_reg_1573                     |  14|          3|   16|         48|
    |p_read57121_phi_reg_2249                   |  14|          3|   16|         48|
    |p_read58122_phi_reg_2262                   |  14|          3|   16|         48|
    |p_read59123_phi_reg_2275                   |  14|          3|   16|         48|
    |p_read60124_phi_reg_2288                   |  14|          3|   16|         48|
    |p_read61125_phi_reg_2301                   |  14|          3|   16|         48|
    |p_read62126_phi_reg_2314                   |  14|          3|   16|         48|
    |p_read63127_phi_reg_2327                   |  14|          3|   16|         48|
    |p_read64_phi_reg_1508                      |  14|          3|   16|         48|
    |p_read670_phi_reg_1586                     |  14|          3|   16|         48|
    |p_read771_phi_reg_1599                     |  14|          3|   16|         48|
    |p_read872_phi_reg_1612                     |  14|          3|   16|         48|
    |p_read973_phi_reg_1625                     |  14|          3|   16|         48|
    |w_index1_reg_1495                          |   9|          2|    6|         12|
    +-------------------------------------------+----+-----------+-----+-----------+
    |Total                                      |1955|        420| 2271|       6597|
    +-------------------------------------------+----+-----------+-----+-----------+

    * Register: 
    +----------------------------------+----+----+-----+-----------+
    |               Name               | FF | LUT| Bits| Const Bits|
    +----------------------------------+----+----+-----+-----------+
    |ap_CS_fsm                         |   1|   0|    1|          0|
    |ap_done_reg                       |   1|   0|    1|          0|
    |ap_enable_reg_pp0_iter1           |   1|   0|    1|          0|
    |ap_enable_reg_pp0_iter2           |   1|   0|    1|          0|
    |ap_enable_reg_pp0_iter3           |   1|   0|    1|          0|
    |ap_loop_exit_ready_pp0_iter1_reg  |   1|   0|    1|          0|
    |ap_loop_exit_ready_pp0_iter2_reg  |   1|   0|    1|          0|
    |ap_loop_exit_ready_pp0_iter3_reg  |   1|   0|    1|          0|
    |ap_loop_init_pp0_iter1_reg        |   1|   0|    1|          0|
    |ap_loop_init_pp0_iter2_reg        |   1|   0|    1|          0|
    |ap_loop_init_pp0_iter3_reg        |   1|   0|    1|          0|
    |ap_return_0_preg                  |  16|   0|   16|          0|
    |ap_return_1_preg                  |  16|   0|   16|          0|
    |ap_return_2_preg                  |  16|   0|   16|          0|
    |ap_return_3_preg                  |  16|   0|   16|          0|
    |do_init_reg_648                   |   1|   0|    1|          0|
    |empty_327_reg_2340                |  18|   0|   18|          0|
    |empty_328_reg_2354                |  18|   0|   18|          0|
    |empty_329_reg_2368                |  18|   0|   18|          0|
    |empty_330_reg_2382                |  18|   0|   18|          0|
    |icmp_ln43_reg_3287                |   1|   0|    1|          0|
    |p_read1074_phi_reg_1638           |  16|   0|   16|          0|
    |p_read1175_phi_reg_1651           |  16|   0|   16|          0|
    |p_read1276_phi_reg_1664           |  16|   0|   16|          0|
    |p_read1377_phi_reg_1677           |  16|   0|   16|          0|
    |p_read1478_phi_reg_1690           |  16|   0|   16|          0|
    |p_read1579_phi_reg_1703           |  16|   0|   16|          0|
    |p_read165_phi_reg_1521            |  16|   0|   16|          0|
    |p_read1680_phi_reg_1716           |  16|   0|   16|          0|
    |p_read1781_phi_reg_1729           |  16|   0|   16|          0|
    |p_read1882_phi_reg_1742           |  16|   0|   16|          0|
    |p_read1983_phi_reg_1755           |  16|   0|   16|          0|
    |p_read2084_phi_reg_1768           |  16|   0|   16|          0|
    |p_read2185_phi_reg_1781           |  16|   0|   16|          0|
    |p_read2286_phi_reg_1794           |  16|   0|   16|          0|
    |p_read2387_phi_reg_1807           |  16|   0|   16|          0|
    |p_read2488_phi_reg_1820           |  16|   0|   16|          0|
    |p_read2589_phi_reg_1833           |  16|   0|   16|          0|
    |p_read266_phi_reg_1534            |  16|   0|   16|          0|
    |p_read2690_phi_reg_1846           |  16|   0|   16|          0|
    |p_read2791_phi_reg_1859           |  16|   0|   16|          0|
    |p_read2892_phi_reg_1872           |  16|   0|   16|          0|
    |p_read2993_phi_reg_1885           |  16|   0|   16|          0|
    |p_read3094_phi_reg_1898           |  16|   0|   16|          0|
    |p_read3195_phi_reg_1911           |  16|   0|   16|          0|
    |p_read3296_phi_reg_1924           |  16|   0|   16|          0|
    |p_read3397_phi_reg_1937           |  16|   0|   16|          0|
    |p_read3498_phi_reg_1950           |  16|   0|   16|          0|
    |p_read3599_phi_reg_1963           |  16|   0|   16|          0|
    |p_read36100_phi_reg_1976          |  16|   0|   16|          0|
    |p_read367_phi_reg_1547            |  16|   0|   16|          0|
    |p_read37101_phi_reg_1989          |  16|   0|   16|          0|
    |p_read38102_phi_reg_2002          |  16|   0|   16|          0|
    |p_read39103_phi_reg_2015          |  16|   0|   16|          0|
    |p_read40104_phi_reg_2028          |  16|   0|   16|          0|
    |p_read41105_phi_reg_2041          |  16|   0|   16|          0|
    |p_read42106_phi_reg_2054          |  16|   0|   16|          0|
    |p_read43107_phi_reg_2067          |  16|   0|   16|          0|
    |p_read44108_phi_reg_2080          |  16|   0|   16|          0|
    |p_read45109_phi_reg_2093          |  16|   0|   16|          0|
    |p_read46110_phi_reg_2106          |  16|   0|   16|          0|
    |p_read468_phi_reg_1560            |  16|   0|   16|          0|
    |p_read47111_phi_reg_2119          |  16|   0|   16|          0|
    |p_read48112_phi_reg_2132          |  16|   0|   16|          0|
    |p_read49113_phi_reg_2145          |  16|   0|   16|          0|
    |p_read50114_phi_reg_2158          |  16|   0|   16|          0|
    |p_read51115_phi_reg_2171          |  16|   0|   16|          0|
    |p_read52116_phi_reg_2184          |  16|   0|   16|          0|
    |p_read53117_phi_reg_2197          |  16|   0|   16|          0|
    |p_read54118_phi_reg_2210          |  16|   0|   16|          0|
    |p_read55119_phi_reg_2223          |  16|   0|   16|          0|
    |p_read56120_phi_reg_2236          |  16|   0|   16|          0|
    |p_read569_phi_reg_1573            |  16|   0|   16|          0|
    |p_read57121_phi_reg_2249          |  16|   0|   16|          0|
    |p_read58122_phi_reg_2262          |  16|   0|   16|          0|
    |p_read59123_phi_reg_2275          |  16|   0|   16|          0|
    |p_read60124_phi_reg_2288          |  16|   0|   16|          0|
    |p_read61125_phi_reg_2301          |  16|   0|   16|          0|
    |p_read62126_phi_reg_2314          |  16|   0|   16|          0|
    |p_read63127_phi_reg_2327          |  16|   0|   16|          0|
    |p_read64_phi_reg_1508             |  16|   0|   16|          0|
    |p_read670_phi_reg_1586            |  16|   0|   16|          0|
    |p_read771_phi_reg_1599            |  16|   0|   16|          0|
    |p_read872_phi_reg_1612            |  16|   0|   16|          0|
    |p_read973_phi_reg_1625            |  16|   0|   16|          0|
    |w_index1_reg_1495                 |   6|   0|    6|          0|
    |w_index_reg_3282                  |   6|   0|    6|          0|
    |icmp_ln43_reg_3287                |  64|  32|    1|          0|
    +----------------------------------+----+----+-----+-----------+
    |Total                             |1249|  32| 1186|          0|
    +----------------------------------+----+----+-----+-----------+



================================================================
== Interface
================================================================
* Summary: 
+-------------+-----+-----+------------+-------------------------------------------------------------+--------------+
|  RTL Ports  | Dir | Bits|  Protocol  |                        Source Object                        |    C Type    |
+-------------+-----+-----+------------+-------------------------------------------------------------+--------------+
|ap_clk       |   in|    1|  ap_ctrl_hs|  dense_resource<ap_fixed,ap_fixed<16,6,5,3,0>,config17_mult>|  return value|
|ap_rst       |   in|    1|  ap_ctrl_hs|  dense_resource<ap_fixed,ap_fixed<16,6,5,3,0>,config17_mult>|  return value|
|ap_start     |   in|    1|  ap_ctrl_hs|  dense_resource<ap_fixed,ap_fixed<16,6,5,3,0>,config17_mult>|  return value|
|ap_done      |  out|    1|  ap_ctrl_hs|  dense_resource<ap_fixed,ap_fixed<16,6,5,3,0>,config17_mult>|  return value|
|ap_idle      |  out|    1|  ap_ctrl_hs|  dense_resource<ap_fixed,ap_fixed<16,6,5,3,0>,config17_mult>|  return value|
|ap_ready     |  out|    1|  ap_ctrl_hs|  dense_resource<ap_fixed,ap_fixed<16,6,5,3,0>,config17_mult>|  return value|
|ap_return_0  |  out|   16|  ap_ctrl_hs|  dense_resource<ap_fixed,ap_fixed<16,6,5,3,0>,config17_mult>|  return value|
|ap_return_1  |  out|   16|  ap_ctrl_hs|  dense_resource<ap_fixed,ap_fixed<16,6,5,3,0>,config17_mult>|  return value|
|ap_return_2  |  out|   16|  ap_ctrl_hs|  dense_resource<ap_fixed,ap_fixed<16,6,5,3,0>,config17_mult>|  return value|
|ap_return_3  |  out|   16|  ap_ctrl_hs|  dense_resource<ap_fixed,ap_fixed<16,6,5,3,0>,config17_mult>|  return value|
|p_read       |   in|   16|     ap_none|                                                       p_read|        scalar|
|p_read1      |   in|   16|     ap_none|                                                      p_read1|        scalar|
|p_read2      |   in|   16|     ap_none|                                                      p_read2|        scalar|
|p_read3      |   in|   16|     ap_none|                                                      p_read3|        scalar|
|p_read4      |   in|   16|     ap_none|                                                      p_read4|        scalar|
|p_read5      |   in|   16|     ap_none|                                                      p_read5|        scalar|
|p_read6      |   in|   16|     ap_none|                                                      p_read6|        scalar|
|p_read7      |   in|   16|     ap_none|                                                      p_read7|        scalar|
|p_read8      |   in|   16|     ap_none|                                                      p_read8|        scalar|
|p_read9      |   in|   16|     ap_none|                                                      p_read9|        scalar|
|p_read10     |   in|   16|     ap_none|                                                     p_read10|        scalar|
|p_read11     |   in|   16|     ap_none|                                                     p_read11|        scalar|
|p_read12     |   in|   16|     ap_none|                                                     p_read12|        scalar|
|p_read13     |   in|   16|     ap_none|                                                     p_read13|        scalar|
|p_read14     |   in|   16|     ap_none|                                                     p_read14|        scalar|
|p_read15     |   in|   16|     ap_none|                                                     p_read15|        scalar|
|p_read16     |   in|   16|     ap_none|                                                     p_read16|        scalar|
|p_read17     |   in|   16|     ap_none|                                                     p_read17|        scalar|
|p_read18     |   in|   16|     ap_none|                                                     p_read18|        scalar|
|p_read19     |   in|   16|     ap_none|                                                     p_read19|        scalar|
|p_read20     |   in|   16|     ap_none|                                                     p_read20|        scalar|
|p_read21     |   in|   16|     ap_none|                                                     p_read21|        scalar|
|p_read22     |   in|   16|     ap_none|                                                     p_read22|        scalar|
|p_read23     |   in|   16|     ap_none|                                                     p_read23|        scalar|
|p_read24     |   in|   16|     ap_none|                                                     p_read24|        scalar|
|p_read25     |   in|   16|     ap_none|                                                     p_read25|        scalar|
|p_read26     |   in|   16|     ap_none|                                                     p_read26|        scalar|
|p_read27     |   in|   16|     ap_none|                                                     p_read27|        scalar|
|p_read28     |   in|   16|     ap_none|                                                     p_read28|        scalar|
|p_read29     |   in|   16|     ap_none|                                                     p_read29|        scalar|
|p_read30     |   in|   16|     ap_none|                                                     p_read30|        scalar|
|p_read31     |   in|   16|     ap_none|                                                     p_read31|        scalar|
|p_read32     |   in|   16|     ap_none|                                                     p_read32|        scalar|
|p_read33     |   in|   16|     ap_none|                                                     p_read33|        scalar|
|p_read34     |   in|   16|     ap_none|                                                     p_read34|        scalar|
|p_read35     |   in|   16|     ap_none|                                                     p_read35|        scalar|
|p_read36     |   in|   16|     ap_none|                                                     p_read36|        scalar|
|p_read37     |   in|   16|     ap_none|                                                     p_read37|        scalar|
|p_read38     |   in|   16|     ap_none|                                                     p_read38|        scalar|
|p_read39     |   in|   16|     ap_none|                                                     p_read39|        scalar|
|p_read40     |   in|   16|     ap_none|                                                     p_read40|        scalar|
|p_read41     |   in|   16|     ap_none|                                                     p_read41|        scalar|
|p_read42     |   in|   16|     ap_none|                                                     p_read42|        scalar|
|p_read43     |   in|   16|     ap_none|                                                     p_read43|        scalar|
|p_read44     |   in|   16|     ap_none|                                                     p_read44|        scalar|
|p_read45     |   in|   16|     ap_none|                                                     p_read45|        scalar|
|p_read46     |   in|   16|     ap_none|                                                     p_read46|        scalar|
|p_read47     |   in|   16|     ap_none|                                                     p_read47|        scalar|
|p_read48     |   in|   16|     ap_none|                                                     p_read48|        scalar|
|p_read49     |   in|   16|     ap_none|                                                     p_read49|        scalar|
|p_read50     |   in|   16|     ap_none|                                                     p_read50|        scalar|
|p_read51     |   in|   16|     ap_none|                                                     p_read51|        scalar|
|p_read52     |   in|   16|     ap_none|                                                     p_read52|        scalar|
|p_read53     |   in|   16|     ap_none|                                                     p_read53|        scalar|
|p_read54     |   in|   16|     ap_none|                                                     p_read54|        scalar|
|p_read55     |   in|   16|     ap_none|                                                     p_read55|        scalar|
|p_read56     |   in|   16|     ap_none|                                                     p_read56|        scalar|
|p_read57     |   in|   16|     ap_none|                                                     p_read57|        scalar|
|p_read58     |   in|   16|     ap_none|                                                     p_read58|        scalar|
|p_read59     |   in|   16|     ap_none|                                                     p_read59|        scalar|
|p_read60     |   in|   16|     ap_none|                                                     p_read60|        scalar|
|p_read61     |   in|   16|     ap_none|                                                     p_read61|        scalar|
|p_read62     |   in|   16|     ap_none|                                                     p_read62|        scalar|
|p_read63     |   in|   16|     ap_none|                                                     p_read63|        scalar|
+-------------+-----+-----+------------+-------------------------------------------------------------+--------------+

