

================================================================
== Vitis HLS Report for 'dense_resource_ap_fixed_8_3_4_0_0_ap_fixed_16_6_5_3_0_config18_mult_s'
================================================================
* Date:           Sat Feb 17 11:47:29 2024

* Version:        2022.2 (Build 3670227 on Oct 13 2022)
* Project:        alveo_hls4ml
* Solution:       solution (Vitis Kernel Flow Target)
* Product family: virtexuplus
* Target device:  xcu55c-fsvh2892-2L-e


================================================================
== Performance Estimates
================================================================
+ Timing: 
    * Summary: 
    +--------+---------+----------+------------+
    |  Clock |  Target | Estimated| Uncertainty|
    +--------+---------+----------+------------+
    |ap_clk  |  4.00 ns|  2.788 ns|     1.08 ns|
    +--------+---------+----------+------------+

+ Latency: 
    * Summary: 
    +---------+---------+-----------+-----------+-----+-----+------------------------------------------+
    |  Latency (cycles) |   Latency (absolute)  |  Interval |                 Pipeline                 |
    |   min   |   max   |    min    |    max    | min | max |                   Type                   |
    +---------+---------+-----------+-----------+-----+-----+------------------------------------------+
    |        4|        5|  16.000 ns|  20.000 ns|    4|    4|  loop rewind stp(delay=0 clock cycles(s))|
    +---------+---------+-----------+-----------+-----+-----+------------------------------------------+

    + Detail: 
        * Instance: 
        N/A

        * Loop: 
        +-------------+---------+---------+----------+-----------+-----------+------+----------+
        |             |  Latency (cycles) | Iteration|  Initiation Interval  | Trip |          |
        |  Loop Name  |   min   |   max   |  Latency |  achieved |   target  | Count| Pipelined|
        +-------------+---------+---------+----------+-----------+-----------+------+----------+
        |- ReuseLoop  |        4|        4|         2|          1|          1|     4|       yes|
        +-------------+---------+---------+----------+-----------+-----------+------+----------+



================================================================
== Utilization Estimates
================================================================
* Summary: 
+---------------------+---------+------+---------+---------+-----+
|         Name        | BRAM_18K|  DSP |    FF   |   LUT   | URAM|
+---------------------+---------+------+---------+---------+-----+
|DSP                  |        -|     -|        -|        -|    -|
|Expression           |        -|     -|        0|     1633|    -|
|FIFO                 |        -|     -|        -|        -|    -|
|Instance             |        -|     0|        0|     4220|    -|
|Memory               |        -|     -|        -|        -|    -|
|Multiplexer          |        -|     -|        -|     2057|    -|
|Register             |        -|     -|     2291|        -|    -|
+---------------------+---------+------+---------+---------+-----+
|Total                |        0|     0|     2291|     7910|    0|
+---------------------+---------+------+---------+---------+-----+
|Available SLR        |     1344|  3008|   869120|   434560|  320|
+---------------------+---------+------+---------+---------+-----+
|Utilization SLR (%)  |        0|     0|       ~0|        1|    0|
+---------------------+---------+------+---------+---------+-----+
|Available            |     4032|  9024|  2607360|  1303680|  960|
+---------------------+---------+------+---------+---------+-----+
|Utilization (%)      |        0|     0|       ~0|       ~0|    0|
+---------------------+---------+------+---------+---------+-----+

+ Detail: 
    * Instance: 
    +------------------------+------------------+---------+----+---+----+-----+
    |        Instance        |      Module      | BRAM_18K| DSP| FF| LUT| URAM|
    +------------------------+------------------+---------+----+---+----+-----+
    |mul_8s_8s_16_1_1_U4168  |mul_8s_8s_16_1_1  |        0|   0|  0|  40|    0|
    |mul_8s_8s_16_1_1_U4170  |mul_8s_8s_16_1_1  |        0|   0|  0|  40|    0|
    |mul_8s_8s_16_1_1_U4172  |mul_8s_8s_16_1_1  |        0|   0|  0|  40|    0|
    |mul_8s_8s_16_1_1_U4174  |mul_8s_8s_16_1_1  |        0|   0|  0|  40|    0|
    |mul_8s_8s_16_1_1_U4176  |mul_8s_8s_16_1_1  |        0|   0|  0|  40|    0|
    |mul_8s_8s_16_1_1_U4178  |mul_8s_8s_16_1_1  |        0|   0|  0|  40|    0|
    |mul_8s_8s_16_1_1_U4180  |mul_8s_8s_16_1_1  |        0|   0|  0|  40|    0|
    |mul_8s_8s_16_1_1_U4182  |mul_8s_8s_16_1_1  |        0|   0|  0|  40|    0|
    |mul_8s_8s_16_1_1_U4184  |mul_8s_8s_16_1_1  |        0|   0|  0|  40|    0|
    |mul_8s_8s_16_1_1_U4186  |mul_8s_8s_16_1_1  |        0|   0|  0|  40|    0|
    |mul_8s_8s_16_1_1_U4188  |mul_8s_8s_16_1_1  |        0|   0|  0|  40|    0|
    |mul_8s_8s_16_1_1_U4190  |mul_8s_8s_16_1_1  |        0|   0|  0|  40|    0|
    |mul_8s_8s_16_1_1_U4192  |mul_8s_8s_16_1_1  |        0|   0|  0|  40|    0|
    |mul_8s_8s_16_1_1_U4194  |mul_8s_8s_16_1_1  |        0|   0|  0|  40|    0|
    |mul_8s_8s_16_1_1_U4196  |mul_8s_8s_16_1_1  |        0|   0|  0|  40|    0|
    |mul_8s_8s_16_1_1_U4198  |mul_8s_8s_16_1_1  |        0|   0|  0|  40|    0|
    |mul_8s_8s_16_1_1_U4200  |mul_8s_8s_16_1_1  |        0|   0|  0|  40|    0|
    |mul_8s_8s_16_1_1_U4202  |mul_8s_8s_16_1_1  |        0|   0|  0|  40|    0|
    |mul_8s_8s_16_1_1_U4204  |mul_8s_8s_16_1_1  |        0|   0|  0|  40|    0|
    |mul_8s_8s_16_1_1_U4206  |mul_8s_8s_16_1_1  |        0|   0|  0|  40|    0|
    |mul_8s_8s_16_1_1_U4208  |mul_8s_8s_16_1_1  |        0|   0|  0|  40|    0|
    |mul_8s_8s_16_1_1_U4210  |mul_8s_8s_16_1_1  |        0|   0|  0|  40|    0|
    |mul_8s_8s_16_1_1_U4212  |mul_8s_8s_16_1_1  |        0|   0|  0|  40|    0|
    |mul_8s_8s_16_1_1_U4214  |mul_8s_8s_16_1_1  |        0|   0|  0|  40|    0|
    |mul_8s_8s_16_1_1_U4216  |mul_8s_8s_16_1_1  |        0|   0|  0|  40|    0|
    |mul_8s_8s_16_1_1_U4218  |mul_8s_8s_16_1_1  |        0|   0|  0|  40|    0|
    |mul_8s_8s_16_1_1_U4220  |mul_8s_8s_16_1_1  |        0|   0|  0|  40|    0|
    |mul_8s_8s_16_1_1_U4222  |mul_8s_8s_16_1_1  |        0|   0|  0|  40|    0|
    |mul_8s_8s_16_1_1_U4224  |mul_8s_8s_16_1_1  |        0|   0|  0|  40|    0|
    |mul_8s_8s_16_1_1_U4226  |mul_8s_8s_16_1_1  |        0|   0|  0|  40|    0|
    |mul_8s_8s_16_1_1_U4228  |mul_8s_8s_16_1_1  |        0|   0|  0|  40|    0|
    |mul_8s_8s_16_1_1_U4230  |mul_8s_8s_16_1_1  |        0|   0|  0|  40|    0|
    |mul_8s_8s_16_1_1_U4232  |mul_8s_8s_16_1_1  |        0|   0|  0|  40|    0|
    |mul_8s_8s_16_1_1_U4234  |mul_8s_8s_16_1_1  |        0|   0|  0|  40|    0|
    |mul_8s_8s_16_1_1_U4236  |mul_8s_8s_16_1_1  |        0|   0|  0|  40|    0|
    |mul_8s_8s_16_1_1_U4238  |mul_8s_8s_16_1_1  |        0|   0|  0|  40|    0|
    |mul_8s_8s_16_1_1_U4240  |mul_8s_8s_16_1_1  |        0|   0|  0|  40|    0|
    |mul_8s_8s_16_1_1_U4242  |mul_8s_8s_16_1_1  |        0|   0|  0|  40|    0|
    |mul_8s_8s_16_1_1_U4244  |mul_8s_8s_16_1_1  |        0|   0|  0|  40|    0|
    |mul_8s_8s_16_1_1_U4246  |mul_8s_8s_16_1_1  |        0|   0|  0|  40|    0|
    |mul_8s_8s_16_1_1_U4248  |mul_8s_8s_16_1_1  |        0|   0|  0|  40|    0|
    |mul_8s_8s_16_1_1_U4250  |mul_8s_8s_16_1_1  |        0|   0|  0|  40|    0|
    |mul_8s_8s_16_1_1_U4252  |mul_8s_8s_16_1_1  |        0|   0|  0|  40|    0|
    |mul_8s_8s_16_1_1_U4254  |mul_8s_8s_16_1_1  |        0|   0|  0|  40|    0|
    |mul_8s_8s_16_1_1_U4256  |mul_8s_8s_16_1_1  |        0|   0|  0|  40|    0|
    |mul_8s_8s_16_1_1_U4258  |mul_8s_8s_16_1_1  |        0|   0|  0|  40|    0|
    |mul_8s_8s_16_1_1_U4260  |mul_8s_8s_16_1_1  |        0|   0|  0|  40|    0|
    |mul_8s_8s_16_1_1_U4262  |mul_8s_8s_16_1_1  |        0|   0|  0|  40|    0|
    |mul_8s_8s_16_1_1_U4264  |mul_8s_8s_16_1_1  |        0|   0|  0|  40|    0|
    |mul_8s_8s_16_1_1_U4266  |mul_8s_8s_16_1_1  |        0|   0|  0|  40|    0|
    |mul_8s_8s_16_1_1_U4268  |mul_8s_8s_16_1_1  |        0|   0|  0|  40|    0|
    |mul_8s_8s_16_1_1_U4270  |mul_8s_8s_16_1_1  |        0|   0|  0|  40|    0|
    |mul_8s_8s_16_1_1_U4272  |mul_8s_8s_16_1_1  |        0|   0|  0|  40|    0|
    |mul_8s_8s_16_1_1_U4274  |mul_8s_8s_16_1_1  |        0|   0|  0|  40|    0|
    |mul_8s_8s_16_1_1_U4276  |mul_8s_8s_16_1_1  |        0|   0|  0|  40|    0|
    |mul_8s_8s_16_1_1_U4278  |mul_8s_8s_16_1_1  |        0|   0|  0|  40|    0|
    |mul_8s_8s_16_1_1_U4280  |mul_8s_8s_16_1_1  |        0|   0|  0|  40|    0|
    |mul_8s_8s_16_1_1_U4282  |mul_8s_8s_16_1_1  |        0|   0|  0|  40|    0|
    |mul_8s_8s_16_1_1_U4284  |mul_8s_8s_16_1_1  |        0|   0|  0|  40|    0|
    |mul_8s_8s_16_1_1_U4286  |mul_8s_8s_16_1_1  |        0|   0|  0|  40|    0|
    |mul_8s_8s_16_1_1_U4288  |mul_8s_8s_16_1_1  |        0|   0|  0|  40|    0|
    |mul_8s_8s_16_1_1_U4290  |mul_8s_8s_16_1_1  |        0|   0|  0|  40|    0|
    |mul_8s_8s_16_1_1_U4292  |mul_8s_8s_16_1_1  |        0|   0|  0|  40|    0|
    |mul_8s_8s_16_1_1_U4294  |mul_8s_8s_16_1_1  |        0|   0|  0|  40|    0|
    |mul_8s_8s_16_1_1_U4296  |mul_8s_8s_16_1_1  |        0|   0|  0|  40|    0|
    |mul_8s_8s_16_1_1_U4298  |mul_8s_8s_16_1_1  |        0|   0|  0|  40|    0|
    |mul_8s_8s_16_1_1_U4300  |mul_8s_8s_16_1_1  |        0|   0|  0|  40|    0|
    |mul_8s_8s_16_1_1_U4302  |mul_8s_8s_16_1_1  |        0|   0|  0|  40|    0|
    |mul_8s_8s_16_1_1_U4304  |mul_8s_8s_16_1_1  |        0|   0|  0|  40|    0|
    |mul_8s_8s_16_1_1_U4306  |mul_8s_8s_16_1_1  |        0|   0|  0|  40|    0|
    |mux_42_8_1_1_U4166      |mux_42_8_1_1      |        0|   0|  0|  20|    0|
    |mux_42_8_1_1_U4167      |mux_42_8_1_1      |        0|   0|  0|  20|    0|
    |mux_42_8_1_1_U4169      |mux_42_8_1_1      |        0|   0|  0|  20|    0|
    |mux_42_8_1_1_U4171      |mux_42_8_1_1      |        0|   0|  0|  20|    0|
    |mux_42_8_1_1_U4173      |mux_42_8_1_1      |        0|   0|  0|  20|    0|
    |mux_42_8_1_1_U4175      |mux_42_8_1_1      |        0|   0|  0|  20|    0|
    |mux_42_8_1_1_U4177      |mux_42_8_1_1      |        0|   0|  0|  20|    0|
    |mux_42_8_1_1_U4179      |mux_42_8_1_1      |        0|   0|  0|  20|    0|
    |mux_42_8_1_1_U4181      |mux_42_8_1_1      |        0|   0|  0|  20|    0|
    |mux_42_8_1_1_U4183      |mux_42_8_1_1      |        0|   0|  0|  20|    0|
    |mux_42_8_1_1_U4185      |mux_42_8_1_1      |        0|   0|  0|  20|    0|
    |mux_42_8_1_1_U4187      |mux_42_8_1_1      |        0|   0|  0|  20|    0|
    |mux_42_8_1_1_U4189      |mux_42_8_1_1      |        0|   0|  0|  20|    0|
    |mux_42_8_1_1_U4191      |mux_42_8_1_1      |        0|   0|  0|  20|    0|
    |mux_42_8_1_1_U4193      |mux_42_8_1_1      |        0|   0|  0|  20|    0|
    |mux_42_8_1_1_U4195      |mux_42_8_1_1      |        0|   0|  0|  20|    0|
    |mux_42_8_1_1_U4197      |mux_42_8_1_1      |        0|   0|  0|  20|    0|
    |mux_42_8_1_1_U4199      |mux_42_8_1_1      |        0|   0|  0|  20|    0|
    |mux_42_8_1_1_U4201      |mux_42_8_1_1      |        0|   0|  0|  20|    0|
    |mux_42_8_1_1_U4203      |mux_42_8_1_1      |        0|   0|  0|  20|    0|
    |mux_42_8_1_1_U4205      |mux_42_8_1_1      |        0|   0|  0|  20|    0|
    |mux_42_8_1_1_U4207      |mux_42_8_1_1      |        0|   0|  0|  20|    0|
    |mux_42_8_1_1_U4209      |mux_42_8_1_1      |        0|   0|  0|  20|    0|
    |mux_42_8_1_1_U4211      |mux_42_8_1_1      |        0|   0|  0|  20|    0|
    |mux_42_8_1_1_U4213      |mux_42_8_1_1      |        0|   0|  0|  20|    0|
    |mux_42_8_1_1_U4215      |mux_42_8_1_1      |        0|   0|  0|  20|    0|
    |mux_42_8_1_1_U4217      |mux_42_8_1_1      |        0|   0|  0|  20|    0|
    |mux_42_8_1_1_U4219      |mux_42_8_1_1      |        0|   0|  0|  20|    0|
    |mux_42_8_1_1_U4221      |mux_42_8_1_1      |        0|   0|  0|  20|    0|
    |mux_42_8_1_1_U4223      |mux_42_8_1_1      |        0|   0|  0|  20|    0|
    |mux_42_8_1_1_U4225      |mux_42_8_1_1      |        0|   0|  0|  20|    0|
    |mux_42_8_1_1_U4227      |mux_42_8_1_1      |        0|   0|  0|  20|    0|
    |mux_42_8_1_1_U4229      |mux_42_8_1_1      |        0|   0|  0|  20|    0|
    |mux_42_8_1_1_U4231      |mux_42_8_1_1      |        0|   0|  0|  20|    0|
    |mux_42_8_1_1_U4233      |mux_42_8_1_1      |        0|   0|  0|  20|    0|
    |mux_42_8_1_1_U4235      |mux_42_8_1_1      |        0|   0|  0|  20|    0|
    |mux_42_8_1_1_U4237      |mux_42_8_1_1      |        0|   0|  0|  20|    0|
    |mux_42_8_1_1_U4239      |mux_42_8_1_1      |        0|   0|  0|  20|    0|
    |mux_42_8_1_1_U4241      |mux_42_8_1_1      |        0|   0|  0|  20|    0|
    |mux_42_8_1_1_U4243      |mux_42_8_1_1      |        0|   0|  0|  20|    0|
    |mux_42_8_1_1_U4245      |mux_42_8_1_1      |        0|   0|  0|  20|    0|
    |mux_42_8_1_1_U4247      |mux_42_8_1_1      |        0|   0|  0|  20|    0|
    |mux_42_8_1_1_U4249      |mux_42_8_1_1      |        0|   0|  0|  20|    0|
    |mux_42_8_1_1_U4251      |mux_42_8_1_1      |        0|   0|  0|  20|    0|
    |mux_42_8_1_1_U4253      |mux_42_8_1_1      |        0|   0|  0|  20|    0|
    |mux_42_8_1_1_U4255      |mux_42_8_1_1      |        0|   0|  0|  20|    0|
    |mux_42_8_1_1_U4257      |mux_42_8_1_1      |        0|   0|  0|  20|    0|
    |mux_42_8_1_1_U4259      |mux_42_8_1_1      |        0|   0|  0|  20|    0|
    |mux_42_8_1_1_U4261      |mux_42_8_1_1      |        0|   0|  0|  20|    0|
    |mux_42_8_1_1_U4263      |mux_42_8_1_1      |        0|   0|  0|  20|    0|
    |mux_42_8_1_1_U4265      |mux_42_8_1_1      |        0|   0|  0|  20|    0|
    |mux_42_8_1_1_U4267      |mux_42_8_1_1      |        0|   0|  0|  20|    0|
    |mux_42_8_1_1_U4269      |mux_42_8_1_1      |        0|   0|  0|  20|    0|
    |mux_42_8_1_1_U4271      |mux_42_8_1_1      |        0|   0|  0|  20|    0|
    |mux_42_8_1_1_U4273      |mux_42_8_1_1      |        0|   0|  0|  20|    0|
    |mux_42_8_1_1_U4275      |mux_42_8_1_1      |        0|   0|  0|  20|    0|
    |mux_42_8_1_1_U4277      |mux_42_8_1_1      |        0|   0|  0|  20|    0|
    |mux_42_8_1_1_U4279      |mux_42_8_1_1      |        0|   0|  0|  20|    0|
    |mux_42_8_1_1_U4281      |mux_42_8_1_1      |        0|   0|  0|  20|    0|
    |mux_42_8_1_1_U4283      |mux_42_8_1_1      |        0|   0|  0|  20|    0|
    |mux_42_8_1_1_U4285      |mux_42_8_1_1      |        0|   0|  0|  20|    0|
    |mux_42_8_1_1_U4287      |mux_42_8_1_1      |        0|   0|  0|  20|    0|
    |mux_42_8_1_1_U4289      |mux_42_8_1_1      |        0|   0|  0|  20|    0|
    |mux_42_8_1_1_U4291      |mux_42_8_1_1      |        0|   0|  0|  20|    0|
    |mux_42_8_1_1_U4293      |mux_42_8_1_1      |        0|   0|  0|  20|    0|
    |mux_42_8_1_1_U4295      |mux_42_8_1_1      |        0|   0|  0|  20|    0|
    |mux_42_8_1_1_U4297      |mux_42_8_1_1      |        0|   0|  0|  20|    0|
    |mux_42_8_1_1_U4299      |mux_42_8_1_1      |        0|   0|  0|  20|    0|
    |mux_42_8_1_1_U4301      |mux_42_8_1_1      |        0|   0|  0|  20|    0|
    |mux_42_8_1_1_U4303      |mux_42_8_1_1      |        0|   0|  0|  20|    0|
    |mux_42_8_1_1_U4305      |mux_42_8_1_1      |        0|   0|  0|  20|    0|
    +------------------------+------------------+---------+----+---+----+-----+
    |Total                   |                  |        0|   0|  0|4220|    0|
    +------------------------+------------------+---------+----+---+----+-----+

    * DSP: 
    N/A

    * Memory: 
    N/A

    * FIFO: 
    N/A

    * Expression: 
    +----------------------+----------+----+---+----+------------+------------+
    |     Variable Name    | Operation| DSP| FF| LUT| Bitwidth P0| Bitwidth P1|
    +----------------------+----------+----+---+----+------------+------------+
    |w_index_fu_1463_p2    |         +|   0|  0|   9|           2|           1|
    |x_V_446_fu_1560_p2    |         +|   0|  0|  23|          16|          16|
    |x_V_447_fu_1604_p2    |         +|   0|  0|  23|          16|          16|
    |x_V_448_fu_1648_p2    |         +|   0|  0|  23|          16|          16|
    |x_V_449_fu_1692_p2    |         +|   0|  0|  23|          16|          16|
    |x_V_450_fu_1736_p2    |         +|   0|  0|  23|          16|          16|
    |x_V_451_fu_1780_p2    |         +|   0|  0|  23|          16|          16|
    |x_V_452_fu_1824_p2    |         +|   0|  0|  23|          16|          16|
    |x_V_453_fu_1868_p2    |         +|   0|  0|  23|          16|          16|
    |x_V_454_fu_1912_p2    |         +|   0|  0|  23|          16|          16|
    |x_V_455_fu_1956_p2    |         +|   0|  0|  23|          16|          16|
    |x_V_456_fu_2000_p2    |         +|   0|  0|  23|          16|          16|
    |x_V_457_fu_2044_p2    |         +|   0|  0|  23|          16|          16|
    |x_V_458_fu_2088_p2    |         +|   0|  0|  23|          16|          16|
    |x_V_459_fu_2132_p2    |         +|   0|  0|  23|          16|          16|
    |x_V_460_fu_2176_p2    |         +|   0|  0|  23|          16|          16|
    |x_V_461_fu_2220_p2    |         +|   0|  0|  23|          16|          16|
    |x_V_462_fu_2264_p2    |         +|   0|  0|  23|          16|          16|
    |x_V_463_fu_2308_p2    |         +|   0|  0|  23|          16|          16|
    |x_V_464_fu_2352_p2    |         +|   0|  0|  23|          16|          16|
    |x_V_465_fu_2396_p2    |         +|   0|  0|  23|          16|          16|
    |x_V_466_fu_2440_p2    |         +|   0|  0|  23|          16|          16|
    |x_V_467_fu_2484_p2    |         +|   0|  0|  23|          16|          16|
    |x_V_468_fu_2528_p2    |         +|   0|  0|  23|          16|          16|
    |x_V_469_fu_2572_p2    |         +|   0|  0|  23|          16|          16|
    |x_V_470_fu_2616_p2    |         +|   0|  0|  23|          16|          16|
    |x_V_471_fu_2660_p2    |         +|   0|  0|  23|          16|          16|
    |x_V_472_fu_2704_p2    |         +|   0|  0|  23|          16|          16|
    |x_V_473_fu_2748_p2    |         +|   0|  0|  23|          16|          16|
    |x_V_474_fu_2792_p2    |         +|   0|  0|  23|          16|          16|
    |x_V_475_fu_2836_p2    |         +|   0|  0|  23|          16|          16|
    |x_V_476_fu_2880_p2    |         +|   0|  0|  23|          16|          16|
    |x_V_477_fu_2924_p2    |         +|   0|  0|  23|          16|          16|
    |x_V_478_fu_2968_p2    |         +|   0|  0|  23|          16|          16|
    |x_V_479_fu_3012_p2    |         +|   0|  0|  23|          16|          16|
    |x_V_480_fu_3056_p2    |         +|   0|  0|  23|          16|          16|
    |x_V_481_fu_3100_p2    |         +|   0|  0|  23|          16|          16|
    |x_V_482_fu_3144_p2    |         +|   0|  0|  23|          16|          16|
    |x_V_483_fu_3188_p2    |         +|   0|  0|  23|          16|          16|
    |x_V_484_fu_3232_p2    |         +|   0|  0|  23|          16|          16|
    |x_V_485_fu_3276_p2    |         +|   0|  0|  23|          16|          16|
    |x_V_486_fu_3320_p2    |         +|   0|  0|  23|          16|          16|
    |x_V_487_fu_3364_p2    |         +|   0|  0|  23|          16|          16|
    |x_V_488_fu_3408_p2    |         +|   0|  0|  23|          16|          16|
    |x_V_489_fu_3452_p2    |         +|   0|  0|  23|          16|          16|
    |x_V_490_fu_3496_p2    |         +|   0|  0|  23|          16|          16|
    |x_V_491_fu_3540_p2    |         +|   0|  0|  23|          16|          16|
    |x_V_492_fu_3584_p2    |         +|   0|  0|  23|          16|          16|
    |x_V_493_fu_3628_p2    |         +|   0|  0|  23|          16|          16|
    |x_V_494_fu_3672_p2    |         +|   0|  0|  23|          16|          16|
    |x_V_495_fu_3716_p2    |         +|   0|  0|  23|          16|          16|
    |x_V_496_fu_3760_p2    |         +|   0|  0|  23|          16|          16|
    |x_V_497_fu_3804_p2    |         +|   0|  0|  23|          16|          16|
    |x_V_498_fu_3848_p2    |         +|   0|  0|  23|          16|          16|
    |x_V_499_fu_3892_p2    |         +|   0|  0|  23|          16|          16|
    |x_V_500_fu_3936_p2    |         +|   0|  0|  23|          16|          16|
    |x_V_501_fu_3980_p2    |         +|   0|  0|  23|          16|          16|
    |x_V_502_fu_4024_p2    |         +|   0|  0|  23|          16|          16|
    |x_V_503_fu_4068_p2    |         +|   0|  0|  23|          16|          16|
    |x_V_504_fu_4112_p2    |         +|   0|  0|  23|          16|          16|
    |x_V_505_fu_4156_p2    |         +|   0|  0|  23|          16|          16|
    |x_V_506_fu_4200_p2    |         +|   0|  0|  23|          16|          16|
    |x_V_507_fu_4244_p2    |         +|   0|  0|  23|          16|          16|
    |x_V_508_fu_4288_p2    |         +|   0|  0|  23|          16|          16|
    |x_V_509_fu_4332_p2    |         +|   0|  0|  23|          16|          16|
    |x_V_510_fu_4376_p2    |         +|   0|  0|  23|          16|          16|
    |x_V_511_fu_4420_p2    |         +|   0|  0|  23|          16|          16|
    |x_V_512_fu_4464_p2    |         +|   0|  0|  23|          16|          16|
    |x_V_513_fu_4508_p2    |         +|   0|  0|  23|          16|          16|
    |x_V_514_fu_4552_p2    |         +|   0|  0|  23|          16|          16|
    |x_V_fu_1516_p2        |         +|   0|  0|  23|          16|          16|
    |ap_condition_289      |       and|   0|  0|   2|           1|           1|
    |ap_condition_295      |       and|   0|  0|   2|           1|           1|
    |icmp_ln43_fu_1469_p2  |      icmp|   0|  0|   8|           2|           2|
    |ap_enable_pp0         |       xor|   0|  0|   2|           1|           2|
    +----------------------+----------+----+---+----+------------+------------+
    |Total                 |          |   0|  0|1633|        1127|        1127|
    +----------------------+----------+----+---+----+------------+------------+

    * Multiplexer: 
    +-----------------------------------------+----+-----------+-----+-----------+
    |                   Name                  | LUT| Input Size| Bits| Total Bits|
    +-----------------------------------------+----+-----------+-----+-----------+
    |ap_done_int                              |   9|          2|    1|          2|
    |ap_loop_exit_ready_pp0_iter1_reg         |   9|          2|    1|          2|
    |ap_phi_mux_do_init_phi_fu_339_p6         |  14|          3|    1|          3|
    |ap_phi_mux_p_read1144_phi_phi_fu_434_p4  |  14|          3|    8|         24|
    |ap_phi_mux_p_read143_phi_phi_fu_421_p4   |  14|          3|    8|         24|
    |ap_phi_mux_p_read2145_phi_phi_fu_447_p4  |  14|          3|    8|         24|
    |ap_phi_mux_p_read3146_phi_phi_fu_460_p4  |  14|          3|    8|         24|
    |ap_phi_mux_w_index1_phi_fu_406_p6        |  14|          3|    2|          6|
    |ap_phi_mux_x_V140_phi_fu_473_p6          |   9|          2|   16|         32|
    |ap_phi_mux_x_V_446138_phi_fu_487_p6      |   9|          2|   16|         32|
    |ap_phi_mux_x_V_447136_phi_fu_501_p6      |   9|          2|   16|         32|
    |ap_phi_mux_x_V_448134_phi_fu_515_p6      |   9|          2|   16|         32|
    |ap_phi_mux_x_V_449132_phi_fu_529_p6      |   9|          2|   16|         32|
    |ap_phi_mux_x_V_450130_phi_fu_543_p6      |   9|          2|   16|         32|
    |ap_phi_mux_x_V_451128_phi_fu_557_p6      |   9|          2|   16|         32|
    |ap_phi_mux_x_V_452126_phi_fu_571_p6      |   9|          2|   16|         32|
    |ap_phi_mux_x_V_453124_phi_fu_585_p6      |   9|          2|   16|         32|
    |ap_phi_mux_x_V_454122_phi_fu_599_p6      |   9|          2|   16|         32|
    |ap_phi_mux_x_V_455120_phi_fu_613_p6      |   9|          2|   16|         32|
    |ap_phi_mux_x_V_456118_phi_fu_627_p6      |   9|          2|   16|         32|
    |ap_phi_mux_x_V_457116_phi_fu_641_p6      |   9|          2|   16|         32|
    |ap_phi_mux_x_V_458114_phi_fu_655_p6      |   9|          2|   16|         32|
    |ap_phi_mux_x_V_459112_phi_fu_669_p6      |   9|          2|   16|         32|
    |ap_phi_mux_x_V_460110_phi_fu_683_p6      |   9|          2|   16|         32|
    |ap_phi_mux_x_V_461108_phi_fu_697_p6      |   9|          2|   16|         32|
    |ap_phi_mux_x_V_462106_phi_fu_711_p6      |   9|          2|   16|         32|
    |ap_phi_mux_x_V_463104_phi_fu_725_p6      |   9|          2|   16|         32|
    |ap_phi_mux_x_V_464102_phi_fu_739_p6      |   9|          2|   16|         32|
    |ap_phi_mux_x_V_465100_phi_fu_753_p6      |   9|          2|   16|         32|
    |ap_phi_mux_x_V_46698_phi_fu_767_p6       |   9|          2|   16|         32|
    |ap_phi_mux_x_V_46796_phi_fu_781_p6       |   9|          2|   16|         32|
    |ap_phi_mux_x_V_46894_phi_fu_795_p6       |   9|          2|   16|         32|
    |ap_phi_mux_x_V_46992_phi_fu_809_p6       |   9|          2|   16|         32|
    |ap_phi_mux_x_V_47090_phi_fu_823_p6       |   9|          2|   16|         32|
    |ap_phi_mux_x_V_47188_phi_fu_837_p6       |   9|          2|   16|         32|
    |ap_phi_mux_x_V_47286_phi_fu_851_p6       |   9|          2|   16|         32|
    |ap_phi_mux_x_V_47384_phi_fu_865_p6       |   9|          2|   16|         32|
    |ap_phi_mux_x_V_47482_phi_fu_879_p6       |   9|          2|   16|         32|
    |ap_phi_mux_x_V_47580_phi_fu_893_p6       |   9|          2|   16|         32|
    |ap_phi_mux_x_V_47678_phi_fu_907_p6       |   9|          2|   16|         32|
    |ap_phi_mux_x_V_47776_phi_fu_921_p6       |   9|          2|   16|         32|
    |ap_phi_mux_x_V_47874_phi_fu_935_p6       |   9|          2|   16|         32|
    |ap_phi_mux_x_V_47972_phi_fu_949_p6       |   9|          2|   16|         32|
    |ap_phi_mux_x_V_48070_phi_fu_963_p6       |   9|          2|   16|         32|
    |ap_phi_mux_x_V_48168_phi_fu_977_p6       |   9|          2|   16|         32|
    |ap_phi_mux_x_V_48266_phi_fu_991_p6       |   9|          2|   16|         32|
    |ap_phi_mux_x_V_48364_phi_fu_1005_p6      |   9|          2|   16|         32|
    |ap_phi_mux_x_V_48462_phi_fu_1019_p6      |   9|          2|   16|         32|
    |ap_phi_mux_x_V_48560_phi_fu_1033_p6      |   9|          2|   16|         32|
    |ap_phi_mux_x_V_48658_phi_fu_1047_p6      |   9|          2|   16|         32|
    |ap_phi_mux_x_V_48756_phi_fu_1061_p6      |   9|          2|   16|         32|
    |ap_phi_mux_x_V_48854_phi_fu_1075_p6      |   9|          2|   16|         32|
    |ap_phi_mux_x_V_48952_phi_fu_1089_p6      |   9|          2|   16|         32|
    |ap_phi_mux_x_V_49050_phi_fu_1103_p6      |   9|          2|   16|         32|
    |ap_phi_mux_x_V_49148_phi_fu_1117_p6      |   9|          2|   16|         32|
    |ap_phi_mux_x_V_49246_phi_fu_1131_p6      |   9|          2|   16|         32|
    |ap_phi_mux_x_V_49344_phi_fu_1145_p6      |   9|          2|   16|         32|
    |ap_phi_mux_x_V_49442_phi_fu_1159_p6      |   9|          2|   16|         32|
    |ap_phi_mux_x_V_49540_phi_fu_1173_p6      |   9|          2|   16|         32|
    |ap_phi_mux_x_V_49638_phi_fu_1187_p6      |   9|          2|   16|         32|
    |ap_phi_mux_x_V_49736_phi_fu_1201_p6      |   9|          2|   16|         32|
    |ap_phi_mux_x_V_49834_phi_fu_1215_p6      |   9|          2|   16|         32|
    |ap_phi_mux_x_V_49932_phi_fu_1229_p6      |   9|          2|   16|         32|
    |ap_phi_mux_x_V_50030_phi_fu_1243_p6      |   9|          2|   16|         32|
    |ap_phi_mux_x_V_50128_phi_fu_1257_p6      |   9|          2|   16|         32|
    |ap_phi_mux_x_V_50226_phi_fu_1271_p6      |   9|          2|   16|         32|
    |ap_phi_mux_x_V_50324_phi_fu_1285_p6      |   9|          2|   16|         32|
    |ap_phi_mux_x_V_50422_phi_fu_1299_p6      |   9|          2|   16|         32|
    |ap_phi_mux_x_V_50520_phi_fu_1313_p6      |   9|          2|   16|         32|
    |ap_phi_mux_x_V_50618_phi_fu_1327_p6      |   9|          2|   16|         32|
    |ap_phi_mux_x_V_50716_phi_fu_1341_p6      |   9|          2|   16|         32|
    |ap_phi_mux_x_V_50814_phi_fu_1355_p6      |   9|          2|   16|         32|
    |ap_phi_mux_x_V_50912_phi_fu_1369_p6      |   9|          2|   16|         32|
    |ap_phi_mux_x_V_51010_phi_fu_1383_p6      |   9|          2|   16|         32|
    |ap_phi_mux_x_V_5118_phi_fu_1397_p6       |   9|          2|   16|         32|
    |ap_phi_mux_x_V_5126_phi_fu_1411_p6       |   9|          2|   16|         32|
    |ap_phi_mux_x_V_5134_phi_fu_1425_p6       |   9|          2|   16|         32|
    |ap_phi_mux_x_V_5142_phi_fu_1439_p6       |   9|          2|   16|         32|
    |ap_return_0                              |   9|          2|   16|         32|
    |ap_return_1                              |   9|          2|   16|         32|
    |ap_return_10                             |   9|          2|   16|         32|
    |ap_return_11                             |   9|          2|   16|         32|
    |ap_return_12                             |   9|          2|   16|         32|
    |ap_return_13                             |   9|          2|   16|         32|
    |ap_return_14                             |   9|          2|   16|         32|
    |ap_return_15                             |   9|          2|   16|         32|
    |ap_return_16                             |   9|          2|   16|         32|
    |ap_return_17                             |   9|          2|   16|         32|
    |ap_return_18                             |   9|          2|   16|         32|
    |ap_return_19                             |   9|          2|   16|         32|
    |ap_return_2                              |   9|          2|   16|         32|
    |ap_return_20                             |   9|          2|   16|         32|
    |ap_return_21                             |   9|          2|   16|         32|
    |ap_return_22                             |   9|          2|   16|         32|
    |ap_return_23                             |   9|          2|   16|         32|
    |ap_return_24                             |   9|          2|   16|         32|
    |ap_return_25                             |   9|          2|   16|         32|
    |ap_return_26                             |   9|          2|   16|         32|
    |ap_return_27                             |   9|          2|   16|         32|
    |ap_return_28                             |   9|          2|   16|         32|
    |ap_return_29                             |   9|          2|   16|         32|
    |ap_return_3                              |   9|          2|   16|         32|
    |ap_return_30                             |   9|          2|   16|         32|
    |ap_return_31                             |   9|          2|   16|         32|
    |ap_return_32                             |   9|          2|   16|         32|
    |ap_return_33                             |   9|          2|   16|         32|
    |ap_return_34                             |   9|          2|   16|         32|
    |ap_return_35                             |   9|          2|   16|         32|
    |ap_return_36                             |   9|          2|   16|         32|
    |ap_return_37                             |   9|          2|   16|         32|
    |ap_return_38                             |   9|          2|   16|         32|
    |ap_return_39                             |   9|          2|   16|         32|
    |ap_return_4                              |   9|          2|   16|         32|
    |ap_return_40                             |   9|          2|   16|         32|
    |ap_return_41                             |   9|          2|   16|         32|
    |ap_return_42                             |   9|          2|   16|         32|
    |ap_return_43                             |   9|          2|   16|         32|
    |ap_return_44                             |   9|          2|   16|         32|
    |ap_return_45                             |   9|          2|   16|         32|
    |ap_return_46                             |   9|          2|   16|         32|
    |ap_return_47                             |   9|          2|   16|         32|
    |ap_return_48                             |   9|          2|   16|         32|
    |ap_return_49                             |   9|          2|   16|         32|
    |ap_return_5                              |   9|          2|   16|         32|
    |ap_return_50                             |   9|          2|   16|         32|
    |ap_return_51                             |   9|          2|   16|         32|
    |ap_return_52                             |   9|          2|   16|         32|
    |ap_return_53                             |   9|          2|   16|         32|
    |ap_return_54                             |   9|          2|   16|         32|
    |ap_return_55                             |   9|          2|   16|         32|
    |ap_return_56                             |   9|          2|   16|         32|
    |ap_return_57                             |   9|          2|   16|         32|
    |ap_return_58                             |   9|          2|   16|         32|
    |ap_return_59                             |   9|          2|   16|         32|
    |ap_return_6                              |   9|          2|   16|         32|
    |ap_return_60                             |   9|          2|   16|         32|
    |ap_return_61                             |   9|          2|   16|         32|
    |ap_return_62                             |   9|          2|   16|         32|
    |ap_return_63                             |   9|          2|   16|         32|
    |ap_return_64                             |   9|          2|   16|         32|
    |ap_return_65                             |   9|          2|   16|         32|
    |ap_return_66                             |   9|          2|   16|         32|
    |ap_return_67                             |   9|          2|   16|         32|
    |ap_return_68                             |   9|          2|   16|         32|
    |ap_return_69                             |   9|          2|   16|         32|
    |ap_return_7                              |   9|          2|   16|         32|
    |ap_return_8                              |   9|          2|   16|         32|
    |ap_return_9                              |   9|          2|   16|         32|
    |p_read1144_phi_reg_430                   |  14|          3|    8|         24|
    |p_read143_phi_reg_417                    |  14|          3|    8|         24|
    |p_read2145_phi_reg_443                   |  14|          3|    8|         24|
    |p_read3146_phi_reg_456                   |  14|          3|    8|         24|
    |w_index1_reg_403                         |   9|          2|    2|          4|
    |x_V140_reg_469                           |   9|          2|   16|         32|
    |x_V_446138_reg_483                       |   9|          2|   16|         32|
    |x_V_447136_reg_497                       |   9|          2|   16|         32|
    |x_V_448134_reg_511                       |   9|          2|   16|         32|
    |x_V_449132_reg_525                       |   9|          2|   16|         32|
    |x_V_450130_reg_539                       |   9|          2|   16|         32|
    |x_V_451128_reg_553                       |   9|          2|   16|         32|
    |x_V_452126_reg_567                       |   9|          2|   16|         32|
    |x_V_453124_reg_581                       |   9|          2|   16|         32|
    |x_V_454122_reg_595                       |   9|          2|   16|         32|
    |x_V_455120_reg_609                       |   9|          2|   16|         32|
    |x_V_456118_reg_623                       |   9|          2|   16|         32|
    |x_V_457116_reg_637                       |   9|          2|   16|         32|
    |x_V_458114_reg_651                       |   9|          2|   16|         32|
    |x_V_459112_reg_665                       |   9|          2|   16|         32|
    |x_V_460110_reg_679                       |   9|          2|   16|         32|
    |x_V_461108_reg_693                       |   9|          2|   16|         32|
    |x_V_462106_reg_707                       |   9|          2|   16|         32|
    |x_V_463104_reg_721                       |   9|          2|   16|         32|
    |x_V_464102_reg_735                       |   9|          2|   16|         32|
    |x_V_465100_reg_749                       |   9|          2|   16|         32|
    |x_V_46698_reg_763                        |   9|          2|   16|         32|
    |x_V_46796_reg_777                        |   9|          2|   16|         32|
    |x_V_46894_reg_791                        |   9|          2|   16|         32|
    |x_V_46992_reg_805                        |   9|          2|   16|         32|
    |x_V_47090_reg_819                        |   9|          2|   16|         32|
    |x_V_47188_reg_833                        |   9|          2|   16|         32|
    |x_V_47286_reg_847                        |   9|          2|   16|         32|
    |x_V_47384_reg_861                        |   9|          2|   16|         32|
    |x_V_47482_reg_875                        |   9|          2|   16|         32|
    |x_V_47580_reg_889                        |   9|          2|   16|         32|
    |x_V_47678_reg_903                        |   9|          2|   16|         32|
    |x_V_47776_reg_917                        |   9|          2|   16|         32|
    |x_V_47874_reg_931                        |   9|          2|   16|         32|
    |x_V_47972_reg_945                        |   9|          2|   16|         32|
    |x_V_48070_reg_959                        |   9|          2|   16|         32|
    |x_V_48168_reg_973                        |   9|          2|   16|         32|
    |x_V_48266_reg_987                        |   9|          2|   16|         32|
    |x_V_48364_reg_1001                       |   9|          2|   16|         32|
    |x_V_48462_reg_1015                       |   9|          2|   16|         32|
    |x_V_48560_reg_1029                       |   9|          2|   16|         32|
    |x_V_48658_reg_1043                       |   9|          2|   16|         32|
    |x_V_48756_reg_1057                       |   9|          2|   16|         32|
    |x_V_48854_reg_1071                       |   9|          2|   16|         32|
    |x_V_48952_reg_1085                       |   9|          2|   16|         32|
    |x_V_49050_reg_1099                       |   9|          2|   16|         32|
    |x_V_49148_reg_1113                       |   9|          2|   16|         32|
    |x_V_49246_reg_1127                       |   9|          2|   16|         32|
    |x_V_49344_reg_1141                       |   9|          2|   16|         32|
    |x_V_49442_reg_1155                       |   9|          2|   16|         32|
    |x_V_49540_reg_1169                       |   9|          2|   16|         32|
    |x_V_49638_reg_1183                       |   9|          2|   16|         32|
    |x_V_49736_reg_1197                       |   9|          2|   16|         32|
    |x_V_49834_reg_1211                       |   9|          2|   16|         32|
    |x_V_49932_reg_1225                       |   9|          2|   16|         32|
    |x_V_50030_reg_1239                       |   9|          2|   16|         32|
    |x_V_50128_reg_1253                       |   9|          2|   16|         32|
    |x_V_50226_reg_1267                       |   9|          2|   16|         32|
    |x_V_50324_reg_1281                       |   9|          2|   16|         32|
    |x_V_50422_reg_1295                       |   9|          2|   16|         32|
    |x_V_50520_reg_1309                       |   9|          2|   16|         32|
    |x_V_50618_reg_1323                       |   9|          2|   16|         32|
    |x_V_50716_reg_1337                       |   9|          2|   16|         32|
    |x_V_50814_reg_1351                       |   9|          2|   16|         32|
    |x_V_50912_reg_1365                       |   9|          2|   16|         32|
    |x_V_51010_reg_1379                       |   9|          2|   16|         32|
    |x_V_5118_reg_1393                        |   9|          2|   16|         32|
    |x_V_5126_reg_1407                        |   9|          2|   16|         32|
    |x_V_5134_reg_1421                        |   9|          2|   16|         32|
    |x_V_5142_reg_1435                        |   9|          2|   16|         32|
    +-----------------------------------------+----+-----------+-----+-----------+
    |Total                                    |2057|        456| 3431|       6929|
    +-----------------------------------------+----+-----------+-----+-----------+

    * Register: 
    +----------------------------------+----+----+-----+-----------+
    |               Name               | FF | LUT| Bits| Const Bits|
    +----------------------------------+----+----+-----+-----------+
    |a_V_reg_4982                      |   8|   0|    8|          0|
    |ap_CS_fsm                         |   1|   0|    1|          0|
    |ap_done_reg                       |   1|   0|    1|          0|
    |ap_enable_reg_pp0_iter1           |   1|   0|    1|          0|
    |ap_loop_exit_ready_pp0_iter1_reg  |   1|   0|    1|          0|
    |ap_loop_init_pp0_iter1_reg        |   1|   0|    1|          0|
    |ap_return_0_preg                  |  16|   0|   16|          0|
    |ap_return_10_preg                 |  16|   0|   16|          0|
    |ap_return_11_preg                 |  16|   0|   16|          0|
    |ap_return_12_preg                 |  16|   0|   16|          0|
    |ap_return_13_preg                 |  16|   0|   16|          0|
    |ap_return_14_preg                 |  16|   0|   16|          0|
    |ap_return_15_preg                 |  16|   0|   16|          0|
    |ap_return_16_preg                 |  16|   0|   16|          0|
    |ap_return_17_preg                 |  16|   0|   16|          0|
    |ap_return_18_preg                 |  16|   0|   16|          0|
    |ap_return_19_preg                 |  16|   0|   16|          0|
    |ap_return_1_preg                  |  16|   0|   16|          0|
    |ap_return_20_preg                 |  16|   0|   16|          0|
    |ap_return_21_preg                 |  16|   0|   16|          0|
    |ap_return_22_preg                 |  16|   0|   16|          0|
    |ap_return_23_preg                 |  16|   0|   16|          0|
    |ap_return_24_preg                 |  16|   0|   16|          0|
    |ap_return_25_preg                 |  16|   0|   16|          0|
    |ap_return_26_preg                 |  16|   0|   16|          0|
    |ap_return_27_preg                 |  16|   0|   16|          0|
    |ap_return_28_preg                 |  16|   0|   16|          0|
    |ap_return_29_preg                 |  16|   0|   16|          0|
    |ap_return_2_preg                  |  16|   0|   16|          0|
    |ap_return_30_preg                 |  16|   0|   16|          0|
    |ap_return_31_preg                 |  16|   0|   16|          0|
    |ap_return_32_preg                 |  16|   0|   16|          0|
    |ap_return_33_preg                 |  16|   0|   16|          0|
    |ap_return_34_preg                 |  16|   0|   16|          0|
    |ap_return_35_preg                 |  16|   0|   16|          0|
    |ap_return_36_preg                 |  16|   0|   16|          0|
    |ap_return_37_preg                 |  16|   0|   16|          0|
    |ap_return_38_preg                 |  16|   0|   16|          0|
    |ap_return_39_preg                 |  16|   0|   16|          0|
    |ap_return_3_preg                  |  16|   0|   16|          0|
    |ap_return_40_preg                 |  16|   0|   16|          0|
    |ap_return_41_preg                 |  16|   0|   16|          0|
    |ap_return_42_preg                 |  16|   0|   16|          0|
    |ap_return_43_preg                 |  16|   0|   16|          0|
    |ap_return_44_preg                 |  16|   0|   16|          0|
    |ap_return_45_preg                 |  16|   0|   16|          0|
    |ap_return_46_preg                 |  16|   0|   16|          0|
    |ap_return_47_preg                 |  16|   0|   16|          0|
    |ap_return_48_preg                 |  16|   0|   16|          0|
    |ap_return_49_preg                 |  16|   0|   16|          0|
    |ap_return_4_preg                  |  16|   0|   16|          0|
    |ap_return_50_preg                 |  16|   0|   16|          0|
    |ap_return_51_preg                 |  16|   0|   16|          0|
    |ap_return_52_preg                 |  16|   0|   16|          0|
    |ap_return_53_preg                 |  16|   0|   16|          0|
    |ap_return_54_preg                 |  16|   0|   16|          0|
    |ap_return_55_preg                 |  16|   0|   16|          0|
    |ap_return_56_preg                 |  16|   0|   16|          0|
    |ap_return_57_preg                 |  16|   0|   16|          0|
    |ap_return_58_preg                 |  16|   0|   16|          0|
    |ap_return_59_preg                 |  16|   0|   16|          0|
    |ap_return_5_preg                  |  16|   0|   16|          0|
    |ap_return_60_preg                 |  16|   0|   16|          0|
    |ap_return_61_preg                 |  16|   0|   16|          0|
    |ap_return_62_preg                 |  16|   0|   16|          0|
    |ap_return_63_preg                 |  16|   0|   16|          0|
    |ap_return_64_preg                 |  16|   0|   16|          0|
    |ap_return_65_preg                 |  16|   0|   16|          0|
    |ap_return_66_preg                 |  16|   0|   16|          0|
    |ap_return_67_preg                 |  16|   0|   16|          0|
    |ap_return_68_preg                 |  16|   0|   16|          0|
    |ap_return_69_preg                 |  16|   0|   16|          0|
    |ap_return_6_preg                  |  16|   0|   16|          0|
    |ap_return_7_preg                  |  16|   0|   16|          0|
    |ap_return_8_preg                  |  16|   0|   16|          0|
    |ap_return_9_preg                  |  16|   0|   16|          0|
    |do_init_reg_336                   |   1|   0|    1|          0|
    |icmp_ln43_reg_4992                |   1|   0|    1|          0|
    |p_read1144_phi_reg_430            |   8|   0|    8|          0|
    |p_read143_phi_reg_417             |   8|   0|    8|          0|
    |p_read2145_phi_reg_443            |   8|   0|    8|          0|
    |p_read3146_phi_reg_456            |   8|   0|    8|          0|
    |w_index1_reg_403                  |   2|   0|    2|          0|
    |w_index_reg_4987                  |   2|   0|    2|          0|
    |x_V140_reg_469                    |  16|   0|   16|          0|
    |x_V_446138_reg_483                |  16|   0|   16|          0|
    |x_V_447136_reg_497                |  16|   0|   16|          0|
    |x_V_448134_reg_511                |  16|   0|   16|          0|
    |x_V_449132_reg_525                |  16|   0|   16|          0|
    |x_V_450130_reg_539                |  16|   0|   16|          0|
    |x_V_451128_reg_553                |  16|   0|   16|          0|
    |x_V_452126_reg_567                |  16|   0|   16|          0|
    |x_V_453124_reg_581                |  16|   0|   16|          0|
    |x_V_454122_reg_595                |  16|   0|   16|          0|
    |x_V_455120_reg_609                |  16|   0|   16|          0|
    |x_V_456118_reg_623                |  16|   0|   16|          0|
    |x_V_457116_reg_637                |  16|   0|   16|          0|
    |x_V_458114_reg_651                |  16|   0|   16|          0|
    |x_V_459112_reg_665                |  16|   0|   16|          0|
    |x_V_460110_reg_679                |  16|   0|   16|          0|
    |x_V_461108_reg_693                |  16|   0|   16|          0|
    |x_V_462106_reg_707                |  16|   0|   16|          0|
    |x_V_463104_reg_721                |  16|   0|   16|          0|
    |x_V_464102_reg_735                |  16|   0|   16|          0|
    |x_V_465100_reg_749                |  16|   0|   16|          0|
    |x_V_46698_reg_763                 |  16|   0|   16|          0|
    |x_V_46796_reg_777                 |  16|   0|   16|          0|
    |x_V_46894_reg_791                 |  16|   0|   16|          0|
    |x_V_46992_reg_805                 |  16|   0|   16|          0|
    |x_V_47090_reg_819                 |  16|   0|   16|          0|
    |x_V_47188_reg_833                 |  16|   0|   16|          0|
    |x_V_47286_reg_847                 |  16|   0|   16|          0|
    |x_V_47384_reg_861                 |  16|   0|   16|          0|
    |x_V_47482_reg_875                 |  16|   0|   16|          0|
    |x_V_47580_reg_889                 |  16|   0|   16|          0|
    |x_V_47678_reg_903                 |  16|   0|   16|          0|
    |x_V_47776_reg_917                 |  16|   0|   16|          0|
    |x_V_47874_reg_931                 |  16|   0|   16|          0|
    |x_V_47972_reg_945                 |  16|   0|   16|          0|
    |x_V_48070_reg_959                 |  16|   0|   16|          0|
    |x_V_48168_reg_973                 |  16|   0|   16|          0|
    |x_V_48266_reg_987                 |  16|   0|   16|          0|
    |x_V_48364_reg_1001                |  16|   0|   16|          0|
    |x_V_48462_reg_1015                |  16|   0|   16|          0|
    |x_V_48560_reg_1029                |  16|   0|   16|          0|
    |x_V_48658_reg_1043                |  16|   0|   16|          0|
    |x_V_48756_reg_1057                |  16|   0|   16|          0|
    |x_V_48854_reg_1071                |  16|   0|   16|          0|
    |x_V_48952_reg_1085                |  16|   0|   16|          0|
    |x_V_49050_reg_1099                |  16|   0|   16|          0|
    |x_V_49148_reg_1113                |  16|   0|   16|          0|
    |x_V_49246_reg_1127                |  16|   0|   16|          0|
    |x_V_49344_reg_1141                |  16|   0|   16|          0|
    |x_V_49442_reg_1155                |  16|   0|   16|          0|
    |x_V_49540_reg_1169                |  16|   0|   16|          0|
    |x_V_49638_reg_1183                |  16|   0|   16|          0|
    |x_V_49736_reg_1197                |  16|   0|   16|          0|
    |x_V_49834_reg_1211                |  16|   0|   16|          0|
    |x_V_49932_reg_1225                |  16|   0|   16|          0|
    |x_V_50030_reg_1239                |  16|   0|   16|          0|
    |x_V_50128_reg_1253                |  16|   0|   16|          0|
    |x_V_50226_reg_1267                |  16|   0|   16|          0|
    |x_V_50324_reg_1281                |  16|   0|   16|          0|
    |x_V_50422_reg_1295                |  16|   0|   16|          0|
    |x_V_50520_reg_1309                |  16|   0|   16|          0|
    |x_V_50618_reg_1323                |  16|   0|   16|          0|
    |x_V_50716_reg_1337                |  16|   0|   16|          0|
    |x_V_50814_reg_1351                |  16|   0|   16|          0|
    |x_V_50912_reg_1365                |  16|   0|   16|          0|
    |x_V_51010_reg_1379                |  16|   0|   16|          0|
    |x_V_5118_reg_1393                 |  16|   0|   16|          0|
    |x_V_5126_reg_1407                 |  16|   0|   16|          0|
    |x_V_5134_reg_1421                 |  16|   0|   16|          0|
    |x_V_5142_reg_1435                 |  16|   0|   16|          0|
    +----------------------------------+----+----+-----+-----------+
    |Total                             |2291|   0| 2291|          0|
    +----------------------------------+----+----+-----+-----------+



================================================================
== Interface
================================================================
* Summary: 
+--------------+-----+-----+------------+----------------------------------------------------------------------------------+--------------+
|   RTL Ports  | Dir | Bits|  Protocol  |                                   Source Object                                  |    C Type    |
+--------------+-----+-----+------------+----------------------------------------------------------------------------------+--------------+
|ap_clk        |   in|    1|  ap_ctrl_hs|  dense_resource<ap_fixed<8, 3, 4, 0, 0>, ap_fixed<16, 6, 5, 3, 0>, config18_mult>|  return value|
|ap_rst        |   in|    1|  ap_ctrl_hs|  dense_resource<ap_fixed<8, 3, 4, 0, 0>, ap_fixed<16, 6, 5, 3, 0>, config18_mult>|  return value|
|ap_start      |   in|    1|  ap_ctrl_hs|  dense_resource<ap_fixed<8, 3, 4, 0, 0>, ap_fixed<16, 6, 5, 3, 0>, config18_mult>|  return value|
|ap_done       |  out|    1|  ap_ctrl_hs|  dense_resource<ap_fixed<8, 3, 4, 0, 0>, ap_fixed<16, 6, 5, 3, 0>, config18_mult>|  return value|
|ap_idle       |  out|    1|  ap_ctrl_hs|  dense_resource<ap_fixed<8, 3, 4, 0, 0>, ap_fixed<16, 6, 5, 3, 0>, config18_mult>|  return value|
|ap_ready      |  out|    1|  ap_ctrl_hs|  dense_resource<ap_fixed<8, 3, 4, 0, 0>, ap_fixed<16, 6, 5, 3, 0>, config18_mult>|  return value|
|ap_return_0   |  out|   16|  ap_ctrl_hs|  dense_resource<ap_fixed<8, 3, 4, 0, 0>, ap_fixed<16, 6, 5, 3, 0>, config18_mult>|  return value|
|ap_return_1   |  out|   16|  ap_ctrl_hs|  dense_resource<ap_fixed<8, 3, 4, 0, 0>, ap_fixed<16, 6, 5, 3, 0>, config18_mult>|  return value|
|ap_return_2   |  out|   16|  ap_ctrl_hs|  dense_resource<ap_fixed<8, 3, 4, 0, 0>, ap_fixed<16, 6, 5, 3, 0>, config18_mult>|  return value|
|ap_return_3   |  out|   16|  ap_ctrl_hs|  dense_resource<ap_fixed<8, 3, 4, 0, 0>, ap_fixed<16, 6, 5, 3, 0>, config18_mult>|  return value|
|ap_return_4   |  out|   16|  ap_ctrl_hs|  dense_resource<ap_fixed<8, 3, 4, 0, 0>, ap_fixed<16, 6, 5, 3, 0>, config18_mult>|  return value|
|ap_return_5   |  out|   16|  ap_ctrl_hs|  dense_resource<ap_fixed<8, 3, 4, 0, 0>, ap_fixed<16, 6, 5, 3, 0>, config18_mult>|  return value|
|ap_return_6   |  out|   16|  ap_ctrl_hs|  dense_resource<ap_fixed<8, 3, 4, 0, 0>, ap_fixed<16, 6, 5, 3, 0>, config18_mult>|  return value|
|ap_return_7   |  out|   16|  ap_ctrl_hs|  dense_resource<ap_fixed<8, 3, 4, 0, 0>, ap_fixed<16, 6, 5, 3, 0>, config18_mult>|  return value|
|ap_return_8   |  out|   16|  ap_ctrl_hs|  dense_resource<ap_fixed<8, 3, 4, 0, 0>, ap_fixed<16, 6, 5, 3, 0>, config18_mult>|  return value|
|ap_return_9   |  out|   16|  ap_ctrl_hs|  dense_resource<ap_fixed<8, 3, 4, 0, 0>, ap_fixed<16, 6, 5, 3, 0>, config18_mult>|  return value|
|ap_return_10  |  out|   16|  ap_ctrl_hs|  dense_resource<ap_fixed<8, 3, 4, 0, 0>, ap_fixed<16, 6, 5, 3, 0>, config18_mult>|  return value|
|ap_return_11  |  out|   16|  ap_ctrl_hs|  dense_resource<ap_fixed<8, 3, 4, 0, 0>, ap_fixed<16, 6, 5, 3, 0>, config18_mult>|  return value|
|ap_return_12  |  out|   16|  ap_ctrl_hs|  dense_resource<ap_fixed<8, 3, 4, 0, 0>, ap_fixed<16, 6, 5, 3, 0>, config18_mult>|  return value|
|ap_return_13  |  out|   16|  ap_ctrl_hs|  dense_resource<ap_fixed<8, 3, 4, 0, 0>, ap_fixed<16, 6, 5, 3, 0>, config18_mult>|  return value|
|ap_return_14  |  out|   16|  ap_ctrl_hs|  dense_resource<ap_fixed<8, 3, 4, 0, 0>, ap_fixed<16, 6, 5, 3, 0>, config18_mult>|  return value|
|ap_return_15  |  out|   16|  ap_ctrl_hs|  dense_resource<ap_fixed<8, 3, 4, 0, 0>, ap_fixed<16, 6, 5, 3, 0>, config18_mult>|  return value|
|ap_return_16  |  out|   16|  ap_ctrl_hs|  dense_resource<ap_fixed<8, 3, 4, 0, 0>, ap_fixed<16, 6, 5, 3, 0>, config18_mult>|  return value|
|ap_return_17  |  out|   16|  ap_ctrl_hs|  dense_resource<ap_fixed<8, 3, 4, 0, 0>, ap_fixed<16, 6, 5, 3, 0>, config18_mult>|  return value|
|ap_return_18  |  out|   16|  ap_ctrl_hs|  dense_resource<ap_fixed<8, 3, 4, 0, 0>, ap_fixed<16, 6, 5, 3, 0>, config18_mult>|  return value|
|ap_return_19  |  out|   16|  ap_ctrl_hs|  dense_resource<ap_fixed<8, 3, 4, 0, 0>, ap_fixed<16, 6, 5, 3, 0>, config18_mult>|  return value|
|ap_return_20  |  out|   16|  ap_ctrl_hs|  dense_resource<ap_fixed<8, 3, 4, 0, 0>, ap_fixed<16, 6, 5, 3, 0>, config18_mult>|  return value|
|ap_return_21  |  out|   16|  ap_ctrl_hs|  dense_resource<ap_fixed<8, 3, 4, 0, 0>, ap_fixed<16, 6, 5, 3, 0>, config18_mult>|  return value|
|ap_return_22  |  out|   16|  ap_ctrl_hs|  dense_resource<ap_fixed<8, 3, 4, 0, 0>, ap_fixed<16, 6, 5, 3, 0>, config18_mult>|  return value|
|ap_return_23  |  out|   16|  ap_ctrl_hs|  dense_resource<ap_fixed<8, 3, 4, 0, 0>, ap_fixed<16, 6, 5, 3, 0>, config18_mult>|  return value|
|ap_return_24  |  out|   16|  ap_ctrl_hs|  dense_resource<ap_fixed<8, 3, 4, 0, 0>, ap_fixed<16, 6, 5, 3, 0>, config18_mult>|  return value|
|ap_return_25  |  out|   16|  ap_ctrl_hs|  dense_resource<ap_fixed<8, 3, 4, 0, 0>, ap_fixed<16, 6, 5, 3, 0>, config18_mult>|  return value|
|ap_return_26  |  out|   16|  ap_ctrl_hs|  dense_resource<ap_fixed<8, 3, 4, 0, 0>, ap_fixed<16, 6, 5, 3, 0>, config18_mult>|  return value|
|ap_return_27  |  out|   16|  ap_ctrl_hs|  dense_resource<ap_fixed<8, 3, 4, 0, 0>, ap_fixed<16, 6, 5, 3, 0>, config18_mult>|  return value|
|ap_return_28  |  out|   16|  ap_ctrl_hs|  dense_resource<ap_fixed<8, 3, 4, 0, 0>, ap_fixed<16, 6, 5, 3, 0>, config18_mult>|  return value|
|ap_return_29  |  out|   16|  ap_ctrl_hs|  dense_resource<ap_fixed<8, 3, 4, 0, 0>, ap_fixed<16, 6, 5, 3, 0>, config18_mult>|  return value|
|ap_return_30  |  out|   16|  ap_ctrl_hs|  dense_resource<ap_fixed<8, 3, 4, 0, 0>, ap_fixed<16, 6, 5, 3, 0>, config18_mult>|  return value|
|ap_return_31  |  out|   16|  ap_ctrl_hs|  dense_resource<ap_fixed<8, 3, 4, 0, 0>, ap_fixed<16, 6, 5, 3, 0>, config18_mult>|  return value|
|ap_return_32  |  out|   16|  ap_ctrl_hs|  dense_resource<ap_fixed<8, 3, 4, 0, 0>, ap_fixed<16, 6, 5, 3, 0>, config18_mult>|  return value|
|ap_return_33  |  out|   16|  ap_ctrl_hs|  dense_resource<ap_fixed<8, 3, 4, 0, 0>, ap_fixed<16, 6, 5, 3, 0>, config18_mult>|  return value|
|ap_return_34  |  out|   16|  ap_ctrl_hs|  dense_resource<ap_fixed<8, 3, 4, 0, 0>, ap_fixed<16, 6, 5, 3, 0>, config18_mult>|  return value|
|ap_return_35  |  out|   16|  ap_ctrl_hs|  dense_resource<ap_fixed<8, 3, 4, 0, 0>, ap_fixed<16, 6, 5, 3, 0>, config18_mult>|  return value|
|ap_return_36  |  out|   16|  ap_ctrl_hs|  dense_resource<ap_fixed<8, 3, 4, 0, 0>, ap_fixed<16, 6, 5, 3, 0>, config18_mult>|  return value|
|ap_return_37  |  out|   16|  ap_ctrl_hs|  dense_resource<ap_fixed<8, 3, 4, 0, 0>, ap_fixed<16, 6, 5, 3, 0>, config18_mult>|  return value|
|ap_return_38  |  out|   16|  ap_ctrl_hs|  dense_resource<ap_fixed<8, 3, 4, 0, 0>, ap_fixed<16, 6, 5, 3, 0>, config18_mult>|  return value|
|ap_return_39  |  out|   16|  ap_ctrl_hs|  dense_resource<ap_fixed<8, 3, 4, 0, 0>, ap_fixed<16, 6, 5, 3, 0>, config18_mult>|  return value|
|ap_return_40  |  out|   16|  ap_ctrl_hs|  dense_resource<ap_fixed<8, 3, 4, 0, 0>, ap_fixed<16, 6, 5, 3, 0>, config18_mult>|  return value|
|ap_return_41  |  out|   16|  ap_ctrl_hs|  dense_resource<ap_fixed<8, 3, 4, 0, 0>, ap_fixed<16, 6, 5, 3, 0>, config18_mult>|  return value|
|ap_return_42  |  out|   16|  ap_ctrl_hs|  dense_resource<ap_fixed<8, 3, 4, 0, 0>, ap_fixed<16, 6, 5, 3, 0>, config18_mult>|  return value|
|ap_return_43  |  out|   16|  ap_ctrl_hs|  dense_resource<ap_fixed<8, 3, 4, 0, 0>, ap_fixed<16, 6, 5, 3, 0>, config18_mult>|  return value|
|ap_return_44  |  out|   16|  ap_ctrl_hs|  dense_resource<ap_fixed<8, 3, 4, 0, 0>, ap_fixed<16, 6, 5, 3, 0>, config18_mult>|  return value|
|ap_return_45  |  out|   16|  ap_ctrl_hs|  dense_resource<ap_fixed<8, 3, 4, 0, 0>, ap_fixed<16, 6, 5, 3, 0>, config18_mult>|  return value|
|ap_return_46  |  out|   16|  ap_ctrl_hs|  dense_resource<ap_fixed<8, 3, 4, 0, 0>, ap_fixed<16, 6, 5, 3, 0>, config18_mult>|  return value|
|ap_return_47  |  out|   16|  ap_ctrl_hs|  dense_resource<ap_fixed<8, 3, 4, 0, 0>, ap_fixed<16, 6, 5, 3, 0>, config18_mult>|  return value|
|ap_return_48  |  out|   16|  ap_ctrl_hs|  dense_resource<ap_fixed<8, 3, 4, 0, 0>, ap_fixed<16, 6, 5, 3, 0>, config18_mult>|  return value|
|ap_return_49  |  out|   16|  ap_ctrl_hs|  dense_resource<ap_fixed<8, 3, 4, 0, 0>, ap_fixed<16, 6, 5, 3, 0>, config18_mult>|  return value|
|ap_return_50  |  out|   16|  ap_ctrl_hs|  dense_resource<ap_fixed<8, 3, 4, 0, 0>, ap_fixed<16, 6, 5, 3, 0>, config18_mult>|  return value|
|ap_return_51  |  out|   16|  ap_ctrl_hs|  dense_resource<ap_fixed<8, 3, 4, 0, 0>, ap_fixed<16, 6, 5, 3, 0>, config18_mult>|  return value|
|ap_return_52  |  out|   16|  ap_ctrl_hs|  dense_resource<ap_fixed<8, 3, 4, 0, 0>, ap_fixed<16, 6, 5, 3, 0>, config18_mult>|  return value|
|ap_return_53  |  out|   16|  ap_ctrl_hs|  dense_resource<ap_fixed<8, 3, 4, 0, 0>, ap_fixed<16, 6, 5, 3, 0>, config18_mult>|  return value|
|ap_return_54  |  out|   16|  ap_ctrl_hs|  dense_resource<ap_fixed<8, 3, 4, 0, 0>, ap_fixed<16, 6, 5, 3, 0>, config18_mult>|  return value|
|ap_return_55  |  out|   16|  ap_ctrl_hs|  dense_resource<ap_fixed<8, 3, 4, 0, 0>, ap_fixed<16, 6, 5, 3, 0>, config18_mult>|  return value|
|ap_return_56  |  out|   16|  ap_ctrl_hs|  dense_resource<ap_fixed<8, 3, 4, 0, 0>, ap_fixed<16, 6, 5, 3, 0>, config18_mult>|  return value|
|ap_return_57  |  out|   16|  ap_ctrl_hs|  dense_resource<ap_fixed<8, 3, 4, 0, 0>, ap_fixed<16, 6, 5, 3, 0>, config18_mult>|  return value|
|ap_return_58  |  out|   16|  ap_ctrl_hs|  dense_resource<ap_fixed<8, 3, 4, 0, 0>, ap_fixed<16, 6, 5, 3, 0>, config18_mult>|  return value|
|ap_return_59  |  out|   16|  ap_ctrl_hs|  dense_resource<ap_fixed<8, 3, 4, 0, 0>, ap_fixed<16, 6, 5, 3, 0>, config18_mult>|  return value|
|ap_return_60  |  out|   16|  ap_ctrl_hs|  dense_resource<ap_fixed<8, 3, 4, 0, 0>, ap_fixed<16, 6, 5, 3, 0>, config18_mult>|  return value|
|ap_return_61  |  out|   16|  ap_ctrl_hs|  dense_resource<ap_fixed<8, 3, 4, 0, 0>, ap_fixed<16, 6, 5, 3, 0>, config18_mult>|  return value|
|ap_return_62  |  out|   16|  ap_ctrl_hs|  dense_resource<ap_fixed<8, 3, 4, 0, 0>, ap_fixed<16, 6, 5, 3, 0>, config18_mult>|  return value|
|ap_return_63  |  out|   16|  ap_ctrl_hs|  dense_resource<ap_fixed<8, 3, 4, 0, 0>, ap_fixed<16, 6, 5, 3, 0>, config18_mult>|  return value|
|ap_return_64  |  out|   16|  ap_ctrl_hs|  dense_resource<ap_fixed<8, 3, 4, 0, 0>, ap_fixed<16, 6, 5, 3, 0>, config18_mult>|  return value|
|ap_return_65  |  out|   16|  ap_ctrl_hs|  dense_resource<ap_fixed<8, 3, 4, 0, 0>, ap_fixed<16, 6, 5, 3, 0>, config18_mult>|  return value|
|ap_return_66  |  out|   16|  ap_ctrl_hs|  dense_resource<ap_fixed<8, 3, 4, 0, 0>, ap_fixed<16, 6, 5, 3, 0>, config18_mult>|  return value|
|ap_return_67  |  out|   16|  ap_ctrl_hs|  dense_resource<ap_fixed<8, 3, 4, 0, 0>, ap_fixed<16, 6, 5, 3, 0>, config18_mult>|  return value|
|ap_return_68  |  out|   16|  ap_ctrl_hs|  dense_resource<ap_fixed<8, 3, 4, 0, 0>, ap_fixed<16, 6, 5, 3, 0>, config18_mult>|  return value|
|ap_return_69  |  out|   16|  ap_ctrl_hs|  dense_resource<ap_fixed<8, 3, 4, 0, 0>, ap_fixed<16, 6, 5, 3, 0>, config18_mult>|  return value|
|p_read        |   in|    8|     ap_none|                                                                            p_read|        scalar|
|p_read1       |   in|    8|     ap_none|                                                                           p_read1|        scalar|
|p_read2       |   in|    8|     ap_none|                                                                           p_read2|        scalar|
|p_read3       |   in|    8|     ap_none|                                                                           p_read3|        scalar|
+--------------+-----+-----+------------+----------------------------------------------------------------------------------+--------------+

