

================================================================
== Vitis HLS Report for 'gru_stack_for_bidirectional_ap_fixed_ap_fixed_17_4_5_3_0_config2_f_s'
================================================================
* Date:           Sat Feb 10 14:09:04 2024

* Version:        2022.2 (Build 3670227 on Oct 13 2022)
* Project:        alveo_hls4ml
* Solution:       solution (Vitis Kernel Flow Target)
* Product family: virtexuplus
* Target device:  xcu55c-fsvh2892-2L-e


================================================================
== Performance Estimates
================================================================
+ Timing: 
    * Summary: 
    +--------+---------+----------+------------+
    |  Clock |  Target | Estimated| Uncertainty|
    +--------+---------+----------+------------+
    |ap_clk  |  4.00 ns|  4.019 ns|     1.08 ns|
    +--------+---------+----------+------------+

+ Latency: 
    * Summary: 
    +---------+---------+----------+----------+-------+-------+---------+
    |  Latency (cycles) |  Latency (absolute) |    Interval   | Pipeline|
    |   min   |   max   |    min   |    max   |  min  |  max  |   Type  |
    +---------+---------+----------+----------+-------+-------+---------+
    |    24894|    24967|  0.100 ms|  0.100 ms|  24894|  24967|       no|
    +---------+---------+----------+----------+-------+-------+---------+

    + Detail: 
        * Instance: 
        +----------------------------------------------------------------------------+----------------------------------------------------------------+---------+---------+----------+----------+-----+-----+---------+
        |                                                                            |                                                                |  Latency (cycles) |  Latency (absolute) |  Interval | Pipeline|
        |                                  Instance                                  |                             Module                             |   min   |   max   |    min   |    max   | min | max |   Type  |
        +----------------------------------------------------------------------------+----------------------------------------------------------------+---------+---------+----------+----------+-----+-----+---------+
        |grp_gru_static_ap_fixed_16_6_5_3_0_ap_fixed_17_4_5_3_0_config2_f_s_fu_1486  |gru_static_ap_fixed_16_6_5_3_0_ap_fixed_17_4_5_3_0_config2_f_s  |      337|      338|  1.354 us|  1.358 us|  337|  338|       no|
        +----------------------------------------------------------------------------+----------------------------------------------------------------+---------+---------+----------+----------+-----+-----+---------+

        * Loop: 
        +-------------------+---------+---------+-----------+-----------+-----------+------+----------+
        |                   |  Latency (cycles) | Iteration |  Initiation Interval  | Trip |          |
        |     Loop Name     |   min   |   max   |  Latency  |  achieved |   target  | Count| Pipelined|
        +-------------------+---------+---------+-----------+-----------+-----------+------+----------+
        |- DataPropagation  |    24893|    24966|  341 ~ 342|          -|          -|    73|        no|
        +-------------------+---------+---------+-----------+-----------+-----------+------+----------+



================================================================
== Utilization Estimates
================================================================
* Summary: 
+---------------------+---------+------+---------+---------+-----+
|         Name        | BRAM_18K|  DSP |    FF   |   LUT   | URAM|
+---------------------+---------+------+---------+---------+-----+
|DSP                  |        -|     -|        -|        -|    -|
|Expression           |        -|     -|        0|       24|    -|
|FIFO                 |        -|     -|        -|        -|    -|
|Instance             |       16|   512|    55861|    52859|    0|
|Memory               |        -|     -|        -|        -|    -|
|Multiplexer          |        -|     -|        -|      616|    -|
|Register             |        -|     -|     4430|        -|    -|
+---------------------+---------+------+---------+---------+-----+
|Total                |       16|   512|    60291|    53499|    0|
+---------------------+---------+------+---------+---------+-----+
|Available SLR        |     1344|  3008|   869120|   434560|  320|
+---------------------+---------+------+---------+---------+-----+
|Utilization SLR (%)  |        1|    17|        6|       12|    0|
+---------------------+---------+------+---------+---------+-----+
|Available            |     4032|  9024|  2607360|  1303680|  960|
+---------------------+---------+------+---------+---------+-----+
|Utilization (%)      |       ~0|     5|        2|        4|    0|
+---------------------+---------+------+---------+---------+-----+

+ Detail: 
    * Instance: 
    +----------------------------------------------------------------------------+----------------------------------------------------------------+---------+-----+-------+-------+-----+
    |                                  Instance                                  |                             Module                             | BRAM_18K| DSP |   FF  |  LUT  | URAM|
    +----------------------------------------------------------------------------+----------------------------------------------------------------+---------+-----+-------+-------+-----+
    |grp_gru_static_ap_fixed_16_6_5_3_0_ap_fixed_17_4_5_3_0_config2_f_s_fu_1486  |gru_static_ap_fixed_16_6_5_3_0_ap_fixed_17_4_5_3_0_config2_f_s  |       16|  512|  55861|  52859|    0|
    +----------------------------------------------------------------------------+----------------------------------------------------------------+---------+-----+-------+-------+-----+
    |Total                                                                       |                                                                |       16|  512|  55861|  52859|    0|
    +----------------------------------------------------------------------------+----------------------------------------------------------------+---------+-----+-------+-------+-----+

    * DSP: 
    N/A

    * Memory: 
    N/A

    * FIFO: 
    N/A

    * Expression: 
    +-----------------------+----------+----+---+----+------------+------------+
    |     Variable Name     | Operation| DSP| FF| LUT| Bitwidth P0| Bitwidth P1|
    +-----------------------+----------+----+---+----+------------+------------+
    |add_ln736_fu_2353_p2   |         +|   0|  0|  14|           7|           1|
    |icmp_ln736_fu_2347_p2  |      icmp|   0|  0|  10|           7|           7|
    +-----------------------+----------+----+---+----+------------+------------+
    |Total                  |          |   0|  0|  24|          14|           8|
    +-----------------------+----------+----+---+----+------------+------------+

    * Multiplexer: 
    +-------------------------+----+-----------+-----+-----------+
    |           Name          | LUT| Input Size| Bits| Total Bits|
    +-------------------------+----+-----------+-----+-----------+
    |ap_NS_fsm                |  31|          6|    1|          6|
    |h_newstate_V_100_fu_450  |   9|          2|   17|         34|
    |h_newstate_V_101_fu_454  |   9|          2|   17|         34|
    |h_newstate_V_102_fu_458  |   9|          2|   17|         34|
    |h_newstate_V_103_fu_462  |   9|          2|   17|         34|
    |h_newstate_V_104_fu_466  |   9|          2|   17|         34|
    |h_newstate_V_105_fu_470  |   9|          2|   17|         34|
    |h_newstate_V_106_fu_474  |   9|          2|   17|         34|
    |h_newstate_V_107_fu_478  |   9|          2|   17|         34|
    |h_newstate_V_108_fu_482  |   9|          2|   17|         34|
    |h_newstate_V_109_fu_486  |   9|          2|   17|         34|
    |h_newstate_V_110_fu_490  |   9|          2|   17|         34|
    |h_newstate_V_111_fu_494  |   9|          2|   17|         34|
    |h_newstate_V_112_fu_498  |   9|          2|   17|         34|
    |h_newstate_V_113_fu_502  |   9|          2|   17|         34|
    |h_newstate_V_114_fu_506  |   9|          2|   17|         34|
    |h_newstate_V_115_fu_510  |   9|          2|   17|         34|
    |h_newstate_V_116_fu_514  |   9|          2|   17|         34|
    |h_newstate_V_117_fu_518  |   9|          2|   17|         34|
    |h_newstate_V_118_fu_522  |   9|          2|   17|         34|
    |h_newstate_V_119_fu_526  |   9|          2|   17|         34|
    |h_newstate_V_120_fu_530  |   9|          2|   17|         34|
    |h_newstate_V_121_fu_534  |   9|          2|   17|         34|
    |h_newstate_V_122_fu_538  |   9|          2|   17|         34|
    |h_newstate_V_123_fu_542  |   9|          2|   17|         34|
    |h_newstate_V_124_fu_546  |   9|          2|   17|         34|
    |h_newstate_V_125_fu_550  |   9|          2|   17|         34|
    |h_newstate_V_126_fu_554  |   9|          2|   17|         34|
    |h_newstate_V_127_fu_558  |   9|          2|   17|         34|
    |h_newstate_V_64_fu_306   |   9|          2|   17|         34|
    |h_newstate_V_65_fu_310   |   9|          2|   17|         34|
    |h_newstate_V_66_fu_314   |   9|          2|   17|         34|
    |h_newstate_V_67_fu_318   |   9|          2|   17|         34|
    |h_newstate_V_68_fu_322   |   9|          2|   17|         34|
    |h_newstate_V_69_fu_326   |   9|          2|   17|         34|
    |h_newstate_V_70_fu_330   |   9|          2|   17|         34|
    |h_newstate_V_71_fu_334   |   9|          2|   17|         34|
    |h_newstate_V_72_fu_338   |   9|          2|   17|         34|
    |h_newstate_V_73_fu_342   |   9|          2|   17|         34|
    |h_newstate_V_74_fu_346   |   9|          2|   17|         34|
    |h_newstate_V_75_fu_350   |   9|          2|   17|         34|
    |h_newstate_V_76_fu_354   |   9|          2|   17|         34|
    |h_newstate_V_77_fu_358   |   9|          2|   17|         34|
    |h_newstate_V_78_fu_362   |   9|          2|   17|         34|
    |h_newstate_V_79_fu_366   |   9|          2|   17|         34|
    |h_newstate_V_80_fu_370   |   9|          2|   17|         34|
    |h_newstate_V_81_fu_374   |   9|          2|   17|         34|
    |h_newstate_V_82_fu_378   |   9|          2|   17|         34|
    |h_newstate_V_83_fu_382   |   9|          2|   17|         34|
    |h_newstate_V_84_fu_386   |   9|          2|   17|         34|
    |h_newstate_V_85_fu_390   |   9|          2|   17|         34|
    |h_newstate_V_86_fu_394   |   9|          2|   17|         34|
    |h_newstate_V_87_fu_398   |   9|          2|   17|         34|
    |h_newstate_V_88_fu_402   |   9|          2|   17|         34|
    |h_newstate_V_89_fu_406   |   9|          2|   17|         34|
    |h_newstate_V_90_fu_410   |   9|          2|   17|         34|
    |h_newstate_V_91_fu_414   |   9|          2|   17|         34|
    |h_newstate_V_92_fu_418   |   9|          2|   17|         34|
    |h_newstate_V_93_fu_422   |   9|          2|   17|         34|
    |h_newstate_V_94_fu_426   |   9|          2|   17|         34|
    |h_newstate_V_95_fu_430   |   9|          2|   17|         34|
    |h_newstate_V_96_fu_434   |   9|          2|   17|         34|
    |h_newstate_V_97_fu_438   |   9|          2|   17|         34|
    |h_newstate_V_98_fu_442   |   9|          2|   17|         34|
    |h_newstate_V_99_fu_446   |   9|          2|   17|         34|
    |i_in_fu_302              |   9|          2|    7|         14|
    +-------------------------+----+-----------+-----+-----------+
    |Total                    | 616|        136| 1096|       2196|
    +-------------------------+----+-----------+-----+-----------+

    * Register: 
    +-----------------------------------------------------------------------------------------+------+----+------+-----------+
    |                                           Name                                          |  FF  | LUT| Bits | Const Bits|
    +-----------------------------------------------------------------------------------------+------+----+------+-----------+
    |ap_CS_fsm                                                                                |     5|   0|     5|          0|
    |data_0_load_reg_4207                                                                     |    16|   0|    16|          0|
    |data_10_load_reg_4257                                                                    |    16|   0|    16|          0|
    |data_11_load_reg_4262                                                                    |    16|   0|    16|          0|
    |data_12_load_reg_4267                                                                    |    16|   0|    16|          0|
    |data_13_load_reg_4272                                                                    |    16|   0|    16|          0|
    |data_14_load_reg_4277                                                                    |    16|   0|    16|          0|
    |data_15_load_reg_4282                                                                    |    16|   0|    16|          0|
    |data_16_load_reg_4287                                                                    |    16|   0|    16|          0|
    |data_17_load_reg_4292                                                                    |    16|   0|    16|          0|
    |data_18_load_reg_4297                                                                    |    16|   0|    16|          0|
    |data_19_load_reg_4302                                                                    |    16|   0|    16|          0|
    |data_1_load_reg_4212                                                                     |    16|   0|    16|          0|
    |data_20_load_reg_4307                                                                    |    16|   0|    16|          0|
    |data_21_load_reg_4312                                                                    |    16|   0|    16|          0|
    |data_22_load_reg_4317                                                                    |    16|   0|    16|          0|
    |data_23_load_reg_4322                                                                    |    16|   0|    16|          0|
    |data_24_load_reg_4327                                                                    |    16|   0|    16|          0|
    |data_25_load_reg_4332                                                                    |    16|   0|    16|          0|
    |data_26_load_reg_4337                                                                    |    16|   0|    16|          0|
    |data_27_load_reg_4342                                                                    |    16|   0|    16|          0|
    |data_28_load_reg_4347                                                                    |    16|   0|    16|          0|
    |data_29_load_reg_4352                                                                    |    16|   0|    16|          0|
    |data_2_load_reg_4217                                                                     |    16|   0|    16|          0|
    |data_30_load_reg_4357                                                                    |    16|   0|    16|          0|
    |data_31_load_reg_4362                                                                    |    16|   0|    16|          0|
    |data_32_load_reg_4367                                                                    |    16|   0|    16|          0|
    |data_33_load_reg_4372                                                                    |    16|   0|    16|          0|
    |data_34_load_reg_4377                                                                    |    16|   0|    16|          0|
    |data_35_load_reg_4382                                                                    |    16|   0|    16|          0|
    |data_36_load_reg_4387                                                                    |    16|   0|    16|          0|
    |data_37_load_reg_4392                                                                    |    16|   0|    16|          0|
    |data_38_load_reg_4397                                                                    |    16|   0|    16|          0|
    |data_39_load_reg_4402                                                                    |    16|   0|    16|          0|
    |data_3_load_reg_4222                                                                     |    16|   0|    16|          0|
    |data_40_load_reg_4407                                                                    |    16|   0|    16|          0|
    |data_41_load_reg_4412                                                                    |    16|   0|    16|          0|
    |data_42_load_reg_4417                                                                    |    16|   0|    16|          0|
    |data_43_load_reg_4422                                                                    |    16|   0|    16|          0|
    |data_44_load_reg_4427                                                                    |    16|   0|    16|          0|
    |data_45_load_reg_4432                                                                    |    16|   0|    16|          0|
    |data_46_load_reg_4437                                                                    |    16|   0|    16|          0|
    |data_47_load_reg_4442                                                                    |    16|   0|    16|          0|
    |data_48_load_reg_4447                                                                    |    16|   0|    16|          0|
    |data_49_load_reg_4452                                                                    |    16|   0|    16|          0|
    |data_4_load_reg_4227                                                                     |    16|   0|    16|          0|
    |data_50_load_reg_4457                                                                    |    16|   0|    16|          0|
    |data_51_load_reg_4462                                                                    |    16|   0|    16|          0|
    |data_52_load_reg_4467                                                                    |    16|   0|    16|          0|
    |data_53_load_reg_4472                                                                    |    16|   0|    16|          0|
    |data_54_load_reg_4477                                                                    |    16|   0|    16|          0|
    |data_55_load_reg_4482                                                                    |    16|   0|    16|          0|
    |data_56_load_reg_4487                                                                    |    16|   0|    16|          0|
    |data_57_load_reg_4492                                                                    |    16|   0|    16|          0|
    |data_58_load_reg_4497                                                                    |    16|   0|    16|          0|
    |data_59_load_reg_4502                                                                    |    16|   0|    16|          0|
    |data_5_load_reg_4232                                                                     |    16|   0|    16|          0|
    |data_60_load_reg_4507                                                                    |    16|   0|    16|          0|
    |data_61_load_reg_4512                                                                    |    16|   0|    16|          0|
    |data_62_load_reg_4517                                                                    |    16|   0|    16|          0|
    |data_63_load_reg_4522                                                                    |    16|   0|    16|          0|
    |data_64_load_reg_4527                                                                    |    16|   0|    16|          0|
    |data_65_load_reg_4532                                                                    |    16|   0|    16|          0|
    |data_66_load_reg_4537                                                                    |    16|   0|    16|          0|
    |data_67_load_reg_4542                                                                    |    16|   0|    16|          0|
    |data_68_load_reg_4547                                                                    |    16|   0|    16|          0|
    |data_69_load_reg_4552                                                                    |    16|   0|    16|          0|
    |data_6_load_reg_4237                                                                     |    16|   0|    16|          0|
    |data_7_load_reg_4242                                                                     |    16|   0|    16|          0|
    |data_8_load_reg_4247                                                                     |    16|   0|    16|          0|
    |data_9_load_reg_4252                                                                     |    16|   0|    16|          0|
    |data_in_V_reg_4877                                                                       |  1120|   0|  1120|          0|
    |grp_gru_static_ap_fixed_16_6_5_3_0_ap_fixed_17_4_5_3_0_config2_f_s_fu_1486_ap_start_reg  |     1|   0|     1|          0|
    |h_newstate_V_100_fu_450                                                                  |    17|   0|    17|          0|
    |h_newstate_V_100_load_1_reg_4737                                                         |    17|   0|    17|          0|
    |h_newstate_V_101_fu_454                                                                  |    17|   0|    17|          0|
    |h_newstate_V_101_load_1_reg_4742                                                         |    17|   0|    17|          0|
    |h_newstate_V_102_fu_458                                                                  |    17|   0|    17|          0|
    |h_newstate_V_102_load_1_reg_4747                                                         |    17|   0|    17|          0|
    |h_newstate_V_103_fu_462                                                                  |    17|   0|    17|          0|
    |h_newstate_V_103_load_1_reg_4752                                                         |    17|   0|    17|          0|
    |h_newstate_V_104_fu_466                                                                  |    17|   0|    17|          0|
    |h_newstate_V_104_load_1_reg_4757                                                         |    17|   0|    17|          0|
    |h_newstate_V_105_fu_470                                                                  |    17|   0|    17|          0|
    |h_newstate_V_105_load_1_reg_4762                                                         |    17|   0|    17|          0|
    |h_newstate_V_106_fu_474                                                                  |    17|   0|    17|          0|
    |h_newstate_V_106_load_1_reg_4767                                                         |    17|   0|    17|          0|
    |h_newstate_V_107_fu_478                                                                  |    17|   0|    17|          0|
    |h_newstate_V_107_load_1_reg_4772                                                         |    17|   0|    17|          0|
    |h_newstate_V_108_fu_482                                                                  |    17|   0|    17|          0|
    |h_newstate_V_108_load_1_reg_4777                                                         |    17|   0|    17|          0|
    |h_newstate_V_109_fu_486                                                                  |    17|   0|    17|          0|
    |h_newstate_V_109_load_1_reg_4782                                                         |    17|   0|    17|          0|
    |h_newstate_V_110_fu_490                                                                  |    17|   0|    17|          0|
    |h_newstate_V_110_load_1_reg_4787                                                         |    17|   0|    17|          0|
    |h_newstate_V_111_fu_494                                                                  |    17|   0|    17|          0|
    |h_newstate_V_111_load_1_reg_4792                                                         |    17|   0|    17|          0|
    |h_newstate_V_112_fu_498                                                                  |    17|   0|    17|          0|
    |h_newstate_V_112_load_1_reg_4797                                                         |    17|   0|    17|          0|
    |h_newstate_V_113_fu_502                                                                  |    17|   0|    17|          0|
    |h_newstate_V_113_load_1_reg_4802                                                         |    17|   0|    17|          0|
    |h_newstate_V_114_fu_506                                                                  |    17|   0|    17|          0|
    |h_newstate_V_114_load_1_reg_4807                                                         |    17|   0|    17|          0|
    |h_newstate_V_115_fu_510                                                                  |    17|   0|    17|          0|
    |h_newstate_V_115_load_1_reg_4812                                                         |    17|   0|    17|          0|
    |h_newstate_V_116_fu_514                                                                  |    17|   0|    17|          0|
    |h_newstate_V_116_load_1_reg_4817                                                         |    17|   0|    17|          0|
    |h_newstate_V_117_fu_518                                                                  |    17|   0|    17|          0|
    |h_newstate_V_117_load_1_reg_4822                                                         |    17|   0|    17|          0|
    |h_newstate_V_118_fu_522                                                                  |    17|   0|    17|          0|
    |h_newstate_V_118_load_1_reg_4827                                                         |    17|   0|    17|          0|
    |h_newstate_V_119_fu_526                                                                  |    17|   0|    17|          0|
    |h_newstate_V_119_load_1_reg_4832                                                         |    17|   0|    17|          0|
    |h_newstate_V_120_fu_530                                                                  |    17|   0|    17|          0|
    |h_newstate_V_120_load_1_reg_4837                                                         |    17|   0|    17|          0|
    |h_newstate_V_121_fu_534                                                                  |    17|   0|    17|          0|
    |h_newstate_V_121_load_1_reg_4842                                                         |    17|   0|    17|          0|
    |h_newstate_V_122_fu_538                                                                  |    17|   0|    17|          0|
    |h_newstate_V_122_load_1_reg_4847                                                         |    17|   0|    17|          0|
    |h_newstate_V_123_fu_542                                                                  |    17|   0|    17|          0|
    |h_newstate_V_123_load_1_reg_4852                                                         |    17|   0|    17|          0|
    |h_newstate_V_124_fu_546                                                                  |    17|   0|    17|          0|
    |h_newstate_V_124_load_1_reg_4857                                                         |    17|   0|    17|          0|
    |h_newstate_V_125_fu_550                                                                  |    17|   0|    17|          0|
    |h_newstate_V_125_load_1_reg_4862                                                         |    17|   0|    17|          0|
    |h_newstate_V_126_fu_554                                                                  |    17|   0|    17|          0|
    |h_newstate_V_126_load_1_reg_4867                                                         |    17|   0|    17|          0|
    |h_newstate_V_127_fu_558                                                                  |    17|   0|    17|          0|
    |h_newstate_V_127_load_1_reg_4872                                                         |    17|   0|    17|          0|
    |h_newstate_V_64_fu_306                                                                   |    17|   0|    17|          0|
    |h_newstate_V_64_load_1_reg_4557                                                          |    17|   0|    17|          0|
    |h_newstate_V_65_fu_310                                                                   |    17|   0|    17|          0|
    |h_newstate_V_65_load_1_reg_4562                                                          |    17|   0|    17|          0|
    |h_newstate_V_66_fu_314                                                                   |    17|   0|    17|          0|
    |h_newstate_V_66_load_1_reg_4567                                                          |    17|   0|    17|          0|
    |h_newstate_V_67_fu_318                                                                   |    17|   0|    17|          0|
    |h_newstate_V_67_load_1_reg_4572                                                          |    17|   0|    17|          0|
    |h_newstate_V_68_fu_322                                                                   |    17|   0|    17|          0|
    |h_newstate_V_68_load_1_reg_4577                                                          |    17|   0|    17|          0|
    |h_newstate_V_69_fu_326                                                                   |    17|   0|    17|          0|
    |h_newstate_V_69_load_1_reg_4582                                                          |    17|   0|    17|          0|
    |h_newstate_V_70_fu_330                                                                   |    17|   0|    17|          0|
    |h_newstate_V_70_load_1_reg_4587                                                          |    17|   0|    17|          0|
    |h_newstate_V_71_fu_334                                                                   |    17|   0|    17|          0|
    |h_newstate_V_71_load_1_reg_4592                                                          |    17|   0|    17|          0|
    |h_newstate_V_72_fu_338                                                                   |    17|   0|    17|          0|
    |h_newstate_V_72_load_1_reg_4597                                                          |    17|   0|    17|          0|
    |h_newstate_V_73_fu_342                                                                   |    17|   0|    17|          0|
    |h_newstate_V_73_load_1_reg_4602                                                          |    17|   0|    17|          0|
    |h_newstate_V_74_fu_346                                                                   |    17|   0|    17|          0|
    |h_newstate_V_74_load_1_reg_4607                                                          |    17|   0|    17|          0|
    |h_newstate_V_75_fu_350                                                                   |    17|   0|    17|          0|
    |h_newstate_V_75_load_1_reg_4612                                                          |    17|   0|    17|          0|
    |h_newstate_V_76_fu_354                                                                   |    17|   0|    17|          0|
    |h_newstate_V_76_load_1_reg_4617                                                          |    17|   0|    17|          0|
    |h_newstate_V_77_fu_358                                                                   |    17|   0|    17|          0|
    |h_newstate_V_77_load_1_reg_4622                                                          |    17|   0|    17|          0|
    |h_newstate_V_78_fu_362                                                                   |    17|   0|    17|          0|
    |h_newstate_V_78_load_1_reg_4627                                                          |    17|   0|    17|          0|
    |h_newstate_V_79_fu_366                                                                   |    17|   0|    17|          0|
    |h_newstate_V_79_load_1_reg_4632                                                          |    17|   0|    17|          0|
    |h_newstate_V_80_fu_370                                                                   |    17|   0|    17|          0|
    |h_newstate_V_80_load_1_reg_4637                                                          |    17|   0|    17|          0|
    |h_newstate_V_81_fu_374                                                                   |    17|   0|    17|          0|
    |h_newstate_V_81_load_1_reg_4642                                                          |    17|   0|    17|          0|
    |h_newstate_V_82_fu_378                                                                   |    17|   0|    17|          0|
    |h_newstate_V_82_load_1_reg_4647                                                          |    17|   0|    17|          0|
    |h_newstate_V_83_fu_382                                                                   |    17|   0|    17|          0|
    |h_newstate_V_83_load_1_reg_4652                                                          |    17|   0|    17|          0|
    |h_newstate_V_84_fu_386                                                                   |    17|   0|    17|          0|
    |h_newstate_V_84_load_1_reg_4657                                                          |    17|   0|    17|          0|
    |h_newstate_V_85_fu_390                                                                   |    17|   0|    17|          0|
    |h_newstate_V_85_load_1_reg_4662                                                          |    17|   0|    17|          0|
    |h_newstate_V_86_fu_394                                                                   |    17|   0|    17|          0|
    |h_newstate_V_86_load_1_reg_4667                                                          |    17|   0|    17|          0|
    |h_newstate_V_87_fu_398                                                                   |    17|   0|    17|          0|
    |h_newstate_V_87_load_1_reg_4672                                                          |    17|   0|    17|          0|
    |h_newstate_V_88_fu_402                                                                   |    17|   0|    17|          0|
    |h_newstate_V_88_load_1_reg_4677                                                          |    17|   0|    17|          0|
    |h_newstate_V_89_fu_406                                                                   |    17|   0|    17|          0|
    |h_newstate_V_89_load_1_reg_4682                                                          |    17|   0|    17|          0|
    |h_newstate_V_90_fu_410                                                                   |    17|   0|    17|          0|
    |h_newstate_V_90_load_1_reg_4687                                                          |    17|   0|    17|          0|
    |h_newstate_V_91_fu_414                                                                   |    17|   0|    17|          0|
    |h_newstate_V_91_load_1_reg_4692                                                          |    17|   0|    17|          0|
    |h_newstate_V_92_fu_418                                                                   |    17|   0|    17|          0|
    |h_newstate_V_92_load_1_reg_4697                                                          |    17|   0|    17|          0|
    |h_newstate_V_93_fu_422                                                                   |    17|   0|    17|          0|
    |h_newstate_V_93_load_1_reg_4702                                                          |    17|   0|    17|          0|
    |h_newstate_V_94_fu_426                                                                   |    17|   0|    17|          0|
    |h_newstate_V_94_load_1_reg_4707                                                          |    17|   0|    17|          0|
    |h_newstate_V_95_fu_430                                                                   |    17|   0|    17|          0|
    |h_newstate_V_95_load_1_reg_4712                                                          |    17|   0|    17|          0|
    |h_newstate_V_96_fu_434                                                                   |    17|   0|    17|          0|
    |h_newstate_V_96_load_1_reg_4717                                                          |    17|   0|    17|          0|
    |h_newstate_V_97_fu_438                                                                   |    17|   0|    17|          0|
    |h_newstate_V_97_load_1_reg_4722                                                          |    17|   0|    17|          0|
    |h_newstate_V_98_fu_442                                                                   |    17|   0|    17|          0|
    |h_newstate_V_98_load_1_reg_4727                                                          |    17|   0|    17|          0|
    |h_newstate_V_99_fu_446                                                                   |    17|   0|    17|          0|
    |h_newstate_V_99_load_1_reg_4732                                                          |    17|   0|    17|          0|
    |i_in_fu_302                                                                              |     7|   0|     7|          0|
    |reset_state_reg_1472                                                                     |     1|   0|     1|          0|
    +-----------------------------------------------------------------------------------------+------+----+------+-----------+
    |Total                                                                                    |  4430|   0|  4430|          0|
    +-----------------------------------------------------------------------------------------+------+----+------+-----------+



================================================================
== Interface
================================================================
* Summary: 
+------------------+-----+-----+------------+----------------------------------------------------------------------+--------------+
|     RTL Ports    | Dir | Bits|  Protocol  |                             Source Object                            |    C Type    |
+------------------+-----+-----+------------+----------------------------------------------------------------------+--------------+
|ap_clk            |   in|    1|  ap_ctrl_hs|  gru_stack_for_bidirectional<ap_fixed,ap_fixed<17,4,5,3,0>,config2_f>|  return value|
|ap_rst            |   in|    1|  ap_ctrl_hs|  gru_stack_for_bidirectional<ap_fixed,ap_fixed<17,4,5,3,0>,config2_f>|  return value|
|ap_start          |   in|    1|  ap_ctrl_hs|  gru_stack_for_bidirectional<ap_fixed,ap_fixed<17,4,5,3,0>,config2_f>|  return value|
|ap_done           |  out|    1|  ap_ctrl_hs|  gru_stack_for_bidirectional<ap_fixed,ap_fixed<17,4,5,3,0>,config2_f>|  return value|
|ap_idle           |  out|    1|  ap_ctrl_hs|  gru_stack_for_bidirectional<ap_fixed,ap_fixed<17,4,5,3,0>,config2_f>|  return value|
|ap_ready          |  out|    1|  ap_ctrl_hs|  gru_stack_for_bidirectional<ap_fixed,ap_fixed<17,4,5,3,0>,config2_f>|  return value|
|ap_return_0       |  out|   17|  ap_ctrl_hs|  gru_stack_for_bidirectional<ap_fixed,ap_fixed<17,4,5,3,0>,config2_f>|  return value|
|ap_return_1       |  out|   17|  ap_ctrl_hs|  gru_stack_for_bidirectional<ap_fixed,ap_fixed<17,4,5,3,0>,config2_f>|  return value|
|ap_return_2       |  out|   17|  ap_ctrl_hs|  gru_stack_for_bidirectional<ap_fixed,ap_fixed<17,4,5,3,0>,config2_f>|  return value|
|ap_return_3       |  out|   17|  ap_ctrl_hs|  gru_stack_for_bidirectional<ap_fixed,ap_fixed<17,4,5,3,0>,config2_f>|  return value|
|ap_return_4       |  out|   17|  ap_ctrl_hs|  gru_stack_for_bidirectional<ap_fixed,ap_fixed<17,4,5,3,0>,config2_f>|  return value|
|ap_return_5       |  out|   17|  ap_ctrl_hs|  gru_stack_for_bidirectional<ap_fixed,ap_fixed<17,4,5,3,0>,config2_f>|  return value|
|ap_return_6       |  out|   17|  ap_ctrl_hs|  gru_stack_for_bidirectional<ap_fixed,ap_fixed<17,4,5,3,0>,config2_f>|  return value|
|ap_return_7       |  out|   17|  ap_ctrl_hs|  gru_stack_for_bidirectional<ap_fixed,ap_fixed<17,4,5,3,0>,config2_f>|  return value|
|ap_return_8       |  out|   17|  ap_ctrl_hs|  gru_stack_for_bidirectional<ap_fixed,ap_fixed<17,4,5,3,0>,config2_f>|  return value|
|ap_return_9       |  out|   17|  ap_ctrl_hs|  gru_stack_for_bidirectional<ap_fixed,ap_fixed<17,4,5,3,0>,config2_f>|  return value|
|ap_return_10      |  out|   17|  ap_ctrl_hs|  gru_stack_for_bidirectional<ap_fixed,ap_fixed<17,4,5,3,0>,config2_f>|  return value|
|ap_return_11      |  out|   17|  ap_ctrl_hs|  gru_stack_for_bidirectional<ap_fixed,ap_fixed<17,4,5,3,0>,config2_f>|  return value|
|ap_return_12      |  out|   17|  ap_ctrl_hs|  gru_stack_for_bidirectional<ap_fixed,ap_fixed<17,4,5,3,0>,config2_f>|  return value|
|ap_return_13      |  out|   17|  ap_ctrl_hs|  gru_stack_for_bidirectional<ap_fixed,ap_fixed<17,4,5,3,0>,config2_f>|  return value|
|ap_return_14      |  out|   17|  ap_ctrl_hs|  gru_stack_for_bidirectional<ap_fixed,ap_fixed<17,4,5,3,0>,config2_f>|  return value|
|ap_return_15      |  out|   17|  ap_ctrl_hs|  gru_stack_for_bidirectional<ap_fixed,ap_fixed<17,4,5,3,0>,config2_f>|  return value|
|ap_return_16      |  out|   17|  ap_ctrl_hs|  gru_stack_for_bidirectional<ap_fixed,ap_fixed<17,4,5,3,0>,config2_f>|  return value|
|ap_return_17      |  out|   17|  ap_ctrl_hs|  gru_stack_for_bidirectional<ap_fixed,ap_fixed<17,4,5,3,0>,config2_f>|  return value|
|ap_return_18      |  out|   17|  ap_ctrl_hs|  gru_stack_for_bidirectional<ap_fixed,ap_fixed<17,4,5,3,0>,config2_f>|  return value|
|ap_return_19      |  out|   17|  ap_ctrl_hs|  gru_stack_for_bidirectional<ap_fixed,ap_fixed<17,4,5,3,0>,config2_f>|  return value|
|ap_return_20      |  out|   17|  ap_ctrl_hs|  gru_stack_for_bidirectional<ap_fixed,ap_fixed<17,4,5,3,0>,config2_f>|  return value|
|ap_return_21      |  out|   17|  ap_ctrl_hs|  gru_stack_for_bidirectional<ap_fixed,ap_fixed<17,4,5,3,0>,config2_f>|  return value|
|ap_return_22      |  out|   17|  ap_ctrl_hs|  gru_stack_for_bidirectional<ap_fixed,ap_fixed<17,4,5,3,0>,config2_f>|  return value|
|ap_return_23      |  out|   17|  ap_ctrl_hs|  gru_stack_for_bidirectional<ap_fixed,ap_fixed<17,4,5,3,0>,config2_f>|  return value|
|ap_return_24      |  out|   17|  ap_ctrl_hs|  gru_stack_for_bidirectional<ap_fixed,ap_fixed<17,4,5,3,0>,config2_f>|  return value|
|ap_return_25      |  out|   17|  ap_ctrl_hs|  gru_stack_for_bidirectional<ap_fixed,ap_fixed<17,4,5,3,0>,config2_f>|  return value|
|ap_return_26      |  out|   17|  ap_ctrl_hs|  gru_stack_for_bidirectional<ap_fixed,ap_fixed<17,4,5,3,0>,config2_f>|  return value|
|ap_return_27      |  out|   17|  ap_ctrl_hs|  gru_stack_for_bidirectional<ap_fixed,ap_fixed<17,4,5,3,0>,config2_f>|  return value|
|ap_return_28      |  out|   17|  ap_ctrl_hs|  gru_stack_for_bidirectional<ap_fixed,ap_fixed<17,4,5,3,0>,config2_f>|  return value|
|ap_return_29      |  out|   17|  ap_ctrl_hs|  gru_stack_for_bidirectional<ap_fixed,ap_fixed<17,4,5,3,0>,config2_f>|  return value|
|ap_return_30      |  out|   17|  ap_ctrl_hs|  gru_stack_for_bidirectional<ap_fixed,ap_fixed<17,4,5,3,0>,config2_f>|  return value|
|ap_return_31      |  out|   17|  ap_ctrl_hs|  gru_stack_for_bidirectional<ap_fixed,ap_fixed<17,4,5,3,0>,config2_f>|  return value|
|ap_return_32      |  out|   17|  ap_ctrl_hs|  gru_stack_for_bidirectional<ap_fixed,ap_fixed<17,4,5,3,0>,config2_f>|  return value|
|ap_return_33      |  out|   17|  ap_ctrl_hs|  gru_stack_for_bidirectional<ap_fixed,ap_fixed<17,4,5,3,0>,config2_f>|  return value|
|ap_return_34      |  out|   17|  ap_ctrl_hs|  gru_stack_for_bidirectional<ap_fixed,ap_fixed<17,4,5,3,0>,config2_f>|  return value|
|ap_return_35      |  out|   17|  ap_ctrl_hs|  gru_stack_for_bidirectional<ap_fixed,ap_fixed<17,4,5,3,0>,config2_f>|  return value|
|ap_return_36      |  out|   17|  ap_ctrl_hs|  gru_stack_for_bidirectional<ap_fixed,ap_fixed<17,4,5,3,0>,config2_f>|  return value|
|ap_return_37      |  out|   17|  ap_ctrl_hs|  gru_stack_for_bidirectional<ap_fixed,ap_fixed<17,4,5,3,0>,config2_f>|  return value|
|ap_return_38      |  out|   17|  ap_ctrl_hs|  gru_stack_for_bidirectional<ap_fixed,ap_fixed<17,4,5,3,0>,config2_f>|  return value|
|ap_return_39      |  out|   17|  ap_ctrl_hs|  gru_stack_for_bidirectional<ap_fixed,ap_fixed<17,4,5,3,0>,config2_f>|  return value|
|ap_return_40      |  out|   17|  ap_ctrl_hs|  gru_stack_for_bidirectional<ap_fixed,ap_fixed<17,4,5,3,0>,config2_f>|  return value|
|ap_return_41      |  out|   17|  ap_ctrl_hs|  gru_stack_for_bidirectional<ap_fixed,ap_fixed<17,4,5,3,0>,config2_f>|  return value|
|ap_return_42      |  out|   17|  ap_ctrl_hs|  gru_stack_for_bidirectional<ap_fixed,ap_fixed<17,4,5,3,0>,config2_f>|  return value|
|ap_return_43      |  out|   17|  ap_ctrl_hs|  gru_stack_for_bidirectional<ap_fixed,ap_fixed<17,4,5,3,0>,config2_f>|  return value|
|ap_return_44      |  out|   17|  ap_ctrl_hs|  gru_stack_for_bidirectional<ap_fixed,ap_fixed<17,4,5,3,0>,config2_f>|  return value|
|ap_return_45      |  out|   17|  ap_ctrl_hs|  gru_stack_for_bidirectional<ap_fixed,ap_fixed<17,4,5,3,0>,config2_f>|  return value|
|ap_return_46      |  out|   17|  ap_ctrl_hs|  gru_stack_for_bidirectional<ap_fixed,ap_fixed<17,4,5,3,0>,config2_f>|  return value|
|ap_return_47      |  out|   17|  ap_ctrl_hs|  gru_stack_for_bidirectional<ap_fixed,ap_fixed<17,4,5,3,0>,config2_f>|  return value|
|ap_return_48      |  out|   17|  ap_ctrl_hs|  gru_stack_for_bidirectional<ap_fixed,ap_fixed<17,4,5,3,0>,config2_f>|  return value|
|ap_return_49      |  out|   17|  ap_ctrl_hs|  gru_stack_for_bidirectional<ap_fixed,ap_fixed<17,4,5,3,0>,config2_f>|  return value|
|ap_return_50      |  out|   17|  ap_ctrl_hs|  gru_stack_for_bidirectional<ap_fixed,ap_fixed<17,4,5,3,0>,config2_f>|  return value|
|ap_return_51      |  out|   17|  ap_ctrl_hs|  gru_stack_for_bidirectional<ap_fixed,ap_fixed<17,4,5,3,0>,config2_f>|  return value|
|ap_return_52      |  out|   17|  ap_ctrl_hs|  gru_stack_for_bidirectional<ap_fixed,ap_fixed<17,4,5,3,0>,config2_f>|  return value|
|ap_return_53      |  out|   17|  ap_ctrl_hs|  gru_stack_for_bidirectional<ap_fixed,ap_fixed<17,4,5,3,0>,config2_f>|  return value|
|ap_return_54      |  out|   17|  ap_ctrl_hs|  gru_stack_for_bidirectional<ap_fixed,ap_fixed<17,4,5,3,0>,config2_f>|  return value|
|ap_return_55      |  out|   17|  ap_ctrl_hs|  gru_stack_for_bidirectional<ap_fixed,ap_fixed<17,4,5,3,0>,config2_f>|  return value|
|ap_return_56      |  out|   17|  ap_ctrl_hs|  gru_stack_for_bidirectional<ap_fixed,ap_fixed<17,4,5,3,0>,config2_f>|  return value|
|ap_return_57      |  out|   17|  ap_ctrl_hs|  gru_stack_for_bidirectional<ap_fixed,ap_fixed<17,4,5,3,0>,config2_f>|  return value|
|ap_return_58      |  out|   17|  ap_ctrl_hs|  gru_stack_for_bidirectional<ap_fixed,ap_fixed<17,4,5,3,0>,config2_f>|  return value|
|ap_return_59      |  out|   17|  ap_ctrl_hs|  gru_stack_for_bidirectional<ap_fixed,ap_fixed<17,4,5,3,0>,config2_f>|  return value|
|ap_return_60      |  out|   17|  ap_ctrl_hs|  gru_stack_for_bidirectional<ap_fixed,ap_fixed<17,4,5,3,0>,config2_f>|  return value|
|ap_return_61      |  out|   17|  ap_ctrl_hs|  gru_stack_for_bidirectional<ap_fixed,ap_fixed<17,4,5,3,0>,config2_f>|  return value|
|ap_return_62      |  out|   17|  ap_ctrl_hs|  gru_stack_for_bidirectional<ap_fixed,ap_fixed<17,4,5,3,0>,config2_f>|  return value|
|ap_return_63      |  out|   17|  ap_ctrl_hs|  gru_stack_for_bidirectional<ap_fixed,ap_fixed<17,4,5,3,0>,config2_f>|  return value|
|data_0_address0   |  out|    7|   ap_memory|                                                                data_0|         array|
|data_0_ce0        |  out|    1|   ap_memory|                                                                data_0|         array|
|data_0_q0         |   in|   16|   ap_memory|                                                                data_0|         array|
|data_1_address0   |  out|    7|   ap_memory|                                                                data_1|         array|
|data_1_ce0        |  out|    1|   ap_memory|                                                                data_1|         array|
|data_1_q0         |   in|   16|   ap_memory|                                                                data_1|         array|
|data_2_address0   |  out|    7|   ap_memory|                                                                data_2|         array|
|data_2_ce0        |  out|    1|   ap_memory|                                                                data_2|         array|
|data_2_q0         |   in|   16|   ap_memory|                                                                data_2|         array|
|data_3_address0   |  out|    7|   ap_memory|                                                                data_3|         array|
|data_3_ce0        |  out|    1|   ap_memory|                                                                data_3|         array|
|data_3_q0         |   in|   16|   ap_memory|                                                                data_3|         array|
|data_4_address0   |  out|    7|   ap_memory|                                                                data_4|         array|
|data_4_ce0        |  out|    1|   ap_memory|                                                                data_4|         array|
|data_4_q0         |   in|   16|   ap_memory|                                                                data_4|         array|
|data_5_address0   |  out|    7|   ap_memory|                                                                data_5|         array|
|data_5_ce0        |  out|    1|   ap_memory|                                                                data_5|         array|
|data_5_q0         |   in|   16|   ap_memory|                                                                data_5|         array|
|data_6_address0   |  out|    7|   ap_memory|                                                                data_6|         array|
|data_6_ce0        |  out|    1|   ap_memory|                                                                data_6|         array|
|data_6_q0         |   in|   16|   ap_memory|                                                                data_6|         array|
|data_7_address0   |  out|    7|   ap_memory|                                                                data_7|         array|
|data_7_ce0        |  out|    1|   ap_memory|                                                                data_7|         array|
|data_7_q0         |   in|   16|   ap_memory|                                                                data_7|         array|
|data_8_address0   |  out|    7|   ap_memory|                                                                data_8|         array|
|data_8_ce0        |  out|    1|   ap_memory|                                                                data_8|         array|
|data_8_q0         |   in|   16|   ap_memory|                                                                data_8|         array|
|data_9_address0   |  out|    7|   ap_memory|                                                                data_9|         array|
|data_9_ce0        |  out|    1|   ap_memory|                                                                data_9|         array|
|data_9_q0         |   in|   16|   ap_memory|                                                                data_9|         array|
|data_10_address0  |  out|    7|   ap_memory|                                                               data_10|         array|
|data_10_ce0       |  out|    1|   ap_memory|                                                               data_10|         array|
|data_10_q0        |   in|   16|   ap_memory|                                                               data_10|         array|
|data_11_address0  |  out|    7|   ap_memory|                                                               data_11|         array|
|data_11_ce0       |  out|    1|   ap_memory|                                                               data_11|         array|
|data_11_q0        |   in|   16|   ap_memory|                                                               data_11|         array|
|data_12_address0  |  out|    7|   ap_memory|                                                               data_12|         array|
|data_12_ce0       |  out|    1|   ap_memory|                                                               data_12|         array|
|data_12_q0        |   in|   16|   ap_memory|                                                               data_12|         array|
|data_13_address0  |  out|    7|   ap_memory|                                                               data_13|         array|
|data_13_ce0       |  out|    1|   ap_memory|                                                               data_13|         array|
|data_13_q0        |   in|   16|   ap_memory|                                                               data_13|         array|
|data_14_address0  |  out|    7|   ap_memory|                                                               data_14|         array|
|data_14_ce0       |  out|    1|   ap_memory|                                                               data_14|         array|
|data_14_q0        |   in|   16|   ap_memory|                                                               data_14|         array|
|data_15_address0  |  out|    7|   ap_memory|                                                               data_15|         array|
|data_15_ce0       |  out|    1|   ap_memory|                                                               data_15|         array|
|data_15_q0        |   in|   16|   ap_memory|                                                               data_15|         array|
|data_16_address0  |  out|    7|   ap_memory|                                                               data_16|         array|
|data_16_ce0       |  out|    1|   ap_memory|                                                               data_16|         array|
|data_16_q0        |   in|   16|   ap_memory|                                                               data_16|         array|
|data_17_address0  |  out|    7|   ap_memory|                                                               data_17|         array|
|data_17_ce0       |  out|    1|   ap_memory|                                                               data_17|         array|
|data_17_q0        |   in|   16|   ap_memory|                                                               data_17|         array|
|data_18_address0  |  out|    7|   ap_memory|                                                               data_18|         array|
|data_18_ce0       |  out|    1|   ap_memory|                                                               data_18|         array|
|data_18_q0        |   in|   16|   ap_memory|                                                               data_18|         array|
|data_19_address0  |  out|    7|   ap_memory|                                                               data_19|         array|
|data_19_ce0       |  out|    1|   ap_memory|                                                               data_19|         array|
|data_19_q0        |   in|   16|   ap_memory|                                                               data_19|         array|
|data_20_address0  |  out|    7|   ap_memory|                                                               data_20|         array|
|data_20_ce0       |  out|    1|   ap_memory|                                                               data_20|         array|
|data_20_q0        |   in|   16|   ap_memory|                                                               data_20|         array|
|data_21_address0  |  out|    7|   ap_memory|                                                               data_21|         array|
|data_21_ce0       |  out|    1|   ap_memory|                                                               data_21|         array|
|data_21_q0        |   in|   16|   ap_memory|                                                               data_21|         array|
|data_22_address0  |  out|    7|   ap_memory|                                                               data_22|         array|
|data_22_ce0       |  out|    1|   ap_memory|                                                               data_22|         array|
|data_22_q0        |   in|   16|   ap_memory|                                                               data_22|         array|
|data_23_address0  |  out|    7|   ap_memory|                                                               data_23|         array|
|data_23_ce0       |  out|    1|   ap_memory|                                                               data_23|         array|
|data_23_q0        |   in|   16|   ap_memory|                                                               data_23|         array|
|data_24_address0  |  out|    7|   ap_memory|                                                               data_24|         array|
|data_24_ce0       |  out|    1|   ap_memory|                                                               data_24|         array|
|data_24_q0        |   in|   16|   ap_memory|                                                               data_24|         array|
|data_25_address0  |  out|    7|   ap_memory|                                                               data_25|         array|
|data_25_ce0       |  out|    1|   ap_memory|                                                               data_25|         array|
|data_25_q0        |   in|   16|   ap_memory|                                                               data_25|         array|
|data_26_address0  |  out|    7|   ap_memory|                                                               data_26|         array|
|data_26_ce0       |  out|    1|   ap_memory|                                                               data_26|         array|
|data_26_q0        |   in|   16|   ap_memory|                                                               data_26|         array|
|data_27_address0  |  out|    7|   ap_memory|                                                               data_27|         array|
|data_27_ce0       |  out|    1|   ap_memory|                                                               data_27|         array|
|data_27_q0        |   in|   16|   ap_memory|                                                               data_27|         array|
|data_28_address0  |  out|    7|   ap_memory|                                                               data_28|         array|
|data_28_ce0       |  out|    1|   ap_memory|                                                               data_28|         array|
|data_28_q0        |   in|   16|   ap_memory|                                                               data_28|         array|
|data_29_address0  |  out|    7|   ap_memory|                                                               data_29|         array|
|data_29_ce0       |  out|    1|   ap_memory|                                                               data_29|         array|
|data_29_q0        |   in|   16|   ap_memory|                                                               data_29|         array|
|data_30_address0  |  out|    7|   ap_memory|                                                               data_30|         array|
|data_30_ce0       |  out|    1|   ap_memory|                                                               data_30|         array|
|data_30_q0        |   in|   16|   ap_memory|                                                               data_30|         array|
|data_31_address0  |  out|    7|   ap_memory|                                                               data_31|         array|
|data_31_ce0       |  out|    1|   ap_memory|                                                               data_31|         array|
|data_31_q0        |   in|   16|   ap_memory|                                                               data_31|         array|
|data_32_address0  |  out|    7|   ap_memory|                                                               data_32|         array|
|data_32_ce0       |  out|    1|   ap_memory|                                                               data_32|         array|
|data_32_q0        |   in|   16|   ap_memory|                                                               data_32|         array|
|data_33_address0  |  out|    7|   ap_memory|                                                               data_33|         array|
|data_33_ce0       |  out|    1|   ap_memory|                                                               data_33|         array|
|data_33_q0        |   in|   16|   ap_memory|                                                               data_33|         array|
|data_34_address0  |  out|    7|   ap_memory|                                                               data_34|         array|
|data_34_ce0       |  out|    1|   ap_memory|                                                               data_34|         array|
|data_34_q0        |   in|   16|   ap_memory|                                                               data_34|         array|
|data_35_address0  |  out|    7|   ap_memory|                                                               data_35|         array|
|data_35_ce0       |  out|    1|   ap_memory|                                                               data_35|         array|
|data_35_q0        |   in|   16|   ap_memory|                                                               data_35|         array|
|data_36_address0  |  out|    7|   ap_memory|                                                               data_36|         array|
|data_36_ce0       |  out|    1|   ap_memory|                                                               data_36|         array|
|data_36_q0        |   in|   16|   ap_memory|                                                               data_36|         array|
|data_37_address0  |  out|    7|   ap_memory|                                                               data_37|         array|
|data_37_ce0       |  out|    1|   ap_memory|                                                               data_37|         array|
|data_37_q0        |   in|   16|   ap_memory|                                                               data_37|         array|
|data_38_address0  |  out|    7|   ap_memory|                                                               data_38|         array|
|data_38_ce0       |  out|    1|   ap_memory|                                                               data_38|         array|
|data_38_q0        |   in|   16|   ap_memory|                                                               data_38|         array|
|data_39_address0  |  out|    7|   ap_memory|                                                               data_39|         array|
|data_39_ce0       |  out|    1|   ap_memory|                                                               data_39|         array|
|data_39_q0        |   in|   16|   ap_memory|                                                               data_39|         array|
|data_40_address0  |  out|    7|   ap_memory|                                                               data_40|         array|
|data_40_ce0       |  out|    1|   ap_memory|                                                               data_40|         array|
|data_40_q0        |   in|   16|   ap_memory|                                                               data_40|         array|
|data_41_address0  |  out|    7|   ap_memory|                                                               data_41|         array|
|data_41_ce0       |  out|    1|   ap_memory|                                                               data_41|         array|
|data_41_q0        |   in|   16|   ap_memory|                                                               data_41|         array|
|data_42_address0  |  out|    7|   ap_memory|                                                               data_42|         array|
|data_42_ce0       |  out|    1|   ap_memory|                                                               data_42|         array|
|data_42_q0        |   in|   16|   ap_memory|                                                               data_42|         array|
|data_43_address0  |  out|    7|   ap_memory|                                                               data_43|         array|
|data_43_ce0       |  out|    1|   ap_memory|                                                               data_43|         array|
|data_43_q0        |   in|   16|   ap_memory|                                                               data_43|         array|
|data_44_address0  |  out|    7|   ap_memory|                                                               data_44|         array|
|data_44_ce0       |  out|    1|   ap_memory|                                                               data_44|         array|
|data_44_q0        |   in|   16|   ap_memory|                                                               data_44|         array|
|data_45_address0  |  out|    7|   ap_memory|                                                               data_45|         array|
|data_45_ce0       |  out|    1|   ap_memory|                                                               data_45|         array|
|data_45_q0        |   in|   16|   ap_memory|                                                               data_45|         array|
|data_46_address0  |  out|    7|   ap_memory|                                                               data_46|         array|
|data_46_ce0       |  out|    1|   ap_memory|                                                               data_46|         array|
|data_46_q0        |   in|   16|   ap_memory|                                                               data_46|         array|
|data_47_address0  |  out|    7|   ap_memory|                                                               data_47|         array|
|data_47_ce0       |  out|    1|   ap_memory|                                                               data_47|         array|
|data_47_q0        |   in|   16|   ap_memory|                                                               data_47|         array|
|data_48_address0  |  out|    7|   ap_memory|                                                               data_48|         array|
|data_48_ce0       |  out|    1|   ap_memory|                                                               data_48|         array|
|data_48_q0        |   in|   16|   ap_memory|                                                               data_48|         array|
|data_49_address0  |  out|    7|   ap_memory|                                                               data_49|         array|
|data_49_ce0       |  out|    1|   ap_memory|                                                               data_49|         array|
|data_49_q0        |   in|   16|   ap_memory|                                                               data_49|         array|
|data_50_address0  |  out|    7|   ap_memory|                                                               data_50|         array|
|data_50_ce0       |  out|    1|   ap_memory|                                                               data_50|         array|
|data_50_q0        |   in|   16|   ap_memory|                                                               data_50|         array|
|data_51_address0  |  out|    7|   ap_memory|                                                               data_51|         array|
|data_51_ce0       |  out|    1|   ap_memory|                                                               data_51|         array|
|data_51_q0        |   in|   16|   ap_memory|                                                               data_51|         array|
|data_52_address0  |  out|    7|   ap_memory|                                                               data_52|         array|
|data_52_ce0       |  out|    1|   ap_memory|                                                               data_52|         array|
|data_52_q0        |   in|   16|   ap_memory|                                                               data_52|         array|
|data_53_address0  |  out|    7|   ap_memory|                                                               data_53|         array|
|data_53_ce0       |  out|    1|   ap_memory|                                                               data_53|         array|
|data_53_q0        |   in|   16|   ap_memory|                                                               data_53|         array|
|data_54_address0  |  out|    7|   ap_memory|                                                               data_54|         array|
|data_54_ce0       |  out|    1|   ap_memory|                                                               data_54|         array|
|data_54_q0        |   in|   16|   ap_memory|                                                               data_54|         array|
|data_55_address0  |  out|    7|   ap_memory|                                                               data_55|         array|
|data_55_ce0       |  out|    1|   ap_memory|                                                               data_55|         array|
|data_55_q0        |   in|   16|   ap_memory|                                                               data_55|         array|
|data_56_address0  |  out|    7|   ap_memory|                                                               data_56|         array|
|data_56_ce0       |  out|    1|   ap_memory|                                                               data_56|         array|
|data_56_q0        |   in|   16|   ap_memory|                                                               data_56|         array|
|data_57_address0  |  out|    7|   ap_memory|                                                               data_57|         array|
|data_57_ce0       |  out|    1|   ap_memory|                                                               data_57|         array|
|data_57_q0        |   in|   16|   ap_memory|                                                               data_57|         array|
|data_58_address0  |  out|    7|   ap_memory|                                                               data_58|         array|
|data_58_ce0       |  out|    1|   ap_memory|                                                               data_58|         array|
|data_58_q0        |   in|   16|   ap_memory|                                                               data_58|         array|
|data_59_address0  |  out|    7|   ap_memory|                                                               data_59|         array|
|data_59_ce0       |  out|    1|   ap_memory|                                                               data_59|         array|
|data_59_q0        |   in|   16|   ap_memory|                                                               data_59|         array|
|data_60_address0  |  out|    7|   ap_memory|                                                               data_60|         array|
|data_60_ce0       |  out|    1|   ap_memory|                                                               data_60|         array|
|data_60_q0        |   in|   16|   ap_memory|                                                               data_60|         array|
|data_61_address0  |  out|    7|   ap_memory|                                                               data_61|         array|
|data_61_ce0       |  out|    1|   ap_memory|                                                               data_61|         array|
|data_61_q0        |   in|   16|   ap_memory|                                                               data_61|         array|
|data_62_address0  |  out|    7|   ap_memory|                                                               data_62|         array|
|data_62_ce0       |  out|    1|   ap_memory|                                                               data_62|         array|
|data_62_q0        |   in|   16|   ap_memory|                                                               data_62|         array|
|data_63_address0  |  out|    7|   ap_memory|                                                               data_63|         array|
|data_63_ce0       |  out|    1|   ap_memory|                                                               data_63|         array|
|data_63_q0        |   in|   16|   ap_memory|                                                               data_63|         array|
|data_64_address0  |  out|    7|   ap_memory|                                                               data_64|         array|
|data_64_ce0       |  out|    1|   ap_memory|                                                               data_64|         array|
|data_64_q0        |   in|   16|   ap_memory|                                                               data_64|         array|
|data_65_address0  |  out|    7|   ap_memory|                                                               data_65|         array|
|data_65_ce0       |  out|    1|   ap_memory|                                                               data_65|         array|
|data_65_q0        |   in|   16|   ap_memory|                                                               data_65|         array|
|data_66_address0  |  out|    7|   ap_memory|                                                               data_66|         array|
|data_66_ce0       |  out|    1|   ap_memory|                                                               data_66|         array|
|data_66_q0        |   in|   16|   ap_memory|                                                               data_66|         array|
|data_67_address0  |  out|    7|   ap_memory|                                                               data_67|         array|
|data_67_ce0       |  out|    1|   ap_memory|                                                               data_67|         array|
|data_67_q0        |   in|   16|   ap_memory|                                                               data_67|         array|
|data_68_address0  |  out|    7|   ap_memory|                                                               data_68|         array|
|data_68_ce0       |  out|    1|   ap_memory|                                                               data_68|         array|
|data_68_q0        |   in|   16|   ap_memory|                                                               data_68|         array|
|data_69_address0  |  out|    7|   ap_memory|                                                               data_69|         array|
|data_69_ce0       |  out|    1|   ap_memory|                                                               data_69|         array|
|data_69_q0        |   in|   16|   ap_memory|                                                               data_69|         array|
+------------------+-----+-----+------------+----------------------------------------------------------------------+--------------+

