

================================================================
== Vitis HLS Report for 'linear_ap_fixed_16_6_5_3_0_ap_fixed_8_3_4_0_0_linear_config14_s'
================================================================
* Date:           Thu Feb 15 14:53:48 2024

* Version:        2022.2 (Build 3670227 on Oct 13 2022)
* Project:        alveo_hls4ml
* Solution:       solution (Vitis Kernel Flow Target)
* Product family: virtexuplus
* Target device:  xcu55c-fsvh2892-2L-e


================================================================
== Performance Estimates
================================================================
+ Timing: 
    * Summary: 
    +--------+---------+----------+------------+
    |  Clock |  Target | Estimated| Uncertainty|
    +--------+---------+----------+------------+
    |ap_clk  |  4.00 ns|  2.419 ns|     1.08 ns|
    +--------+---------+----------+------------+

+ Latency: 
    * Summary: 
    +---------+---------+----------+----------+-----+-----+---------+
    |  Latency (cycles) |  Latency (absolute) |  Interval | Pipeline|
    |   min   |   max   |    min   |    max   | min | max |   Type  |
    +---------+---------+----------+----------+-----+-----+---------+
    |       76|       76|  0.304 us|  0.304 us|   76|   76|       no|
    +---------+---------+----------+----------+-----+-----+---------+

    + Detail: 
        * Instance: 
        N/A

        * Loop: 
        +--------------+---------+---------+----------+-----------+-----------+------+----------+
        |              |  Latency (cycles) | Iteration|  Initiation Interval  | Trip |          |
        |   Loop Name  |   min   |   max   |  Latency |  achieved |   target  | Count| Pipelined|
        +--------------+---------+---------+----------+-----------+-----------+------+----------+
        |- LinearLoop  |       74|       74|         3|          1|          1|    73|       yes|
        +--------------+---------+---------+----------+-----------+-----------+------+----------+



================================================================
== Utilization Estimates
================================================================
* Summary: 
+---------------------+---------+------+---------+---------+-----+
|         Name        | BRAM_18K|  DSP |    FF   |   LUT   | URAM|
+---------------------+---------+------+---------+---------+-----+
|DSP                  |        -|     -|        -|        -|    -|
|Expression           |        -|     -|        0|      438|    -|
|FIFO                 |        -|     -|        -|        -|    -|
|Instance             |        -|     -|        -|        -|    -|
|Memory               |        -|     -|        -|        -|    -|
|Multiplexer          |        -|     -|        -|      117|    -|
|Register             |        -|     -|      133|        -|    -|
+---------------------+---------+------+---------+---------+-----+
|Total                |        0|     0|      133|      555|    0|
+---------------------+---------+------+---------+---------+-----+
|Available SLR        |     1344|  3008|   869120|   434560|  320|
+---------------------+---------+------+---------+---------+-----+
|Utilization SLR (%)  |        0|     0|       ~0|       ~0|    0|
+---------------------+---------+------+---------+---------+-----+
|Available            |     4032|  9024|  2607360|  1303680|  960|
+---------------------+---------+------+---------+---------+-----+
|Utilization (%)      |        0|     0|       ~0|       ~0|    0|
+---------------------+---------+------+---------+---------+-----+

+ Detail: 
    * Instance: 
    N/A

    * DSP: 
    N/A

    * Memory: 
    N/A

    * FIFO: 
    N/A

    * Expression: 
    +----------------------------------+----------+----+---+----+------------+------------+
    |           Variable Name          | Operation| DSP| FF| LUT| Bitwidth P0| Bitwidth P1|
    +----------------------------------+----------+----+---+----+------------+------------+
    |i_4_fu_156_p2                     |         +|   0|  0|  14|           7|           1|
    |out_data_V_841_fu_235_p2          |         +|   0|  0|  15|           8|           8|
    |out_data_V_843_fu_355_p2          |         +|   0|  0|  15|           8|           8|
    |out_data_V_845_fu_475_p2          |         +|   0|  0|  15|           8|           8|
    |out_data_V_847_fu_595_p2          |         +|   0|  0|  15|           8|           8|
    |and_ln374_191_fu_345_p2           |       and|   0|  0|   2|           1|           1|
    |and_ln374_192_fu_465_p2           |       and|   0|  0|   2|           1|           1|
    |and_ln374_193_fu_585_p2           |       and|   0|  0|   2|           1|           1|
    |and_ln374_fu_225_p2               |       and|   0|  0|   2|           1|           1|
    |and_ln890_1_fu_789_p2             |       and|   0|  0|   2|           1|           1|
    |and_ln890_2_fu_902_p2             |       and|   0|  0|   2|           1|           1|
    |and_ln890_3_fu_1015_p2            |       and|   0|  0|   2|           1|           1|
    |and_ln890_fu_676_p2               |       and|   0|  0|   2|           1|           1|
    |and_ln891_1_fu_801_p2             |       and|   0|  0|   2|           1|           1|
    |and_ln891_2_fu_914_p2             |       and|   0|  0|   2|           1|           1|
    |and_ln891_3_fu_1027_p2            |       and|   0|  0|   2|           1|           1|
    |and_ln891_fu_688_p2               |       and|   0|  0|   2|           1|           1|
    |ap_condition_228                  |       and|   0|  0|   2|           1|           1|
    |carry_256_fu_652_p2               |       and|   0|  0|   2|           1|           1|
    |carry_258_fu_765_p2               |       and|   0|  0|   2|           1|           1|
    |carry_260_fu_878_p2               |       and|   0|  0|   2|           1|           1|
    |carry_262_fu_991_p2               |       and|   0|  0|   2|           1|           1|
    |overflow_128_fu_822_p2            |       and|   0|  0|   2|           1|           1|
    |overflow_129_fu_935_p2            |       and|   0|  0|   2|           1|           1|
    |overflow_130_fu_1048_p2           |       and|   0|  0|   2|           1|           1|
    |overflow_fu_709_p2                |       and|   0|  0|   2|           1|           1|
    |underflow_128_fu_846_p2           |       and|   0|  0|   2|           1|           1|
    |underflow_129_fu_959_p2           |       and|   0|  0|   2|           1|           1|
    |underflow_130_fu_1072_p2          |       and|   0|  0|   2|           1|           1|
    |underflow_fu_733_p2               |       and|   0|  0|   2|           1|           1|
    |Range1_all_ones_128_fu_395_p2     |      icmp|   0|  0|   8|           3|           2|
    |Range1_all_ones_129_fu_515_p2     |      icmp|   0|  0|   8|           3|           2|
    |Range1_all_ones_130_fu_635_p2     |      icmp|   0|  0|   8|           3|           2|
    |Range1_all_ones_fu_275_p2         |      icmp|   0|  0|   8|           3|           2|
    |Range1_all_zeros_128_fu_401_p2    |      icmp|   0|  0|   8|           3|           1|
    |Range1_all_zeros_129_fu_521_p2    |      icmp|   0|  0|   8|           3|           1|
    |Range1_all_zeros_130_fu_641_p2    |      icmp|   0|  0|   8|           3|           1|
    |Range1_all_zeros_fu_281_p2        |      icmp|   0|  0|   8|           3|           1|
    |Range2_all_ones_1_fu_379_p2       |      icmp|   0|  0|   8|           2|           2|
    |Range2_all_ones_2_fu_499_p2       |      icmp|   0|  0|   8|           2|           2|
    |Range2_all_ones_3_fu_619_p2       |      icmp|   0|  0|   8|           2|           2|
    |Range2_all_ones_fu_259_p2         |      icmp|   0|  0|   8|           2|           2|
    |icmp_ln16_fu_150_p2               |      icmp|   0|  0|  10|           7|           7|
    |r_191_fu_325_p2                   |      icmp|   0|  0|   9|           4|           1|
    |r_192_fu_445_p2                   |      icmp|   0|  0|   9|           4|           1|
    |r_193_fu_565_p2                   |      icmp|   0|  0|   9|           4|           1|
    |r_fu_205_p2                       |      icmp|   0|  0|   9|           4|           1|
    |ap_block_pp0_stage0_01001         |        or|   0|  0|   2|           1|           1|
    |ap_block_state2_pp0_stage0_iter1  |        or|   0|  0|   2|           1|           1|
    |ap_block_state3_pp0_stage0_iter2  |        or|   0|  0|   2|           1|           1|
    |or_ln346_128_fu_859_p2            |        or|   0|  0|   2|           1|           1|
    |or_ln346_129_fu_972_p2            |        or|   0|  0|   2|           1|           1|
    |or_ln346_130_fu_1085_p2           |        or|   0|  0|   2|           1|           1|
    |or_ln346_fu_746_p2                |        or|   0|  0|   2|           1|           1|
    |or_ln374_191_fu_339_p2            |        or|   0|  0|   2|           1|           1|
    |or_ln374_192_fu_459_p2            |        or|   0|  0|   2|           1|           1|
    |or_ln374_193_fu_579_p2            |        or|   0|  0|   2|           1|           1|
    |or_ln374_fu_219_p2                |        or|   0|  0|   2|           1|           1|
    |or_ln895_128_fu_812_p2            |        or|   0|  0|   2|           1|           1|
    |or_ln895_129_fu_925_p2            |        or|   0|  0|   2|           1|           1|
    |or_ln895_130_fu_1038_p2           |        or|   0|  0|   2|           1|           1|
    |or_ln895_fu_699_p2                |        or|   0|  0|   2|           1|           1|
    |or_ln896_128_fu_834_p2            |        or|   0|  0|   2|           1|           1|
    |or_ln896_129_fu_947_p2            |        or|   0|  0|   2|           1|           1|
    |or_ln896_130_fu_1060_p2           |        or|   0|  0|   2|           1|           1|
    |or_ln896_fu_721_p2                |        or|   0|  0|   2|           1|           1|
    |deleted_ones_128_fu_794_p3        |    select|   0|  0|   2|           1|           1|
    |deleted_ones_129_fu_907_p3        |    select|   0|  0|   2|           1|           1|
    |deleted_ones_130_fu_1020_p3       |    select|   0|  0|   2|           1|           1|
    |deleted_ones_fu_681_p3            |    select|   0|  0|   2|           1|           1|
    |deleted_zeros_128_fu_770_p3       |    select|   0|  0|   2|           1|           1|
    |deleted_zeros_129_fu_883_p3       |    select|   0|  0|   2|           1|           1|
    |deleted_zeros_130_fu_996_p3       |    select|   0|  0|   2|           1|           1|
    |deleted_zeros_fu_657_p3           |    select|   0|  0|   2|           1|           1|
    |layer14_out_i_0_din               |    select|   0|  0|   8|           1|           8|
    |layer14_out_i_1_din               |    select|   0|  0|   8|           1|           8|
    |layer14_out_i_2_din               |    select|   0|  0|   8|           1|           8|
    |layer14_out_i_3_din               |    select|   0|  0|   8|           1|           8|
    |select_ln346_255_fu_738_p3        |    select|   0|  0|   9|           1|           7|
    |select_ln346_256_fu_964_p3        |    select|   0|  0|   9|           1|           7|
    |select_ln346_257_fu_1077_p3       |    select|   0|  0|   9|           1|           7|
    |select_ln346_fu_851_p3            |    select|   0|  0|   9|           1|           7|
    |ap_enable_pp0                     |       xor|   0|  0|   2|           1|           2|
    |xor_ln890_1_fu_783_p2             |       xor|   0|  0|   2|           1|           2|
    |xor_ln890_2_fu_896_p2             |       xor|   0|  0|   2|           1|           2|
    |xor_ln890_3_fu_1009_p2            |       xor|   0|  0|   2|           1|           2|
    |xor_ln890_fu_670_p2               |       xor|   0|  0|   2|           1|           2|
    |xor_ln895_128_fu_704_p2           |       xor|   0|  0|   2|           1|           2|
    |xor_ln895_129_fu_806_p2           |       xor|   0|  0|   2|           1|           2|
    |xor_ln895_130_fu_817_p2           |       xor|   0|  0|   2|           1|           2|
    |xor_ln895_131_fu_919_p2           |       xor|   0|  0|   2|           1|           2|
    |xor_ln895_132_fu_930_p2           |       xor|   0|  0|   2|           1|           2|
    |xor_ln895_133_fu_1032_p2          |       xor|   0|  0|   2|           1|           2|
    |xor_ln895_134_fu_1043_p2          |       xor|   0|  0|   2|           1|           2|
    |xor_ln895_fu_693_p2               |       xor|   0|  0|   2|           1|           2|
    |xor_ln896_256_fu_715_p2           |       xor|   0|  0|   2|           1|           2|
    |xor_ln896_257_fu_760_p2           |       xor|   0|  0|   2|           1|           2|
    |xor_ln896_258_fu_828_p2           |       xor|   0|  0|   2|           1|           2|
    |xor_ln896_259_fu_873_p2           |       xor|   0|  0|   2|           1|           2|
    |xor_ln896_260_fu_941_p2           |       xor|   0|  0|   2|           1|           2|
    |xor_ln896_261_fu_986_p2           |       xor|   0|  0|   2|           1|           2|
    |xor_ln896_262_fu_1054_p2          |       xor|   0|  0|   2|           1|           2|
    |xor_ln896_263_fu_727_p2           |       xor|   0|  0|   2|           1|           1|
    |xor_ln896_264_fu_840_p2           |       xor|   0|  0|   2|           1|           1|
    |xor_ln896_265_fu_953_p2           |       xor|   0|  0|   2|           1|           1|
    |xor_ln896_266_fu_1066_p2          |       xor|   0|  0|   2|           1|           1|
    |xor_ln896_fu_647_p2               |       xor|   0|  0|   2|           1|           2|
    +----------------------------------+----------+----+---+----+------------+------------+
    |Total                             |          |   0|  0| 438|         179|         222|
    +----------------------------------+----------+----+---+----+------------+------------+

    * Multiplexer: 
    +-------------------------+----+-----------+-----+-----------+
    |           Name          | LUT| Input Size| Bits| Total Bits|
    +-------------------------+----+-----------+-----+-----------+
    |ap_done_int              |   9|          2|    1|          2|
    |ap_enable_reg_pp0_iter1  |   9|          2|    1|          2|
    |ap_sig_allocacmp_i_3     |   9|          2|    7|         14|
    |i_fu_86                  |   9|          2|    7|         14|
    |layer14_out_i_0_blk_n    |   9|          2|    1|          2|
    |layer14_out_i_1_blk_n    |   9|          2|    1|          2|
    |layer14_out_i_2_blk_n    |   9|          2|    1|          2|
    |layer14_out_i_3_blk_n    |   9|          2|    1|          2|
    |layer17_out_i_0_blk_n    |   9|          2|    1|          2|
    |layer17_out_i_1_blk_n    |   9|          2|    1|          2|
    |layer17_out_i_2_blk_n    |   9|          2|    1|          2|
    |layer17_out_i_3_blk_n    |   9|          2|    1|          2|
    |real_start               |   9|          2|    1|          2|
    +-------------------------+----+-----------+-----+-----------+
    |Total                    | 117|         26|   25|         50|
    +-------------------------+----+-----------+-----+-----------+

    * Register: 
    +----------------------------------+----+----+-----+-----------+
    |               Name               | FF | LUT| Bits| Const Bits|
    +----------------------------------+----+----+-----+-----------+
    |Range1_all_ones_128_reg_1196      |   1|   0|    1|          0|
    |Range1_all_ones_129_reg_1235      |   1|   0|    1|          0|
    |Range1_all_ones_130_reg_1274      |   1|   0|    1|          0|
    |Range1_all_ones_reg_1157          |   1|   0|    1|          0|
    |Range1_all_zeros_128_reg_1203     |   1|   0|    1|          0|
    |Range1_all_zeros_129_reg_1242     |   1|   0|    1|          0|
    |Range1_all_zeros_130_reg_1281     |   1|   0|    1|          0|
    |Range1_all_zeros_reg_1164         |   1|   0|    1|          0|
    |Range2_all_ones_1_reg_1191        |   1|   0|    1|          0|
    |Range2_all_ones_2_reg_1230        |   1|   0|    1|          0|
    |Range2_all_ones_3_reg_1269        |   1|   0|    1|          0|
    |Range2_all_ones_reg_1152          |   1|   0|    1|          0|
    |ap_CS_fsm                         |   1|   0|    1|          0|
    |ap_done_reg                       |   1|   0|    1|          0|
    |ap_enable_reg_pp0_iter1           |   1|   0|    1|          0|
    |ap_enable_reg_pp0_iter2           |   1|   0|    1|          0|
    |ap_loop_exit_ready_pp0_iter1_reg  |   1|   0|    1|          0|
    |i_fu_86                           |   7|   0|    7|          0|
    |out_data_V_841_reg_1141           |   8|   0|    8|          0|
    |out_data_V_843_reg_1180           |   8|   0|    8|          0|
    |out_data_V_845_reg_1219           |   8|   0|    8|          0|
    |out_data_V_847_reg_1258           |   8|   0|    8|          0|
    |p_Result_1355_reg_1130            |   1|   0|    1|          0|
    |p_Result_1357_reg_1136            |   1|   0|    1|          0|
    |p_Result_1358_reg_1146            |   1|   0|    1|          0|
    |p_Result_1359_reg_1169            |   1|   0|    1|          0|
    |p_Result_1361_reg_1175            |   1|   0|    1|          0|
    |p_Result_1362_reg_1185            |   1|   0|    1|          0|
    |p_Result_1363_reg_1208            |   1|   0|    1|          0|
    |p_Result_1365_reg_1214            |   1|   0|    1|          0|
    |p_Result_1366_reg_1224            |   1|   0|    1|          0|
    |p_Result_1367_reg_1247            |   1|   0|    1|          0|
    |p_Result_1369_reg_1253            |   1|   0|    1|          0|
    |p_Result_1370_reg_1263            |   1|   0|    1|          0|
    |p_Val2_513_reg_1115               |  16|   0|   16|          0|
    |p_Val2_516_reg_1120               |  16|   0|   16|          0|
    |p_Val2_519_reg_1125               |  16|   0|   16|          0|
    |p_Val2_s_reg_1110                 |  16|   0|   16|          0|
    |start_once_reg                    |   1|   0|    1|          0|
    +----------------------------------+----+----+-----+-----------+
    |Total                             | 133|   0|  133|          0|
    +----------------------------------+----+----+-----+-----------+



================================================================
== Interface
================================================================
* Summary: 
+--------------------------------+-----+-----+------------+----------------------------------------------------------------------------+--------------+
|            RTL Ports           | Dir | Bits|  Protocol  |                                Source Object                               |    C Type    |
+--------------------------------+-----+-----+------------+----------------------------------------------------------------------------+--------------+
|ap_clk                          |   in|    1|  ap_ctrl_hs|  linear<ap_fixed<16, 6, 5, 3, 0>, ap_fixed<8, 3, 4, 0, 0>, linear_config14>|  return value|
|ap_rst                          |   in|    1|  ap_ctrl_hs|  linear<ap_fixed<16, 6, 5, 3, 0>, ap_fixed<8, 3, 4, 0, 0>, linear_config14>|  return value|
|ap_start                        |   in|    1|  ap_ctrl_hs|  linear<ap_fixed<16, 6, 5, 3, 0>, ap_fixed<8, 3, 4, 0, 0>, linear_config14>|  return value|
|start_full_n                    |   in|    1|  ap_ctrl_hs|  linear<ap_fixed<16, 6, 5, 3, 0>, ap_fixed<8, 3, 4, 0, 0>, linear_config14>|  return value|
|ap_done                         |  out|    1|  ap_ctrl_hs|  linear<ap_fixed<16, 6, 5, 3, 0>, ap_fixed<8, 3, 4, 0, 0>, linear_config14>|  return value|
|ap_continue                     |   in|    1|  ap_ctrl_hs|  linear<ap_fixed<16, 6, 5, 3, 0>, ap_fixed<8, 3, 4, 0, 0>, linear_config14>|  return value|
|ap_idle                         |  out|    1|  ap_ctrl_hs|  linear<ap_fixed<16, 6, 5, 3, 0>, ap_fixed<8, 3, 4, 0, 0>, linear_config14>|  return value|
|ap_ready                        |  out|    1|  ap_ctrl_hs|  linear<ap_fixed<16, 6, 5, 3, 0>, ap_fixed<8, 3, 4, 0, 0>, linear_config14>|  return value|
|start_out                       |  out|    1|  ap_ctrl_hs|  linear<ap_fixed<16, 6, 5, 3, 0>, ap_fixed<8, 3, 4, 0, 0>, linear_config14>|  return value|
|start_write                     |  out|    1|  ap_ctrl_hs|  linear<ap_fixed<16, 6, 5, 3, 0>, ap_fixed<8, 3, 4, 0, 0>, linear_config14>|  return value|
|layer17_out_i_0_dout            |   in|   16|     ap_fifo|                                                             layer17_out_i_0|       pointer|
|layer17_out_i_0_num_data_valid  |   in|    8|     ap_fifo|                                                             layer17_out_i_0|       pointer|
|layer17_out_i_0_fifo_cap        |   in|    8|     ap_fifo|                                                             layer17_out_i_0|       pointer|
|layer17_out_i_0_empty_n         |   in|    1|     ap_fifo|                                                             layer17_out_i_0|       pointer|
|layer17_out_i_0_read            |  out|    1|     ap_fifo|                                                             layer17_out_i_0|       pointer|
|layer17_out_i_1_dout            |   in|   16|     ap_fifo|                                                             layer17_out_i_1|       pointer|
|layer17_out_i_1_num_data_valid  |   in|    8|     ap_fifo|                                                             layer17_out_i_1|       pointer|
|layer17_out_i_1_fifo_cap        |   in|    8|     ap_fifo|                                                             layer17_out_i_1|       pointer|
|layer17_out_i_1_empty_n         |   in|    1|     ap_fifo|                                                             layer17_out_i_1|       pointer|
|layer17_out_i_1_read            |  out|    1|     ap_fifo|                                                             layer17_out_i_1|       pointer|
|layer17_out_i_2_dout            |   in|   16|     ap_fifo|                                                             layer17_out_i_2|       pointer|
|layer17_out_i_2_num_data_valid  |   in|    8|     ap_fifo|                                                             layer17_out_i_2|       pointer|
|layer17_out_i_2_fifo_cap        |   in|    8|     ap_fifo|                                                             layer17_out_i_2|       pointer|
|layer17_out_i_2_empty_n         |   in|    1|     ap_fifo|                                                             layer17_out_i_2|       pointer|
|layer17_out_i_2_read            |  out|    1|     ap_fifo|                                                             layer17_out_i_2|       pointer|
|layer17_out_i_3_dout            |   in|   16|     ap_fifo|                                                             layer17_out_i_3|       pointer|
|layer17_out_i_3_num_data_valid  |   in|    8|     ap_fifo|                                                             layer17_out_i_3|       pointer|
|layer17_out_i_3_fifo_cap        |   in|    8|     ap_fifo|                                                             layer17_out_i_3|       pointer|
|layer17_out_i_3_empty_n         |   in|    1|     ap_fifo|                                                             layer17_out_i_3|       pointer|
|layer17_out_i_3_read            |  out|    1|     ap_fifo|                                                             layer17_out_i_3|       pointer|
|layer14_out_i_0_din             |  out|    8|     ap_fifo|                                                             layer14_out_i_0|       pointer|
|layer14_out_i_0_num_data_valid  |   in|    8|     ap_fifo|                                                             layer14_out_i_0|       pointer|
|layer14_out_i_0_fifo_cap        |   in|    8|     ap_fifo|                                                             layer14_out_i_0|       pointer|
|layer14_out_i_0_full_n          |   in|    1|     ap_fifo|                                                             layer14_out_i_0|       pointer|
|layer14_out_i_0_write           |  out|    1|     ap_fifo|                                                             layer14_out_i_0|       pointer|
|layer14_out_i_1_din             |  out|    8|     ap_fifo|                                                             layer14_out_i_1|       pointer|
|layer14_out_i_1_num_data_valid  |   in|    8|     ap_fifo|                                                             layer14_out_i_1|       pointer|
|layer14_out_i_1_fifo_cap        |   in|    8|     ap_fifo|                                                             layer14_out_i_1|       pointer|
|layer14_out_i_1_full_n          |   in|    1|     ap_fifo|                                                             layer14_out_i_1|       pointer|
|layer14_out_i_1_write           |  out|    1|     ap_fifo|                                                             layer14_out_i_1|       pointer|
|layer14_out_i_2_din             |  out|    8|     ap_fifo|                                                             layer14_out_i_2|       pointer|
|layer14_out_i_2_num_data_valid  |   in|    8|     ap_fifo|                                                             layer14_out_i_2|       pointer|
|layer14_out_i_2_fifo_cap        |   in|    8|     ap_fifo|                                                             layer14_out_i_2|       pointer|
|layer14_out_i_2_full_n          |   in|    1|     ap_fifo|                                                             layer14_out_i_2|       pointer|
|layer14_out_i_2_write           |  out|    1|     ap_fifo|                                                             layer14_out_i_2|       pointer|
|layer14_out_i_3_din             |  out|    8|     ap_fifo|                                                             layer14_out_i_3|       pointer|
|layer14_out_i_3_num_data_valid  |   in|    8|     ap_fifo|                                                             layer14_out_i_3|       pointer|
|layer14_out_i_3_fifo_cap        |   in|    8|     ap_fifo|                                                             layer14_out_i_3|       pointer|
|layer14_out_i_3_full_n          |   in|    1|     ap_fifo|                                                             layer14_out_i_3|       pointer|
|layer14_out_i_3_write           |  out|    1|     ap_fifo|                                                             layer14_out_i_3|       pointer|
+--------------------------------+-----+-----+------------+----------------------------------------------------------------------------+--------------+

