

================================================================
== Vitis HLS Report for 'Loop_VITIS_LOOP_83_1_proc'
================================================================
* Date:           Sat Feb 10 14:07:56 2024

* Version:        2022.2 (Build 3670227 on Oct 13 2022)
* Project:        alveo_hls4ml
* Solution:       solution (Vitis Kernel Flow Target)
* Product family: virtexuplus
* Target device:  xcu55c-fsvh2892-2L-e


================================================================
== Performance Estimates
================================================================
+ Timing: 
    * Summary: 
    +--------+---------+----------+------------+
    |  Clock |  Target | Estimated| Uncertainty|
    +--------+---------+----------+------------+
    |ap_clk  |  4.00 ns|  2.920 ns|     1.08 ns|
    +--------+---------+----------+------------+

+ Latency: 
    * Summary: 
    +---------+---------+----------+----------+-----+-----+---------+
    |  Latency (cycles) |  Latency (absolute) |  Interval | Pipeline|
    |   min   |   max   |    min   |    max   | min | max |   Type  |
    +---------+---------+----------+----------+-----+-----+---------+
    |      220|      220|  0.880 us|  0.880 us|  220|  220|       no|
    +---------+---------+----------+----------+-----+-----+---------+

    + Detail: 
        * Instance: 
        N/A

        * Loop: 
        +-------------------+---------+---------+----------+-----------+-----------+------+----------+
        |                   |  Latency (cycles) | Iteration|  Initiation Interval  | Trip |          |
        |     Loop Name     |   min   |   max   |  Latency |  achieved |   target  | Count| Pipelined|
        +-------------------+---------+---------+----------+-----------+-----------+------+----------+
        |- VITIS_LOOP_83_1  |      218|      218|        75|          2|          1|    73|       yes|
        +-------------------+---------+---------+----------+-----------+-----------+------+----------+



================================================================
== Utilization Estimates
================================================================
* Summary: 
+---------------------+---------+------+---------+---------+-----+
|         Name        | BRAM_18K|  DSP |    FF   |   LUT   | URAM|
+---------------------+---------+------+---------+---------+-----+
|DSP                  |        -|     -|        -|        -|    -|
|Expression           |        -|     -|        0|     4532|    -|
|FIFO                 |        -|     -|        -|        -|    -|
|Instance             |        -|     -|        -|        -|    -|
|Memory               |        -|     -|        -|        -|    -|
|Multiplexer          |        -|     -|        -|     1085|    -|
|Register             |        -|     -|    82506|      160|    -|
+---------------------+---------+------+---------+---------+-----+
|Total                |        0|     0|    82506|     5777|    0|
+---------------------+---------+------+---------+---------+-----+
|Available SLR        |     1344|  3008|   869120|   434560|  320|
+---------------------+---------+------+---------+---------+-----+
|Utilization SLR (%)  |        0|     0|        9|        1|    0|
+---------------------+---------+------+---------+---------+-----+
|Available            |     4032|  9024|  2607360|  1303680|  960|
+---------------------+---------+------+---------+---------+-----+
|Utilization (%)      |        0|     0|        3|       ~0|    0|
+---------------------+---------+------+---------+---------+-----+

+ Detail: 
    * Instance: 
    N/A

    * DSP: 
    N/A

    * Memory: 
    N/A

    * FIFO: 
    N/A

    * Expression: 
    +------------------------------------+----------+----+---+------+------------+------------+
    |            Variable Name           | Operation| DSP| FF|  LUT | Bitwidth P0| Bitwidth P1|
    +------------------------------------+----------+----+---+------+------------+------------+
    |add_ln83_fu_958_p2                  |         +|   0|  0|    14|           7|           1|
    |add_ln87_fu_976_p2                  |         +|   0|  0|    71|          64|          64|
    |add_ln92_fu_992_p2                  |         +|   0|  0|    71|          64|          64|
    |ap_condition_1678                   |       and|   0|  0|     2|           1|           1|
    |ap_predicate_op323_read_state73     |       and|   0|  0|     2|           1|           1|
    |ap_predicate_op325_read_state73     |       and|   0|  0|     2|           1|           1|
    |icmp_ln83_fu_952_p2                 |      icmp|   0|  0|    10|           7|           7|
    |lshr_ln87_fu_1040_p2                |      lshr|   0|  0|  2171|        2048|        2048|
    |lshr_ln92_fu_1431_p2                |      lshr|   0|  0|  2171|        2048|        2048|
    |ap_block_pp0_stage0_01001           |        or|   0|  0|     2|           1|           1|
    |ap_block_pp0_stage1_01001           |        or|   0|  0|     2|           1|           1|
    |ap_block_pp0_stage1_11001           |        or|   0|  0|     2|           1|           1|
    |ap_block_state2_io                  |        or|   0|  0|     2|           1|           1|
    |ap_block_state72_pp0_stage1_iter35  |        or|   0|  0|     2|           1|           1|
    |ap_block_state73_pp0_stage0_iter36  |        or|   0|  0|     2|           1|           1|
    |ap_block_state74_pp0_stage1_iter36  |        or|   0|  0|     2|           1|           1|
    |ap_block_state75_pp0_stage0_iter37  |        or|   0|  0|     2|           1|           1|
    |ap_enable_pp0                       |       xor|   0|  0|     2|           1|           2|
    +------------------------------------+----------+----+---+------+------------+------------+
    |Total                               |          |   0|  0|  4532|        4250|        4245|
    +------------------------------------+----------+----+---+------+------------+------------+

    * Multiplexer: 
    +------------------------------------------+----+-----------+------+-----------+
    |                   Name                   | LUT| Input Size| Bits | Total Bits|
    +------------------------------------------+----+-----------+------+-----------+
    |ap_NS_fsm                                 |  14|          3|     1|          3|
    |ap_done_int                               |   9|          2|     1|          2|
    |ap_enable_reg_pp0_iter0                   |   9|          2|     1|          2|
    |ap_enable_reg_pp0_iter1                   |   9|          2|     1|          2|
    |ap_enable_reg_pp0_iter37                  |   9|          2|     1|          2|
    |ap_loop_exit_ready_pp0_iter10_reg         |   9|          2|     1|          2|
    |ap_loop_exit_ready_pp0_iter11_reg         |   9|          2|     1|          2|
    |ap_loop_exit_ready_pp0_iter12_reg         |   9|          2|     1|          2|
    |ap_loop_exit_ready_pp0_iter13_reg         |   9|          2|     1|          2|
    |ap_loop_exit_ready_pp0_iter14_reg         |   9|          2|     1|          2|
    |ap_loop_exit_ready_pp0_iter15_reg         |   9|          2|     1|          2|
    |ap_loop_exit_ready_pp0_iter16_reg         |   9|          2|     1|          2|
    |ap_loop_exit_ready_pp0_iter17_reg         |   9|          2|     1|          2|
    |ap_loop_exit_ready_pp0_iter18_reg         |   9|          2|     1|          2|
    |ap_loop_exit_ready_pp0_iter19_reg         |   9|          2|     1|          2|
    |ap_loop_exit_ready_pp0_iter1_reg          |   9|          2|     1|          2|
    |ap_loop_exit_ready_pp0_iter20_reg         |   9|          2|     1|          2|
    |ap_loop_exit_ready_pp0_iter21_reg         |   9|          2|     1|          2|
    |ap_loop_exit_ready_pp0_iter22_reg         |   9|          2|     1|          2|
    |ap_loop_exit_ready_pp0_iter23_reg         |   9|          2|     1|          2|
    |ap_loop_exit_ready_pp0_iter24_reg         |   9|          2|     1|          2|
    |ap_loop_exit_ready_pp0_iter25_reg         |   9|          2|     1|          2|
    |ap_loop_exit_ready_pp0_iter26_reg         |   9|          2|     1|          2|
    |ap_loop_exit_ready_pp0_iter27_reg         |   9|          2|     1|          2|
    |ap_loop_exit_ready_pp0_iter28_reg         |   9|          2|     1|          2|
    |ap_loop_exit_ready_pp0_iter29_reg         |   9|          2|     1|          2|
    |ap_loop_exit_ready_pp0_iter2_reg          |   9|          2|     1|          2|
    |ap_loop_exit_ready_pp0_iter30_reg         |   9|          2|     1|          2|
    |ap_loop_exit_ready_pp0_iter31_reg         |   9|          2|     1|          2|
    |ap_loop_exit_ready_pp0_iter32_reg         |   9|          2|     1|          2|
    |ap_loop_exit_ready_pp0_iter33_reg         |   9|          2|     1|          2|
    |ap_loop_exit_ready_pp0_iter34_reg         |   9|          2|     1|          2|
    |ap_loop_exit_ready_pp0_iter35_reg         |   9|          2|     1|          2|
    |ap_loop_exit_ready_pp0_iter36_reg         |   9|          2|     1|          2|
    |ap_loop_exit_ready_pp0_iter3_reg          |   9|          2|     1|          2|
    |ap_loop_exit_ready_pp0_iter4_reg          |   9|          2|     1|          2|
    |ap_loop_exit_ready_pp0_iter5_reg          |   9|          2|     1|          2|
    |ap_loop_exit_ready_pp0_iter6_reg          |   9|          2|     1|          2|
    |ap_loop_exit_ready_pp0_iter7_reg          |   9|          2|     1|          2|
    |ap_loop_exit_ready_pp0_iter8_reg          |   9|          2|     1|          2|
    |ap_loop_exit_ready_pp0_iter9_reg          |   9|          2|     1|          2|
    |ap_phi_reg_pp0_iter36_empty_1847_reg_933  |   9|          2|  1024|       2048|
    |ap_phi_reg_pp0_iter36_empty_1848_reg_922  |   9|          2|  1024|       2048|
    |ap_sig_allocacmp_i0_2                     |   9|          2|     7|         14|
    |gmem0_blk_n_AR                            |   9|          2|     1|          2|
    |gmem0_blk_n_R                             |   9|          2|     1|          2|
    |gmem1_blk_n_AR                            |   9|          2|     1|          2|
    |gmem1_blk_n_R                             |   9|          2|     1|          2|
    |i0_fu_358                                 |   9|          2|     7|         14|
    |in_stream1_0_blk_n                        |   9|          2|     1|          2|
    |in_stream1_10_blk_n                       |   9|          2|     1|          2|
    |in_stream1_11_blk_n                       |   9|          2|     1|          2|
    |in_stream1_12_blk_n                       |   9|          2|     1|          2|
    |in_stream1_13_blk_n                       |   9|          2|     1|          2|
    |in_stream1_14_blk_n                       |   9|          2|     1|          2|
    |in_stream1_15_blk_n                       |   9|          2|     1|          2|
    |in_stream1_16_blk_n                       |   9|          2|     1|          2|
    |in_stream1_17_blk_n                       |   9|          2|     1|          2|
    |in_stream1_18_blk_n                       |   9|          2|     1|          2|
    |in_stream1_19_blk_n                       |   9|          2|     1|          2|
    |in_stream1_1_blk_n                        |   9|          2|     1|          2|
    |in_stream1_20_blk_n                       |   9|          2|     1|          2|
    |in_stream1_21_blk_n                       |   9|          2|     1|          2|
    |in_stream1_22_blk_n                       |   9|          2|     1|          2|
    |in_stream1_23_blk_n                       |   9|          2|     1|          2|
    |in_stream1_24_blk_n                       |   9|          2|     1|          2|
    |in_stream1_25_blk_n                       |   9|          2|     1|          2|
    |in_stream1_26_blk_n                       |   9|          2|     1|          2|
    |in_stream1_27_blk_n                       |   9|          2|     1|          2|
    |in_stream1_28_blk_n                       |   9|          2|     1|          2|
    |in_stream1_29_blk_n                       |   9|          2|     1|          2|
    |in_stream1_2_blk_n                        |   9|          2|     1|          2|
    |in_stream1_30_blk_n                       |   9|          2|     1|          2|
    |in_stream1_31_blk_n                       |   9|          2|     1|          2|
    |in_stream1_32_blk_n                       |   9|          2|     1|          2|
    |in_stream1_33_blk_n                       |   9|          2|     1|          2|
    |in_stream1_34_blk_n                       |   9|          2|     1|          2|
    |in_stream1_35_blk_n                       |   9|          2|     1|          2|
    |in_stream1_36_blk_n                       |   9|          2|     1|          2|
    |in_stream1_37_blk_n                       |   9|          2|     1|          2|
    |in_stream1_38_blk_n                       |   9|          2|     1|          2|
    |in_stream1_39_blk_n                       |   9|          2|     1|          2|
    |in_stream1_3_blk_n                        |   9|          2|     1|          2|
    |in_stream1_40_blk_n                       |   9|          2|     1|          2|
    |in_stream1_41_blk_n                       |   9|          2|     1|          2|
    |in_stream1_42_blk_n                       |   9|          2|     1|          2|
    |in_stream1_43_blk_n                       |   9|          2|     1|          2|
    |in_stream1_44_blk_n                       |   9|          2|     1|          2|
    |in_stream1_45_blk_n                       |   9|          2|     1|          2|
    |in_stream1_46_blk_n                       |   9|          2|     1|          2|
    |in_stream1_47_blk_n                       |   9|          2|     1|          2|
    |in_stream1_48_blk_n                       |   9|          2|     1|          2|
    |in_stream1_49_blk_n                       |   9|          2|     1|          2|
    |in_stream1_4_blk_n                        |   9|          2|     1|          2|
    |in_stream1_50_blk_n                       |   9|          2|     1|          2|
    |in_stream1_51_blk_n                       |   9|          2|     1|          2|
    |in_stream1_52_blk_n                       |   9|          2|     1|          2|
    |in_stream1_53_blk_n                       |   9|          2|     1|          2|
    |in_stream1_54_blk_n                       |   9|          2|     1|          2|
    |in_stream1_55_blk_n                       |   9|          2|     1|          2|
    |in_stream1_56_blk_n                       |   9|          2|     1|          2|
    |in_stream1_57_blk_n                       |   9|          2|     1|          2|
    |in_stream1_58_blk_n                       |   9|          2|     1|          2|
    |in_stream1_59_blk_n                       |   9|          2|     1|          2|
    |in_stream1_5_blk_n                        |   9|          2|     1|          2|
    |in_stream1_60_blk_n                       |   9|          2|     1|          2|
    |in_stream1_61_blk_n                       |   9|          2|     1|          2|
    |in_stream1_62_blk_n                       |   9|          2|     1|          2|
    |in_stream1_63_blk_n                       |   9|          2|     1|          2|
    |in_stream1_64_blk_n                       |   9|          2|     1|          2|
    |in_stream1_65_blk_n                       |   9|          2|     1|          2|
    |in_stream1_66_blk_n                       |   9|          2|     1|          2|
    |in_stream1_67_blk_n                       |   9|          2|     1|          2|
    |in_stream1_68_blk_n                       |   9|          2|     1|          2|
    |in_stream1_69_blk_n                       |   9|          2|     1|          2|
    |in_stream1_6_blk_n                        |   9|          2|     1|          2|
    |in_stream1_7_blk_n                        |   9|          2|     1|          2|
    |in_stream1_8_blk_n                        |   9|          2|     1|          2|
    |in_stream1_9_blk_n                        |   9|          2|     1|          2|
    |real_start                                |   9|          2|     1|          2|
    +------------------------------------------+----+-----------+------+-----------+
    |Total                                     |1085|        241|  2178|       4357|
    +------------------------------------------+----+-----------+------+-----------+

    * Register: 
    +------------------------------------------+------+----+------+-----------+
    |                   Name                   |  FF  | LUT| Bits | Const Bits|
    +------------------------------------------+------+----+------+-----------+
    |ap_CS_fsm                                 |     2|   0|     2|          0|
    |ap_done_reg                               |     1|   0|     1|          0|
    |ap_enable_reg_pp0_iter0_reg               |     1|   0|     1|          0|
    |ap_enable_reg_pp0_iter1                   |     1|   0|     1|          0|
    |ap_enable_reg_pp0_iter10                  |     1|   0|     1|          0|
    |ap_enable_reg_pp0_iter11                  |     1|   0|     1|          0|
    |ap_enable_reg_pp0_iter12                  |     1|   0|     1|          0|
    |ap_enable_reg_pp0_iter13                  |     1|   0|     1|          0|
    |ap_enable_reg_pp0_iter14                  |     1|   0|     1|          0|
    |ap_enable_reg_pp0_iter15                  |     1|   0|     1|          0|
    |ap_enable_reg_pp0_iter16                  |     1|   0|     1|          0|
    |ap_enable_reg_pp0_iter17                  |     1|   0|     1|          0|
    |ap_enable_reg_pp0_iter18                  |     1|   0|     1|          0|
    |ap_enable_reg_pp0_iter19                  |     1|   0|     1|          0|
    |ap_enable_reg_pp0_iter2                   |     1|   0|     1|          0|
    |ap_enable_reg_pp0_iter20                  |     1|   0|     1|          0|
    |ap_enable_reg_pp0_iter21                  |     1|   0|     1|          0|
    |ap_enable_reg_pp0_iter22                  |     1|   0|     1|          0|
    |ap_enable_reg_pp0_iter23                  |     1|   0|     1|          0|
    |ap_enable_reg_pp0_iter24                  |     1|   0|     1|          0|
    |ap_enable_reg_pp0_iter25                  |     1|   0|     1|          0|
    |ap_enable_reg_pp0_iter26                  |     1|   0|     1|          0|
    |ap_enable_reg_pp0_iter27                  |     1|   0|     1|          0|
    |ap_enable_reg_pp0_iter28                  |     1|   0|     1|          0|
    |ap_enable_reg_pp0_iter29                  |     1|   0|     1|          0|
    |ap_enable_reg_pp0_iter3                   |     1|   0|     1|          0|
    |ap_enable_reg_pp0_iter30                  |     1|   0|     1|          0|
    |ap_enable_reg_pp0_iter31                  |     1|   0|     1|          0|
    |ap_enable_reg_pp0_iter32                  |     1|   0|     1|          0|
    |ap_enable_reg_pp0_iter33                  |     1|   0|     1|          0|
    |ap_enable_reg_pp0_iter34                  |     1|   0|     1|          0|
    |ap_enable_reg_pp0_iter35                  |     1|   0|     1|          0|
    |ap_enable_reg_pp0_iter36                  |     1|   0|     1|          0|
    |ap_enable_reg_pp0_iter37                  |     1|   0|     1|          0|
    |ap_enable_reg_pp0_iter4                   |     1|   0|     1|          0|
    |ap_enable_reg_pp0_iter5                   |     1|   0|     1|          0|
    |ap_enable_reg_pp0_iter6                   |     1|   0|     1|          0|
    |ap_enable_reg_pp0_iter7                   |     1|   0|     1|          0|
    |ap_enable_reg_pp0_iter8                   |     1|   0|     1|          0|
    |ap_enable_reg_pp0_iter9                   |     1|   0|     1|          0|
    |ap_loop_exit_ready_pp0_iter10_reg         |     1|   0|     1|          0|
    |ap_loop_exit_ready_pp0_iter11_reg         |     1|   0|     1|          0|
    |ap_loop_exit_ready_pp0_iter12_reg         |     1|   0|     1|          0|
    |ap_loop_exit_ready_pp0_iter13_reg         |     1|   0|     1|          0|
    |ap_loop_exit_ready_pp0_iter14_reg         |     1|   0|     1|          0|
    |ap_loop_exit_ready_pp0_iter15_reg         |     1|   0|     1|          0|
    |ap_loop_exit_ready_pp0_iter16_reg         |     1|   0|     1|          0|
    |ap_loop_exit_ready_pp0_iter17_reg         |     1|   0|     1|          0|
    |ap_loop_exit_ready_pp0_iter18_reg         |     1|   0|     1|          0|
    |ap_loop_exit_ready_pp0_iter19_reg         |     1|   0|     1|          0|
    |ap_loop_exit_ready_pp0_iter1_reg          |     1|   0|     1|          0|
    |ap_loop_exit_ready_pp0_iter20_reg         |     1|   0|     1|          0|
    |ap_loop_exit_ready_pp0_iter21_reg         |     1|   0|     1|          0|
    |ap_loop_exit_ready_pp0_iter22_reg         |     1|   0|     1|          0|
    |ap_loop_exit_ready_pp0_iter23_reg         |     1|   0|     1|          0|
    |ap_loop_exit_ready_pp0_iter24_reg         |     1|   0|     1|          0|
    |ap_loop_exit_ready_pp0_iter25_reg         |     1|   0|     1|          0|
    |ap_loop_exit_ready_pp0_iter26_reg         |     1|   0|     1|          0|
    |ap_loop_exit_ready_pp0_iter27_reg         |     1|   0|     1|          0|
    |ap_loop_exit_ready_pp0_iter28_reg         |     1|   0|     1|          0|
    |ap_loop_exit_ready_pp0_iter29_reg         |     1|   0|     1|          0|
    |ap_loop_exit_ready_pp0_iter2_reg          |     1|   0|     1|          0|
    |ap_loop_exit_ready_pp0_iter30_reg         |     1|   0|     1|          0|
    |ap_loop_exit_ready_pp0_iter31_reg         |     1|   0|     1|          0|
    |ap_loop_exit_ready_pp0_iter32_reg         |     1|   0|     1|          0|
    |ap_loop_exit_ready_pp0_iter33_reg         |     1|   0|     1|          0|
    |ap_loop_exit_ready_pp0_iter34_reg         |     1|   0|     1|          0|
    |ap_loop_exit_ready_pp0_iter35_reg         |     1|   0|     1|          0|
    |ap_loop_exit_ready_pp0_iter36_reg         |     1|   0|     1|          0|
    |ap_loop_exit_ready_pp0_iter3_reg          |     1|   0|     1|          0|
    |ap_loop_exit_ready_pp0_iter4_reg          |     1|   0|     1|          0|
    |ap_loop_exit_ready_pp0_iter5_reg          |     1|   0|     1|          0|
    |ap_loop_exit_ready_pp0_iter6_reg          |     1|   0|     1|          0|
    |ap_loop_exit_ready_pp0_iter7_reg          |     1|   0|     1|          0|
    |ap_loop_exit_ready_pp0_iter8_reg          |     1|   0|     1|          0|
    |ap_loop_exit_ready_pp0_iter9_reg          |     1|   0|     1|          0|
    |ap_phi_reg_pp0_iter10_empty_1847_reg_933  |  1024|   0|  1024|          0|
    |ap_phi_reg_pp0_iter10_empty_1848_reg_922  |  1024|   0|  1024|          0|
    |ap_phi_reg_pp0_iter11_empty_1847_reg_933  |  1024|   0|  1024|          0|
    |ap_phi_reg_pp0_iter11_empty_1848_reg_922  |  1024|   0|  1024|          0|
    |ap_phi_reg_pp0_iter12_empty_1847_reg_933  |  1024|   0|  1024|          0|
    |ap_phi_reg_pp0_iter12_empty_1848_reg_922  |  1024|   0|  1024|          0|
    |ap_phi_reg_pp0_iter13_empty_1847_reg_933  |  1024|   0|  1024|          0|
    |ap_phi_reg_pp0_iter13_empty_1848_reg_922  |  1024|   0|  1024|          0|
    |ap_phi_reg_pp0_iter14_empty_1847_reg_933  |  1024|   0|  1024|          0|
    |ap_phi_reg_pp0_iter14_empty_1848_reg_922  |  1024|   0|  1024|          0|
    |ap_phi_reg_pp0_iter15_empty_1847_reg_933  |  1024|   0|  1024|          0|
    |ap_phi_reg_pp0_iter15_empty_1848_reg_922  |  1024|   0|  1024|          0|
    |ap_phi_reg_pp0_iter16_empty_1847_reg_933  |  1024|   0|  1024|          0|
    |ap_phi_reg_pp0_iter16_empty_1848_reg_922  |  1024|   0|  1024|          0|
    |ap_phi_reg_pp0_iter17_empty_1847_reg_933  |  1024|   0|  1024|          0|
    |ap_phi_reg_pp0_iter17_empty_1848_reg_922  |  1024|   0|  1024|          0|
    |ap_phi_reg_pp0_iter18_empty_1847_reg_933  |  1024|   0|  1024|          0|
    |ap_phi_reg_pp0_iter18_empty_1848_reg_922  |  1024|   0|  1024|          0|
    |ap_phi_reg_pp0_iter19_empty_1847_reg_933  |  1024|   0|  1024|          0|
    |ap_phi_reg_pp0_iter19_empty_1848_reg_922  |  1024|   0|  1024|          0|
    |ap_phi_reg_pp0_iter1_empty_1847_reg_933   |  1024|   0|  1024|          0|
    |ap_phi_reg_pp0_iter1_empty_1848_reg_922   |  1024|   0|  1024|          0|
    |ap_phi_reg_pp0_iter20_empty_1847_reg_933  |  1024|   0|  1024|          0|
    |ap_phi_reg_pp0_iter20_empty_1848_reg_922  |  1024|   0|  1024|          0|
    |ap_phi_reg_pp0_iter21_empty_1847_reg_933  |  1024|   0|  1024|          0|
    |ap_phi_reg_pp0_iter21_empty_1848_reg_922  |  1024|   0|  1024|          0|
    |ap_phi_reg_pp0_iter22_empty_1847_reg_933  |  1024|   0|  1024|          0|
    |ap_phi_reg_pp0_iter22_empty_1848_reg_922  |  1024|   0|  1024|          0|
    |ap_phi_reg_pp0_iter23_empty_1847_reg_933  |  1024|   0|  1024|          0|
    |ap_phi_reg_pp0_iter23_empty_1848_reg_922  |  1024|   0|  1024|          0|
    |ap_phi_reg_pp0_iter24_empty_1847_reg_933  |  1024|   0|  1024|          0|
    |ap_phi_reg_pp0_iter24_empty_1848_reg_922  |  1024|   0|  1024|          0|
    |ap_phi_reg_pp0_iter25_empty_1847_reg_933  |  1024|   0|  1024|          0|
    |ap_phi_reg_pp0_iter25_empty_1848_reg_922  |  1024|   0|  1024|          0|
    |ap_phi_reg_pp0_iter26_empty_1847_reg_933  |  1024|   0|  1024|          0|
    |ap_phi_reg_pp0_iter26_empty_1848_reg_922  |  1024|   0|  1024|          0|
    |ap_phi_reg_pp0_iter27_empty_1847_reg_933  |  1024|   0|  1024|          0|
    |ap_phi_reg_pp0_iter27_empty_1848_reg_922  |  1024|   0|  1024|          0|
    |ap_phi_reg_pp0_iter28_empty_1847_reg_933  |  1024|   0|  1024|          0|
    |ap_phi_reg_pp0_iter28_empty_1848_reg_922  |  1024|   0|  1024|          0|
    |ap_phi_reg_pp0_iter29_empty_1847_reg_933  |  1024|   0|  1024|          0|
    |ap_phi_reg_pp0_iter29_empty_1848_reg_922  |  1024|   0|  1024|          0|
    |ap_phi_reg_pp0_iter2_empty_1847_reg_933   |  1024|   0|  1024|          0|
    |ap_phi_reg_pp0_iter2_empty_1848_reg_922   |  1024|   0|  1024|          0|
    |ap_phi_reg_pp0_iter30_empty_1847_reg_933  |  1024|   0|  1024|          0|
    |ap_phi_reg_pp0_iter30_empty_1848_reg_922  |  1024|   0|  1024|          0|
    |ap_phi_reg_pp0_iter31_empty_1847_reg_933  |  1024|   0|  1024|          0|
    |ap_phi_reg_pp0_iter31_empty_1848_reg_922  |  1024|   0|  1024|          0|
    |ap_phi_reg_pp0_iter32_empty_1847_reg_933  |  1024|   0|  1024|          0|
    |ap_phi_reg_pp0_iter32_empty_1848_reg_922  |  1024|   0|  1024|          0|
    |ap_phi_reg_pp0_iter33_empty_1847_reg_933  |  1024|   0|  1024|          0|
    |ap_phi_reg_pp0_iter33_empty_1848_reg_922  |  1024|   0|  1024|          0|
    |ap_phi_reg_pp0_iter34_empty_1847_reg_933  |  1024|   0|  1024|          0|
    |ap_phi_reg_pp0_iter34_empty_1848_reg_922  |  1024|   0|  1024|          0|
    |ap_phi_reg_pp0_iter35_empty_1847_reg_933  |  1024|   0|  1024|          0|
    |ap_phi_reg_pp0_iter35_empty_1848_reg_922  |  1024|   0|  1024|          0|
    |ap_phi_reg_pp0_iter36_empty_1847_reg_933  |  1024|   0|  1024|          0|
    |ap_phi_reg_pp0_iter36_empty_1848_reg_922  |  1024|   0|  1024|          0|
    |ap_phi_reg_pp0_iter37_empty_1847_reg_933  |  1024|   0|  1024|          0|
    |ap_phi_reg_pp0_iter3_empty_1847_reg_933   |  1024|   0|  1024|          0|
    |ap_phi_reg_pp0_iter3_empty_1848_reg_922   |  1024|   0|  1024|          0|
    |ap_phi_reg_pp0_iter4_empty_1847_reg_933   |  1024|   0|  1024|          0|
    |ap_phi_reg_pp0_iter4_empty_1848_reg_922   |  1024|   0|  1024|          0|
    |ap_phi_reg_pp0_iter5_empty_1847_reg_933   |  1024|   0|  1024|          0|
    |ap_phi_reg_pp0_iter5_empty_1848_reg_922   |  1024|   0|  1024|          0|
    |ap_phi_reg_pp0_iter6_empty_1847_reg_933   |  1024|   0|  1024|          0|
    |ap_phi_reg_pp0_iter6_empty_1848_reg_922   |  1024|   0|  1024|          0|
    |ap_phi_reg_pp0_iter7_empty_1847_reg_933   |  1024|   0|  1024|          0|
    |ap_phi_reg_pp0_iter7_empty_1848_reg_922   |  1024|   0|  1024|          0|
    |ap_phi_reg_pp0_iter8_empty_1847_reg_933   |  1024|   0|  1024|          0|
    |ap_phi_reg_pp0_iter8_empty_1848_reg_922   |  1024|   0|  1024|          0|
    |ap_phi_reg_pp0_iter9_empty_1847_reg_933   |  1024|   0|  1024|          0|
    |ap_phi_reg_pp0_iter9_empty_1848_reg_922   |  1024|   0|  1024|          0|
    |gmem0_addr_read_reg_1876                  |  1024|   0|  1024|          0|
    |gmem1_addr_read_reg_1881                  |  1024|   0|  1024|          0|
    |gmem1_addr_read_reg_1881_pp0_iter36_reg   |  1024|   0|  1024|          0|
    |i0_fu_358                                 |     7|   0|     7|          0|
    |icmp_ln83_reg_1850                        |     1|   0|     1|          0|
    |p_read17_reg_1840                         |  2048|   0|  2048|          0|
    |p_read29_reg_1835                         |    32|   0|    32|          0|
    |p_read310_reg_1831                        |     1|   0|     1|          0|
    |p_read412_reg_1826                        |    32|   0|    32|          0|
    |p_read513_reg_1822                        |     1|   0|     1|          0|
    |p_read_755_reg_1845                       |  2048|   0|  2048|          0|
    |start_once_reg                            |     1|   0|     1|          0|
    |trunc_ln1_reg_1859                        |    57|   0|    57|          0|
    |trunc_ln_reg_1854                         |    57|   0|    57|          0|
    |icmp_ln83_reg_1850                        |    64|  32|     1|          0|
    |p_read17_reg_1840                         |    64|  32|  2048|          0|
    |p_read310_reg_1831                        |    64|  32|     1|          0|
    |p_read513_reg_1822                        |    64|  32|     1|          0|
    |p_read_755_reg_1845                       |    64|  32|  2048|          0|
    +------------------------------------------+------+----+------+-----------+
    |Total                                     | 82506| 160| 86285|          0|
    +------------------------------------------+------+----+------+-----------+



================================================================
== Interface
================================================================
* Summary: 
+------------------------------+-----+------+------------+---------------------------+--------------+
|           RTL Ports          | Dir | Bits |  Protocol  |       Source Object       |    C Type    |
+------------------------------+-----+------+------------+---------------------------+--------------+
|ap_clk                        |   in|     1|  ap_ctrl_hs|  Loop_VITIS_LOOP_83_1_proc|  return value|
|ap_rst                        |   in|     1|  ap_ctrl_hs|  Loop_VITIS_LOOP_83_1_proc|  return value|
|ap_start                      |   in|     1|  ap_ctrl_hs|  Loop_VITIS_LOOP_83_1_proc|  return value|
|start_full_n                  |   in|     1|  ap_ctrl_hs|  Loop_VITIS_LOOP_83_1_proc|  return value|
|ap_done                       |  out|     1|  ap_ctrl_hs|  Loop_VITIS_LOOP_83_1_proc|  return value|
|ap_continue                   |   in|     1|  ap_ctrl_hs|  Loop_VITIS_LOOP_83_1_proc|  return value|
|ap_idle                       |  out|     1|  ap_ctrl_hs|  Loop_VITIS_LOOP_83_1_proc|  return value|
|ap_ready                      |  out|     1|  ap_ctrl_hs|  Loop_VITIS_LOOP_83_1_proc|  return value|
|start_out                     |  out|     1|  ap_ctrl_hs|  Loop_VITIS_LOOP_83_1_proc|  return value|
|start_write                   |  out|     1|  ap_ctrl_hs|  Loop_VITIS_LOOP_83_1_proc|  return value|
|m_axi_gmem0_AWVALID           |  out|     1|       m_axi|                      gmem0|       pointer|
|m_axi_gmem0_AWREADY           |   in|     1|       m_axi|                      gmem0|       pointer|
|m_axi_gmem0_AWADDR            |  out|    64|       m_axi|                      gmem0|       pointer|
|m_axi_gmem0_AWID              |  out|     1|       m_axi|                      gmem0|       pointer|
|m_axi_gmem0_AWLEN             |  out|    32|       m_axi|                      gmem0|       pointer|
|m_axi_gmem0_AWSIZE            |  out|     3|       m_axi|                      gmem0|       pointer|
|m_axi_gmem0_AWBURST           |  out|     2|       m_axi|                      gmem0|       pointer|
|m_axi_gmem0_AWLOCK            |  out|     2|       m_axi|                      gmem0|       pointer|
|m_axi_gmem0_AWCACHE           |  out|     4|       m_axi|                      gmem0|       pointer|
|m_axi_gmem0_AWPROT            |  out|     3|       m_axi|                      gmem0|       pointer|
|m_axi_gmem0_AWQOS             |  out|     4|       m_axi|                      gmem0|       pointer|
|m_axi_gmem0_AWREGION          |  out|     4|       m_axi|                      gmem0|       pointer|
|m_axi_gmem0_AWUSER            |  out|     1|       m_axi|                      gmem0|       pointer|
|m_axi_gmem0_WVALID            |  out|     1|       m_axi|                      gmem0|       pointer|
|m_axi_gmem0_WREADY            |   in|     1|       m_axi|                      gmem0|       pointer|
|m_axi_gmem0_WDATA             |  out|  1024|       m_axi|                      gmem0|       pointer|
|m_axi_gmem0_WSTRB             |  out|   128|       m_axi|                      gmem0|       pointer|
|m_axi_gmem0_WLAST             |  out|     1|       m_axi|                      gmem0|       pointer|
|m_axi_gmem0_WID               |  out|     1|       m_axi|                      gmem0|       pointer|
|m_axi_gmem0_WUSER             |  out|     1|       m_axi|                      gmem0|       pointer|
|m_axi_gmem0_ARVALID           |  out|     1|       m_axi|                      gmem0|       pointer|
|m_axi_gmem0_ARREADY           |   in|     1|       m_axi|                      gmem0|       pointer|
|m_axi_gmem0_ARADDR            |  out|    64|       m_axi|                      gmem0|       pointer|
|m_axi_gmem0_ARID              |  out|     1|       m_axi|                      gmem0|       pointer|
|m_axi_gmem0_ARLEN             |  out|    32|       m_axi|                      gmem0|       pointer|
|m_axi_gmem0_ARSIZE            |  out|     3|       m_axi|                      gmem0|       pointer|
|m_axi_gmem0_ARBURST           |  out|     2|       m_axi|                      gmem0|       pointer|
|m_axi_gmem0_ARLOCK            |  out|     2|       m_axi|                      gmem0|       pointer|
|m_axi_gmem0_ARCACHE           |  out|     4|       m_axi|                      gmem0|       pointer|
|m_axi_gmem0_ARPROT            |  out|     3|       m_axi|                      gmem0|       pointer|
|m_axi_gmem0_ARQOS             |  out|     4|       m_axi|                      gmem0|       pointer|
|m_axi_gmem0_ARREGION          |  out|     4|       m_axi|                      gmem0|       pointer|
|m_axi_gmem0_ARUSER            |  out|     1|       m_axi|                      gmem0|       pointer|
|m_axi_gmem0_RVALID            |   in|     1|       m_axi|                      gmem0|       pointer|
|m_axi_gmem0_RREADY            |  out|     1|       m_axi|                      gmem0|       pointer|
|m_axi_gmem0_RDATA             |   in|  1024|       m_axi|                      gmem0|       pointer|
|m_axi_gmem0_RLAST             |   in|     1|       m_axi|                      gmem0|       pointer|
|m_axi_gmem0_RID               |   in|     1|       m_axi|                      gmem0|       pointer|
|m_axi_gmem0_RFIFONUM          |   in|     9|       m_axi|                      gmem0|       pointer|
|m_axi_gmem0_RUSER             |   in|     1|       m_axi|                      gmem0|       pointer|
|m_axi_gmem0_RRESP             |   in|     2|       m_axi|                      gmem0|       pointer|
|m_axi_gmem0_BVALID            |   in|     1|       m_axi|                      gmem0|       pointer|
|m_axi_gmem0_BREADY            |  out|     1|       m_axi|                      gmem0|       pointer|
|m_axi_gmem0_BRESP             |   in|     2|       m_axi|                      gmem0|       pointer|
|m_axi_gmem0_BID               |   in|     1|       m_axi|                      gmem0|       pointer|
|m_axi_gmem0_BUSER             |   in|     1|       m_axi|                      gmem0|       pointer|
|m_axi_gmem1_AWVALID           |  out|     1|       m_axi|                      gmem1|       pointer|
|m_axi_gmem1_AWREADY           |   in|     1|       m_axi|                      gmem1|       pointer|
|m_axi_gmem1_AWADDR            |  out|    64|       m_axi|                      gmem1|       pointer|
|m_axi_gmem1_AWID              |  out|     1|       m_axi|                      gmem1|       pointer|
|m_axi_gmem1_AWLEN             |  out|    32|       m_axi|                      gmem1|       pointer|
|m_axi_gmem1_AWSIZE            |  out|     3|       m_axi|                      gmem1|       pointer|
|m_axi_gmem1_AWBURST           |  out|     2|       m_axi|                      gmem1|       pointer|
|m_axi_gmem1_AWLOCK            |  out|     2|       m_axi|                      gmem1|       pointer|
|m_axi_gmem1_AWCACHE           |  out|     4|       m_axi|                      gmem1|       pointer|
|m_axi_gmem1_AWPROT            |  out|     3|       m_axi|                      gmem1|       pointer|
|m_axi_gmem1_AWQOS             |  out|     4|       m_axi|                      gmem1|       pointer|
|m_axi_gmem1_AWREGION          |  out|     4|       m_axi|                      gmem1|       pointer|
|m_axi_gmem1_AWUSER            |  out|     1|       m_axi|                      gmem1|       pointer|
|m_axi_gmem1_WVALID            |  out|     1|       m_axi|                      gmem1|       pointer|
|m_axi_gmem1_WREADY            |   in|     1|       m_axi|                      gmem1|       pointer|
|m_axi_gmem1_WDATA             |  out|  1024|       m_axi|                      gmem1|       pointer|
|m_axi_gmem1_WSTRB             |  out|   128|       m_axi|                      gmem1|       pointer|
|m_axi_gmem1_WLAST             |  out|     1|       m_axi|                      gmem1|       pointer|
|m_axi_gmem1_WID               |  out|     1|       m_axi|                      gmem1|       pointer|
|m_axi_gmem1_WUSER             |  out|     1|       m_axi|                      gmem1|       pointer|
|m_axi_gmem1_ARVALID           |  out|     1|       m_axi|                      gmem1|       pointer|
|m_axi_gmem1_ARREADY           |   in|     1|       m_axi|                      gmem1|       pointer|
|m_axi_gmem1_ARADDR            |  out|    64|       m_axi|                      gmem1|       pointer|
|m_axi_gmem1_ARID              |  out|     1|       m_axi|                      gmem1|       pointer|
|m_axi_gmem1_ARLEN             |  out|    32|       m_axi|                      gmem1|       pointer|
|m_axi_gmem1_ARSIZE            |  out|     3|       m_axi|                      gmem1|       pointer|
|m_axi_gmem1_ARBURST           |  out|     2|       m_axi|                      gmem1|       pointer|
|m_axi_gmem1_ARLOCK            |  out|     2|       m_axi|                      gmem1|       pointer|
|m_axi_gmem1_ARCACHE           |  out|     4|       m_axi|                      gmem1|       pointer|
|m_axi_gmem1_ARPROT            |  out|     3|       m_axi|                      gmem1|       pointer|
|m_axi_gmem1_ARQOS             |  out|     4|       m_axi|                      gmem1|       pointer|
|m_axi_gmem1_ARREGION          |  out|     4|       m_axi|                      gmem1|       pointer|
|m_axi_gmem1_ARUSER            |  out|     1|       m_axi|                      gmem1|       pointer|
|m_axi_gmem1_RVALID            |   in|     1|       m_axi|                      gmem1|       pointer|
|m_axi_gmem1_RREADY            |  out|     1|       m_axi|                      gmem1|       pointer|
|m_axi_gmem1_RDATA             |   in|  1024|       m_axi|                      gmem1|       pointer|
|m_axi_gmem1_RLAST             |   in|     1|       m_axi|                      gmem1|       pointer|
|m_axi_gmem1_RID               |   in|     1|       m_axi|                      gmem1|       pointer|
|m_axi_gmem1_RFIFONUM          |   in|     9|       m_axi|                      gmem1|       pointer|
|m_axi_gmem1_RUSER             |   in|     1|       m_axi|                      gmem1|       pointer|
|m_axi_gmem1_RRESP             |   in|     2|       m_axi|                      gmem1|       pointer|
|m_axi_gmem1_BVALID            |   in|     1|       m_axi|                      gmem1|       pointer|
|m_axi_gmem1_BREADY            |  out|     1|       m_axi|                      gmem1|       pointer|
|m_axi_gmem1_BRESP             |   in|     2|       m_axi|                      gmem1|       pointer|
|m_axi_gmem1_BID               |   in|     1|       m_axi|                      gmem1|       pointer|
|m_axi_gmem1_BUSER             |   in|     1|       m_axi|                      gmem1|       pointer|
|in_stream1_0_din              |  out|    16|     ap_fifo|               in_stream1_0|       pointer|
|in_stream1_0_num_data_valid   |   in|     8|     ap_fifo|               in_stream1_0|       pointer|
|in_stream1_0_fifo_cap         |   in|     8|     ap_fifo|               in_stream1_0|       pointer|
|in_stream1_0_full_n           |   in|     1|     ap_fifo|               in_stream1_0|       pointer|
|in_stream1_0_write            |  out|     1|     ap_fifo|               in_stream1_0|       pointer|
|in_stream1_1_din              |  out|    16|     ap_fifo|               in_stream1_1|       pointer|
|in_stream1_1_num_data_valid   |   in|     8|     ap_fifo|               in_stream1_1|       pointer|
|in_stream1_1_fifo_cap         |   in|     8|     ap_fifo|               in_stream1_1|       pointer|
|in_stream1_1_full_n           |   in|     1|     ap_fifo|               in_stream1_1|       pointer|
|in_stream1_1_write            |  out|     1|     ap_fifo|               in_stream1_1|       pointer|
|in_stream1_2_din              |  out|    16|     ap_fifo|               in_stream1_2|       pointer|
|in_stream1_2_num_data_valid   |   in|     8|     ap_fifo|               in_stream1_2|       pointer|
|in_stream1_2_fifo_cap         |   in|     8|     ap_fifo|               in_stream1_2|       pointer|
|in_stream1_2_full_n           |   in|     1|     ap_fifo|               in_stream1_2|       pointer|
|in_stream1_2_write            |  out|     1|     ap_fifo|               in_stream1_2|       pointer|
|in_stream1_3_din              |  out|    16|     ap_fifo|               in_stream1_3|       pointer|
|in_stream1_3_num_data_valid   |   in|     8|     ap_fifo|               in_stream1_3|       pointer|
|in_stream1_3_fifo_cap         |   in|     8|     ap_fifo|               in_stream1_3|       pointer|
|in_stream1_3_full_n           |   in|     1|     ap_fifo|               in_stream1_3|       pointer|
|in_stream1_3_write            |  out|     1|     ap_fifo|               in_stream1_3|       pointer|
|in_stream1_4_din              |  out|    16|     ap_fifo|               in_stream1_4|       pointer|
|in_stream1_4_num_data_valid   |   in|     8|     ap_fifo|               in_stream1_4|       pointer|
|in_stream1_4_fifo_cap         |   in|     8|     ap_fifo|               in_stream1_4|       pointer|
|in_stream1_4_full_n           |   in|     1|     ap_fifo|               in_stream1_4|       pointer|
|in_stream1_4_write            |  out|     1|     ap_fifo|               in_stream1_4|       pointer|
|in_stream1_5_din              |  out|    16|     ap_fifo|               in_stream1_5|       pointer|
|in_stream1_5_num_data_valid   |   in|     8|     ap_fifo|               in_stream1_5|       pointer|
|in_stream1_5_fifo_cap         |   in|     8|     ap_fifo|               in_stream1_5|       pointer|
|in_stream1_5_full_n           |   in|     1|     ap_fifo|               in_stream1_5|       pointer|
|in_stream1_5_write            |  out|     1|     ap_fifo|               in_stream1_5|       pointer|
|in_stream1_6_din              |  out|    16|     ap_fifo|               in_stream1_6|       pointer|
|in_stream1_6_num_data_valid   |   in|     8|     ap_fifo|               in_stream1_6|       pointer|
|in_stream1_6_fifo_cap         |   in|     8|     ap_fifo|               in_stream1_6|       pointer|
|in_stream1_6_full_n           |   in|     1|     ap_fifo|               in_stream1_6|       pointer|
|in_stream1_6_write            |  out|     1|     ap_fifo|               in_stream1_6|       pointer|
|in_stream1_7_din              |  out|    16|     ap_fifo|               in_stream1_7|       pointer|
|in_stream1_7_num_data_valid   |   in|     8|     ap_fifo|               in_stream1_7|       pointer|
|in_stream1_7_fifo_cap         |   in|     8|     ap_fifo|               in_stream1_7|       pointer|
|in_stream1_7_full_n           |   in|     1|     ap_fifo|               in_stream1_7|       pointer|
|in_stream1_7_write            |  out|     1|     ap_fifo|               in_stream1_7|       pointer|
|in_stream1_8_din              |  out|    16|     ap_fifo|               in_stream1_8|       pointer|
|in_stream1_8_num_data_valid   |   in|     8|     ap_fifo|               in_stream1_8|       pointer|
|in_stream1_8_fifo_cap         |   in|     8|     ap_fifo|               in_stream1_8|       pointer|
|in_stream1_8_full_n           |   in|     1|     ap_fifo|               in_stream1_8|       pointer|
|in_stream1_8_write            |  out|     1|     ap_fifo|               in_stream1_8|       pointer|
|in_stream1_9_din              |  out|    16|     ap_fifo|               in_stream1_9|       pointer|
|in_stream1_9_num_data_valid   |   in|     8|     ap_fifo|               in_stream1_9|       pointer|
|in_stream1_9_fifo_cap         |   in|     8|     ap_fifo|               in_stream1_9|       pointer|
|in_stream1_9_full_n           |   in|     1|     ap_fifo|               in_stream1_9|       pointer|
|in_stream1_9_write            |  out|     1|     ap_fifo|               in_stream1_9|       pointer|
|in_stream1_10_din             |  out|    16|     ap_fifo|              in_stream1_10|       pointer|
|in_stream1_10_num_data_valid  |   in|     8|     ap_fifo|              in_stream1_10|       pointer|
|in_stream1_10_fifo_cap        |   in|     8|     ap_fifo|              in_stream1_10|       pointer|
|in_stream1_10_full_n          |   in|     1|     ap_fifo|              in_stream1_10|       pointer|
|in_stream1_10_write           |  out|     1|     ap_fifo|              in_stream1_10|       pointer|
|in_stream1_11_din             |  out|    16|     ap_fifo|              in_stream1_11|       pointer|
|in_stream1_11_num_data_valid  |   in|     8|     ap_fifo|              in_stream1_11|       pointer|
|in_stream1_11_fifo_cap        |   in|     8|     ap_fifo|              in_stream1_11|       pointer|
|in_stream1_11_full_n          |   in|     1|     ap_fifo|              in_stream1_11|       pointer|
|in_stream1_11_write           |  out|     1|     ap_fifo|              in_stream1_11|       pointer|
|in_stream1_12_din             |  out|    16|     ap_fifo|              in_stream1_12|       pointer|
|in_stream1_12_num_data_valid  |   in|     8|     ap_fifo|              in_stream1_12|       pointer|
|in_stream1_12_fifo_cap        |   in|     8|     ap_fifo|              in_stream1_12|       pointer|
|in_stream1_12_full_n          |   in|     1|     ap_fifo|              in_stream1_12|       pointer|
|in_stream1_12_write           |  out|     1|     ap_fifo|              in_stream1_12|       pointer|
|in_stream1_13_din             |  out|    16|     ap_fifo|              in_stream1_13|       pointer|
|in_stream1_13_num_data_valid  |   in|     8|     ap_fifo|              in_stream1_13|       pointer|
|in_stream1_13_fifo_cap        |   in|     8|     ap_fifo|              in_stream1_13|       pointer|
|in_stream1_13_full_n          |   in|     1|     ap_fifo|              in_stream1_13|       pointer|
|in_stream1_13_write           |  out|     1|     ap_fifo|              in_stream1_13|       pointer|
|in_stream1_14_din             |  out|    16|     ap_fifo|              in_stream1_14|       pointer|
|in_stream1_14_num_data_valid  |   in|     8|     ap_fifo|              in_stream1_14|       pointer|
|in_stream1_14_fifo_cap        |   in|     8|     ap_fifo|              in_stream1_14|       pointer|
|in_stream1_14_full_n          |   in|     1|     ap_fifo|              in_stream1_14|       pointer|
|in_stream1_14_write           |  out|     1|     ap_fifo|              in_stream1_14|       pointer|
|in_stream1_15_din             |  out|    16|     ap_fifo|              in_stream1_15|       pointer|
|in_stream1_15_num_data_valid  |   in|     8|     ap_fifo|              in_stream1_15|       pointer|
|in_stream1_15_fifo_cap        |   in|     8|     ap_fifo|              in_stream1_15|       pointer|
|in_stream1_15_full_n          |   in|     1|     ap_fifo|              in_stream1_15|       pointer|
|in_stream1_15_write           |  out|     1|     ap_fifo|              in_stream1_15|       pointer|
|in_stream1_16_din             |  out|    16|     ap_fifo|              in_stream1_16|       pointer|
|in_stream1_16_num_data_valid  |   in|     8|     ap_fifo|              in_stream1_16|       pointer|
|in_stream1_16_fifo_cap        |   in|     8|     ap_fifo|              in_stream1_16|       pointer|
|in_stream1_16_full_n          |   in|     1|     ap_fifo|              in_stream1_16|       pointer|
|in_stream1_16_write           |  out|     1|     ap_fifo|              in_stream1_16|       pointer|
|in_stream1_17_din             |  out|    16|     ap_fifo|              in_stream1_17|       pointer|
|in_stream1_17_num_data_valid  |   in|     8|     ap_fifo|              in_stream1_17|       pointer|
|in_stream1_17_fifo_cap        |   in|     8|     ap_fifo|              in_stream1_17|       pointer|
|in_stream1_17_full_n          |   in|     1|     ap_fifo|              in_stream1_17|       pointer|
|in_stream1_17_write           |  out|     1|     ap_fifo|              in_stream1_17|       pointer|
|in_stream1_18_din             |  out|    16|     ap_fifo|              in_stream1_18|       pointer|
|in_stream1_18_num_data_valid  |   in|     8|     ap_fifo|              in_stream1_18|       pointer|
|in_stream1_18_fifo_cap        |   in|     8|     ap_fifo|              in_stream1_18|       pointer|
|in_stream1_18_full_n          |   in|     1|     ap_fifo|              in_stream1_18|       pointer|
|in_stream1_18_write           |  out|     1|     ap_fifo|              in_stream1_18|       pointer|
|in_stream1_19_din             |  out|    16|     ap_fifo|              in_stream1_19|       pointer|
|in_stream1_19_num_data_valid  |   in|     8|     ap_fifo|              in_stream1_19|       pointer|
|in_stream1_19_fifo_cap        |   in|     8|     ap_fifo|              in_stream1_19|       pointer|
|in_stream1_19_full_n          |   in|     1|     ap_fifo|              in_stream1_19|       pointer|
|in_stream1_19_write           |  out|     1|     ap_fifo|              in_stream1_19|       pointer|
|in_stream1_20_din             |  out|    16|     ap_fifo|              in_stream1_20|       pointer|
|in_stream1_20_num_data_valid  |   in|     8|     ap_fifo|              in_stream1_20|       pointer|
|in_stream1_20_fifo_cap        |   in|     8|     ap_fifo|              in_stream1_20|       pointer|
|in_stream1_20_full_n          |   in|     1|     ap_fifo|              in_stream1_20|       pointer|
|in_stream1_20_write           |  out|     1|     ap_fifo|              in_stream1_20|       pointer|
|in_stream1_21_din             |  out|    16|     ap_fifo|              in_stream1_21|       pointer|
|in_stream1_21_num_data_valid  |   in|     8|     ap_fifo|              in_stream1_21|       pointer|
|in_stream1_21_fifo_cap        |   in|     8|     ap_fifo|              in_stream1_21|       pointer|
|in_stream1_21_full_n          |   in|     1|     ap_fifo|              in_stream1_21|       pointer|
|in_stream1_21_write           |  out|     1|     ap_fifo|              in_stream1_21|       pointer|
|in_stream1_22_din             |  out|    16|     ap_fifo|              in_stream1_22|       pointer|
|in_stream1_22_num_data_valid  |   in|     8|     ap_fifo|              in_stream1_22|       pointer|
|in_stream1_22_fifo_cap        |   in|     8|     ap_fifo|              in_stream1_22|       pointer|
|in_stream1_22_full_n          |   in|     1|     ap_fifo|              in_stream1_22|       pointer|
|in_stream1_22_write           |  out|     1|     ap_fifo|              in_stream1_22|       pointer|
|in_stream1_23_din             |  out|    16|     ap_fifo|              in_stream1_23|       pointer|
|in_stream1_23_num_data_valid  |   in|     8|     ap_fifo|              in_stream1_23|       pointer|
|in_stream1_23_fifo_cap        |   in|     8|     ap_fifo|              in_stream1_23|       pointer|
|in_stream1_23_full_n          |   in|     1|     ap_fifo|              in_stream1_23|       pointer|
|in_stream1_23_write           |  out|     1|     ap_fifo|              in_stream1_23|       pointer|
|in_stream1_24_din             |  out|    16|     ap_fifo|              in_stream1_24|       pointer|
|in_stream1_24_num_data_valid  |   in|     8|     ap_fifo|              in_stream1_24|       pointer|
|in_stream1_24_fifo_cap        |   in|     8|     ap_fifo|              in_stream1_24|       pointer|
|in_stream1_24_full_n          |   in|     1|     ap_fifo|              in_stream1_24|       pointer|
|in_stream1_24_write           |  out|     1|     ap_fifo|              in_stream1_24|       pointer|
|in_stream1_25_din             |  out|    16|     ap_fifo|              in_stream1_25|       pointer|
|in_stream1_25_num_data_valid  |   in|     8|     ap_fifo|              in_stream1_25|       pointer|
|in_stream1_25_fifo_cap        |   in|     8|     ap_fifo|              in_stream1_25|       pointer|
|in_stream1_25_full_n          |   in|     1|     ap_fifo|              in_stream1_25|       pointer|
|in_stream1_25_write           |  out|     1|     ap_fifo|              in_stream1_25|       pointer|
|in_stream1_26_din             |  out|    16|     ap_fifo|              in_stream1_26|       pointer|
|in_stream1_26_num_data_valid  |   in|     8|     ap_fifo|              in_stream1_26|       pointer|
|in_stream1_26_fifo_cap        |   in|     8|     ap_fifo|              in_stream1_26|       pointer|
|in_stream1_26_full_n          |   in|     1|     ap_fifo|              in_stream1_26|       pointer|
|in_stream1_26_write           |  out|     1|     ap_fifo|              in_stream1_26|       pointer|
|in_stream1_27_din             |  out|    16|     ap_fifo|              in_stream1_27|       pointer|
|in_stream1_27_num_data_valid  |   in|     8|     ap_fifo|              in_stream1_27|       pointer|
|in_stream1_27_fifo_cap        |   in|     8|     ap_fifo|              in_stream1_27|       pointer|
|in_stream1_27_full_n          |   in|     1|     ap_fifo|              in_stream1_27|       pointer|
|in_stream1_27_write           |  out|     1|     ap_fifo|              in_stream1_27|       pointer|
|in_stream1_28_din             |  out|    16|     ap_fifo|              in_stream1_28|       pointer|
|in_stream1_28_num_data_valid  |   in|     8|     ap_fifo|              in_stream1_28|       pointer|
|in_stream1_28_fifo_cap        |   in|     8|     ap_fifo|              in_stream1_28|       pointer|
|in_stream1_28_full_n          |   in|     1|     ap_fifo|              in_stream1_28|       pointer|
|in_stream1_28_write           |  out|     1|     ap_fifo|              in_stream1_28|       pointer|
|in_stream1_29_din             |  out|    16|     ap_fifo|              in_stream1_29|       pointer|
|in_stream1_29_num_data_valid  |   in|     8|     ap_fifo|              in_stream1_29|       pointer|
|in_stream1_29_fifo_cap        |   in|     8|     ap_fifo|              in_stream1_29|       pointer|
|in_stream1_29_full_n          |   in|     1|     ap_fifo|              in_stream1_29|       pointer|
|in_stream1_29_write           |  out|     1|     ap_fifo|              in_stream1_29|       pointer|
|in_stream1_30_din             |  out|    16|     ap_fifo|              in_stream1_30|       pointer|
|in_stream1_30_num_data_valid  |   in|     8|     ap_fifo|              in_stream1_30|       pointer|
|in_stream1_30_fifo_cap        |   in|     8|     ap_fifo|              in_stream1_30|       pointer|
|in_stream1_30_full_n          |   in|     1|     ap_fifo|              in_stream1_30|       pointer|
|in_stream1_30_write           |  out|     1|     ap_fifo|              in_stream1_30|       pointer|
|in_stream1_31_din             |  out|    16|     ap_fifo|              in_stream1_31|       pointer|
|in_stream1_31_num_data_valid  |   in|     8|     ap_fifo|              in_stream1_31|       pointer|
|in_stream1_31_fifo_cap        |   in|     8|     ap_fifo|              in_stream1_31|       pointer|
|in_stream1_31_full_n          |   in|     1|     ap_fifo|              in_stream1_31|       pointer|
|in_stream1_31_write           |  out|     1|     ap_fifo|              in_stream1_31|       pointer|
|in_stream1_32_din             |  out|    16|     ap_fifo|              in_stream1_32|       pointer|
|in_stream1_32_num_data_valid  |   in|     8|     ap_fifo|              in_stream1_32|       pointer|
|in_stream1_32_fifo_cap        |   in|     8|     ap_fifo|              in_stream1_32|       pointer|
|in_stream1_32_full_n          |   in|     1|     ap_fifo|              in_stream1_32|       pointer|
|in_stream1_32_write           |  out|     1|     ap_fifo|              in_stream1_32|       pointer|
|in_stream1_33_din             |  out|    16|     ap_fifo|              in_stream1_33|       pointer|
|in_stream1_33_num_data_valid  |   in|     8|     ap_fifo|              in_stream1_33|       pointer|
|in_stream1_33_fifo_cap        |   in|     8|     ap_fifo|              in_stream1_33|       pointer|
|in_stream1_33_full_n          |   in|     1|     ap_fifo|              in_stream1_33|       pointer|
|in_stream1_33_write           |  out|     1|     ap_fifo|              in_stream1_33|       pointer|
|in_stream1_34_din             |  out|    16|     ap_fifo|              in_stream1_34|       pointer|
|in_stream1_34_num_data_valid  |   in|     8|     ap_fifo|              in_stream1_34|       pointer|
|in_stream1_34_fifo_cap        |   in|     8|     ap_fifo|              in_stream1_34|       pointer|
|in_stream1_34_full_n          |   in|     1|     ap_fifo|              in_stream1_34|       pointer|
|in_stream1_34_write           |  out|     1|     ap_fifo|              in_stream1_34|       pointer|
|p_read                        |   in|  2048|     ap_none|                     p_read|        scalar|
|in_stream1_35_din             |  out|    16|     ap_fifo|              in_stream1_35|       pointer|
|in_stream1_35_num_data_valid  |   in|     8|     ap_fifo|              in_stream1_35|       pointer|
|in_stream1_35_fifo_cap        |   in|     8|     ap_fifo|              in_stream1_35|       pointer|
|in_stream1_35_full_n          |   in|     1|     ap_fifo|              in_stream1_35|       pointer|
|in_stream1_35_write           |  out|     1|     ap_fifo|              in_stream1_35|       pointer|
|in_stream1_36_din             |  out|    16|     ap_fifo|              in_stream1_36|       pointer|
|in_stream1_36_num_data_valid  |   in|     8|     ap_fifo|              in_stream1_36|       pointer|
|in_stream1_36_fifo_cap        |   in|     8|     ap_fifo|              in_stream1_36|       pointer|
|in_stream1_36_full_n          |   in|     1|     ap_fifo|              in_stream1_36|       pointer|
|in_stream1_36_write           |  out|     1|     ap_fifo|              in_stream1_36|       pointer|
|in_stream1_37_din             |  out|    16|     ap_fifo|              in_stream1_37|       pointer|
|in_stream1_37_num_data_valid  |   in|     8|     ap_fifo|              in_stream1_37|       pointer|
|in_stream1_37_fifo_cap        |   in|     8|     ap_fifo|              in_stream1_37|       pointer|
|in_stream1_37_full_n          |   in|     1|     ap_fifo|              in_stream1_37|       pointer|
|in_stream1_37_write           |  out|     1|     ap_fifo|              in_stream1_37|       pointer|
|in_stream1_38_din             |  out|    16|     ap_fifo|              in_stream1_38|       pointer|
|in_stream1_38_num_data_valid  |   in|     8|     ap_fifo|              in_stream1_38|       pointer|
|in_stream1_38_fifo_cap        |   in|     8|     ap_fifo|              in_stream1_38|       pointer|
|in_stream1_38_full_n          |   in|     1|     ap_fifo|              in_stream1_38|       pointer|
|in_stream1_38_write           |  out|     1|     ap_fifo|              in_stream1_38|       pointer|
|in_stream1_39_din             |  out|    16|     ap_fifo|              in_stream1_39|       pointer|
|in_stream1_39_num_data_valid  |   in|     8|     ap_fifo|              in_stream1_39|       pointer|
|in_stream1_39_fifo_cap        |   in|     8|     ap_fifo|              in_stream1_39|       pointer|
|in_stream1_39_full_n          |   in|     1|     ap_fifo|              in_stream1_39|       pointer|
|in_stream1_39_write           |  out|     1|     ap_fifo|              in_stream1_39|       pointer|
|in_stream1_40_din             |  out|    16|     ap_fifo|              in_stream1_40|       pointer|
|in_stream1_40_num_data_valid  |   in|     8|     ap_fifo|              in_stream1_40|       pointer|
|in_stream1_40_fifo_cap        |   in|     8|     ap_fifo|              in_stream1_40|       pointer|
|in_stream1_40_full_n          |   in|     1|     ap_fifo|              in_stream1_40|       pointer|
|in_stream1_40_write           |  out|     1|     ap_fifo|              in_stream1_40|       pointer|
|in_stream1_41_din             |  out|    16|     ap_fifo|              in_stream1_41|       pointer|
|in_stream1_41_num_data_valid  |   in|     8|     ap_fifo|              in_stream1_41|       pointer|
|in_stream1_41_fifo_cap        |   in|     8|     ap_fifo|              in_stream1_41|       pointer|
|in_stream1_41_full_n          |   in|     1|     ap_fifo|              in_stream1_41|       pointer|
|in_stream1_41_write           |  out|     1|     ap_fifo|              in_stream1_41|       pointer|
|in_stream1_42_din             |  out|    16|     ap_fifo|              in_stream1_42|       pointer|
|in_stream1_42_num_data_valid  |   in|     8|     ap_fifo|              in_stream1_42|       pointer|
|in_stream1_42_fifo_cap        |   in|     8|     ap_fifo|              in_stream1_42|       pointer|
|in_stream1_42_full_n          |   in|     1|     ap_fifo|              in_stream1_42|       pointer|
|in_stream1_42_write           |  out|     1|     ap_fifo|              in_stream1_42|       pointer|
|in_stream1_43_din             |  out|    16|     ap_fifo|              in_stream1_43|       pointer|
|in_stream1_43_num_data_valid  |   in|     8|     ap_fifo|              in_stream1_43|       pointer|
|in_stream1_43_fifo_cap        |   in|     8|     ap_fifo|              in_stream1_43|       pointer|
|in_stream1_43_full_n          |   in|     1|     ap_fifo|              in_stream1_43|       pointer|
|in_stream1_43_write           |  out|     1|     ap_fifo|              in_stream1_43|       pointer|
|in_stream1_44_din             |  out|    16|     ap_fifo|              in_stream1_44|       pointer|
|in_stream1_44_num_data_valid  |   in|     8|     ap_fifo|              in_stream1_44|       pointer|
|in_stream1_44_fifo_cap        |   in|     8|     ap_fifo|              in_stream1_44|       pointer|
|in_stream1_44_full_n          |   in|     1|     ap_fifo|              in_stream1_44|       pointer|
|in_stream1_44_write           |  out|     1|     ap_fifo|              in_stream1_44|       pointer|
|in_stream1_45_din             |  out|    16|     ap_fifo|              in_stream1_45|       pointer|
|in_stream1_45_num_data_valid  |   in|     8|     ap_fifo|              in_stream1_45|       pointer|
|in_stream1_45_fifo_cap        |   in|     8|     ap_fifo|              in_stream1_45|       pointer|
|in_stream1_45_full_n          |   in|     1|     ap_fifo|              in_stream1_45|       pointer|
|in_stream1_45_write           |  out|     1|     ap_fifo|              in_stream1_45|       pointer|
|in_stream1_46_din             |  out|    16|     ap_fifo|              in_stream1_46|       pointer|
|in_stream1_46_num_data_valid  |   in|     8|     ap_fifo|              in_stream1_46|       pointer|
|in_stream1_46_fifo_cap        |   in|     8|     ap_fifo|              in_stream1_46|       pointer|
|in_stream1_46_full_n          |   in|     1|     ap_fifo|              in_stream1_46|       pointer|
|in_stream1_46_write           |  out|     1|     ap_fifo|              in_stream1_46|       pointer|
|in_stream1_47_din             |  out|    16|     ap_fifo|              in_stream1_47|       pointer|
|in_stream1_47_num_data_valid  |   in|     8|     ap_fifo|              in_stream1_47|       pointer|
|in_stream1_47_fifo_cap        |   in|     8|     ap_fifo|              in_stream1_47|       pointer|
|in_stream1_47_full_n          |   in|     1|     ap_fifo|              in_stream1_47|       pointer|
|in_stream1_47_write           |  out|     1|     ap_fifo|              in_stream1_47|       pointer|
|in_stream1_48_din             |  out|    16|     ap_fifo|              in_stream1_48|       pointer|
|in_stream1_48_num_data_valid  |   in|     8|     ap_fifo|              in_stream1_48|       pointer|
|in_stream1_48_fifo_cap        |   in|     8|     ap_fifo|              in_stream1_48|       pointer|
|in_stream1_48_full_n          |   in|     1|     ap_fifo|              in_stream1_48|       pointer|
|in_stream1_48_write           |  out|     1|     ap_fifo|              in_stream1_48|       pointer|
|in_stream1_49_din             |  out|    16|     ap_fifo|              in_stream1_49|       pointer|
|in_stream1_49_num_data_valid  |   in|     8|     ap_fifo|              in_stream1_49|       pointer|
|in_stream1_49_fifo_cap        |   in|     8|     ap_fifo|              in_stream1_49|       pointer|
|in_stream1_49_full_n          |   in|     1|     ap_fifo|              in_stream1_49|       pointer|
|in_stream1_49_write           |  out|     1|     ap_fifo|              in_stream1_49|       pointer|
|in_stream1_50_din             |  out|    16|     ap_fifo|              in_stream1_50|       pointer|
|in_stream1_50_num_data_valid  |   in|     8|     ap_fifo|              in_stream1_50|       pointer|
|in_stream1_50_fifo_cap        |   in|     8|     ap_fifo|              in_stream1_50|       pointer|
|in_stream1_50_full_n          |   in|     1|     ap_fifo|              in_stream1_50|       pointer|
|in_stream1_50_write           |  out|     1|     ap_fifo|              in_stream1_50|       pointer|
|in_stream1_51_din             |  out|    16|     ap_fifo|              in_stream1_51|       pointer|
|in_stream1_51_num_data_valid  |   in|     8|     ap_fifo|              in_stream1_51|       pointer|
|in_stream1_51_fifo_cap        |   in|     8|     ap_fifo|              in_stream1_51|       pointer|
|in_stream1_51_full_n          |   in|     1|     ap_fifo|              in_stream1_51|       pointer|
|in_stream1_51_write           |  out|     1|     ap_fifo|              in_stream1_51|       pointer|
|in_stream1_52_din             |  out|    16|     ap_fifo|              in_stream1_52|       pointer|
|in_stream1_52_num_data_valid  |   in|     8|     ap_fifo|              in_stream1_52|       pointer|
|in_stream1_52_fifo_cap        |   in|     8|     ap_fifo|              in_stream1_52|       pointer|
|in_stream1_52_full_n          |   in|     1|     ap_fifo|              in_stream1_52|       pointer|
|in_stream1_52_write           |  out|     1|     ap_fifo|              in_stream1_52|       pointer|
|in_stream1_53_din             |  out|    16|     ap_fifo|              in_stream1_53|       pointer|
|in_stream1_53_num_data_valid  |   in|     8|     ap_fifo|              in_stream1_53|       pointer|
|in_stream1_53_fifo_cap        |   in|     8|     ap_fifo|              in_stream1_53|       pointer|
|in_stream1_53_full_n          |   in|     1|     ap_fifo|              in_stream1_53|       pointer|
|in_stream1_53_write           |  out|     1|     ap_fifo|              in_stream1_53|       pointer|
|in_stream1_54_din             |  out|    16|     ap_fifo|              in_stream1_54|       pointer|
|in_stream1_54_num_data_valid  |   in|     8|     ap_fifo|              in_stream1_54|       pointer|
|in_stream1_54_fifo_cap        |   in|     8|     ap_fifo|              in_stream1_54|       pointer|
|in_stream1_54_full_n          |   in|     1|     ap_fifo|              in_stream1_54|       pointer|
|in_stream1_54_write           |  out|     1|     ap_fifo|              in_stream1_54|       pointer|
|in_stream1_55_din             |  out|    16|     ap_fifo|              in_stream1_55|       pointer|
|in_stream1_55_num_data_valid  |   in|     8|     ap_fifo|              in_stream1_55|       pointer|
|in_stream1_55_fifo_cap        |   in|     8|     ap_fifo|              in_stream1_55|       pointer|
|in_stream1_55_full_n          |   in|     1|     ap_fifo|              in_stream1_55|       pointer|
|in_stream1_55_write           |  out|     1|     ap_fifo|              in_stream1_55|       pointer|
|in_stream1_56_din             |  out|    16|     ap_fifo|              in_stream1_56|       pointer|
|in_stream1_56_num_data_valid  |   in|     8|     ap_fifo|              in_stream1_56|       pointer|
|in_stream1_56_fifo_cap        |   in|     8|     ap_fifo|              in_stream1_56|       pointer|
|in_stream1_56_full_n          |   in|     1|     ap_fifo|              in_stream1_56|       pointer|
|in_stream1_56_write           |  out|     1|     ap_fifo|              in_stream1_56|       pointer|
|in_stream1_57_din             |  out|    16|     ap_fifo|              in_stream1_57|       pointer|
|in_stream1_57_num_data_valid  |   in|     8|     ap_fifo|              in_stream1_57|       pointer|
|in_stream1_57_fifo_cap        |   in|     8|     ap_fifo|              in_stream1_57|       pointer|
|in_stream1_57_full_n          |   in|     1|     ap_fifo|              in_stream1_57|       pointer|
|in_stream1_57_write           |  out|     1|     ap_fifo|              in_stream1_57|       pointer|
|in_stream1_58_din             |  out|    16|     ap_fifo|              in_stream1_58|       pointer|
|in_stream1_58_num_data_valid  |   in|     8|     ap_fifo|              in_stream1_58|       pointer|
|in_stream1_58_fifo_cap        |   in|     8|     ap_fifo|              in_stream1_58|       pointer|
|in_stream1_58_full_n          |   in|     1|     ap_fifo|              in_stream1_58|       pointer|
|in_stream1_58_write           |  out|     1|     ap_fifo|              in_stream1_58|       pointer|
|in_stream1_59_din             |  out|    16|     ap_fifo|              in_stream1_59|       pointer|
|in_stream1_59_num_data_valid  |   in|     8|     ap_fifo|              in_stream1_59|       pointer|
|in_stream1_59_fifo_cap        |   in|     8|     ap_fifo|              in_stream1_59|       pointer|
|in_stream1_59_full_n          |   in|     1|     ap_fifo|              in_stream1_59|       pointer|
|in_stream1_59_write           |  out|     1|     ap_fifo|              in_stream1_59|       pointer|
|in_stream1_60_din             |  out|    16|     ap_fifo|              in_stream1_60|       pointer|
|in_stream1_60_num_data_valid  |   in|     8|     ap_fifo|              in_stream1_60|       pointer|
|in_stream1_60_fifo_cap        |   in|     8|     ap_fifo|              in_stream1_60|       pointer|
|in_stream1_60_full_n          |   in|     1|     ap_fifo|              in_stream1_60|       pointer|
|in_stream1_60_write           |  out|     1|     ap_fifo|              in_stream1_60|       pointer|
|in_stream1_61_din             |  out|    16|     ap_fifo|              in_stream1_61|       pointer|
|in_stream1_61_num_data_valid  |   in|     8|     ap_fifo|              in_stream1_61|       pointer|
|in_stream1_61_fifo_cap        |   in|     8|     ap_fifo|              in_stream1_61|       pointer|
|in_stream1_61_full_n          |   in|     1|     ap_fifo|              in_stream1_61|       pointer|
|in_stream1_61_write           |  out|     1|     ap_fifo|              in_stream1_61|       pointer|
|in_stream1_62_din             |  out|    16|     ap_fifo|              in_stream1_62|       pointer|
|in_stream1_62_num_data_valid  |   in|     8|     ap_fifo|              in_stream1_62|       pointer|
|in_stream1_62_fifo_cap        |   in|     8|     ap_fifo|              in_stream1_62|       pointer|
|in_stream1_62_full_n          |   in|     1|     ap_fifo|              in_stream1_62|       pointer|
|in_stream1_62_write           |  out|     1|     ap_fifo|              in_stream1_62|       pointer|
|in_stream1_63_din             |  out|    16|     ap_fifo|              in_stream1_63|       pointer|
|in_stream1_63_num_data_valid  |   in|     8|     ap_fifo|              in_stream1_63|       pointer|
|in_stream1_63_fifo_cap        |   in|     8|     ap_fifo|              in_stream1_63|       pointer|
|in_stream1_63_full_n          |   in|     1|     ap_fifo|              in_stream1_63|       pointer|
|in_stream1_63_write           |  out|     1|     ap_fifo|              in_stream1_63|       pointer|
|in_stream1_64_din             |  out|    16|     ap_fifo|              in_stream1_64|       pointer|
|in_stream1_64_num_data_valid  |   in|     8|     ap_fifo|              in_stream1_64|       pointer|
|in_stream1_64_fifo_cap        |   in|     8|     ap_fifo|              in_stream1_64|       pointer|
|in_stream1_64_full_n          |   in|     1|     ap_fifo|              in_stream1_64|       pointer|
|in_stream1_64_write           |  out|     1|     ap_fifo|              in_stream1_64|       pointer|
|in_stream1_65_din             |  out|    16|     ap_fifo|              in_stream1_65|       pointer|
|in_stream1_65_num_data_valid  |   in|     8|     ap_fifo|              in_stream1_65|       pointer|
|in_stream1_65_fifo_cap        |   in|     8|     ap_fifo|              in_stream1_65|       pointer|
|in_stream1_65_full_n          |   in|     1|     ap_fifo|              in_stream1_65|       pointer|
|in_stream1_65_write           |  out|     1|     ap_fifo|              in_stream1_65|       pointer|
|in_stream1_66_din             |  out|    16|     ap_fifo|              in_stream1_66|       pointer|
|in_stream1_66_num_data_valid  |   in|     8|     ap_fifo|              in_stream1_66|       pointer|
|in_stream1_66_fifo_cap        |   in|     8|     ap_fifo|              in_stream1_66|       pointer|
|in_stream1_66_full_n          |   in|     1|     ap_fifo|              in_stream1_66|       pointer|
|in_stream1_66_write           |  out|     1|     ap_fifo|              in_stream1_66|       pointer|
|in_stream1_67_din             |  out|    16|     ap_fifo|              in_stream1_67|       pointer|
|in_stream1_67_num_data_valid  |   in|     8|     ap_fifo|              in_stream1_67|       pointer|
|in_stream1_67_fifo_cap        |   in|     8|     ap_fifo|              in_stream1_67|       pointer|
|in_stream1_67_full_n          |   in|     1|     ap_fifo|              in_stream1_67|       pointer|
|in_stream1_67_write           |  out|     1|     ap_fifo|              in_stream1_67|       pointer|
|in_stream1_68_din             |  out|    16|     ap_fifo|              in_stream1_68|       pointer|
|in_stream1_68_num_data_valid  |   in|     8|     ap_fifo|              in_stream1_68|       pointer|
|in_stream1_68_fifo_cap        |   in|     8|     ap_fifo|              in_stream1_68|       pointer|
|in_stream1_68_full_n          |   in|     1|     ap_fifo|              in_stream1_68|       pointer|
|in_stream1_68_write           |  out|     1|     ap_fifo|              in_stream1_68|       pointer|
|in_stream1_69_din             |  out|    16|     ap_fifo|              in_stream1_69|       pointer|
|in_stream1_69_num_data_valid  |   in|     8|     ap_fifo|              in_stream1_69|       pointer|
|in_stream1_69_fifo_cap        |   in|     8|     ap_fifo|              in_stream1_69|       pointer|
|in_stream1_69_full_n          |   in|     1|     ap_fifo|              in_stream1_69|       pointer|
|in_stream1_69_write           |  out|     1|     ap_fifo|              in_stream1_69|       pointer|
|p_read1                       |   in|  2048|     ap_none|                    p_read1|        scalar|
|in1_2                         |   in|    64|     ap_none|                      in1_2|        scalar|
|p_read2                       |   in|    32|     ap_none|                    p_read2|        scalar|
|p_read3                       |   in|     1|     ap_none|                    p_read3|        scalar|
|in1_1                         |   in|    64|     ap_none|                      in1_1|        scalar|
|p_read4                       |   in|    32|     ap_none|                    p_read4|        scalar|
|p_read5                       |   in|     1|     ap_none|                    p_read5|        scalar|
+------------------------------+-----+------+------------+---------------------------+--------------+

