

================================================================
== Vitis HLS Report for 'pointwise_conv_1d_cl_ap_fixed_ap_fixed_16_6_5_3_0_config17_s'
================================================================
* Date:           Wed Feb 14 14:35:02 2024

* Version:        2022.2 (Build 3670227 on Oct 13 2022)
* Project:        alveo_hls4ml
* Solution:       solution (Vitis Kernel Flow Target)
* Product family: virtexuplus
* Target device:  xcu55c-fsvh2892-2L-e


================================================================
== Performance Estimates
================================================================
+ Timing: 
    * Summary: 
    +--------+---------+----------+------------+
    |  Clock |  Target | Estimated| Uncertainty|
    +--------+---------+----------+------------+
    |ap_clk  |  4.00 ns|  2.731 ns|     1.08 ns|
    +--------+---------+----------+------------+

+ Latency: 
    * Summary: 
    +---------+---------+-----------+-----------+------+------+---------+
    |  Latency (cycles) |   Latency (absolute)  |   Interval  | Pipeline|
    |   min   |   max   |    min    |    max    |  min |  max |   Type  |
    +---------+---------+-----------+-----------+------+------+---------+
    |     5038|     5111|  20.152 us|  20.444 us|  5038|  5111|       no|
    +---------+---------+-----------+-----------+------+------+---------+

    + Detail: 
        * Instance: 
        +------------------------------------------------------------------------+-------------------------------------------------------------+---------+---------+----------+----------+-----+-----+------------------------------------------+
        |                                                                        |                                                             |  Latency (cycles) |  Latency (absolute) |  Interval |                 Pipeline                 |
        |                                Instance                                |                            Module                           |   min   |   max   |    min   |    max   | min | max |                   Type                   |
        +------------------------------------------------------------------------+-------------------------------------------------------------+---------+---------+----------+----------+-----+-----+------------------------------------------+
        |grp_dense_resource_ap_fixed_ap_fixed_16_6_5_3_0_config17_mult_s_fu_584  |dense_resource_ap_fixed_ap_fixed_16_6_5_3_0_config17_mult_s  |       66|       67|  0.264 us|  0.268 us|   64|   64|  loop rewind stp(delay=0 clock cycles(s))|
        +------------------------------------------------------------------------+-------------------------------------------------------------+---------+---------+----------+----------+-----+-----+------------------------------------------+

        * Loop: 
        +------------------+---------+---------+----------+-----------+-----------+------+----------+
        |                  |  Latency (cycles) | Iteration|  Initiation Interval  | Trip |          |
        |     Loop Name    |   min   |   max   |  Latency |  achieved |   target  | Count| Pipelined|
        +------------------+---------+---------+----------+-----------+-----------+------+----------+
        |- ReadInputWidth  |     5037|     5110|   69 ~ 70|          -|          -|    73|        no|
        +------------------+---------+---------+----------+-----------+-----------+------+----------+



================================================================
== Utilization Estimates
================================================================
* Summary: 
+---------------------+---------+------+---------+---------+-----+
|         Name        | BRAM_18K|  DSP |    FF   |   LUT   | URAM|
+---------------------+---------+------+---------+---------+-----+
|DSP                  |        -|     -|        -|        -|    -|
|Expression           |        -|     -|        0|       30|    -|
|FIFO                 |        -|     -|        -|        -|    -|
|Instance             |        -|     4|     1249|     3479|    -|
|Memory               |        -|     -|        -|        -|    -|
|Multiplexer          |        -|     -|        -|      665|    -|
|Register             |        -|     -|     1038|        -|    -|
+---------------------+---------+------+---------+---------+-----+
|Total                |        0|     4|     2287|     4174|    0|
+---------------------+---------+------+---------+---------+-----+
|Available SLR        |     1344|  3008|   869120|   434560|  320|
+---------------------+---------+------+---------+---------+-----+
|Utilization SLR (%)  |        0|    ~0|       ~0|       ~0|    0|
+---------------------+---------+------+---------+---------+-----+
|Available            |     4032|  9024|  2607360|  1303680|  960|
+---------------------+---------+------+---------+---------+-----+
|Utilization (%)      |        0|    ~0|       ~0|       ~0|    0|
+---------------------+---------+------+---------+---------+-----+

+ Detail: 
    * Instance: 
    +------------------------------------------------------------------------+-------------------------------------------------------------+---------+----+------+------+-----+
    |                                Instance                                |                            Module                           | BRAM_18K| DSP|  FF  |  LUT | URAM|
    +------------------------------------------------------------------------+-------------------------------------------------------------+---------+----+------+------+-----+
    |grp_dense_resource_ap_fixed_ap_fixed_16_6_5_3_0_config17_mult_s_fu_584  |dense_resource_ap_fixed_ap_fixed_16_6_5_3_0_config17_mult_s  |        0|   4|  1249|  3479|    0|
    +------------------------------------------------------------------------+-------------------------------------------------------------+---------+----+------+------+-----+
    |Total                                                                   |                                                             |        0|   4|  1249|  3479|    0|
    +------------------------------------------------------------------------+-------------------------------------------------------------+---------+----+------+------+-----+

    * DSP: 
    N/A

    * Memory: 
    N/A

    * FIFO: 
    N/A

    * Expression: 
    +---------------------+----------+----+---+----+------------+------------+
    |    Variable Name    | Operation| DSP| FF| LUT| Bitwidth P0| Bitwidth P1|
    +---------------------+----------+----+---+----+------------+------------+
    |i_iw_4_fu_730_p2     |         +|   0|  0|  14|           7|           1|
    |icmp_ln59_fu_724_p2  |      icmp|   0|  0|  10|           7|           7|
    |ap_block_state1      |        or|   0|  0|   2|           1|           1|
    |ap_block_state3      |        or|   0|  0|   2|           1|           1|
    |ap_block_state4      |        or|   0|  0|   2|           1|           1|
    +---------------------+----------+----+---+----+------------+------------+
    |Total                |          |   0|  0|  30|          17|          11|
    +---------------------+----------+----+---+----+------------+------------+

    * Multiplexer: 
    +------------------------+----+-----------+-----+-----------+
    |          Name          | LUT| Input Size| Bits| Total Bits|
    +------------------------+----+-----------+-----+-----------+
    |ap_NS_fsm               |  26|          5|    1|          5|
    |ap_done                 |   9|          2|    1|          2|
    |i_iw_fu_168             |   9|          2|    7|         14|
    |layer11_out_i_0_blk_n   |   9|          2|    1|          2|
    |layer11_out_i_10_blk_n  |   9|          2|    1|          2|
    |layer11_out_i_11_blk_n  |   9|          2|    1|          2|
    |layer11_out_i_12_blk_n  |   9|          2|    1|          2|
    |layer11_out_i_13_blk_n  |   9|          2|    1|          2|
    |layer11_out_i_14_blk_n  |   9|          2|    1|          2|
    |layer11_out_i_15_blk_n  |   9|          2|    1|          2|
    |layer11_out_i_16_blk_n  |   9|          2|    1|          2|
    |layer11_out_i_17_blk_n  |   9|          2|    1|          2|
    |layer11_out_i_18_blk_n  |   9|          2|    1|          2|
    |layer11_out_i_19_blk_n  |   9|          2|    1|          2|
    |layer11_out_i_1_blk_n   |   9|          2|    1|          2|
    |layer11_out_i_20_blk_n  |   9|          2|    1|          2|
    |layer11_out_i_21_blk_n  |   9|          2|    1|          2|
    |layer11_out_i_22_blk_n  |   9|          2|    1|          2|
    |layer11_out_i_23_blk_n  |   9|          2|    1|          2|
    |layer11_out_i_24_blk_n  |   9|          2|    1|          2|
    |layer11_out_i_25_blk_n  |   9|          2|    1|          2|
    |layer11_out_i_26_blk_n  |   9|          2|    1|          2|
    |layer11_out_i_27_blk_n  |   9|          2|    1|          2|
    |layer11_out_i_28_blk_n  |   9|          2|    1|          2|
    |layer11_out_i_29_blk_n  |   9|          2|    1|          2|
    |layer11_out_i_2_blk_n   |   9|          2|    1|          2|
    |layer11_out_i_30_blk_n  |   9|          2|    1|          2|
    |layer11_out_i_31_blk_n  |   9|          2|    1|          2|
    |layer11_out_i_32_blk_n  |   9|          2|    1|          2|
    |layer11_out_i_33_blk_n  |   9|          2|    1|          2|
    |layer11_out_i_34_blk_n  |   9|          2|    1|          2|
    |layer11_out_i_35_blk_n  |   9|          2|    1|          2|
    |layer11_out_i_36_blk_n  |   9|          2|    1|          2|
    |layer11_out_i_37_blk_n  |   9|          2|    1|          2|
    |layer11_out_i_38_blk_n  |   9|          2|    1|          2|
    |layer11_out_i_39_blk_n  |   9|          2|    1|          2|
    |layer11_out_i_3_blk_n   |   9|          2|    1|          2|
    |layer11_out_i_40_blk_n  |   9|          2|    1|          2|
    |layer11_out_i_41_blk_n  |   9|          2|    1|          2|
    |layer11_out_i_42_blk_n  |   9|          2|    1|          2|
    |layer11_out_i_43_blk_n  |   9|          2|    1|          2|
    |layer11_out_i_44_blk_n  |   9|          2|    1|          2|
    |layer11_out_i_45_blk_n  |   9|          2|    1|          2|
    |layer11_out_i_46_blk_n  |   9|          2|    1|          2|
    |layer11_out_i_47_blk_n  |   9|          2|    1|          2|
    |layer11_out_i_48_blk_n  |   9|          2|    1|          2|
    |layer11_out_i_49_blk_n  |   9|          2|    1|          2|
    |layer11_out_i_4_blk_n   |   9|          2|    1|          2|
    |layer11_out_i_50_blk_n  |   9|          2|    1|          2|
    |layer11_out_i_51_blk_n  |   9|          2|    1|          2|
    |layer11_out_i_52_blk_n  |   9|          2|    1|          2|
    |layer11_out_i_53_blk_n  |   9|          2|    1|          2|
    |layer11_out_i_54_blk_n  |   9|          2|    1|          2|
    |layer11_out_i_55_blk_n  |   9|          2|    1|          2|
    |layer11_out_i_56_blk_n  |   9|          2|    1|          2|
    |layer11_out_i_57_blk_n  |   9|          2|    1|          2|
    |layer11_out_i_58_blk_n  |   9|          2|    1|          2|
    |layer11_out_i_59_blk_n  |   9|          2|    1|          2|
    |layer11_out_i_5_blk_n   |   9|          2|    1|          2|
    |layer11_out_i_60_blk_n  |   9|          2|    1|          2|
    |layer11_out_i_61_blk_n  |   9|          2|    1|          2|
    |layer11_out_i_62_blk_n  |   9|          2|    1|          2|
    |layer11_out_i_63_blk_n  |   9|          2|    1|          2|
    |layer11_out_i_6_blk_n   |   9|          2|    1|          2|
    |layer11_out_i_7_blk_n   |   9|          2|    1|          2|
    |layer11_out_i_8_blk_n   |   9|          2|    1|          2|
    |layer11_out_i_9_blk_n   |   9|          2|    1|          2|
    |layer17_out_i_0_blk_n   |   9|          2|    1|          2|
    |layer17_out_i_1_blk_n   |   9|          2|    1|          2|
    |layer17_out_i_2_blk_n   |   9|          2|    1|          2|
    |layer17_out_i_3_blk_n   |   9|          2|    1|          2|
    |real_start              |   9|          2|    1|          2|
    +------------------------+----+-----------+-----+-----------+
    |Total                   | 665|        147|   78|        159|
    +------------------------+----+-----------+-----+-----------+

    * Register: 
    +-------------------------------------------------------------------------------------+----+----+-----+-----------+
    |                                         Name                                        | FF | LUT| Bits| Const Bits|
    +-------------------------------------------------------------------------------------+----+----+-----+-----------+
    |ap_CS_fsm                                                                            |   4|   0|    4|          0|
    |ap_done_reg                                                                          |   1|   0|    1|          0|
    |data_save_V_10_reg_806                                                               |  16|   0|   16|          0|
    |data_save_V_11_reg_811                                                               |  16|   0|   16|          0|
    |data_save_V_12_reg_816                                                               |  16|   0|   16|          0|
    |data_save_V_13_reg_821                                                               |  16|   0|   16|          0|
    |data_save_V_14_reg_826                                                               |  16|   0|   16|          0|
    |data_save_V_15_reg_831                                                               |  16|   0|   16|          0|
    |data_save_V_16_reg_836                                                               |  16|   0|   16|          0|
    |data_save_V_17_reg_841                                                               |  16|   0|   16|          0|
    |data_save_V_18_reg_846                                                               |  16|   0|   16|          0|
    |data_save_V_19_reg_851                                                               |  16|   0|   16|          0|
    |data_save_V_20_reg_856                                                               |  16|   0|   16|          0|
    |data_save_V_21_reg_861                                                               |  16|   0|   16|          0|
    |data_save_V_22_reg_866                                                               |  16|   0|   16|          0|
    |data_save_V_23_reg_871                                                               |  16|   0|   16|          0|
    |data_save_V_24_reg_876                                                               |  16|   0|   16|          0|
    |data_save_V_25_reg_881                                                               |  16|   0|   16|          0|
    |data_save_V_26_reg_886                                                               |  16|   0|   16|          0|
    |data_save_V_27_reg_891                                                               |  16|   0|   16|          0|
    |data_save_V_28_reg_896                                                               |  16|   0|   16|          0|
    |data_save_V_29_reg_901                                                               |  16|   0|   16|          0|
    |data_save_V_30_reg_906                                                               |  16|   0|   16|          0|
    |data_save_V_31_reg_911                                                               |  16|   0|   16|          0|
    |data_save_V_32_reg_916                                                               |  16|   0|   16|          0|
    |data_save_V_33_reg_921                                                               |  16|   0|   16|          0|
    |data_save_V_34_reg_926                                                               |  16|   0|   16|          0|
    |data_save_V_35_reg_931                                                               |  16|   0|   16|          0|
    |data_save_V_36_reg_936                                                               |  16|   0|   16|          0|
    |data_save_V_37_reg_941                                                               |  16|   0|   16|          0|
    |data_save_V_38_reg_946                                                               |  16|   0|   16|          0|
    |data_save_V_39_reg_951                                                               |  16|   0|   16|          0|
    |data_save_V_40_reg_956                                                               |  16|   0|   16|          0|
    |data_save_V_41_reg_961                                                               |  16|   0|   16|          0|
    |data_save_V_42_reg_966                                                               |  16|   0|   16|          0|
    |data_save_V_43_reg_971                                                               |  16|   0|   16|          0|
    |data_save_V_44_reg_976                                                               |  16|   0|   16|          0|
    |data_save_V_45_reg_981                                                               |  16|   0|   16|          0|
    |data_save_V_46_reg_986                                                               |  16|   0|   16|          0|
    |data_save_V_47_reg_991                                                               |  16|   0|   16|          0|
    |data_save_V_48_reg_996                                                               |  16|   0|   16|          0|
    |data_save_V_49_reg_1001                                                              |  16|   0|   16|          0|
    |data_save_V_4_reg_776                                                                |  16|   0|   16|          0|
    |data_save_V_50_reg_1006                                                              |  16|   0|   16|          0|
    |data_save_V_51_reg_1011                                                              |  16|   0|   16|          0|
    |data_save_V_52_reg_1016                                                              |  16|   0|   16|          0|
    |data_save_V_53_reg_1021                                                              |  16|   0|   16|          0|
    |data_save_V_54_reg_1026                                                              |  16|   0|   16|          0|
    |data_save_V_55_reg_1031                                                              |  16|   0|   16|          0|
    |data_save_V_56_reg_1036                                                              |  16|   0|   16|          0|
    |data_save_V_57_reg_1041                                                              |  16|   0|   16|          0|
    |data_save_V_58_reg_1046                                                              |  16|   0|   16|          0|
    |data_save_V_59_reg_1051                                                              |  16|   0|   16|          0|
    |data_save_V_5_reg_781                                                                |  16|   0|   16|          0|
    |data_save_V_60_reg_1056                                                              |  16|   0|   16|          0|
    |data_save_V_61_reg_1061                                                              |  16|   0|   16|          0|
    |data_save_V_62_reg_1066                                                              |  16|   0|   16|          0|
    |data_save_V_63_reg_1071                                                              |  16|   0|   16|          0|
    |data_save_V_64_reg_1076                                                              |  16|   0|   16|          0|
    |data_save_V_65_reg_1081                                                              |  16|   0|   16|          0|
    |data_save_V_66_reg_1086                                                              |  16|   0|   16|          0|
    |data_save_V_6_reg_786                                                                |  16|   0|   16|          0|
    |data_save_V_7_reg_791                                                                |  16|   0|   16|          0|
    |data_save_V_8_reg_796                                                                |  16|   0|   16|          0|
    |data_save_V_9_reg_801                                                                |  16|   0|   16|          0|
    |data_save_V_reg_771                                                                  |  16|   0|   16|          0|
    |grp_dense_resource_ap_fixed_ap_fixed_16_6_5_3_0_config17_mult_s_fu_584_ap_start_reg  |   1|   0|    1|          0|
    |i_iw_fu_168                                                                          |   7|   0|    7|          0|
    |start_once_reg                                                                       |   1|   0|    1|          0|
    +-------------------------------------------------------------------------------------+----+----+-----+-----------+
    |Total                                                                                |1038|   0| 1038|          0|
    +-------------------------------------------------------------------------------------+----+----+-----+-----------+



================================================================
== Interface
================================================================
* Summary: 
+---------------------------------+-----+-----+------------+--------------------------------------------------------------+--------------+
|            RTL Ports            | Dir | Bits|  Protocol  |                         Source Object                        |    C Type    |
+---------------------------------+-----+-----+------------+--------------------------------------------------------------+--------------+
|ap_clk                           |   in|    1|  ap_ctrl_hs|  pointwise_conv_1d_cl<ap_fixed,ap_fixed<16,6,5,3,0>,config17>|  return value|
|ap_rst                           |   in|    1|  ap_ctrl_hs|  pointwise_conv_1d_cl<ap_fixed,ap_fixed<16,6,5,3,0>,config17>|  return value|
|ap_start                         |   in|    1|  ap_ctrl_hs|  pointwise_conv_1d_cl<ap_fixed,ap_fixed<16,6,5,3,0>,config17>|  return value|
|start_full_n                     |   in|    1|  ap_ctrl_hs|  pointwise_conv_1d_cl<ap_fixed,ap_fixed<16,6,5,3,0>,config17>|  return value|
|ap_done                          |  out|    1|  ap_ctrl_hs|  pointwise_conv_1d_cl<ap_fixed,ap_fixed<16,6,5,3,0>,config17>|  return value|
|ap_continue                      |   in|    1|  ap_ctrl_hs|  pointwise_conv_1d_cl<ap_fixed,ap_fixed<16,6,5,3,0>,config17>|  return value|
|ap_idle                          |  out|    1|  ap_ctrl_hs|  pointwise_conv_1d_cl<ap_fixed,ap_fixed<16,6,5,3,0>,config17>|  return value|
|ap_ready                         |  out|    1|  ap_ctrl_hs|  pointwise_conv_1d_cl<ap_fixed,ap_fixed<16,6,5,3,0>,config17>|  return value|
|start_out                        |  out|    1|  ap_ctrl_hs|  pointwise_conv_1d_cl<ap_fixed,ap_fixed<16,6,5,3,0>,config17>|  return value|
|start_write                      |  out|    1|  ap_ctrl_hs|  pointwise_conv_1d_cl<ap_fixed,ap_fixed<16,6,5,3,0>,config17>|  return value|
|layer11_out_i_0_dout             |   in|   16|     ap_fifo|                                               layer11_out_i_0|       pointer|
|layer11_out_i_0_num_data_valid   |   in|    8|     ap_fifo|                                               layer11_out_i_0|       pointer|
|layer11_out_i_0_fifo_cap         |   in|    8|     ap_fifo|                                               layer11_out_i_0|       pointer|
|layer11_out_i_0_empty_n          |   in|    1|     ap_fifo|                                               layer11_out_i_0|       pointer|
|layer11_out_i_0_read             |  out|    1|     ap_fifo|                                               layer11_out_i_0|       pointer|
|layer11_out_i_1_dout             |   in|   16|     ap_fifo|                                               layer11_out_i_1|       pointer|
|layer11_out_i_1_num_data_valid   |   in|    8|     ap_fifo|                                               layer11_out_i_1|       pointer|
|layer11_out_i_1_fifo_cap         |   in|    8|     ap_fifo|                                               layer11_out_i_1|       pointer|
|layer11_out_i_1_empty_n          |   in|    1|     ap_fifo|                                               layer11_out_i_1|       pointer|
|layer11_out_i_1_read             |  out|    1|     ap_fifo|                                               layer11_out_i_1|       pointer|
|layer11_out_i_2_dout             |   in|   16|     ap_fifo|                                               layer11_out_i_2|       pointer|
|layer11_out_i_2_num_data_valid   |   in|    8|     ap_fifo|                                               layer11_out_i_2|       pointer|
|layer11_out_i_2_fifo_cap         |   in|    8|     ap_fifo|                                               layer11_out_i_2|       pointer|
|layer11_out_i_2_empty_n          |   in|    1|     ap_fifo|                                               layer11_out_i_2|       pointer|
|layer11_out_i_2_read             |  out|    1|     ap_fifo|                                               layer11_out_i_2|       pointer|
|layer11_out_i_3_dout             |   in|   16|     ap_fifo|                                               layer11_out_i_3|       pointer|
|layer11_out_i_3_num_data_valid   |   in|    8|     ap_fifo|                                               layer11_out_i_3|       pointer|
|layer11_out_i_3_fifo_cap         |   in|    8|     ap_fifo|                                               layer11_out_i_3|       pointer|
|layer11_out_i_3_empty_n          |   in|    1|     ap_fifo|                                               layer11_out_i_3|       pointer|
|layer11_out_i_3_read             |  out|    1|     ap_fifo|                                               layer11_out_i_3|       pointer|
|layer11_out_i_4_dout             |   in|   16|     ap_fifo|                                               layer11_out_i_4|       pointer|
|layer11_out_i_4_num_data_valid   |   in|    8|     ap_fifo|                                               layer11_out_i_4|       pointer|
|layer11_out_i_4_fifo_cap         |   in|    8|     ap_fifo|                                               layer11_out_i_4|       pointer|
|layer11_out_i_4_empty_n          |   in|    1|     ap_fifo|                                               layer11_out_i_4|       pointer|
|layer11_out_i_4_read             |  out|    1|     ap_fifo|                                               layer11_out_i_4|       pointer|
|layer11_out_i_5_dout             |   in|   16|     ap_fifo|                                               layer11_out_i_5|       pointer|
|layer11_out_i_5_num_data_valid   |   in|    8|     ap_fifo|                                               layer11_out_i_5|       pointer|
|layer11_out_i_5_fifo_cap         |   in|    8|     ap_fifo|                                               layer11_out_i_5|       pointer|
|layer11_out_i_5_empty_n          |   in|    1|     ap_fifo|                                               layer11_out_i_5|       pointer|
|layer11_out_i_5_read             |  out|    1|     ap_fifo|                                               layer11_out_i_5|       pointer|
|layer11_out_i_6_dout             |   in|   16|     ap_fifo|                                               layer11_out_i_6|       pointer|
|layer11_out_i_6_num_data_valid   |   in|    8|     ap_fifo|                                               layer11_out_i_6|       pointer|
|layer11_out_i_6_fifo_cap         |   in|    8|     ap_fifo|                                               layer11_out_i_6|       pointer|
|layer11_out_i_6_empty_n          |   in|    1|     ap_fifo|                                               layer11_out_i_6|       pointer|
|layer11_out_i_6_read             |  out|    1|     ap_fifo|                                               layer11_out_i_6|       pointer|
|layer11_out_i_7_dout             |   in|   16|     ap_fifo|                                               layer11_out_i_7|       pointer|
|layer11_out_i_7_num_data_valid   |   in|    8|     ap_fifo|                                               layer11_out_i_7|       pointer|
|layer11_out_i_7_fifo_cap         |   in|    8|     ap_fifo|                                               layer11_out_i_7|       pointer|
|layer11_out_i_7_empty_n          |   in|    1|     ap_fifo|                                               layer11_out_i_7|       pointer|
|layer11_out_i_7_read             |  out|    1|     ap_fifo|                                               layer11_out_i_7|       pointer|
|layer11_out_i_8_dout             |   in|   16|     ap_fifo|                                               layer11_out_i_8|       pointer|
|layer11_out_i_8_num_data_valid   |   in|    8|     ap_fifo|                                               layer11_out_i_8|       pointer|
|layer11_out_i_8_fifo_cap         |   in|    8|     ap_fifo|                                               layer11_out_i_8|       pointer|
|layer11_out_i_8_empty_n          |   in|    1|     ap_fifo|                                               layer11_out_i_8|       pointer|
|layer11_out_i_8_read             |  out|    1|     ap_fifo|                                               layer11_out_i_8|       pointer|
|layer11_out_i_9_dout             |   in|   16|     ap_fifo|                                               layer11_out_i_9|       pointer|
|layer11_out_i_9_num_data_valid   |   in|    8|     ap_fifo|                                               layer11_out_i_9|       pointer|
|layer11_out_i_9_fifo_cap         |   in|    8|     ap_fifo|                                               layer11_out_i_9|       pointer|
|layer11_out_i_9_empty_n          |   in|    1|     ap_fifo|                                               layer11_out_i_9|       pointer|
|layer11_out_i_9_read             |  out|    1|     ap_fifo|                                               layer11_out_i_9|       pointer|
|layer11_out_i_10_dout            |   in|   16|     ap_fifo|                                              layer11_out_i_10|       pointer|
|layer11_out_i_10_num_data_valid  |   in|    8|     ap_fifo|                                              layer11_out_i_10|       pointer|
|layer11_out_i_10_fifo_cap        |   in|    8|     ap_fifo|                                              layer11_out_i_10|       pointer|
|layer11_out_i_10_empty_n         |   in|    1|     ap_fifo|                                              layer11_out_i_10|       pointer|
|layer11_out_i_10_read            |  out|    1|     ap_fifo|                                              layer11_out_i_10|       pointer|
|layer11_out_i_11_dout            |   in|   16|     ap_fifo|                                              layer11_out_i_11|       pointer|
|layer11_out_i_11_num_data_valid  |   in|    8|     ap_fifo|                                              layer11_out_i_11|       pointer|
|layer11_out_i_11_fifo_cap        |   in|    8|     ap_fifo|                                              layer11_out_i_11|       pointer|
|layer11_out_i_11_empty_n         |   in|    1|     ap_fifo|                                              layer11_out_i_11|       pointer|
|layer11_out_i_11_read            |  out|    1|     ap_fifo|                                              layer11_out_i_11|       pointer|
|layer11_out_i_12_dout            |   in|   16|     ap_fifo|                                              layer11_out_i_12|       pointer|
|layer11_out_i_12_num_data_valid  |   in|    8|     ap_fifo|                                              layer11_out_i_12|       pointer|
|layer11_out_i_12_fifo_cap        |   in|    8|     ap_fifo|                                              layer11_out_i_12|       pointer|
|layer11_out_i_12_empty_n         |   in|    1|     ap_fifo|                                              layer11_out_i_12|       pointer|
|layer11_out_i_12_read            |  out|    1|     ap_fifo|                                              layer11_out_i_12|       pointer|
|layer11_out_i_13_dout            |   in|   16|     ap_fifo|                                              layer11_out_i_13|       pointer|
|layer11_out_i_13_num_data_valid  |   in|    8|     ap_fifo|                                              layer11_out_i_13|       pointer|
|layer11_out_i_13_fifo_cap        |   in|    8|     ap_fifo|                                              layer11_out_i_13|       pointer|
|layer11_out_i_13_empty_n         |   in|    1|     ap_fifo|                                              layer11_out_i_13|       pointer|
|layer11_out_i_13_read            |  out|    1|     ap_fifo|                                              layer11_out_i_13|       pointer|
|layer11_out_i_14_dout            |   in|   16|     ap_fifo|                                              layer11_out_i_14|       pointer|
|layer11_out_i_14_num_data_valid  |   in|    8|     ap_fifo|                                              layer11_out_i_14|       pointer|
|layer11_out_i_14_fifo_cap        |   in|    8|     ap_fifo|                                              layer11_out_i_14|       pointer|
|layer11_out_i_14_empty_n         |   in|    1|     ap_fifo|                                              layer11_out_i_14|       pointer|
|layer11_out_i_14_read            |  out|    1|     ap_fifo|                                              layer11_out_i_14|       pointer|
|layer11_out_i_15_dout            |   in|   16|     ap_fifo|                                              layer11_out_i_15|       pointer|
|layer11_out_i_15_num_data_valid  |   in|    8|     ap_fifo|                                              layer11_out_i_15|       pointer|
|layer11_out_i_15_fifo_cap        |   in|    8|     ap_fifo|                                              layer11_out_i_15|       pointer|
|layer11_out_i_15_empty_n         |   in|    1|     ap_fifo|                                              layer11_out_i_15|       pointer|
|layer11_out_i_15_read            |  out|    1|     ap_fifo|                                              layer11_out_i_15|       pointer|
|layer11_out_i_16_dout            |   in|   16|     ap_fifo|                                              layer11_out_i_16|       pointer|
|layer11_out_i_16_num_data_valid  |   in|    8|     ap_fifo|                                              layer11_out_i_16|       pointer|
|layer11_out_i_16_fifo_cap        |   in|    8|     ap_fifo|                                              layer11_out_i_16|       pointer|
|layer11_out_i_16_empty_n         |   in|    1|     ap_fifo|                                              layer11_out_i_16|       pointer|
|layer11_out_i_16_read            |  out|    1|     ap_fifo|                                              layer11_out_i_16|       pointer|
|layer11_out_i_17_dout            |   in|   16|     ap_fifo|                                              layer11_out_i_17|       pointer|
|layer11_out_i_17_num_data_valid  |   in|    8|     ap_fifo|                                              layer11_out_i_17|       pointer|
|layer11_out_i_17_fifo_cap        |   in|    8|     ap_fifo|                                              layer11_out_i_17|       pointer|
|layer11_out_i_17_empty_n         |   in|    1|     ap_fifo|                                              layer11_out_i_17|       pointer|
|layer11_out_i_17_read            |  out|    1|     ap_fifo|                                              layer11_out_i_17|       pointer|
|layer11_out_i_18_dout            |   in|   16|     ap_fifo|                                              layer11_out_i_18|       pointer|
|layer11_out_i_18_num_data_valid  |   in|    8|     ap_fifo|                                              layer11_out_i_18|       pointer|
|layer11_out_i_18_fifo_cap        |   in|    8|     ap_fifo|                                              layer11_out_i_18|       pointer|
|layer11_out_i_18_empty_n         |   in|    1|     ap_fifo|                                              layer11_out_i_18|       pointer|
|layer11_out_i_18_read            |  out|    1|     ap_fifo|                                              layer11_out_i_18|       pointer|
|layer11_out_i_19_dout            |   in|   16|     ap_fifo|                                              layer11_out_i_19|       pointer|
|layer11_out_i_19_num_data_valid  |   in|    8|     ap_fifo|                                              layer11_out_i_19|       pointer|
|layer11_out_i_19_fifo_cap        |   in|    8|     ap_fifo|                                              layer11_out_i_19|       pointer|
|layer11_out_i_19_empty_n         |   in|    1|     ap_fifo|                                              layer11_out_i_19|       pointer|
|layer11_out_i_19_read            |  out|    1|     ap_fifo|                                              layer11_out_i_19|       pointer|
|layer11_out_i_20_dout            |   in|   16|     ap_fifo|                                              layer11_out_i_20|       pointer|
|layer11_out_i_20_num_data_valid  |   in|    8|     ap_fifo|                                              layer11_out_i_20|       pointer|
|layer11_out_i_20_fifo_cap        |   in|    8|     ap_fifo|                                              layer11_out_i_20|       pointer|
|layer11_out_i_20_empty_n         |   in|    1|     ap_fifo|                                              layer11_out_i_20|       pointer|
|layer11_out_i_20_read            |  out|    1|     ap_fifo|                                              layer11_out_i_20|       pointer|
|layer11_out_i_21_dout            |   in|   16|     ap_fifo|                                              layer11_out_i_21|       pointer|
|layer11_out_i_21_num_data_valid  |   in|    8|     ap_fifo|                                              layer11_out_i_21|       pointer|
|layer11_out_i_21_fifo_cap        |   in|    8|     ap_fifo|                                              layer11_out_i_21|       pointer|
|layer11_out_i_21_empty_n         |   in|    1|     ap_fifo|                                              layer11_out_i_21|       pointer|
|layer11_out_i_21_read            |  out|    1|     ap_fifo|                                              layer11_out_i_21|       pointer|
|layer11_out_i_22_dout            |   in|   16|     ap_fifo|                                              layer11_out_i_22|       pointer|
|layer11_out_i_22_num_data_valid  |   in|    8|     ap_fifo|                                              layer11_out_i_22|       pointer|
|layer11_out_i_22_fifo_cap        |   in|    8|     ap_fifo|                                              layer11_out_i_22|       pointer|
|layer11_out_i_22_empty_n         |   in|    1|     ap_fifo|                                              layer11_out_i_22|       pointer|
|layer11_out_i_22_read            |  out|    1|     ap_fifo|                                              layer11_out_i_22|       pointer|
|layer11_out_i_23_dout            |   in|   16|     ap_fifo|                                              layer11_out_i_23|       pointer|
|layer11_out_i_23_num_data_valid  |   in|    8|     ap_fifo|                                              layer11_out_i_23|       pointer|
|layer11_out_i_23_fifo_cap        |   in|    8|     ap_fifo|                                              layer11_out_i_23|       pointer|
|layer11_out_i_23_empty_n         |   in|    1|     ap_fifo|                                              layer11_out_i_23|       pointer|
|layer11_out_i_23_read            |  out|    1|     ap_fifo|                                              layer11_out_i_23|       pointer|
|layer11_out_i_24_dout            |   in|   16|     ap_fifo|                                              layer11_out_i_24|       pointer|
|layer11_out_i_24_num_data_valid  |   in|    8|     ap_fifo|                                              layer11_out_i_24|       pointer|
|layer11_out_i_24_fifo_cap        |   in|    8|     ap_fifo|                                              layer11_out_i_24|       pointer|
|layer11_out_i_24_empty_n         |   in|    1|     ap_fifo|                                              layer11_out_i_24|       pointer|
|layer11_out_i_24_read            |  out|    1|     ap_fifo|                                              layer11_out_i_24|       pointer|
|layer11_out_i_25_dout            |   in|   16|     ap_fifo|                                              layer11_out_i_25|       pointer|
|layer11_out_i_25_num_data_valid  |   in|    8|     ap_fifo|                                              layer11_out_i_25|       pointer|
|layer11_out_i_25_fifo_cap        |   in|    8|     ap_fifo|                                              layer11_out_i_25|       pointer|
|layer11_out_i_25_empty_n         |   in|    1|     ap_fifo|                                              layer11_out_i_25|       pointer|
|layer11_out_i_25_read            |  out|    1|     ap_fifo|                                              layer11_out_i_25|       pointer|
|layer11_out_i_26_dout            |   in|   16|     ap_fifo|                                              layer11_out_i_26|       pointer|
|layer11_out_i_26_num_data_valid  |   in|    8|     ap_fifo|                                              layer11_out_i_26|       pointer|
|layer11_out_i_26_fifo_cap        |   in|    8|     ap_fifo|                                              layer11_out_i_26|       pointer|
|layer11_out_i_26_empty_n         |   in|    1|     ap_fifo|                                              layer11_out_i_26|       pointer|
|layer11_out_i_26_read            |  out|    1|     ap_fifo|                                              layer11_out_i_26|       pointer|
|layer11_out_i_27_dout            |   in|   16|     ap_fifo|                                              layer11_out_i_27|       pointer|
|layer11_out_i_27_num_data_valid  |   in|    8|     ap_fifo|                                              layer11_out_i_27|       pointer|
|layer11_out_i_27_fifo_cap        |   in|    8|     ap_fifo|                                              layer11_out_i_27|       pointer|
|layer11_out_i_27_empty_n         |   in|    1|     ap_fifo|                                              layer11_out_i_27|       pointer|
|layer11_out_i_27_read            |  out|    1|     ap_fifo|                                              layer11_out_i_27|       pointer|
|layer11_out_i_28_dout            |   in|   16|     ap_fifo|                                              layer11_out_i_28|       pointer|
|layer11_out_i_28_num_data_valid  |   in|    8|     ap_fifo|                                              layer11_out_i_28|       pointer|
|layer11_out_i_28_fifo_cap        |   in|    8|     ap_fifo|                                              layer11_out_i_28|       pointer|
|layer11_out_i_28_empty_n         |   in|    1|     ap_fifo|                                              layer11_out_i_28|       pointer|
|layer11_out_i_28_read            |  out|    1|     ap_fifo|                                              layer11_out_i_28|       pointer|
|layer11_out_i_29_dout            |   in|   16|     ap_fifo|                                              layer11_out_i_29|       pointer|
|layer11_out_i_29_num_data_valid  |   in|    8|     ap_fifo|                                              layer11_out_i_29|       pointer|
|layer11_out_i_29_fifo_cap        |   in|    8|     ap_fifo|                                              layer11_out_i_29|       pointer|
|layer11_out_i_29_empty_n         |   in|    1|     ap_fifo|                                              layer11_out_i_29|       pointer|
|layer11_out_i_29_read            |  out|    1|     ap_fifo|                                              layer11_out_i_29|       pointer|
|layer11_out_i_30_dout            |   in|   16|     ap_fifo|                                              layer11_out_i_30|       pointer|
|layer11_out_i_30_num_data_valid  |   in|    8|     ap_fifo|                                              layer11_out_i_30|       pointer|
|layer11_out_i_30_fifo_cap        |   in|    8|     ap_fifo|                                              layer11_out_i_30|       pointer|
|layer11_out_i_30_empty_n         |   in|    1|     ap_fifo|                                              layer11_out_i_30|       pointer|
|layer11_out_i_30_read            |  out|    1|     ap_fifo|                                              layer11_out_i_30|       pointer|
|layer11_out_i_31_dout            |   in|   16|     ap_fifo|                                              layer11_out_i_31|       pointer|
|layer11_out_i_31_num_data_valid  |   in|    8|     ap_fifo|                                              layer11_out_i_31|       pointer|
|layer11_out_i_31_fifo_cap        |   in|    8|     ap_fifo|                                              layer11_out_i_31|       pointer|
|layer11_out_i_31_empty_n         |   in|    1|     ap_fifo|                                              layer11_out_i_31|       pointer|
|layer11_out_i_31_read            |  out|    1|     ap_fifo|                                              layer11_out_i_31|       pointer|
|layer11_out_i_32_dout            |   in|   16|     ap_fifo|                                              layer11_out_i_32|       pointer|
|layer11_out_i_32_num_data_valid  |   in|    8|     ap_fifo|                                              layer11_out_i_32|       pointer|
|layer11_out_i_32_fifo_cap        |   in|    8|     ap_fifo|                                              layer11_out_i_32|       pointer|
|layer11_out_i_32_empty_n         |   in|    1|     ap_fifo|                                              layer11_out_i_32|       pointer|
|layer11_out_i_32_read            |  out|    1|     ap_fifo|                                              layer11_out_i_32|       pointer|
|layer11_out_i_33_dout            |   in|   16|     ap_fifo|                                              layer11_out_i_33|       pointer|
|layer11_out_i_33_num_data_valid  |   in|    8|     ap_fifo|                                              layer11_out_i_33|       pointer|
|layer11_out_i_33_fifo_cap        |   in|    8|     ap_fifo|                                              layer11_out_i_33|       pointer|
|layer11_out_i_33_empty_n         |   in|    1|     ap_fifo|                                              layer11_out_i_33|       pointer|
|layer11_out_i_33_read            |  out|    1|     ap_fifo|                                              layer11_out_i_33|       pointer|
|layer11_out_i_34_dout            |   in|   16|     ap_fifo|                                              layer11_out_i_34|       pointer|
|layer11_out_i_34_num_data_valid  |   in|    8|     ap_fifo|                                              layer11_out_i_34|       pointer|
|layer11_out_i_34_fifo_cap        |   in|    8|     ap_fifo|                                              layer11_out_i_34|       pointer|
|layer11_out_i_34_empty_n         |   in|    1|     ap_fifo|                                              layer11_out_i_34|       pointer|
|layer11_out_i_34_read            |  out|    1|     ap_fifo|                                              layer11_out_i_34|       pointer|
|layer11_out_i_35_dout            |   in|   16|     ap_fifo|                                              layer11_out_i_35|       pointer|
|layer11_out_i_35_num_data_valid  |   in|    8|     ap_fifo|                                              layer11_out_i_35|       pointer|
|layer11_out_i_35_fifo_cap        |   in|    8|     ap_fifo|                                              layer11_out_i_35|       pointer|
|layer11_out_i_35_empty_n         |   in|    1|     ap_fifo|                                              layer11_out_i_35|       pointer|
|layer11_out_i_35_read            |  out|    1|     ap_fifo|                                              layer11_out_i_35|       pointer|
|layer11_out_i_36_dout            |   in|   16|     ap_fifo|                                              layer11_out_i_36|       pointer|
|layer11_out_i_36_num_data_valid  |   in|    8|     ap_fifo|                                              layer11_out_i_36|       pointer|
|layer11_out_i_36_fifo_cap        |   in|    8|     ap_fifo|                                              layer11_out_i_36|       pointer|
|layer11_out_i_36_empty_n         |   in|    1|     ap_fifo|                                              layer11_out_i_36|       pointer|
|layer11_out_i_36_read            |  out|    1|     ap_fifo|                                              layer11_out_i_36|       pointer|
|layer11_out_i_37_dout            |   in|   16|     ap_fifo|                                              layer11_out_i_37|       pointer|
|layer11_out_i_37_num_data_valid  |   in|    8|     ap_fifo|                                              layer11_out_i_37|       pointer|
|layer11_out_i_37_fifo_cap        |   in|    8|     ap_fifo|                                              layer11_out_i_37|       pointer|
|layer11_out_i_37_empty_n         |   in|    1|     ap_fifo|                                              layer11_out_i_37|       pointer|
|layer11_out_i_37_read            |  out|    1|     ap_fifo|                                              layer11_out_i_37|       pointer|
|layer11_out_i_38_dout            |   in|   16|     ap_fifo|                                              layer11_out_i_38|       pointer|
|layer11_out_i_38_num_data_valid  |   in|    8|     ap_fifo|                                              layer11_out_i_38|       pointer|
|layer11_out_i_38_fifo_cap        |   in|    8|     ap_fifo|                                              layer11_out_i_38|       pointer|
|layer11_out_i_38_empty_n         |   in|    1|     ap_fifo|                                              layer11_out_i_38|       pointer|
|layer11_out_i_38_read            |  out|    1|     ap_fifo|                                              layer11_out_i_38|       pointer|
|layer11_out_i_39_dout            |   in|   16|     ap_fifo|                                              layer11_out_i_39|       pointer|
|layer11_out_i_39_num_data_valid  |   in|    8|     ap_fifo|                                              layer11_out_i_39|       pointer|
|layer11_out_i_39_fifo_cap        |   in|    8|     ap_fifo|                                              layer11_out_i_39|       pointer|
|layer11_out_i_39_empty_n         |   in|    1|     ap_fifo|                                              layer11_out_i_39|       pointer|
|layer11_out_i_39_read            |  out|    1|     ap_fifo|                                              layer11_out_i_39|       pointer|
|layer11_out_i_40_dout            |   in|   16|     ap_fifo|                                              layer11_out_i_40|       pointer|
|layer11_out_i_40_num_data_valid  |   in|    8|     ap_fifo|                                              layer11_out_i_40|       pointer|
|layer11_out_i_40_fifo_cap        |   in|    8|     ap_fifo|                                              layer11_out_i_40|       pointer|
|layer11_out_i_40_empty_n         |   in|    1|     ap_fifo|                                              layer11_out_i_40|       pointer|
|layer11_out_i_40_read            |  out|    1|     ap_fifo|                                              layer11_out_i_40|       pointer|
|layer11_out_i_41_dout            |   in|   16|     ap_fifo|                                              layer11_out_i_41|       pointer|
|layer11_out_i_41_num_data_valid  |   in|    8|     ap_fifo|                                              layer11_out_i_41|       pointer|
|layer11_out_i_41_fifo_cap        |   in|    8|     ap_fifo|                                              layer11_out_i_41|       pointer|
|layer11_out_i_41_empty_n         |   in|    1|     ap_fifo|                                              layer11_out_i_41|       pointer|
|layer11_out_i_41_read            |  out|    1|     ap_fifo|                                              layer11_out_i_41|       pointer|
|layer11_out_i_42_dout            |   in|   16|     ap_fifo|                                              layer11_out_i_42|       pointer|
|layer11_out_i_42_num_data_valid  |   in|    8|     ap_fifo|                                              layer11_out_i_42|       pointer|
|layer11_out_i_42_fifo_cap        |   in|    8|     ap_fifo|                                              layer11_out_i_42|       pointer|
|layer11_out_i_42_empty_n         |   in|    1|     ap_fifo|                                              layer11_out_i_42|       pointer|
|layer11_out_i_42_read            |  out|    1|     ap_fifo|                                              layer11_out_i_42|       pointer|
|layer11_out_i_43_dout            |   in|   16|     ap_fifo|                                              layer11_out_i_43|       pointer|
|layer11_out_i_43_num_data_valid  |   in|    8|     ap_fifo|                                              layer11_out_i_43|       pointer|
|layer11_out_i_43_fifo_cap        |   in|    8|     ap_fifo|                                              layer11_out_i_43|       pointer|
|layer11_out_i_43_empty_n         |   in|    1|     ap_fifo|                                              layer11_out_i_43|       pointer|
|layer11_out_i_43_read            |  out|    1|     ap_fifo|                                              layer11_out_i_43|       pointer|
|layer11_out_i_44_dout            |   in|   16|     ap_fifo|                                              layer11_out_i_44|       pointer|
|layer11_out_i_44_num_data_valid  |   in|    8|     ap_fifo|                                              layer11_out_i_44|       pointer|
|layer11_out_i_44_fifo_cap        |   in|    8|     ap_fifo|                                              layer11_out_i_44|       pointer|
|layer11_out_i_44_empty_n         |   in|    1|     ap_fifo|                                              layer11_out_i_44|       pointer|
|layer11_out_i_44_read            |  out|    1|     ap_fifo|                                              layer11_out_i_44|       pointer|
|layer11_out_i_45_dout            |   in|   16|     ap_fifo|                                              layer11_out_i_45|       pointer|
|layer11_out_i_45_num_data_valid  |   in|    8|     ap_fifo|                                              layer11_out_i_45|       pointer|
|layer11_out_i_45_fifo_cap        |   in|    8|     ap_fifo|                                              layer11_out_i_45|       pointer|
|layer11_out_i_45_empty_n         |   in|    1|     ap_fifo|                                              layer11_out_i_45|       pointer|
|layer11_out_i_45_read            |  out|    1|     ap_fifo|                                              layer11_out_i_45|       pointer|
|layer11_out_i_46_dout            |   in|   16|     ap_fifo|                                              layer11_out_i_46|       pointer|
|layer11_out_i_46_num_data_valid  |   in|    8|     ap_fifo|                                              layer11_out_i_46|       pointer|
|layer11_out_i_46_fifo_cap        |   in|    8|     ap_fifo|                                              layer11_out_i_46|       pointer|
|layer11_out_i_46_empty_n         |   in|    1|     ap_fifo|                                              layer11_out_i_46|       pointer|
|layer11_out_i_46_read            |  out|    1|     ap_fifo|                                              layer11_out_i_46|       pointer|
|layer11_out_i_47_dout            |   in|   16|     ap_fifo|                                              layer11_out_i_47|       pointer|
|layer11_out_i_47_num_data_valid  |   in|    8|     ap_fifo|                                              layer11_out_i_47|       pointer|
|layer11_out_i_47_fifo_cap        |   in|    8|     ap_fifo|                                              layer11_out_i_47|       pointer|
|layer11_out_i_47_empty_n         |   in|    1|     ap_fifo|                                              layer11_out_i_47|       pointer|
|layer11_out_i_47_read            |  out|    1|     ap_fifo|                                              layer11_out_i_47|       pointer|
|layer11_out_i_48_dout            |   in|   16|     ap_fifo|                                              layer11_out_i_48|       pointer|
|layer11_out_i_48_num_data_valid  |   in|    8|     ap_fifo|                                              layer11_out_i_48|       pointer|
|layer11_out_i_48_fifo_cap        |   in|    8|     ap_fifo|                                              layer11_out_i_48|       pointer|
|layer11_out_i_48_empty_n         |   in|    1|     ap_fifo|                                              layer11_out_i_48|       pointer|
|layer11_out_i_48_read            |  out|    1|     ap_fifo|                                              layer11_out_i_48|       pointer|
|layer11_out_i_49_dout            |   in|   16|     ap_fifo|                                              layer11_out_i_49|       pointer|
|layer11_out_i_49_num_data_valid  |   in|    8|     ap_fifo|                                              layer11_out_i_49|       pointer|
|layer11_out_i_49_fifo_cap        |   in|    8|     ap_fifo|                                              layer11_out_i_49|       pointer|
|layer11_out_i_49_empty_n         |   in|    1|     ap_fifo|                                              layer11_out_i_49|       pointer|
|layer11_out_i_49_read            |  out|    1|     ap_fifo|                                              layer11_out_i_49|       pointer|
|layer11_out_i_50_dout            |   in|   16|     ap_fifo|                                              layer11_out_i_50|       pointer|
|layer11_out_i_50_num_data_valid  |   in|    8|     ap_fifo|                                              layer11_out_i_50|       pointer|
|layer11_out_i_50_fifo_cap        |   in|    8|     ap_fifo|                                              layer11_out_i_50|       pointer|
|layer11_out_i_50_empty_n         |   in|    1|     ap_fifo|                                              layer11_out_i_50|       pointer|
|layer11_out_i_50_read            |  out|    1|     ap_fifo|                                              layer11_out_i_50|       pointer|
|layer11_out_i_51_dout            |   in|   16|     ap_fifo|                                              layer11_out_i_51|       pointer|
|layer11_out_i_51_num_data_valid  |   in|    8|     ap_fifo|                                              layer11_out_i_51|       pointer|
|layer11_out_i_51_fifo_cap        |   in|    8|     ap_fifo|                                              layer11_out_i_51|       pointer|
|layer11_out_i_51_empty_n         |   in|    1|     ap_fifo|                                              layer11_out_i_51|       pointer|
|layer11_out_i_51_read            |  out|    1|     ap_fifo|                                              layer11_out_i_51|       pointer|
|layer11_out_i_52_dout            |   in|   16|     ap_fifo|                                              layer11_out_i_52|       pointer|
|layer11_out_i_52_num_data_valid  |   in|    8|     ap_fifo|                                              layer11_out_i_52|       pointer|
|layer11_out_i_52_fifo_cap        |   in|    8|     ap_fifo|                                              layer11_out_i_52|       pointer|
|layer11_out_i_52_empty_n         |   in|    1|     ap_fifo|                                              layer11_out_i_52|       pointer|
|layer11_out_i_52_read            |  out|    1|     ap_fifo|                                              layer11_out_i_52|       pointer|
|layer11_out_i_53_dout            |   in|   16|     ap_fifo|                                              layer11_out_i_53|       pointer|
|layer11_out_i_53_num_data_valid  |   in|    8|     ap_fifo|                                              layer11_out_i_53|       pointer|
|layer11_out_i_53_fifo_cap        |   in|    8|     ap_fifo|                                              layer11_out_i_53|       pointer|
|layer11_out_i_53_empty_n         |   in|    1|     ap_fifo|                                              layer11_out_i_53|       pointer|
|layer11_out_i_53_read            |  out|    1|     ap_fifo|                                              layer11_out_i_53|       pointer|
|layer11_out_i_54_dout            |   in|   16|     ap_fifo|                                              layer11_out_i_54|       pointer|
|layer11_out_i_54_num_data_valid  |   in|    8|     ap_fifo|                                              layer11_out_i_54|       pointer|
|layer11_out_i_54_fifo_cap        |   in|    8|     ap_fifo|                                              layer11_out_i_54|       pointer|
|layer11_out_i_54_empty_n         |   in|    1|     ap_fifo|                                              layer11_out_i_54|       pointer|
|layer11_out_i_54_read            |  out|    1|     ap_fifo|                                              layer11_out_i_54|       pointer|
|layer11_out_i_55_dout            |   in|   16|     ap_fifo|                                              layer11_out_i_55|       pointer|
|layer11_out_i_55_num_data_valid  |   in|    8|     ap_fifo|                                              layer11_out_i_55|       pointer|
|layer11_out_i_55_fifo_cap        |   in|    8|     ap_fifo|                                              layer11_out_i_55|       pointer|
|layer11_out_i_55_empty_n         |   in|    1|     ap_fifo|                                              layer11_out_i_55|       pointer|
|layer11_out_i_55_read            |  out|    1|     ap_fifo|                                              layer11_out_i_55|       pointer|
|layer11_out_i_56_dout            |   in|   16|     ap_fifo|                                              layer11_out_i_56|       pointer|
|layer11_out_i_56_num_data_valid  |   in|    8|     ap_fifo|                                              layer11_out_i_56|       pointer|
|layer11_out_i_56_fifo_cap        |   in|    8|     ap_fifo|                                              layer11_out_i_56|       pointer|
|layer11_out_i_56_empty_n         |   in|    1|     ap_fifo|                                              layer11_out_i_56|       pointer|
|layer11_out_i_56_read            |  out|    1|     ap_fifo|                                              layer11_out_i_56|       pointer|
|layer11_out_i_57_dout            |   in|   16|     ap_fifo|                                              layer11_out_i_57|       pointer|
|layer11_out_i_57_num_data_valid  |   in|    8|     ap_fifo|                                              layer11_out_i_57|       pointer|
|layer11_out_i_57_fifo_cap        |   in|    8|     ap_fifo|                                              layer11_out_i_57|       pointer|
|layer11_out_i_57_empty_n         |   in|    1|     ap_fifo|                                              layer11_out_i_57|       pointer|
|layer11_out_i_57_read            |  out|    1|     ap_fifo|                                              layer11_out_i_57|       pointer|
|layer11_out_i_58_dout            |   in|   16|     ap_fifo|                                              layer11_out_i_58|       pointer|
|layer11_out_i_58_num_data_valid  |   in|    8|     ap_fifo|                                              layer11_out_i_58|       pointer|
|layer11_out_i_58_fifo_cap        |   in|    8|     ap_fifo|                                              layer11_out_i_58|       pointer|
|layer11_out_i_58_empty_n         |   in|    1|     ap_fifo|                                              layer11_out_i_58|       pointer|
|layer11_out_i_58_read            |  out|    1|     ap_fifo|                                              layer11_out_i_58|       pointer|
|layer11_out_i_59_dout            |   in|   16|     ap_fifo|                                              layer11_out_i_59|       pointer|
|layer11_out_i_59_num_data_valid  |   in|    8|     ap_fifo|                                              layer11_out_i_59|       pointer|
|layer11_out_i_59_fifo_cap        |   in|    8|     ap_fifo|                                              layer11_out_i_59|       pointer|
|layer11_out_i_59_empty_n         |   in|    1|     ap_fifo|                                              layer11_out_i_59|       pointer|
|layer11_out_i_59_read            |  out|    1|     ap_fifo|                                              layer11_out_i_59|       pointer|
|layer11_out_i_60_dout            |   in|   16|     ap_fifo|                                              layer11_out_i_60|       pointer|
|layer11_out_i_60_num_data_valid  |   in|    8|     ap_fifo|                                              layer11_out_i_60|       pointer|
|layer11_out_i_60_fifo_cap        |   in|    8|     ap_fifo|                                              layer11_out_i_60|       pointer|
|layer11_out_i_60_empty_n         |   in|    1|     ap_fifo|                                              layer11_out_i_60|       pointer|
|layer11_out_i_60_read            |  out|    1|     ap_fifo|                                              layer11_out_i_60|       pointer|
|layer11_out_i_61_dout            |   in|   16|     ap_fifo|                                              layer11_out_i_61|       pointer|
|layer11_out_i_61_num_data_valid  |   in|    8|     ap_fifo|                                              layer11_out_i_61|       pointer|
|layer11_out_i_61_fifo_cap        |   in|    8|     ap_fifo|                                              layer11_out_i_61|       pointer|
|layer11_out_i_61_empty_n         |   in|    1|     ap_fifo|                                              layer11_out_i_61|       pointer|
|layer11_out_i_61_read            |  out|    1|     ap_fifo|                                              layer11_out_i_61|       pointer|
|layer11_out_i_62_dout            |   in|   16|     ap_fifo|                                              layer11_out_i_62|       pointer|
|layer11_out_i_62_num_data_valid  |   in|    8|     ap_fifo|                                              layer11_out_i_62|       pointer|
|layer11_out_i_62_fifo_cap        |   in|    8|     ap_fifo|                                              layer11_out_i_62|       pointer|
|layer11_out_i_62_empty_n         |   in|    1|     ap_fifo|                                              layer11_out_i_62|       pointer|
|layer11_out_i_62_read            |  out|    1|     ap_fifo|                                              layer11_out_i_62|       pointer|
|layer11_out_i_63_dout            |   in|   16|     ap_fifo|                                              layer11_out_i_63|       pointer|
|layer11_out_i_63_num_data_valid  |   in|    8|     ap_fifo|                                              layer11_out_i_63|       pointer|
|layer11_out_i_63_fifo_cap        |   in|    8|     ap_fifo|                                              layer11_out_i_63|       pointer|
|layer11_out_i_63_empty_n         |   in|    1|     ap_fifo|                                              layer11_out_i_63|       pointer|
|layer11_out_i_63_read            |  out|    1|     ap_fifo|                                              layer11_out_i_63|       pointer|
|layer17_out_i_0_din              |  out|   16|     ap_fifo|                                               layer17_out_i_0|       pointer|
|layer17_out_i_0_num_data_valid   |   in|    8|     ap_fifo|                                               layer17_out_i_0|       pointer|
|layer17_out_i_0_fifo_cap         |   in|    8|     ap_fifo|                                               layer17_out_i_0|       pointer|
|layer17_out_i_0_full_n           |   in|    1|     ap_fifo|                                               layer17_out_i_0|       pointer|
|layer17_out_i_0_write            |  out|    1|     ap_fifo|                                               layer17_out_i_0|       pointer|
|layer17_out_i_1_din              |  out|   16|     ap_fifo|                                               layer17_out_i_1|       pointer|
|layer17_out_i_1_num_data_valid   |   in|    8|     ap_fifo|                                               layer17_out_i_1|       pointer|
|layer17_out_i_1_fifo_cap         |   in|    8|     ap_fifo|                                               layer17_out_i_1|       pointer|
|layer17_out_i_1_full_n           |   in|    1|     ap_fifo|                                               layer17_out_i_1|       pointer|
|layer17_out_i_1_write            |  out|    1|     ap_fifo|                                               layer17_out_i_1|       pointer|
|layer17_out_i_2_din              |  out|   16|     ap_fifo|                                               layer17_out_i_2|       pointer|
|layer17_out_i_2_num_data_valid   |   in|    8|     ap_fifo|                                               layer17_out_i_2|       pointer|
|layer17_out_i_2_fifo_cap         |   in|    8|     ap_fifo|                                               layer17_out_i_2|       pointer|
|layer17_out_i_2_full_n           |   in|    1|     ap_fifo|                                               layer17_out_i_2|       pointer|
|layer17_out_i_2_write            |  out|    1|     ap_fifo|                                               layer17_out_i_2|       pointer|
|layer17_out_i_3_din              |  out|   16|     ap_fifo|                                               layer17_out_i_3|       pointer|
|layer17_out_i_3_num_data_valid   |   in|    8|     ap_fifo|                                               layer17_out_i_3|       pointer|
|layer17_out_i_3_fifo_cap         |   in|    8|     ap_fifo|                                               layer17_out_i_3|       pointer|
|layer17_out_i_3_full_n           |   in|    1|     ap_fifo|                                               layer17_out_i_3|       pointer|
|layer17_out_i_3_write            |  out|    1|     ap_fifo|                                               layer17_out_i_3|       pointer|
+---------------------------------+-----+-----+------------+--------------------------------------------------------------+--------------+

