

================================================================
== Vitis HLS Report for 'pointwise_conv_1d_cl_ap_fixed_ap_fixed_16_6_5_3_0_config18_s'
================================================================
* Date:           Wed Feb 14 14:35:13 2024

* Version:        2022.2 (Build 3670227 on Oct 13 2022)
* Project:        alveo_hls4ml
* Solution:       solution (Vitis Kernel Flow Target)
* Product family: virtexuplus
* Target device:  xcu55c-fsvh2892-2L-e


================================================================
== Performance Estimates
================================================================
+ Timing: 
    * Summary: 
    +--------+---------+----------+------------+
    |  Clock |  Target | Estimated| Uncertainty|
    +--------+---------+----------+------------+
    |ap_clk  |  4.00 ns|  2.788 ns|     1.08 ns|
    +--------+---------+----------+------------+

+ Latency: 
    * Summary: 
    +---------+---------+----------+----------+-----+-----+---------+
    |  Latency (cycles) |  Latency (absolute) |  Interval | Pipeline|
    |   min   |   max   |    min   |    max   | min | max |   Type  |
    +---------+---------+----------+----------+-----+-----+---------+
    |      512|      585|  2.048 us|  2.340 us|  512|  585|       no|
    +---------+---------+----------+----------+-----+-----+---------+

    + Detail: 
        * Instance: 
        +----------------------------------------------------------------------------------+-----------------------------------------------------------------------+---------+---------+-----------+-----------+-----+-----+------------------------------------------+
        |                                                                                  |                                                                       |  Latency (cycles) |   Latency (absolute)  |  Interval |                 Pipeline                 |
        |                                     Instance                                     |                                 Module                                |   min   |   max   |    min    |    max    | min | max |                   Type                   |
        +----------------------------------------------------------------------------------+-----------------------------------------------------------------------+---------+---------+-----------+-----------+-----+-----+------------------------------------------+
        |grp_dense_resource_ap_fixed_8_3_4_0_0_ap_fixed_16_6_5_3_0_config18_mult_s_fu_698  |dense_resource_ap_fixed_8_3_4_0_0_ap_fixed_16_6_5_3_0_config18_mult_s  |        4|        5|  16.000 ns|  20.000 ns|    4|    4|  loop rewind stp(delay=0 clock cycles(s))|
        +----------------------------------------------------------------------------------+-----------------------------------------------------------------------+---------+---------+-----------+-----------+-----+-----+------------------------------------------+

        * Loop: 
        +------------------+---------+---------+----------+-----------+-----------+------+----------+
        |                  |  Latency (cycles) | Iteration|  Initiation Interval  | Trip |          |
        |     Loop Name    |   min   |   max   |  Latency |  achieved |   target  | Count| Pipelined|
        +------------------+---------+---------+----------+-----------+-----------+------+----------+
        |- ReadInputWidth  |      511|      584|     7 ~ 8|          -|          -|    73|        no|
        +------------------+---------+---------+----------+-----------+-----------+------+----------+



================================================================
== Utilization Estimates
================================================================
* Summary: 
+---------------------+---------+------+---------+---------+-----+
|         Name        | BRAM_18K|  DSP |    FF   |   LUT   | URAM|
+---------------------+---------+------+---------+---------+-----+
|DSP                  |        -|     -|        -|        -|    -|
|Expression           |        -|     -|        0|       30|    -|
|FIFO                 |        -|     -|        -|        -|    -|
|Instance             |        -|     0|     2291|     7910|    -|
|Memory               |        -|     -|        -|        -|    -|
|Multiplexer          |        -|     -|        -|      719|    -|
|Register             |        -|     -|     1166|        -|    -|
+---------------------+---------+------+---------+---------+-----+
|Total                |        0|     0|     3457|     8659|    0|
+---------------------+---------+------+---------+---------+-----+
|Available SLR        |     1344|  3008|   869120|   434560|  320|
+---------------------+---------+------+---------+---------+-----+
|Utilization SLR (%)  |        0|     0|       ~0|        1|    0|
+---------------------+---------+------+---------+---------+-----+
|Available            |     4032|  9024|  2607360|  1303680|  960|
+---------------------+---------+------+---------+---------+-----+
|Utilization (%)      |        0|     0|       ~0|       ~0|    0|
+---------------------+---------+------+---------+---------+-----+

+ Detail: 
    * Instance: 
    +----------------------------------------------------------------------------------+-----------------------------------------------------------------------+---------+----+------+------+-----+
    |                                     Instance                                     |                                 Module                                | BRAM_18K| DSP|  FF  |  LUT | URAM|
    +----------------------------------------------------------------------------------+-----------------------------------------------------------------------+---------+----+------+------+-----+
    |grp_dense_resource_ap_fixed_8_3_4_0_0_ap_fixed_16_6_5_3_0_config18_mult_s_fu_698  |dense_resource_ap_fixed_8_3_4_0_0_ap_fixed_16_6_5_3_0_config18_mult_s  |        0|   0|  2291|  7910|    0|
    +----------------------------------------------------------------------------------+-----------------------------------------------------------------------+---------+----+------+------+-----+
    |Total                                                                             |                                                                       |        0|   0|  2291|  7910|    0|
    +----------------------------------------------------------------------------------+-----------------------------------------------------------------------+---------+----+------+------+-----+

    * DSP: 
    N/A

    * Memory: 
    N/A

    * FIFO: 
    N/A

    * Expression: 
    +---------------------+----------+----+---+----+------------+------------+
    |    Variable Name    | Operation| DSP| FF| LUT| Bitwidth P0| Bitwidth P1|
    +---------------------+----------+----+---+----+------------+------------+
    |i_iw_2_fu_724_p2     |         +|   0|  0|  14|           7|           1|
    |icmp_ln59_fu_718_p2  |      icmp|   0|  0|  10|           7|           7|
    |ap_block_state1      |        or|   0|  0|   2|           1|           1|
    |ap_block_state2      |        or|   0|  0|   2|           1|           1|
    |ap_block_state4      |        or|   0|  0|   2|           1|           1|
    +---------------------+----------+----+---+----+------------+------------+
    |Total                |          |   0|  0|  30|          17|          11|
    +---------------------+----------+----+---+----+------------+------------+

    * Multiplexer: 
    +-----------------------+----+-----------+-----+-----------+
    |          Name         | LUT| Input Size| Bits| Total Bits|
    +-----------------------+----+-----------+-----+-----------+
    |ap_NS_fsm              |  26|          5|    1|          5|
    |ap_done                |   9|          2|    1|          2|
    |i_iw_fu_180            |   9|          2|    7|         14|
    |layer14_out_i_0_blk_n  |   9|          2|    1|          2|
    |layer14_out_i_1_blk_n  |   9|          2|    1|          2|
    |layer14_out_i_2_blk_n  |   9|          2|    1|          2|
    |layer14_out_i_3_blk_n  |   9|          2|    1|          2|
    |out_stream_0_blk_n     |   9|          2|    1|          2|
    |out_stream_10_blk_n    |   9|          2|    1|          2|
    |out_stream_11_blk_n    |   9|          2|    1|          2|
    |out_stream_12_blk_n    |   9|          2|    1|          2|
    |out_stream_13_blk_n    |   9|          2|    1|          2|
    |out_stream_14_blk_n    |   9|          2|    1|          2|
    |out_stream_15_blk_n    |   9|          2|    1|          2|
    |out_stream_16_blk_n    |   9|          2|    1|          2|
    |out_stream_17_blk_n    |   9|          2|    1|          2|
    |out_stream_18_blk_n    |   9|          2|    1|          2|
    |out_stream_19_blk_n    |   9|          2|    1|          2|
    |out_stream_1_blk_n     |   9|          2|    1|          2|
    |out_stream_20_blk_n    |   9|          2|    1|          2|
    |out_stream_21_blk_n    |   9|          2|    1|          2|
    |out_stream_22_blk_n    |   9|          2|    1|          2|
    |out_stream_23_blk_n    |   9|          2|    1|          2|
    |out_stream_24_blk_n    |   9|          2|    1|          2|
    |out_stream_25_blk_n    |   9|          2|    1|          2|
    |out_stream_26_blk_n    |   9|          2|    1|          2|
    |out_stream_27_blk_n    |   9|          2|    1|          2|
    |out_stream_28_blk_n    |   9|          2|    1|          2|
    |out_stream_29_blk_n    |   9|          2|    1|          2|
    |out_stream_2_blk_n     |   9|          2|    1|          2|
    |out_stream_30_blk_n    |   9|          2|    1|          2|
    |out_stream_31_blk_n    |   9|          2|    1|          2|
    |out_stream_32_blk_n    |   9|          2|    1|          2|
    |out_stream_33_blk_n    |   9|          2|    1|          2|
    |out_stream_34_blk_n    |   9|          2|    1|          2|
    |out_stream_35_blk_n    |   9|          2|    1|          2|
    |out_stream_36_blk_n    |   9|          2|    1|          2|
    |out_stream_37_blk_n    |   9|          2|    1|          2|
    |out_stream_38_blk_n    |   9|          2|    1|          2|
    |out_stream_39_blk_n    |   9|          2|    1|          2|
    |out_stream_3_blk_n     |   9|          2|    1|          2|
    |out_stream_40_blk_n    |   9|          2|    1|          2|
    |out_stream_41_blk_n    |   9|          2|    1|          2|
    |out_stream_42_blk_n    |   9|          2|    1|          2|
    |out_stream_43_blk_n    |   9|          2|    1|          2|
    |out_stream_44_blk_n    |   9|          2|    1|          2|
    |out_stream_45_blk_n    |   9|          2|    1|          2|
    |out_stream_46_blk_n    |   9|          2|    1|          2|
    |out_stream_47_blk_n    |   9|          2|    1|          2|
    |out_stream_48_blk_n    |   9|          2|    1|          2|
    |out_stream_49_blk_n    |   9|          2|    1|          2|
    |out_stream_4_blk_n     |   9|          2|    1|          2|
    |out_stream_50_blk_n    |   9|          2|    1|          2|
    |out_stream_51_blk_n    |   9|          2|    1|          2|
    |out_stream_52_blk_n    |   9|          2|    1|          2|
    |out_stream_53_blk_n    |   9|          2|    1|          2|
    |out_stream_54_blk_n    |   9|          2|    1|          2|
    |out_stream_55_blk_n    |   9|          2|    1|          2|
    |out_stream_56_blk_n    |   9|          2|    1|          2|
    |out_stream_57_blk_n    |   9|          2|    1|          2|
    |out_stream_58_blk_n    |   9|          2|    1|          2|
    |out_stream_59_blk_n    |   9|          2|    1|          2|
    |out_stream_5_blk_n     |   9|          2|    1|          2|
    |out_stream_60_blk_n    |   9|          2|    1|          2|
    |out_stream_61_blk_n    |   9|          2|    1|          2|
    |out_stream_62_blk_n    |   9|          2|    1|          2|
    |out_stream_63_blk_n    |   9|          2|    1|          2|
    |out_stream_64_blk_n    |   9|          2|    1|          2|
    |out_stream_65_blk_n    |   9|          2|    1|          2|
    |out_stream_66_blk_n    |   9|          2|    1|          2|
    |out_stream_67_blk_n    |   9|          2|    1|          2|
    |out_stream_68_blk_n    |   9|          2|    1|          2|
    |out_stream_69_blk_n    |   9|          2|    1|          2|
    |out_stream_6_blk_n     |   9|          2|    1|          2|
    |out_stream_7_blk_n     |   9|          2|    1|          2|
    |out_stream_8_blk_n     |   9|          2|    1|          2|
    |out_stream_9_blk_n     |   9|          2|    1|          2|
    |real_start             |   9|          2|    1|          2|
    +-----------------------+----+-----------+-----+-----------+
    |Total                  | 719|        159|   84|        171|
    +-----------------------+----+-----------+-----+-----------+

    * Register: 
    +-----------------------------------------------------------------------------------------------+----+----+-----+-----------+
    |                                              Name                                             | FF | LUT| Bits| Const Bits|
    +-----------------------------------------------------------------------------------------------+----+----+-----+-----------+
    |ap_CS_fsm                                                                                      |   4|   0|    4|          0|
    |ap_done_reg                                                                                    |   1|   0|    1|          0|
    |data_save_V_1_reg_1030                                                                         |   8|   0|    8|          0|
    |data_save_V_2_reg_1035                                                                         |   8|   0|    8|          0|
    |data_save_V_3_reg_1040                                                                         |   8|   0|    8|          0|
    |data_save_V_reg_1025                                                                           |   8|   0|    8|          0|
    |grp_dense_resource_ap_fixed_8_3_4_0_0_ap_fixed_16_6_5_3_0_config18_mult_s_fu_698_ap_start_reg  |   1|   0|    1|          0|
    |i_iw_fu_180                                                                                    |   7|   0|    7|          0|
    |res_V_10_reg_1095                                                                              |  16|   0|   16|          0|
    |res_V_11_reg_1100                                                                              |  16|   0|   16|          0|
    |res_V_12_reg_1105                                                                              |  16|   0|   16|          0|
    |res_V_13_reg_1110                                                                              |  16|   0|   16|          0|
    |res_V_14_reg_1115                                                                              |  16|   0|   16|          0|
    |res_V_15_reg_1120                                                                              |  16|   0|   16|          0|
    |res_V_16_reg_1125                                                                              |  16|   0|   16|          0|
    |res_V_17_reg_1130                                                                              |  16|   0|   16|          0|
    |res_V_18_reg_1135                                                                              |  16|   0|   16|          0|
    |res_V_19_reg_1140                                                                              |  16|   0|   16|          0|
    |res_V_1_reg_1050                                                                               |  16|   0|   16|          0|
    |res_V_20_reg_1145                                                                              |  16|   0|   16|          0|
    |res_V_21_reg_1150                                                                              |  16|   0|   16|          0|
    |res_V_22_reg_1155                                                                              |  16|   0|   16|          0|
    |res_V_23_reg_1160                                                                              |  16|   0|   16|          0|
    |res_V_24_reg_1165                                                                              |  16|   0|   16|          0|
    |res_V_25_reg_1170                                                                              |  16|   0|   16|          0|
    |res_V_26_reg_1175                                                                              |  16|   0|   16|          0|
    |res_V_27_reg_1180                                                                              |  16|   0|   16|          0|
    |res_V_28_reg_1185                                                                              |  16|   0|   16|          0|
    |res_V_29_reg_1190                                                                              |  16|   0|   16|          0|
    |res_V_2_reg_1055                                                                               |  16|   0|   16|          0|
    |res_V_30_reg_1195                                                                              |  16|   0|   16|          0|
    |res_V_31_reg_1200                                                                              |  16|   0|   16|          0|
    |res_V_32_reg_1205                                                                              |  16|   0|   16|          0|
    |res_V_33_reg_1210                                                                              |  16|   0|   16|          0|
    |res_V_34_reg_1215                                                                              |  16|   0|   16|          0|
    |res_V_35_reg_1220                                                                              |  16|   0|   16|          0|
    |res_V_36_reg_1225                                                                              |  16|   0|   16|          0|
    |res_V_37_reg_1230                                                                              |  16|   0|   16|          0|
    |res_V_38_reg_1235                                                                              |  16|   0|   16|          0|
    |res_V_39_reg_1240                                                                              |  16|   0|   16|          0|
    |res_V_3_reg_1060                                                                               |  16|   0|   16|          0|
    |res_V_40_reg_1245                                                                              |  16|   0|   16|          0|
    |res_V_41_reg_1250                                                                              |  16|   0|   16|          0|
    |res_V_42_reg_1255                                                                              |  16|   0|   16|          0|
    |res_V_43_reg_1260                                                                              |  16|   0|   16|          0|
    |res_V_44_reg_1265                                                                              |  16|   0|   16|          0|
    |res_V_45_reg_1270                                                                              |  16|   0|   16|          0|
    |res_V_46_reg_1275                                                                              |  16|   0|   16|          0|
    |res_V_47_reg_1280                                                                              |  16|   0|   16|          0|
    |res_V_48_reg_1285                                                                              |  16|   0|   16|          0|
    |res_V_49_reg_1290                                                                              |  16|   0|   16|          0|
    |res_V_4_reg_1065                                                                               |  16|   0|   16|          0|
    |res_V_50_reg_1295                                                                              |  16|   0|   16|          0|
    |res_V_51_reg_1300                                                                              |  16|   0|   16|          0|
    |res_V_52_reg_1305                                                                              |  16|   0|   16|          0|
    |res_V_53_reg_1310                                                                              |  16|   0|   16|          0|
    |res_V_54_reg_1315                                                                              |  16|   0|   16|          0|
    |res_V_55_reg_1320                                                                              |  16|   0|   16|          0|
    |res_V_56_reg_1325                                                                              |  16|   0|   16|          0|
    |res_V_57_reg_1330                                                                              |  16|   0|   16|          0|
    |res_V_58_reg_1335                                                                              |  16|   0|   16|          0|
    |res_V_59_reg_1340                                                                              |  16|   0|   16|          0|
    |res_V_5_reg_1070                                                                               |  16|   0|   16|          0|
    |res_V_60_reg_1345                                                                              |  16|   0|   16|          0|
    |res_V_61_reg_1350                                                                              |  16|   0|   16|          0|
    |res_V_62_reg_1355                                                                              |  16|   0|   16|          0|
    |res_V_63_reg_1360                                                                              |  16|   0|   16|          0|
    |res_V_64_reg_1365                                                                              |  16|   0|   16|          0|
    |res_V_65_reg_1370                                                                              |  16|   0|   16|          0|
    |res_V_66_reg_1375                                                                              |  16|   0|   16|          0|
    |res_V_67_reg_1380                                                                              |  16|   0|   16|          0|
    |res_V_68_reg_1385                                                                              |  16|   0|   16|          0|
    |res_V_69_reg_1390                                                                              |  16|   0|   16|          0|
    |res_V_6_reg_1075                                                                               |  16|   0|   16|          0|
    |res_V_7_reg_1080                                                                               |  16|   0|   16|          0|
    |res_V_8_reg_1085                                                                               |  16|   0|   16|          0|
    |res_V_9_reg_1090                                                                               |  16|   0|   16|          0|
    |res_V_reg_1045                                                                                 |  16|   0|   16|          0|
    |start_once_reg                                                                                 |   1|   0|    1|          0|
    +-----------------------------------------------------------------------------------------------+----+----+-----+-----------+
    |Total                                                                                          |1166|   0| 1166|          0|
    +-----------------------------------------------------------------------------------------------+----+----+-----+-----------+



================================================================
== Interface
================================================================
* Summary: 
+--------------------------------+-----+-----+------------+--------------------------------------------------------------+--------------+
|            RTL Ports           | Dir | Bits|  Protocol  |                         Source Object                        |    C Type    |
+--------------------------------+-----+-----+------------+--------------------------------------------------------------+--------------+
|ap_clk                          |   in|    1|  ap_ctrl_hs|  pointwise_conv_1d_cl<ap_fixed,ap_fixed<16,6,5,3,0>,config18>|  return value|
|ap_rst                          |   in|    1|  ap_ctrl_hs|  pointwise_conv_1d_cl<ap_fixed,ap_fixed<16,6,5,3,0>,config18>|  return value|
|ap_start                        |   in|    1|  ap_ctrl_hs|  pointwise_conv_1d_cl<ap_fixed,ap_fixed<16,6,5,3,0>,config18>|  return value|
|start_full_n                    |   in|    1|  ap_ctrl_hs|  pointwise_conv_1d_cl<ap_fixed,ap_fixed<16,6,5,3,0>,config18>|  return value|
|ap_done                         |  out|    1|  ap_ctrl_hs|  pointwise_conv_1d_cl<ap_fixed,ap_fixed<16,6,5,3,0>,config18>|  return value|
|ap_continue                     |   in|    1|  ap_ctrl_hs|  pointwise_conv_1d_cl<ap_fixed,ap_fixed<16,6,5,3,0>,config18>|  return value|
|ap_idle                         |  out|    1|  ap_ctrl_hs|  pointwise_conv_1d_cl<ap_fixed,ap_fixed<16,6,5,3,0>,config18>|  return value|
|ap_ready                        |  out|    1|  ap_ctrl_hs|  pointwise_conv_1d_cl<ap_fixed,ap_fixed<16,6,5,3,0>,config18>|  return value|
|start_out                       |  out|    1|  ap_ctrl_hs|  pointwise_conv_1d_cl<ap_fixed,ap_fixed<16,6,5,3,0>,config18>|  return value|
|start_write                     |  out|    1|  ap_ctrl_hs|  pointwise_conv_1d_cl<ap_fixed,ap_fixed<16,6,5,3,0>,config18>|  return value|
|layer14_out_i_0_dout            |   in|    8|     ap_fifo|                                               layer14_out_i_0|       pointer|
|layer14_out_i_0_num_data_valid  |   in|    8|     ap_fifo|                                               layer14_out_i_0|       pointer|
|layer14_out_i_0_fifo_cap        |   in|    8|     ap_fifo|                                               layer14_out_i_0|       pointer|
|layer14_out_i_0_empty_n         |   in|    1|     ap_fifo|                                               layer14_out_i_0|       pointer|
|layer14_out_i_0_read            |  out|    1|     ap_fifo|                                               layer14_out_i_0|       pointer|
|layer14_out_i_1_dout            |   in|    8|     ap_fifo|                                               layer14_out_i_1|       pointer|
|layer14_out_i_1_num_data_valid  |   in|    8|     ap_fifo|                                               layer14_out_i_1|       pointer|
|layer14_out_i_1_fifo_cap        |   in|    8|     ap_fifo|                                               layer14_out_i_1|       pointer|
|layer14_out_i_1_empty_n         |   in|    1|     ap_fifo|                                               layer14_out_i_1|       pointer|
|layer14_out_i_1_read            |  out|    1|     ap_fifo|                                               layer14_out_i_1|       pointer|
|layer14_out_i_2_dout            |   in|    8|     ap_fifo|                                               layer14_out_i_2|       pointer|
|layer14_out_i_2_num_data_valid  |   in|    8|     ap_fifo|                                               layer14_out_i_2|       pointer|
|layer14_out_i_2_fifo_cap        |   in|    8|     ap_fifo|                                               layer14_out_i_2|       pointer|
|layer14_out_i_2_empty_n         |   in|    1|     ap_fifo|                                               layer14_out_i_2|       pointer|
|layer14_out_i_2_read            |  out|    1|     ap_fifo|                                               layer14_out_i_2|       pointer|
|layer14_out_i_3_dout            |   in|    8|     ap_fifo|                                               layer14_out_i_3|       pointer|
|layer14_out_i_3_num_data_valid  |   in|    8|     ap_fifo|                                               layer14_out_i_3|       pointer|
|layer14_out_i_3_fifo_cap        |   in|    8|     ap_fifo|                                               layer14_out_i_3|       pointer|
|layer14_out_i_3_empty_n         |   in|    1|     ap_fifo|                                               layer14_out_i_3|       pointer|
|layer14_out_i_3_read            |  out|    1|     ap_fifo|                                               layer14_out_i_3|       pointer|
|out_stream_0_din                |  out|   16|     ap_fifo|                                                  out_stream_0|       pointer|
|out_stream_0_num_data_valid     |   in|    8|     ap_fifo|                                                  out_stream_0|       pointer|
|out_stream_0_fifo_cap           |   in|    8|     ap_fifo|                                                  out_stream_0|       pointer|
|out_stream_0_full_n             |   in|    1|     ap_fifo|                                                  out_stream_0|       pointer|
|out_stream_0_write              |  out|    1|     ap_fifo|                                                  out_stream_0|       pointer|
|out_stream_1_din                |  out|   16|     ap_fifo|                                                  out_stream_1|       pointer|
|out_stream_1_num_data_valid     |   in|    8|     ap_fifo|                                                  out_stream_1|       pointer|
|out_stream_1_fifo_cap           |   in|    8|     ap_fifo|                                                  out_stream_1|       pointer|
|out_stream_1_full_n             |   in|    1|     ap_fifo|                                                  out_stream_1|       pointer|
|out_stream_1_write              |  out|    1|     ap_fifo|                                                  out_stream_1|       pointer|
|out_stream_2_din                |  out|   16|     ap_fifo|                                                  out_stream_2|       pointer|
|out_stream_2_num_data_valid     |   in|    8|     ap_fifo|                                                  out_stream_2|       pointer|
|out_stream_2_fifo_cap           |   in|    8|     ap_fifo|                                                  out_stream_2|       pointer|
|out_stream_2_full_n             |   in|    1|     ap_fifo|                                                  out_stream_2|       pointer|
|out_stream_2_write              |  out|    1|     ap_fifo|                                                  out_stream_2|       pointer|
|out_stream_3_din                |  out|   16|     ap_fifo|                                                  out_stream_3|       pointer|
|out_stream_3_num_data_valid     |   in|    8|     ap_fifo|                                                  out_stream_3|       pointer|
|out_stream_3_fifo_cap           |   in|    8|     ap_fifo|                                                  out_stream_3|       pointer|
|out_stream_3_full_n             |   in|    1|     ap_fifo|                                                  out_stream_3|       pointer|
|out_stream_3_write              |  out|    1|     ap_fifo|                                                  out_stream_3|       pointer|
|out_stream_4_din                |  out|   16|     ap_fifo|                                                  out_stream_4|       pointer|
|out_stream_4_num_data_valid     |   in|    8|     ap_fifo|                                                  out_stream_4|       pointer|
|out_stream_4_fifo_cap           |   in|    8|     ap_fifo|                                                  out_stream_4|       pointer|
|out_stream_4_full_n             |   in|    1|     ap_fifo|                                                  out_stream_4|       pointer|
|out_stream_4_write              |  out|    1|     ap_fifo|                                                  out_stream_4|       pointer|
|out_stream_5_din                |  out|   16|     ap_fifo|                                                  out_stream_5|       pointer|
|out_stream_5_num_data_valid     |   in|    8|     ap_fifo|                                                  out_stream_5|       pointer|
|out_stream_5_fifo_cap           |   in|    8|     ap_fifo|                                                  out_stream_5|       pointer|
|out_stream_5_full_n             |   in|    1|     ap_fifo|                                                  out_stream_5|       pointer|
|out_stream_5_write              |  out|    1|     ap_fifo|                                                  out_stream_5|       pointer|
|out_stream_6_din                |  out|   16|     ap_fifo|                                                  out_stream_6|       pointer|
|out_stream_6_num_data_valid     |   in|    8|     ap_fifo|                                                  out_stream_6|       pointer|
|out_stream_6_fifo_cap           |   in|    8|     ap_fifo|                                                  out_stream_6|       pointer|
|out_stream_6_full_n             |   in|    1|     ap_fifo|                                                  out_stream_6|       pointer|
|out_stream_6_write              |  out|    1|     ap_fifo|                                                  out_stream_6|       pointer|
|out_stream_7_din                |  out|   16|     ap_fifo|                                                  out_stream_7|       pointer|
|out_stream_7_num_data_valid     |   in|    8|     ap_fifo|                                                  out_stream_7|       pointer|
|out_stream_7_fifo_cap           |   in|    8|     ap_fifo|                                                  out_stream_7|       pointer|
|out_stream_7_full_n             |   in|    1|     ap_fifo|                                                  out_stream_7|       pointer|
|out_stream_7_write              |  out|    1|     ap_fifo|                                                  out_stream_7|       pointer|
|out_stream_8_din                |  out|   16|     ap_fifo|                                                  out_stream_8|       pointer|
|out_stream_8_num_data_valid     |   in|    8|     ap_fifo|                                                  out_stream_8|       pointer|
|out_stream_8_fifo_cap           |   in|    8|     ap_fifo|                                                  out_stream_8|       pointer|
|out_stream_8_full_n             |   in|    1|     ap_fifo|                                                  out_stream_8|       pointer|
|out_stream_8_write              |  out|    1|     ap_fifo|                                                  out_stream_8|       pointer|
|out_stream_9_din                |  out|   16|     ap_fifo|                                                  out_stream_9|       pointer|
|out_stream_9_num_data_valid     |   in|    8|     ap_fifo|                                                  out_stream_9|       pointer|
|out_stream_9_fifo_cap           |   in|    8|     ap_fifo|                                                  out_stream_9|       pointer|
|out_stream_9_full_n             |   in|    1|     ap_fifo|                                                  out_stream_9|       pointer|
|out_stream_9_write              |  out|    1|     ap_fifo|                                                  out_stream_9|       pointer|
|out_stream_10_din               |  out|   16|     ap_fifo|                                                 out_stream_10|       pointer|
|out_stream_10_num_data_valid    |   in|    8|     ap_fifo|                                                 out_stream_10|       pointer|
|out_stream_10_fifo_cap          |   in|    8|     ap_fifo|                                                 out_stream_10|       pointer|
|out_stream_10_full_n            |   in|    1|     ap_fifo|                                                 out_stream_10|       pointer|
|out_stream_10_write             |  out|    1|     ap_fifo|                                                 out_stream_10|       pointer|
|out_stream_11_din               |  out|   16|     ap_fifo|                                                 out_stream_11|       pointer|
|out_stream_11_num_data_valid    |   in|    8|     ap_fifo|                                                 out_stream_11|       pointer|
|out_stream_11_fifo_cap          |   in|    8|     ap_fifo|                                                 out_stream_11|       pointer|
|out_stream_11_full_n            |   in|    1|     ap_fifo|                                                 out_stream_11|       pointer|
|out_stream_11_write             |  out|    1|     ap_fifo|                                                 out_stream_11|       pointer|
|out_stream_12_din               |  out|   16|     ap_fifo|                                                 out_stream_12|       pointer|
|out_stream_12_num_data_valid    |   in|    8|     ap_fifo|                                                 out_stream_12|       pointer|
|out_stream_12_fifo_cap          |   in|    8|     ap_fifo|                                                 out_stream_12|       pointer|
|out_stream_12_full_n            |   in|    1|     ap_fifo|                                                 out_stream_12|       pointer|
|out_stream_12_write             |  out|    1|     ap_fifo|                                                 out_stream_12|       pointer|
|out_stream_13_din               |  out|   16|     ap_fifo|                                                 out_stream_13|       pointer|
|out_stream_13_num_data_valid    |   in|    8|     ap_fifo|                                                 out_stream_13|       pointer|
|out_stream_13_fifo_cap          |   in|    8|     ap_fifo|                                                 out_stream_13|       pointer|
|out_stream_13_full_n            |   in|    1|     ap_fifo|                                                 out_stream_13|       pointer|
|out_stream_13_write             |  out|    1|     ap_fifo|                                                 out_stream_13|       pointer|
|out_stream_14_din               |  out|   16|     ap_fifo|                                                 out_stream_14|       pointer|
|out_stream_14_num_data_valid    |   in|    8|     ap_fifo|                                                 out_stream_14|       pointer|
|out_stream_14_fifo_cap          |   in|    8|     ap_fifo|                                                 out_stream_14|       pointer|
|out_stream_14_full_n            |   in|    1|     ap_fifo|                                                 out_stream_14|       pointer|
|out_stream_14_write             |  out|    1|     ap_fifo|                                                 out_stream_14|       pointer|
|out_stream_15_din               |  out|   16|     ap_fifo|                                                 out_stream_15|       pointer|
|out_stream_15_num_data_valid    |   in|    8|     ap_fifo|                                                 out_stream_15|       pointer|
|out_stream_15_fifo_cap          |   in|    8|     ap_fifo|                                                 out_stream_15|       pointer|
|out_stream_15_full_n            |   in|    1|     ap_fifo|                                                 out_stream_15|       pointer|
|out_stream_15_write             |  out|    1|     ap_fifo|                                                 out_stream_15|       pointer|
|out_stream_16_din               |  out|   16|     ap_fifo|                                                 out_stream_16|       pointer|
|out_stream_16_num_data_valid    |   in|    8|     ap_fifo|                                                 out_stream_16|       pointer|
|out_stream_16_fifo_cap          |   in|    8|     ap_fifo|                                                 out_stream_16|       pointer|
|out_stream_16_full_n            |   in|    1|     ap_fifo|                                                 out_stream_16|       pointer|
|out_stream_16_write             |  out|    1|     ap_fifo|                                                 out_stream_16|       pointer|
|out_stream_17_din               |  out|   16|     ap_fifo|                                                 out_stream_17|       pointer|
|out_stream_17_num_data_valid    |   in|    8|     ap_fifo|                                                 out_stream_17|       pointer|
|out_stream_17_fifo_cap          |   in|    8|     ap_fifo|                                                 out_stream_17|       pointer|
|out_stream_17_full_n            |   in|    1|     ap_fifo|                                                 out_stream_17|       pointer|
|out_stream_17_write             |  out|    1|     ap_fifo|                                                 out_stream_17|       pointer|
|out_stream_18_din               |  out|   16|     ap_fifo|                                                 out_stream_18|       pointer|
|out_stream_18_num_data_valid    |   in|    8|     ap_fifo|                                                 out_stream_18|       pointer|
|out_stream_18_fifo_cap          |   in|    8|     ap_fifo|                                                 out_stream_18|       pointer|
|out_stream_18_full_n            |   in|    1|     ap_fifo|                                                 out_stream_18|       pointer|
|out_stream_18_write             |  out|    1|     ap_fifo|                                                 out_stream_18|       pointer|
|out_stream_19_din               |  out|   16|     ap_fifo|                                                 out_stream_19|       pointer|
|out_stream_19_num_data_valid    |   in|    8|     ap_fifo|                                                 out_stream_19|       pointer|
|out_stream_19_fifo_cap          |   in|    8|     ap_fifo|                                                 out_stream_19|       pointer|
|out_stream_19_full_n            |   in|    1|     ap_fifo|                                                 out_stream_19|       pointer|
|out_stream_19_write             |  out|    1|     ap_fifo|                                                 out_stream_19|       pointer|
|out_stream_20_din               |  out|   16|     ap_fifo|                                                 out_stream_20|       pointer|
|out_stream_20_num_data_valid    |   in|    8|     ap_fifo|                                                 out_stream_20|       pointer|
|out_stream_20_fifo_cap          |   in|    8|     ap_fifo|                                                 out_stream_20|       pointer|
|out_stream_20_full_n            |   in|    1|     ap_fifo|                                                 out_stream_20|       pointer|
|out_stream_20_write             |  out|    1|     ap_fifo|                                                 out_stream_20|       pointer|
|out_stream_21_din               |  out|   16|     ap_fifo|                                                 out_stream_21|       pointer|
|out_stream_21_num_data_valid    |   in|    8|     ap_fifo|                                                 out_stream_21|       pointer|
|out_stream_21_fifo_cap          |   in|    8|     ap_fifo|                                                 out_stream_21|       pointer|
|out_stream_21_full_n            |   in|    1|     ap_fifo|                                                 out_stream_21|       pointer|
|out_stream_21_write             |  out|    1|     ap_fifo|                                                 out_stream_21|       pointer|
|out_stream_22_din               |  out|   16|     ap_fifo|                                                 out_stream_22|       pointer|
|out_stream_22_num_data_valid    |   in|    8|     ap_fifo|                                                 out_stream_22|       pointer|
|out_stream_22_fifo_cap          |   in|    8|     ap_fifo|                                                 out_stream_22|       pointer|
|out_stream_22_full_n            |   in|    1|     ap_fifo|                                                 out_stream_22|       pointer|
|out_stream_22_write             |  out|    1|     ap_fifo|                                                 out_stream_22|       pointer|
|out_stream_23_din               |  out|   16|     ap_fifo|                                                 out_stream_23|       pointer|
|out_stream_23_num_data_valid    |   in|    8|     ap_fifo|                                                 out_stream_23|       pointer|
|out_stream_23_fifo_cap          |   in|    8|     ap_fifo|                                                 out_stream_23|       pointer|
|out_stream_23_full_n            |   in|    1|     ap_fifo|                                                 out_stream_23|       pointer|
|out_stream_23_write             |  out|    1|     ap_fifo|                                                 out_stream_23|       pointer|
|out_stream_24_din               |  out|   16|     ap_fifo|                                                 out_stream_24|       pointer|
|out_stream_24_num_data_valid    |   in|    8|     ap_fifo|                                                 out_stream_24|       pointer|
|out_stream_24_fifo_cap          |   in|    8|     ap_fifo|                                                 out_stream_24|       pointer|
|out_stream_24_full_n            |   in|    1|     ap_fifo|                                                 out_stream_24|       pointer|
|out_stream_24_write             |  out|    1|     ap_fifo|                                                 out_stream_24|       pointer|
|out_stream_25_din               |  out|   16|     ap_fifo|                                                 out_stream_25|       pointer|
|out_stream_25_num_data_valid    |   in|    8|     ap_fifo|                                                 out_stream_25|       pointer|
|out_stream_25_fifo_cap          |   in|    8|     ap_fifo|                                                 out_stream_25|       pointer|
|out_stream_25_full_n            |   in|    1|     ap_fifo|                                                 out_stream_25|       pointer|
|out_stream_25_write             |  out|    1|     ap_fifo|                                                 out_stream_25|       pointer|
|out_stream_26_din               |  out|   16|     ap_fifo|                                                 out_stream_26|       pointer|
|out_stream_26_num_data_valid    |   in|    8|     ap_fifo|                                                 out_stream_26|       pointer|
|out_stream_26_fifo_cap          |   in|    8|     ap_fifo|                                                 out_stream_26|       pointer|
|out_stream_26_full_n            |   in|    1|     ap_fifo|                                                 out_stream_26|       pointer|
|out_stream_26_write             |  out|    1|     ap_fifo|                                                 out_stream_26|       pointer|
|out_stream_27_din               |  out|   16|     ap_fifo|                                                 out_stream_27|       pointer|
|out_stream_27_num_data_valid    |   in|    8|     ap_fifo|                                                 out_stream_27|       pointer|
|out_stream_27_fifo_cap          |   in|    8|     ap_fifo|                                                 out_stream_27|       pointer|
|out_stream_27_full_n            |   in|    1|     ap_fifo|                                                 out_stream_27|       pointer|
|out_stream_27_write             |  out|    1|     ap_fifo|                                                 out_stream_27|       pointer|
|out_stream_28_din               |  out|   16|     ap_fifo|                                                 out_stream_28|       pointer|
|out_stream_28_num_data_valid    |   in|    8|     ap_fifo|                                                 out_stream_28|       pointer|
|out_stream_28_fifo_cap          |   in|    8|     ap_fifo|                                                 out_stream_28|       pointer|
|out_stream_28_full_n            |   in|    1|     ap_fifo|                                                 out_stream_28|       pointer|
|out_stream_28_write             |  out|    1|     ap_fifo|                                                 out_stream_28|       pointer|
|out_stream_29_din               |  out|   16|     ap_fifo|                                                 out_stream_29|       pointer|
|out_stream_29_num_data_valid    |   in|    8|     ap_fifo|                                                 out_stream_29|       pointer|
|out_stream_29_fifo_cap          |   in|    8|     ap_fifo|                                                 out_stream_29|       pointer|
|out_stream_29_full_n            |   in|    1|     ap_fifo|                                                 out_stream_29|       pointer|
|out_stream_29_write             |  out|    1|     ap_fifo|                                                 out_stream_29|       pointer|
|out_stream_30_din               |  out|   16|     ap_fifo|                                                 out_stream_30|       pointer|
|out_stream_30_num_data_valid    |   in|    8|     ap_fifo|                                                 out_stream_30|       pointer|
|out_stream_30_fifo_cap          |   in|    8|     ap_fifo|                                                 out_stream_30|       pointer|
|out_stream_30_full_n            |   in|    1|     ap_fifo|                                                 out_stream_30|       pointer|
|out_stream_30_write             |  out|    1|     ap_fifo|                                                 out_stream_30|       pointer|
|out_stream_31_din               |  out|   16|     ap_fifo|                                                 out_stream_31|       pointer|
|out_stream_31_num_data_valid    |   in|    8|     ap_fifo|                                                 out_stream_31|       pointer|
|out_stream_31_fifo_cap          |   in|    8|     ap_fifo|                                                 out_stream_31|       pointer|
|out_stream_31_full_n            |   in|    1|     ap_fifo|                                                 out_stream_31|       pointer|
|out_stream_31_write             |  out|    1|     ap_fifo|                                                 out_stream_31|       pointer|
|out_stream_32_din               |  out|   16|     ap_fifo|                                                 out_stream_32|       pointer|
|out_stream_32_num_data_valid    |   in|    8|     ap_fifo|                                                 out_stream_32|       pointer|
|out_stream_32_fifo_cap          |   in|    8|     ap_fifo|                                                 out_stream_32|       pointer|
|out_stream_32_full_n            |   in|    1|     ap_fifo|                                                 out_stream_32|       pointer|
|out_stream_32_write             |  out|    1|     ap_fifo|                                                 out_stream_32|       pointer|
|out_stream_33_din               |  out|   16|     ap_fifo|                                                 out_stream_33|       pointer|
|out_stream_33_num_data_valid    |   in|    8|     ap_fifo|                                                 out_stream_33|       pointer|
|out_stream_33_fifo_cap          |   in|    8|     ap_fifo|                                                 out_stream_33|       pointer|
|out_stream_33_full_n            |   in|    1|     ap_fifo|                                                 out_stream_33|       pointer|
|out_stream_33_write             |  out|    1|     ap_fifo|                                                 out_stream_33|       pointer|
|out_stream_34_din               |  out|   16|     ap_fifo|                                                 out_stream_34|       pointer|
|out_stream_34_num_data_valid    |   in|    8|     ap_fifo|                                                 out_stream_34|       pointer|
|out_stream_34_fifo_cap          |   in|    8|     ap_fifo|                                                 out_stream_34|       pointer|
|out_stream_34_full_n            |   in|    1|     ap_fifo|                                                 out_stream_34|       pointer|
|out_stream_34_write             |  out|    1|     ap_fifo|                                                 out_stream_34|       pointer|
|out_stream_35_din               |  out|   16|     ap_fifo|                                                 out_stream_35|       pointer|
|out_stream_35_num_data_valid    |   in|    8|     ap_fifo|                                                 out_stream_35|       pointer|
|out_stream_35_fifo_cap          |   in|    8|     ap_fifo|                                                 out_stream_35|       pointer|
|out_stream_35_full_n            |   in|    1|     ap_fifo|                                                 out_stream_35|       pointer|
|out_stream_35_write             |  out|    1|     ap_fifo|                                                 out_stream_35|       pointer|
|out_stream_36_din               |  out|   16|     ap_fifo|                                                 out_stream_36|       pointer|
|out_stream_36_num_data_valid    |   in|    8|     ap_fifo|                                                 out_stream_36|       pointer|
|out_stream_36_fifo_cap          |   in|    8|     ap_fifo|                                                 out_stream_36|       pointer|
|out_stream_36_full_n            |   in|    1|     ap_fifo|                                                 out_stream_36|       pointer|
|out_stream_36_write             |  out|    1|     ap_fifo|                                                 out_stream_36|       pointer|
|out_stream_37_din               |  out|   16|     ap_fifo|                                                 out_stream_37|       pointer|
|out_stream_37_num_data_valid    |   in|    8|     ap_fifo|                                                 out_stream_37|       pointer|
|out_stream_37_fifo_cap          |   in|    8|     ap_fifo|                                                 out_stream_37|       pointer|
|out_stream_37_full_n            |   in|    1|     ap_fifo|                                                 out_stream_37|       pointer|
|out_stream_37_write             |  out|    1|     ap_fifo|                                                 out_stream_37|       pointer|
|out_stream_38_din               |  out|   16|     ap_fifo|                                                 out_stream_38|       pointer|
|out_stream_38_num_data_valid    |   in|    8|     ap_fifo|                                                 out_stream_38|       pointer|
|out_stream_38_fifo_cap          |   in|    8|     ap_fifo|                                                 out_stream_38|       pointer|
|out_stream_38_full_n            |   in|    1|     ap_fifo|                                                 out_stream_38|       pointer|
|out_stream_38_write             |  out|    1|     ap_fifo|                                                 out_stream_38|       pointer|
|out_stream_39_din               |  out|   16|     ap_fifo|                                                 out_stream_39|       pointer|
|out_stream_39_num_data_valid    |   in|    8|     ap_fifo|                                                 out_stream_39|       pointer|
|out_stream_39_fifo_cap          |   in|    8|     ap_fifo|                                                 out_stream_39|       pointer|
|out_stream_39_full_n            |   in|    1|     ap_fifo|                                                 out_stream_39|       pointer|
|out_stream_39_write             |  out|    1|     ap_fifo|                                                 out_stream_39|       pointer|
|out_stream_40_din               |  out|   16|     ap_fifo|                                                 out_stream_40|       pointer|
|out_stream_40_num_data_valid    |   in|    8|     ap_fifo|                                                 out_stream_40|       pointer|
|out_stream_40_fifo_cap          |   in|    8|     ap_fifo|                                                 out_stream_40|       pointer|
|out_stream_40_full_n            |   in|    1|     ap_fifo|                                                 out_stream_40|       pointer|
|out_stream_40_write             |  out|    1|     ap_fifo|                                                 out_stream_40|       pointer|
|out_stream_41_din               |  out|   16|     ap_fifo|                                                 out_stream_41|       pointer|
|out_stream_41_num_data_valid    |   in|    8|     ap_fifo|                                                 out_stream_41|       pointer|
|out_stream_41_fifo_cap          |   in|    8|     ap_fifo|                                                 out_stream_41|       pointer|
|out_stream_41_full_n            |   in|    1|     ap_fifo|                                                 out_stream_41|       pointer|
|out_stream_41_write             |  out|    1|     ap_fifo|                                                 out_stream_41|       pointer|
|out_stream_42_din               |  out|   16|     ap_fifo|                                                 out_stream_42|       pointer|
|out_stream_42_num_data_valid    |   in|    8|     ap_fifo|                                                 out_stream_42|       pointer|
|out_stream_42_fifo_cap          |   in|    8|     ap_fifo|                                                 out_stream_42|       pointer|
|out_stream_42_full_n            |   in|    1|     ap_fifo|                                                 out_stream_42|       pointer|
|out_stream_42_write             |  out|    1|     ap_fifo|                                                 out_stream_42|       pointer|
|out_stream_43_din               |  out|   16|     ap_fifo|                                                 out_stream_43|       pointer|
|out_stream_43_num_data_valid    |   in|    8|     ap_fifo|                                                 out_stream_43|       pointer|
|out_stream_43_fifo_cap          |   in|    8|     ap_fifo|                                                 out_stream_43|       pointer|
|out_stream_43_full_n            |   in|    1|     ap_fifo|                                                 out_stream_43|       pointer|
|out_stream_43_write             |  out|    1|     ap_fifo|                                                 out_stream_43|       pointer|
|out_stream_44_din               |  out|   16|     ap_fifo|                                                 out_stream_44|       pointer|
|out_stream_44_num_data_valid    |   in|    8|     ap_fifo|                                                 out_stream_44|       pointer|
|out_stream_44_fifo_cap          |   in|    8|     ap_fifo|                                                 out_stream_44|       pointer|
|out_stream_44_full_n            |   in|    1|     ap_fifo|                                                 out_stream_44|       pointer|
|out_stream_44_write             |  out|    1|     ap_fifo|                                                 out_stream_44|       pointer|
|out_stream_45_din               |  out|   16|     ap_fifo|                                                 out_stream_45|       pointer|
|out_stream_45_num_data_valid    |   in|    8|     ap_fifo|                                                 out_stream_45|       pointer|
|out_stream_45_fifo_cap          |   in|    8|     ap_fifo|                                                 out_stream_45|       pointer|
|out_stream_45_full_n            |   in|    1|     ap_fifo|                                                 out_stream_45|       pointer|
|out_stream_45_write             |  out|    1|     ap_fifo|                                                 out_stream_45|       pointer|
|out_stream_46_din               |  out|   16|     ap_fifo|                                                 out_stream_46|       pointer|
|out_stream_46_num_data_valid    |   in|    8|     ap_fifo|                                                 out_stream_46|       pointer|
|out_stream_46_fifo_cap          |   in|    8|     ap_fifo|                                                 out_stream_46|       pointer|
|out_stream_46_full_n            |   in|    1|     ap_fifo|                                                 out_stream_46|       pointer|
|out_stream_46_write             |  out|    1|     ap_fifo|                                                 out_stream_46|       pointer|
|out_stream_47_din               |  out|   16|     ap_fifo|                                                 out_stream_47|       pointer|
|out_stream_47_num_data_valid    |   in|    8|     ap_fifo|                                                 out_stream_47|       pointer|
|out_stream_47_fifo_cap          |   in|    8|     ap_fifo|                                                 out_stream_47|       pointer|
|out_stream_47_full_n            |   in|    1|     ap_fifo|                                                 out_stream_47|       pointer|
|out_stream_47_write             |  out|    1|     ap_fifo|                                                 out_stream_47|       pointer|
|out_stream_48_din               |  out|   16|     ap_fifo|                                                 out_stream_48|       pointer|
|out_stream_48_num_data_valid    |   in|    8|     ap_fifo|                                                 out_stream_48|       pointer|
|out_stream_48_fifo_cap          |   in|    8|     ap_fifo|                                                 out_stream_48|       pointer|
|out_stream_48_full_n            |   in|    1|     ap_fifo|                                                 out_stream_48|       pointer|
|out_stream_48_write             |  out|    1|     ap_fifo|                                                 out_stream_48|       pointer|
|out_stream_49_din               |  out|   16|     ap_fifo|                                                 out_stream_49|       pointer|
|out_stream_49_num_data_valid    |   in|    8|     ap_fifo|                                                 out_stream_49|       pointer|
|out_stream_49_fifo_cap          |   in|    8|     ap_fifo|                                                 out_stream_49|       pointer|
|out_stream_49_full_n            |   in|    1|     ap_fifo|                                                 out_stream_49|       pointer|
|out_stream_49_write             |  out|    1|     ap_fifo|                                                 out_stream_49|       pointer|
|out_stream_50_din               |  out|   16|     ap_fifo|                                                 out_stream_50|       pointer|
|out_stream_50_num_data_valid    |   in|    8|     ap_fifo|                                                 out_stream_50|       pointer|
|out_stream_50_fifo_cap          |   in|    8|     ap_fifo|                                                 out_stream_50|       pointer|
|out_stream_50_full_n            |   in|    1|     ap_fifo|                                                 out_stream_50|       pointer|
|out_stream_50_write             |  out|    1|     ap_fifo|                                                 out_stream_50|       pointer|
|out_stream_51_din               |  out|   16|     ap_fifo|                                                 out_stream_51|       pointer|
|out_stream_51_num_data_valid    |   in|    8|     ap_fifo|                                                 out_stream_51|       pointer|
|out_stream_51_fifo_cap          |   in|    8|     ap_fifo|                                                 out_stream_51|       pointer|
|out_stream_51_full_n            |   in|    1|     ap_fifo|                                                 out_stream_51|       pointer|
|out_stream_51_write             |  out|    1|     ap_fifo|                                                 out_stream_51|       pointer|
|out_stream_52_din               |  out|   16|     ap_fifo|                                                 out_stream_52|       pointer|
|out_stream_52_num_data_valid    |   in|    8|     ap_fifo|                                                 out_stream_52|       pointer|
|out_stream_52_fifo_cap          |   in|    8|     ap_fifo|                                                 out_stream_52|       pointer|
|out_stream_52_full_n            |   in|    1|     ap_fifo|                                                 out_stream_52|       pointer|
|out_stream_52_write             |  out|    1|     ap_fifo|                                                 out_stream_52|       pointer|
|out_stream_53_din               |  out|   16|     ap_fifo|                                                 out_stream_53|       pointer|
|out_stream_53_num_data_valid    |   in|    8|     ap_fifo|                                                 out_stream_53|       pointer|
|out_stream_53_fifo_cap          |   in|    8|     ap_fifo|                                                 out_stream_53|       pointer|
|out_stream_53_full_n            |   in|    1|     ap_fifo|                                                 out_stream_53|       pointer|
|out_stream_53_write             |  out|    1|     ap_fifo|                                                 out_stream_53|       pointer|
|out_stream_54_din               |  out|   16|     ap_fifo|                                                 out_stream_54|       pointer|
|out_stream_54_num_data_valid    |   in|    8|     ap_fifo|                                                 out_stream_54|       pointer|
|out_stream_54_fifo_cap          |   in|    8|     ap_fifo|                                                 out_stream_54|       pointer|
|out_stream_54_full_n            |   in|    1|     ap_fifo|                                                 out_stream_54|       pointer|
|out_stream_54_write             |  out|    1|     ap_fifo|                                                 out_stream_54|       pointer|
|out_stream_55_din               |  out|   16|     ap_fifo|                                                 out_stream_55|       pointer|
|out_stream_55_num_data_valid    |   in|    8|     ap_fifo|                                                 out_stream_55|       pointer|
|out_stream_55_fifo_cap          |   in|    8|     ap_fifo|                                                 out_stream_55|       pointer|
|out_stream_55_full_n            |   in|    1|     ap_fifo|                                                 out_stream_55|       pointer|
|out_stream_55_write             |  out|    1|     ap_fifo|                                                 out_stream_55|       pointer|
|out_stream_56_din               |  out|   16|     ap_fifo|                                                 out_stream_56|       pointer|
|out_stream_56_num_data_valid    |   in|    8|     ap_fifo|                                                 out_stream_56|       pointer|
|out_stream_56_fifo_cap          |   in|    8|     ap_fifo|                                                 out_stream_56|       pointer|
|out_stream_56_full_n            |   in|    1|     ap_fifo|                                                 out_stream_56|       pointer|
|out_stream_56_write             |  out|    1|     ap_fifo|                                                 out_stream_56|       pointer|
|out_stream_57_din               |  out|   16|     ap_fifo|                                                 out_stream_57|       pointer|
|out_stream_57_num_data_valid    |   in|    8|     ap_fifo|                                                 out_stream_57|       pointer|
|out_stream_57_fifo_cap          |   in|    8|     ap_fifo|                                                 out_stream_57|       pointer|
|out_stream_57_full_n            |   in|    1|     ap_fifo|                                                 out_stream_57|       pointer|
|out_stream_57_write             |  out|    1|     ap_fifo|                                                 out_stream_57|       pointer|
|out_stream_58_din               |  out|   16|     ap_fifo|                                                 out_stream_58|       pointer|
|out_stream_58_num_data_valid    |   in|    8|     ap_fifo|                                                 out_stream_58|       pointer|
|out_stream_58_fifo_cap          |   in|    8|     ap_fifo|                                                 out_stream_58|       pointer|
|out_stream_58_full_n            |   in|    1|     ap_fifo|                                                 out_stream_58|       pointer|
|out_stream_58_write             |  out|    1|     ap_fifo|                                                 out_stream_58|       pointer|
|out_stream_59_din               |  out|   16|     ap_fifo|                                                 out_stream_59|       pointer|
|out_stream_59_num_data_valid    |   in|    8|     ap_fifo|                                                 out_stream_59|       pointer|
|out_stream_59_fifo_cap          |   in|    8|     ap_fifo|                                                 out_stream_59|       pointer|
|out_stream_59_full_n            |   in|    1|     ap_fifo|                                                 out_stream_59|       pointer|
|out_stream_59_write             |  out|    1|     ap_fifo|                                                 out_stream_59|       pointer|
|out_stream_60_din               |  out|   16|     ap_fifo|                                                 out_stream_60|       pointer|
|out_stream_60_num_data_valid    |   in|    8|     ap_fifo|                                                 out_stream_60|       pointer|
|out_stream_60_fifo_cap          |   in|    8|     ap_fifo|                                                 out_stream_60|       pointer|
|out_stream_60_full_n            |   in|    1|     ap_fifo|                                                 out_stream_60|       pointer|
|out_stream_60_write             |  out|    1|     ap_fifo|                                                 out_stream_60|       pointer|
|out_stream_61_din               |  out|   16|     ap_fifo|                                                 out_stream_61|       pointer|
|out_stream_61_num_data_valid    |   in|    8|     ap_fifo|                                                 out_stream_61|       pointer|
|out_stream_61_fifo_cap          |   in|    8|     ap_fifo|                                                 out_stream_61|       pointer|
|out_stream_61_full_n            |   in|    1|     ap_fifo|                                                 out_stream_61|       pointer|
|out_stream_61_write             |  out|    1|     ap_fifo|                                                 out_stream_61|       pointer|
|out_stream_62_din               |  out|   16|     ap_fifo|                                                 out_stream_62|       pointer|
|out_stream_62_num_data_valid    |   in|    8|     ap_fifo|                                                 out_stream_62|       pointer|
|out_stream_62_fifo_cap          |   in|    8|     ap_fifo|                                                 out_stream_62|       pointer|
|out_stream_62_full_n            |   in|    1|     ap_fifo|                                                 out_stream_62|       pointer|
|out_stream_62_write             |  out|    1|     ap_fifo|                                                 out_stream_62|       pointer|
|out_stream_63_din               |  out|   16|     ap_fifo|                                                 out_stream_63|       pointer|
|out_stream_63_num_data_valid    |   in|    8|     ap_fifo|                                                 out_stream_63|       pointer|
|out_stream_63_fifo_cap          |   in|    8|     ap_fifo|                                                 out_stream_63|       pointer|
|out_stream_63_full_n            |   in|    1|     ap_fifo|                                                 out_stream_63|       pointer|
|out_stream_63_write             |  out|    1|     ap_fifo|                                                 out_stream_63|       pointer|
|out_stream_64_din               |  out|   16|     ap_fifo|                                                 out_stream_64|       pointer|
|out_stream_64_num_data_valid    |   in|    8|     ap_fifo|                                                 out_stream_64|       pointer|
|out_stream_64_fifo_cap          |   in|    8|     ap_fifo|                                                 out_stream_64|       pointer|
|out_stream_64_full_n            |   in|    1|     ap_fifo|                                                 out_stream_64|       pointer|
|out_stream_64_write             |  out|    1|     ap_fifo|                                                 out_stream_64|       pointer|
|out_stream_65_din               |  out|   16|     ap_fifo|                                                 out_stream_65|       pointer|
|out_stream_65_num_data_valid    |   in|    8|     ap_fifo|                                                 out_stream_65|       pointer|
|out_stream_65_fifo_cap          |   in|    8|     ap_fifo|                                                 out_stream_65|       pointer|
|out_stream_65_full_n            |   in|    1|     ap_fifo|                                                 out_stream_65|       pointer|
|out_stream_65_write             |  out|    1|     ap_fifo|                                                 out_stream_65|       pointer|
|out_stream_66_din               |  out|   16|     ap_fifo|                                                 out_stream_66|       pointer|
|out_stream_66_num_data_valid    |   in|    8|     ap_fifo|                                                 out_stream_66|       pointer|
|out_stream_66_fifo_cap          |   in|    8|     ap_fifo|                                                 out_stream_66|       pointer|
|out_stream_66_full_n            |   in|    1|     ap_fifo|                                                 out_stream_66|       pointer|
|out_stream_66_write             |  out|    1|     ap_fifo|                                                 out_stream_66|       pointer|
|out_stream_67_din               |  out|   16|     ap_fifo|                                                 out_stream_67|       pointer|
|out_stream_67_num_data_valid    |   in|    8|     ap_fifo|                                                 out_stream_67|       pointer|
|out_stream_67_fifo_cap          |   in|    8|     ap_fifo|                                                 out_stream_67|       pointer|
|out_stream_67_full_n            |   in|    1|     ap_fifo|                                                 out_stream_67|       pointer|
|out_stream_67_write             |  out|    1|     ap_fifo|                                                 out_stream_67|       pointer|
|out_stream_68_din               |  out|   16|     ap_fifo|                                                 out_stream_68|       pointer|
|out_stream_68_num_data_valid    |   in|    8|     ap_fifo|                                                 out_stream_68|       pointer|
|out_stream_68_fifo_cap          |   in|    8|     ap_fifo|                                                 out_stream_68|       pointer|
|out_stream_68_full_n            |   in|    1|     ap_fifo|                                                 out_stream_68|       pointer|
|out_stream_68_write             |  out|    1|     ap_fifo|                                                 out_stream_68|       pointer|
|out_stream_69_din               |  out|   16|     ap_fifo|                                                 out_stream_69|       pointer|
|out_stream_69_num_data_valid    |   in|    8|     ap_fifo|                                                 out_stream_69|       pointer|
|out_stream_69_fifo_cap          |   in|    8|     ap_fifo|                                                 out_stream_69|       pointer|
|out_stream_69_full_n            |   in|    1|     ap_fifo|                                                 out_stream_69|       pointer|
|out_stream_69_write             |  out|    1|     ap_fifo|                                                 out_stream_69|       pointer|
+--------------------------------+-----+-----+------------+--------------------------------------------------------------+--------------+

