

================================================================
== Vitis HLS Report for 'VITIS_LOOP_81_2_proc_Pipeline_VITIS_LOOP_81_2'
================================================================
* Date:           Sat Feb 17 11:39:24 2024

* Version:        2022.2 (Build 3670227 on Oct 13 2022)
* Project:        alveo_hls4ml
* Solution:       solution (Vitis Kernel Flow Target)
* Product family: virtexuplus
* Target device:  xcu55c-fsvh2892-2L-e


================================================================
== Performance Estimates
================================================================
+ Timing: 
    * Summary: 
    +--------+---------+----------+------------+
    |  Clock |  Target | Estimated| Uncertainty|
    +--------+---------+----------+------------+
    |ap_clk  |  4.00 ns|  2.920 ns|     1.08 ns|
    +--------+---------+----------+------------+

+ Latency: 
    * Summary: 
    +---------+---------+----------+----------+-----+-----+---------+
    |  Latency (cycles) |  Latency (absolute) |  Interval | Pipeline|
    |   min   |   max   |    min   |    max   | min | max |   Type  |
    +---------+---------+----------+----------+-----+-----+---------+
    |      292|      292|  1.168 us|  1.168 us|  292|  292|       no|
    +---------+---------+----------+----------+-----+-----+---------+

    + Detail: 
        * Instance: 
        N/A

        * Loop: 
        +-------------------+---------+---------+----------+-----------+-----------+------+----------+
        |                   |  Latency (cycles) | Iteration|  Initiation Interval  | Trip |          |
        |     Loop Name     |   min   |   max   |  Latency |  achieved |   target  | Count| Pipelined|
        +-------------------+---------+---------+----------+-----------+-----------+------+----------+
        |- VITIS_LOOP_81_2  |      290|      290|        75|          3|          1|    73|       yes|
        +-------------------+---------+---------+----------+-----------+-----------+------+----------+



================================================================
== Utilization Estimates
================================================================
* Summary: 
+---------------------+---------+------+---------+---------+-----+
|         Name        | BRAM_18K|  DSP |    FF   |   LUT   | URAM|
+---------------------+---------+------+---------+---------+-----+
|DSP                  |        -|     -|        -|        -|    -|
|Expression           |        -|     -|        0|     2302|    -|
|FIFO                 |        -|     -|        -|        -|    -|
|Instance             |        -|     -|        -|        -|    -|
|Memory               |        -|     -|        -|        -|    -|
|Multiplexer          |        -|     -|        -|       92|    -|
|Register             |        -|     -|    26895|       64|    -|
+---------------------+---------+------+---------+---------+-----+
|Total                |        0|     0|    26895|     2458|    0|
+---------------------+---------+------+---------+---------+-----+
|Available SLR        |     1344|  3008|   869120|   434560|  320|
+---------------------+---------+------+---------+---------+-----+
|Utilization SLR (%)  |        0|     0|        3|       ~0|    0|
+---------------------+---------+------+---------+---------+-----+
|Available            |     4032|  9024|  2607360|  1303680|  960|
+---------------------+---------+------+---------+---------+-----+
|Utilization (%)      |        0|     0|        1|       ~0|    0|
+---------------------+---------+------+---------+---------+-----+

+ Detail: 
    * Instance: 
    N/A

    * DSP: 
    N/A

    * Memory: 
    N/A

    * FIFO: 
    N/A

    * Expression: 
    +------------------------------------+----------+----+---+------+------------+------------+
    |            Variable Name           | Operation| DSP| FF|  LUT | Bitwidth P0| Bitwidth P1|
    +------------------------------------+----------+----+---+------+------------+------------+
    |add_ln81_fu_170_p2                  |         +|   0|  0|    14|           7|           1|
    |add_ln85_fu_198_p2                  |         +|   0|  0|    71|          64|          64|
    |empty_2446_fu_180_p2                |         +|   0|  0|    20|          13|          13|
    |ap_block_pp0_stage0_11001           |       and|   0|  0|     2|           1|           1|
    |ap_block_pp0_stage2_11001           |       and|   0|  0|     2|           1|           1|
    |ap_block_state2_io                  |       and|   0|  0|     2|           1|           1|
    |ap_block_state72_pp0_stage2_iter23  |       and|   0|  0|     2|           1|           1|
    |ap_block_state74_pp0_stage1_iter24  |       and|   0|  0|     2|           1|           1|
    |ap_predicate_op180_read_state74     |       and|   0|  0|     2|           1|           1|
    |icmp_ln81_fu_164_p2                 |      icmp|   0|  0|    10|           7|           7|
    |lshr_ln85_fu_241_p2                 |      lshr|   0|  0|  2171|        3072|        3072|
    |ap_block_pp0_stage1_11001           |        or|   0|  0|     2|           1|           1|
    |ap_enable_pp0                       |       xor|   0|  0|     2|           1|           2|
    +------------------------------------+----------+----+---+------+------------+------------+
    |Total                               |          |   0|  0|  2302|        3171|        3166|
    +------------------------------------+----------+----+---+------+------------+------------+

    * Multiplexer: 
    +------------------------------------------+----+-----------+------+-----------+
    |                   Name                   | LUT| Input Size| Bits | Total Bits|
    +------------------------------------------+----+-----------+------+-----------+
    |ap_NS_fsm                                 |  20|          4|     1|          4|
    |ap_done_int                               |   9|          2|     1|          2|
    |ap_enable_reg_pp0_iter0                   |   9|          2|     1|          2|
    |ap_enable_reg_pp0_iter1                   |   9|          2|     1|          2|
    |ap_phi_reg_pp0_iter24_empty_2445_reg_137  |   9|          2|  1024|       2048|
    |ap_sig_allocacmp_i_7                      |   9|          2|     7|         14|
    |gmem0_blk_n_AR                            |   9|          2|     1|          2|
    |gmem0_blk_n_R                             |   9|          2|     1|          2|
    |i_fu_80                                   |   9|          2|     7|         14|
    +------------------------------------------+----+-----------+------+-----------+
    |Total                                     |  92|         20|  1044|       2090|
    +------------------------------------------+----+-----------+------+-----------+

    * Register: 
    +------------------------------------------+------+----+------+-----------+
    |                   Name                   |  FF  | LUT| Bits | Const Bits|
    +------------------------------------------+------+----+------+-----------+
    |ap_CS_fsm                                 |     3|   0|     3|          0|
    |ap_done_reg                               |     1|   0|     1|          0|
    |ap_enable_reg_pp0_iter0_reg               |     1|   0|     1|          0|
    |ap_enable_reg_pp0_iter1                   |     1|   0|     1|          0|
    |ap_enable_reg_pp0_iter10                  |     1|   0|     1|          0|
    |ap_enable_reg_pp0_iter11                  |     1|   0|     1|          0|
    |ap_enable_reg_pp0_iter12                  |     1|   0|     1|          0|
    |ap_enable_reg_pp0_iter13                  |     1|   0|     1|          0|
    |ap_enable_reg_pp0_iter14                  |     1|   0|     1|          0|
    |ap_enable_reg_pp0_iter15                  |     1|   0|     1|          0|
    |ap_enable_reg_pp0_iter16                  |     1|   0|     1|          0|
    |ap_enable_reg_pp0_iter17                  |     1|   0|     1|          0|
    |ap_enable_reg_pp0_iter18                  |     1|   0|     1|          0|
    |ap_enable_reg_pp0_iter19                  |     1|   0|     1|          0|
    |ap_enable_reg_pp0_iter2                   |     1|   0|     1|          0|
    |ap_enable_reg_pp0_iter20                  |     1|   0|     1|          0|
    |ap_enable_reg_pp0_iter21                  |     1|   0|     1|          0|
    |ap_enable_reg_pp0_iter22                  |     1|   0|     1|          0|
    |ap_enable_reg_pp0_iter23                  |     1|   0|     1|          0|
    |ap_enable_reg_pp0_iter24                  |     1|   0|     1|          0|
    |ap_enable_reg_pp0_iter3                   |     1|   0|     1|          0|
    |ap_enable_reg_pp0_iter4                   |     1|   0|     1|          0|
    |ap_enable_reg_pp0_iter5                   |     1|   0|     1|          0|
    |ap_enable_reg_pp0_iter6                   |     1|   0|     1|          0|
    |ap_enable_reg_pp0_iter7                   |     1|   0|     1|          0|
    |ap_enable_reg_pp0_iter8                   |     1|   0|     1|          0|
    |ap_enable_reg_pp0_iter9                   |     1|   0|     1|          0|
    |ap_loop_exit_ready_pp0_iter10_reg         |     1|   0|     1|          0|
    |ap_loop_exit_ready_pp0_iter11_reg         |     1|   0|     1|          0|
    |ap_loop_exit_ready_pp0_iter12_reg         |     1|   0|     1|          0|
    |ap_loop_exit_ready_pp0_iter13_reg         |     1|   0|     1|          0|
    |ap_loop_exit_ready_pp0_iter14_reg         |     1|   0|     1|          0|
    |ap_loop_exit_ready_pp0_iter15_reg         |     1|   0|     1|          0|
    |ap_loop_exit_ready_pp0_iter16_reg         |     1|   0|     1|          0|
    |ap_loop_exit_ready_pp0_iter17_reg         |     1|   0|     1|          0|
    |ap_loop_exit_ready_pp0_iter18_reg         |     1|   0|     1|          0|
    |ap_loop_exit_ready_pp0_iter19_reg         |     1|   0|     1|          0|
    |ap_loop_exit_ready_pp0_iter1_reg          |     1|   0|     1|          0|
    |ap_loop_exit_ready_pp0_iter20_reg         |     1|   0|     1|          0|
    |ap_loop_exit_ready_pp0_iter21_reg         |     1|   0|     1|          0|
    |ap_loop_exit_ready_pp0_iter22_reg         |     1|   0|     1|          0|
    |ap_loop_exit_ready_pp0_iter23_reg         |     1|   0|     1|          0|
    |ap_loop_exit_ready_pp0_iter2_reg          |     1|   0|     1|          0|
    |ap_loop_exit_ready_pp0_iter3_reg          |     1|   0|     1|          0|
    |ap_loop_exit_ready_pp0_iter4_reg          |     1|   0|     1|          0|
    |ap_loop_exit_ready_pp0_iter5_reg          |     1|   0|     1|          0|
    |ap_loop_exit_ready_pp0_iter6_reg          |     1|   0|     1|          0|
    |ap_loop_exit_ready_pp0_iter7_reg          |     1|   0|     1|          0|
    |ap_loop_exit_ready_pp0_iter8_reg          |     1|   0|     1|          0|
    |ap_loop_exit_ready_pp0_iter9_reg          |     1|   0|     1|          0|
    |ap_phi_reg_pp0_iter10_empty_2445_reg_137  |  1024|   0|  1024|          0|
    |ap_phi_reg_pp0_iter11_empty_2445_reg_137  |  1024|   0|  1024|          0|
    |ap_phi_reg_pp0_iter12_empty_2445_reg_137  |  1024|   0|  1024|          0|
    |ap_phi_reg_pp0_iter13_empty_2445_reg_137  |  1024|   0|  1024|          0|
    |ap_phi_reg_pp0_iter14_empty_2445_reg_137  |  1024|   0|  1024|          0|
    |ap_phi_reg_pp0_iter15_empty_2445_reg_137  |  1024|   0|  1024|          0|
    |ap_phi_reg_pp0_iter16_empty_2445_reg_137  |  1024|   0|  1024|          0|
    |ap_phi_reg_pp0_iter17_empty_2445_reg_137  |  1024|   0|  1024|          0|
    |ap_phi_reg_pp0_iter18_empty_2445_reg_137  |  1024|   0|  1024|          0|
    |ap_phi_reg_pp0_iter19_empty_2445_reg_137  |  1024|   0|  1024|          0|
    |ap_phi_reg_pp0_iter1_empty_2445_reg_137   |  1024|   0|  1024|          0|
    |ap_phi_reg_pp0_iter20_empty_2445_reg_137  |  1024|   0|  1024|          0|
    |ap_phi_reg_pp0_iter21_empty_2445_reg_137  |  1024|   0|  1024|          0|
    |ap_phi_reg_pp0_iter22_empty_2445_reg_137  |  1024|   0|  1024|          0|
    |ap_phi_reg_pp0_iter23_empty_2445_reg_137  |  1024|   0|  1024|          0|
    |ap_phi_reg_pp0_iter24_empty_2445_reg_137  |  1024|   0|  1024|          0|
    |ap_phi_reg_pp0_iter2_empty_2445_reg_137   |  1024|   0|  1024|          0|
    |ap_phi_reg_pp0_iter3_empty_2445_reg_137   |  1024|   0|  1024|          0|
    |ap_phi_reg_pp0_iter4_empty_2445_reg_137   |  1024|   0|  1024|          0|
    |ap_phi_reg_pp0_iter5_empty_2445_reg_137   |  1024|   0|  1024|          0|
    |ap_phi_reg_pp0_iter6_empty_2445_reg_137   |  1024|   0|  1024|          0|
    |ap_phi_reg_pp0_iter7_empty_2445_reg_137   |  1024|   0|  1024|          0|
    |ap_phi_reg_pp0_iter8_empty_2445_reg_137   |  1024|   0|  1024|          0|
    |ap_phi_reg_pp0_iter9_empty_2445_reg_137   |  1024|   0|  1024|          0|
    |gmem0_addr_read_1_reg_302                 |  1024|   0|  1024|          0|
    |gmem0_addr_read_reg_292                   |  1024|   0|  1024|          0|
    |i_7_reg_272                               |     7|   0|     7|          0|
    |i_fu_80                                   |     7|   0|     7|          0|
    |icmp_ln81_reg_277                         |     1|   0|     1|          0|
    |in_buf1_V1_addr_reg_297                   |     7|   0|     7|          0|
    |select_ln85_cast_cast_reg_262             |     2|   0|    32|         30|
    |trunc_ln_reg_281                          |    57|   0|    57|          0|
    |zext_ln92_cast_reg_267                    |    10|   0|  3072|       3062|
    |i_7_reg_272                               |    64|  32|     7|          0|
    |icmp_ln81_reg_277                         |    64|  32|     1|          0|
    +------------------------------------------+------+----+------+-----------+
    |Total                                     | 26895|  64| 29867|       3092|
    +------------------------------------------+------+----+------+-----------+



================================================================
== Interface
================================================================
* Summary: 
+----------------------+-----+------+------------+-----------------------------------------------+--------------+
|       RTL Ports      | Dir | Bits |  Protocol  |                 Source Object                 |    C Type    |
+----------------------+-----+------+------------+-----------------------------------------------+--------------+
|ap_clk                |   in|     1|  ap_ctrl_hs|  VITIS_LOOP_81_2_proc_Pipeline_VITIS_LOOP_81_2|  return value|
|ap_rst                |   in|     1|  ap_ctrl_hs|  VITIS_LOOP_81_2_proc_Pipeline_VITIS_LOOP_81_2|  return value|
|ap_start              |   in|     1|  ap_ctrl_hs|  VITIS_LOOP_81_2_proc_Pipeline_VITIS_LOOP_81_2|  return value|
|ap_done               |  out|     1|  ap_ctrl_hs|  VITIS_LOOP_81_2_proc_Pipeline_VITIS_LOOP_81_2|  return value|
|ap_idle               |  out|     1|  ap_ctrl_hs|  VITIS_LOOP_81_2_proc_Pipeline_VITIS_LOOP_81_2|  return value|
|ap_ready              |  out|     1|  ap_ctrl_hs|  VITIS_LOOP_81_2_proc_Pipeline_VITIS_LOOP_81_2|  return value|
|m_axi_gmem0_AWVALID   |  out|     1|       m_axi|                                          gmem0|       pointer|
|m_axi_gmem0_AWREADY   |   in|     1|       m_axi|                                          gmem0|       pointer|
|m_axi_gmem0_AWADDR    |  out|    64|       m_axi|                                          gmem0|       pointer|
|m_axi_gmem0_AWID      |  out|     1|       m_axi|                                          gmem0|       pointer|
|m_axi_gmem0_AWLEN     |  out|    32|       m_axi|                                          gmem0|       pointer|
|m_axi_gmem0_AWSIZE    |  out|     3|       m_axi|                                          gmem0|       pointer|
|m_axi_gmem0_AWBURST   |  out|     2|       m_axi|                                          gmem0|       pointer|
|m_axi_gmem0_AWLOCK    |  out|     2|       m_axi|                                          gmem0|       pointer|
|m_axi_gmem0_AWCACHE   |  out|     4|       m_axi|                                          gmem0|       pointer|
|m_axi_gmem0_AWPROT    |  out|     3|       m_axi|                                          gmem0|       pointer|
|m_axi_gmem0_AWQOS     |  out|     4|       m_axi|                                          gmem0|       pointer|
|m_axi_gmem0_AWREGION  |  out|     4|       m_axi|                                          gmem0|       pointer|
|m_axi_gmem0_AWUSER    |  out|     1|       m_axi|                                          gmem0|       pointer|
|m_axi_gmem0_WVALID    |  out|     1|       m_axi|                                          gmem0|       pointer|
|m_axi_gmem0_WREADY    |   in|     1|       m_axi|                                          gmem0|       pointer|
|m_axi_gmem0_WDATA     |  out|  1024|       m_axi|                                          gmem0|       pointer|
|m_axi_gmem0_WSTRB     |  out|   128|       m_axi|                                          gmem0|       pointer|
|m_axi_gmem0_WLAST     |  out|     1|       m_axi|                                          gmem0|       pointer|
|m_axi_gmem0_WID       |  out|     1|       m_axi|                                          gmem0|       pointer|
|m_axi_gmem0_WUSER     |  out|     1|       m_axi|                                          gmem0|       pointer|
|m_axi_gmem0_ARVALID   |  out|     1|       m_axi|                                          gmem0|       pointer|
|m_axi_gmem0_ARREADY   |   in|     1|       m_axi|                                          gmem0|       pointer|
|m_axi_gmem0_ARADDR    |  out|    64|       m_axi|                                          gmem0|       pointer|
|m_axi_gmem0_ARID      |  out|     1|       m_axi|                                          gmem0|       pointer|
|m_axi_gmem0_ARLEN     |  out|    32|       m_axi|                                          gmem0|       pointer|
|m_axi_gmem0_ARSIZE    |  out|     3|       m_axi|                                          gmem0|       pointer|
|m_axi_gmem0_ARBURST   |  out|     2|       m_axi|                                          gmem0|       pointer|
|m_axi_gmem0_ARLOCK    |  out|     2|       m_axi|                                          gmem0|       pointer|
|m_axi_gmem0_ARCACHE   |  out|     4|       m_axi|                                          gmem0|       pointer|
|m_axi_gmem0_ARPROT    |  out|     3|       m_axi|                                          gmem0|       pointer|
|m_axi_gmem0_ARQOS     |  out|     4|       m_axi|                                          gmem0|       pointer|
|m_axi_gmem0_ARREGION  |  out|     4|       m_axi|                                          gmem0|       pointer|
|m_axi_gmem0_ARUSER    |  out|     1|       m_axi|                                          gmem0|       pointer|
|m_axi_gmem0_RVALID    |   in|     1|       m_axi|                                          gmem0|       pointer|
|m_axi_gmem0_RREADY    |  out|     1|       m_axi|                                          gmem0|       pointer|
|m_axi_gmem0_RDATA     |   in|  1024|       m_axi|                                          gmem0|       pointer|
|m_axi_gmem0_RLAST     |   in|     1|       m_axi|                                          gmem0|       pointer|
|m_axi_gmem0_RID       |   in|     1|       m_axi|                                          gmem0|       pointer|
|m_axi_gmem0_RFIFONUM  |   in|     9|       m_axi|                                          gmem0|       pointer|
|m_axi_gmem0_RUSER     |   in|     1|       m_axi|                                          gmem0|       pointer|
|m_axi_gmem0_RRESP     |   in|     2|       m_axi|                                          gmem0|       pointer|
|m_axi_gmem0_BVALID    |   in|     1|       m_axi|                                          gmem0|       pointer|
|m_axi_gmem0_BREADY    |  out|     1|       m_axi|                                          gmem0|       pointer|
|m_axi_gmem0_BRESP     |   in|     2|       m_axi|                                          gmem0|       pointer|
|m_axi_gmem0_BID       |   in|     1|       m_axi|                                          gmem0|       pointer|
|m_axi_gmem0_BUSER     |   in|     1|       m_axi|                                          gmem0|       pointer|
|zext_ln92             |   in|    10|     ap_none|                                      zext_ln92|        scalar|
|mul_ln76              |   in|    13|     ap_none|                                       mul_ln76|        scalar|
|in_buf1_V1_address0   |  out|     7|   ap_memory|                                     in_buf1_V1|         array|
|in_buf1_V1_ce0        |  out|     1|   ap_memory|                                     in_buf1_V1|         array|
|in_buf1_V1_we0        |  out|     1|   ap_memory|                                     in_buf1_V1|         array|
|in_buf1_V1_d0         |  out|  1120|   ap_memory|                                     in_buf1_V1|         array|
|in1                   |   in|    64|     ap_none|                                            in1|        scalar|
|select_ln85_cast      |   in|     2|     ap_none|                               select_ln85_cast|        scalar|
|icmp_ln85             |   in|     1|     ap_none|                                      icmp_ln85|        scalar|
+----------------------+-----+------+------------+-----------------------------------------------+--------------+

