

================================================================
== Vitis HLS Report for 'VITIS_LOOP_88_4_proc'
================================================================
* Date:           Thu Feb 15 14:48:49 2024

* Version:        2022.2 (Build 3670227 on Oct 13 2022)
* Project:        alveo_hls4ml
* Solution:       solution (Vitis Kernel Flow Target)
* Product family: virtexuplus
* Target device:  xcu55c-fsvh2892-2L-e


================================================================
== Performance Estimates
================================================================
+ Timing: 
    * Summary: 
    +--------+---------+----------+------------+
    |  Clock |  Target | Estimated| Uncertainty|
    +--------+---------+----------+------------+
    |ap_clk  |  4.00 ns|  2.920 ns|     1.08 ns|
    +--------+---------+----------+------------+

+ Latency: 
    * Summary: 
    +---------+---------+----------+----------+-----+-----+---------+
    |  Latency (cycles) |  Latency (absolute) |  Interval | Pipeline|
    |   min   |   max   |    min   |    max   | min | max |   Type  |
    +---------+---------+----------+----------+-----+-----+---------+
    |      294|      294|  1.176 us|  1.176 us|  294|  294|       no|
    +---------+---------+----------+----------+-----+-----+---------+

    + Detail: 
        * Instance: 
        +---------------------------------------------------------+-----------------------------------------------+---------+---------+----------+----------+-----+-----+---------+
        |                                                         |                                               |  Latency (cycles) |  Latency (absolute) |  Interval | Pipeline|
        |                         Instance                        |                     Module                    |   min   |   max   |    min   |    max   | min | max |   Type  |
        +---------------------------------------------------------+-----------------------------------------------+---------+---------+----------+----------+-----+-----+---------+
        |grp_VITIS_LOOP_88_4_proc_Pipeline_VITIS_LOOP_88_4_fu_76  |VITIS_LOOP_88_4_proc_Pipeline_VITIS_LOOP_88_4  |      292|      292|  1.168 us|  1.168 us|  292|  292|       no|
        +---------------------------------------------------------+-----------------------------------------------+---------+---------+----------+----------+-----+-----+---------+

        * Loop: 
        N/A



================================================================
== Utilization Estimates
================================================================
* Summary: 
+---------------------+---------+------+---------+---------+-----+
|         Name        | BRAM_18K|  DSP |    FF   |   LUT   | URAM|
+---------------------+---------+------+---------+---------+-----+
|DSP                  |        -|     -|        -|        -|    -|
|Expression           |        -|     -|        0|       15|    -|
|FIFO                 |        -|     -|        -|        -|    -|
|Instance             |        -|     0|    26895|     2498|    -|
|Memory               |        -|     -|        -|        -|    -|
|Multiplexer          |        -|     -|        -|       56|    -|
|Register             |        -|     -|       27|        -|    -|
+---------------------+---------+------+---------+---------+-----+
|Total                |        0|     0|    26922|     2569|    0|
+---------------------+---------+------+---------+---------+-----+
|Available SLR        |     1344|  3008|   869120|   434560|  320|
+---------------------+---------+------+---------+---------+-----+
|Utilization SLR (%)  |        0|     0|        3|       ~0|    0|
+---------------------+---------+------+---------+---------+-----+
|Available            |     4032|  9024|  2607360|  1303680|  960|
+---------------------+---------+------+---------+---------+-----+
|Utilization (%)      |        0|     0|        1|       ~0|    0|
+---------------------+---------+------+---------+---------+-----+

+ Detail: 
    * Instance: 
    +---------------------------------------------------------+-----------------------------------------------+---------+----+-------+------+-----+
    |                         Instance                        |                     Module                    | BRAM_18K| DSP|   FF  |  LUT | URAM|
    +---------------------------------------------------------+-----------------------------------------------+---------+----+-------+------+-----+
    |grp_VITIS_LOOP_88_4_proc_Pipeline_VITIS_LOOP_88_4_fu_76  |VITIS_LOOP_88_4_proc_Pipeline_VITIS_LOOP_88_4  |        0|   0|  26895|  2458|    0|
    |mul_7ns_8ns_13_1_1_U23                                   |mul_7ns_8ns_13_1_1                             |        0|   0|      0|    40|    0|
    +---------------------------------------------------------+-----------------------------------------------+---------+----+-------+------+-----+
    |Total                                                    |                                               |        0|   0|  26895|  2498|    0|
    +---------------------------------------------------------+-----------------------------------------------+---------+----+-------+------+-----+

    * DSP: 
    N/A

    * Memory: 
    N/A

    * FIFO: 
    N/A

    * Expression: 
    +----------------------------+----------+----+---+----+------------+------------+
    |        Variable Name       | Operation| DSP| FF| LUT| Bitwidth P0| Bitwidth P1|
    +----------------------------+----------+----+---+----+------------+------------+
    |icmp_ln92_fu_113_p2         |      icmp|   0|  0|  10|           7|           1|
    |ap_block_state1             |        or|   0|  0|   2|           1|           1|
    |select_ln92_cast_fu_120_p3  |    select|   0|  0|   3|           1|           2|
    +----------------------------+----------+----+---+----+------------+------------+
    |Total                       |          |   0|  0|  15|           9|           4|
    +----------------------------+----------+----+---+----+------------+------------+

    * Multiplexer: 
    +---------------------+----+-----------+-----+-----------+
    |         Name        | LUT| Input Size| Bits| Total Bits|
    +---------------------+----+-----------+-----+-----------+
    |N_c_blk_n            |   9|          2|    1|          2|
    |ap_NS_fsm            |  20|          4|    1|          4|
    |ap_done              |   9|          2|    1|          2|
    |m_axi_gmem1_ARVALID  |   9|          2|    1|          2|
    |m_axi_gmem1_RREADY   |   9|          2|    1|          2|
    +---------------------+----+-----------+-----+-----------+
    |Total                |  56|         12|    5|         12|
    +---------------------+----+-----------+-----+-----------+

    * Register: 
    +----------------------------------------------------------------------+----+----+-----+-----------+
    |                                 Name                                 | FF | LUT| Bits| Const Bits|
    +----------------------------------------------------------------------+----+----+-----+-----------+
    |ap_CS_fsm                                                             |   3|   0|    3|          0|
    |ap_done_reg                                                           |   1|   0|    1|          0|
    |grp_VITIS_LOOP_88_4_proc_Pipeline_VITIS_LOOP_88_4_fu_76_ap_start_reg  |   1|   0|    1|          0|
    |icmp_ln92_reg_144                                                     |   1|   0|    1|          0|
    |mul_ln76_reg_129                                                      |  13|   0|   13|          0|
    |select_ln92_cast_reg_149                                              |   1|   0|    2|          1|
    |shl_ln_reg_139                                                        |   7|   0|   10|          3|
    +----------------------------------------------------------------------+----+----+-----+-----------+
    |Total                                                                 |  27|   0|   31|          4|
    +----------------------------------------------------------------------+----+----+-----+-----------+



================================================================
== Interface
================================================================
* Summary: 
+----------------------+-----+------+------------+----------------------+--------------+
|       RTL Ports      | Dir | Bits |  Protocol  |     Source Object    |    C Type    |
+----------------------+-----+------+------------+----------------------+--------------+
|ap_clk                |   in|     1|  ap_ctrl_hs|  VITIS_LOOP_88_4_proc|  return value|
|ap_rst                |   in|     1|  ap_ctrl_hs|  VITIS_LOOP_88_4_proc|  return value|
|ap_start              |   in|     1|  ap_ctrl_hs|  VITIS_LOOP_88_4_proc|  return value|
|ap_done               |  out|     1|  ap_ctrl_hs|  VITIS_LOOP_88_4_proc|  return value|
|ap_continue           |   in|     1|  ap_ctrl_hs|  VITIS_LOOP_88_4_proc|  return value|
|ap_idle               |  out|     1|  ap_ctrl_hs|  VITIS_LOOP_88_4_proc|  return value|
|ap_ready              |  out|     1|  ap_ctrl_hs|  VITIS_LOOP_88_4_proc|  return value|
|in2                   |   in|    64|     ap_none|                   in2|        scalar|
|N                     |   in|     7|     ap_none|                     N|        scalar|
|in_buf2_V2_address0   |  out|     7|   ap_memory|            in_buf2_V2|         array|
|in_buf2_V2_ce0        |  out|     1|   ap_memory|            in_buf2_V2|         array|
|in_buf2_V2_we0        |  out|     1|   ap_memory|            in_buf2_V2|         array|
|in_buf2_V2_d0         |  out|  1024|   ap_memory|            in_buf2_V2|         array|
|m_axi_gmem1_AWVALID   |  out|     1|       m_axi|                 gmem1|       pointer|
|m_axi_gmem1_AWREADY   |   in|     1|       m_axi|                 gmem1|       pointer|
|m_axi_gmem1_AWADDR    |  out|    64|       m_axi|                 gmem1|       pointer|
|m_axi_gmem1_AWID      |  out|     1|       m_axi|                 gmem1|       pointer|
|m_axi_gmem1_AWLEN     |  out|    32|       m_axi|                 gmem1|       pointer|
|m_axi_gmem1_AWSIZE    |  out|     3|       m_axi|                 gmem1|       pointer|
|m_axi_gmem1_AWBURST   |  out|     2|       m_axi|                 gmem1|       pointer|
|m_axi_gmem1_AWLOCK    |  out|     2|       m_axi|                 gmem1|       pointer|
|m_axi_gmem1_AWCACHE   |  out|     4|       m_axi|                 gmem1|       pointer|
|m_axi_gmem1_AWPROT    |  out|     3|       m_axi|                 gmem1|       pointer|
|m_axi_gmem1_AWQOS     |  out|     4|       m_axi|                 gmem1|       pointer|
|m_axi_gmem1_AWREGION  |  out|     4|       m_axi|                 gmem1|       pointer|
|m_axi_gmem1_AWUSER    |  out|     1|       m_axi|                 gmem1|       pointer|
|m_axi_gmem1_WVALID    |  out|     1|       m_axi|                 gmem1|       pointer|
|m_axi_gmem1_WREADY    |   in|     1|       m_axi|                 gmem1|       pointer|
|m_axi_gmem1_WDATA     |  out|  1024|       m_axi|                 gmem1|       pointer|
|m_axi_gmem1_WSTRB     |  out|   128|       m_axi|                 gmem1|       pointer|
|m_axi_gmem1_WLAST     |  out|     1|       m_axi|                 gmem1|       pointer|
|m_axi_gmem1_WID       |  out|     1|       m_axi|                 gmem1|       pointer|
|m_axi_gmem1_WUSER     |  out|     1|       m_axi|                 gmem1|       pointer|
|m_axi_gmem1_ARVALID   |  out|     1|       m_axi|                 gmem1|       pointer|
|m_axi_gmem1_ARREADY   |   in|     1|       m_axi|                 gmem1|       pointer|
|m_axi_gmem1_ARADDR    |  out|    64|       m_axi|                 gmem1|       pointer|
|m_axi_gmem1_ARID      |  out|     1|       m_axi|                 gmem1|       pointer|
|m_axi_gmem1_ARLEN     |  out|    32|       m_axi|                 gmem1|       pointer|
|m_axi_gmem1_ARSIZE    |  out|     3|       m_axi|                 gmem1|       pointer|
|m_axi_gmem1_ARBURST   |  out|     2|       m_axi|                 gmem1|       pointer|
|m_axi_gmem1_ARLOCK    |  out|     2|       m_axi|                 gmem1|       pointer|
|m_axi_gmem1_ARCACHE   |  out|     4|       m_axi|                 gmem1|       pointer|
|m_axi_gmem1_ARPROT    |  out|     3|       m_axi|                 gmem1|       pointer|
|m_axi_gmem1_ARQOS     |  out|     4|       m_axi|                 gmem1|       pointer|
|m_axi_gmem1_ARREGION  |  out|     4|       m_axi|                 gmem1|       pointer|
|m_axi_gmem1_ARUSER    |  out|     1|       m_axi|                 gmem1|       pointer|
|m_axi_gmem1_RVALID    |   in|     1|       m_axi|                 gmem1|       pointer|
|m_axi_gmem1_RREADY    |  out|     1|       m_axi|                 gmem1|       pointer|
|m_axi_gmem1_RDATA     |   in|  1024|       m_axi|                 gmem1|       pointer|
|m_axi_gmem1_RLAST     |   in|     1|       m_axi|                 gmem1|       pointer|
|m_axi_gmem1_RID       |   in|     1|       m_axi|                 gmem1|       pointer|
|m_axi_gmem1_RFIFONUM  |   in|     9|       m_axi|                 gmem1|       pointer|
|m_axi_gmem1_RUSER     |   in|     1|       m_axi|                 gmem1|       pointer|
|m_axi_gmem1_RRESP     |   in|     2|       m_axi|                 gmem1|       pointer|
|m_axi_gmem1_BVALID    |   in|     1|       m_axi|                 gmem1|       pointer|
|m_axi_gmem1_BREADY    |  out|     1|       m_axi|                 gmem1|       pointer|
|m_axi_gmem1_BRESP     |   in|     2|       m_axi|                 gmem1|       pointer|
|m_axi_gmem1_BID       |   in|     1|       m_axi|                 gmem1|       pointer|
|m_axi_gmem1_BUSER     |   in|     1|       m_axi|                 gmem1|       pointer|
|N_c_din               |  out|     7|     ap_fifo|                   N_c|       pointer|
|N_c_num_data_valid    |   in|     5|     ap_fifo|                   N_c|       pointer|
|N_c_fifo_cap          |   in|     5|     ap_fifo|                   N_c|       pointer|
|N_c_full_n            |   in|     1|     ap_fifo|                   N_c|       pointer|
|N_c_write             |  out|     1|     ap_fifo|                   N_c|       pointer|
+----------------------+-----+------+------------+----------------------+--------------+

